Archive member included because of file (symbol)

/opt/ARM/bin/../lib/gcc/arm-none-eabi/4.8.4/armv7e-m/fpu/libgcc.a(_aeabi_ldivmod.o)
                              build/obj/main.o (__aeabi_ldivmod)
/opt/ARM/bin/../lib/gcc/arm-none-eabi/4.8.4/armv7e-m/fpu/libgcc.a(_aeabi_uldivmod.o)
                              build/obj/main.o (__aeabi_uldivmod)
/opt/ARM/bin/../lib/gcc/arm-none-eabi/4.8.4/armv7e-m/fpu/libgcc.a(bpabi.o)
                              /opt/ARM/bin/../lib/gcc/arm-none-eabi/4.8.4/armv7e-m/fpu/libgcc.a(_aeabi_ldivmod.o) (__gnu_ldivmod_helper)
/opt/ARM/bin/../lib/gcc/arm-none-eabi/4.8.4/armv7e-m/fpu/libgcc.a(_dvmd_tls.o)
                              /opt/ARM/bin/../lib/gcc/arm-none-eabi/4.8.4/armv7e-m/fpu/libgcc.a(_aeabi_ldivmod.o) (__aeabi_ldiv0)
/opt/ARM/bin/../lib/gcc/arm-none-eabi/4.8.4/armv7e-m/fpu/libgcc.a(_divdi3.o)
                              /opt/ARM/bin/../lib/gcc/arm-none-eabi/4.8.4/armv7e-m/fpu/libgcc.a(bpabi.o) (__divdi3)
/opt/ARM/bin/../lib/gcc/arm-none-eabi/4.8.4/armv7e-m/fpu/libgcc.a(_udivdi3.o)
                              /opt/ARM/bin/../lib/gcc/arm-none-eabi/4.8.4/armv7e-m/fpu/libgcc.a(bpabi.o) (__udivdi3)
/opt/ARM/bin/../lib/gcc/arm-none-eabi/4.8.4/../../../../arm-none-eabi/lib/armv7e-m/fpu/libg.a(lib_a-memcpy.o)
                              build/obj/chibios.o (memcpy)
/opt/ARM/bin/../lib/gcc/arm-none-eabi/4.8.4/../../../../arm-none-eabi/lib/armv7e-m/fpu/libg.a(lib_a-memset.o)
                              build/obj/syscalls.o (memset)
/opt/ARM/bin/../lib/gcc/arm-none-eabi/4.8.4/../../../../arm-none-eabi/lib/armv7e-m/fpu/libg.a(lib_a-sprintf.o)
                              build/obj/main.o (sprintf)
/opt/ARM/bin/../lib/gcc/arm-none-eabi/4.8.4/../../../../arm-none-eabi/lib/armv7e-m/fpu/libg.a(lib_a-strcmp.o)
                              build/obj/gfile.o (strcmp)
/opt/ARM/bin/../lib/gcc/arm-none-eabi/4.8.4/../../../../arm-none-eabi/lib/armv7e-m/fpu/libg.a(lib_a-strcpy.o)
                              build/obj/gwidget.o (strcpy)
/opt/ARM/bin/../lib/gcc/arm-none-eabi/4.8.4/../../../../arm-none-eabi/lib/armv7e-m/fpu/libg.a(lib_a-strlen.o)
                              build/obj/gwidget.o (strlen)
/opt/ARM/bin/../lib/gcc/arm-none-eabi/4.8.4/../../../../arm-none-eabi/lib/armv7e-m/fpu/libg.a(lib_a-strncat.o)
                              build/obj/main.o (strncat)
/opt/ARM/bin/../lib/gcc/arm-none-eabi/4.8.4/../../../../arm-none-eabi/lib/armv7e-m/fpu/libg.a(lib_a-svfprintf.o)
                              /opt/ARM/bin/../lib/gcc/arm-none-eabi/4.8.4/../../../../arm-none-eabi/lib/armv7e-m/fpu/libg.a(lib_a-sprintf.o) (_svfprintf_r)
/opt/ARM/bin/../lib/gcc/arm-none-eabi/4.8.4/../../../../arm-none-eabi/lib/armv7e-m/fpu/libg.a(lib_a-dtoa.o)
                              /opt/ARM/bin/../lib/gcc/arm-none-eabi/4.8.4/../../../../arm-none-eabi/lib/armv7e-m/fpu/libg.a(lib_a-svfprintf.o) (_dtoa_r)
/opt/ARM/bin/../lib/gcc/arm-none-eabi/4.8.4/../../../../arm-none-eabi/lib/armv7e-m/fpu/libg.a(lib_a-impure.o)
                              /opt/ARM/bin/../lib/gcc/arm-none-eabi/4.8.4/../../../../arm-none-eabi/lib/armv7e-m/fpu/libg.a(lib_a-sprintf.o) (_impure_ptr)
/opt/ARM/bin/../lib/gcc/arm-none-eabi/4.8.4/../../../../arm-none-eabi/lib/armv7e-m/fpu/libg.a(lib_a-locale.o)
                              /opt/ARM/bin/../lib/gcc/arm-none-eabi/4.8.4/../../../../arm-none-eabi/lib/armv7e-m/fpu/libg.a(lib_a-svfprintf.o) (_localeconv_r)
/opt/ARM/bin/../lib/gcc/arm-none-eabi/4.8.4/../../../../arm-none-eabi/lib/armv7e-m/fpu/libg.a(lib_a-mallocr.o)
                              /opt/ARM/bin/../lib/gcc/arm-none-eabi/4.8.4/../../../../arm-none-eabi/lib/armv7e-m/fpu/libg.a(lib_a-svfprintf.o) (_malloc_r)
/opt/ARM/bin/../lib/gcc/arm-none-eabi/4.8.4/../../../../arm-none-eabi/lib/armv7e-m/fpu/libg.a(lib_a-memchr-stub.o)
                              /opt/ARM/bin/../lib/gcc/arm-none-eabi/4.8.4/../../../../arm-none-eabi/lib/armv7e-m/fpu/libg.a(lib_a-svfprintf.o) (memchr)
/opt/ARM/bin/../lib/gcc/arm-none-eabi/4.8.4/../../../../arm-none-eabi/lib/armv7e-m/fpu/libg.a(lib_a-mlock.o)
                              /opt/ARM/bin/../lib/gcc/arm-none-eabi/4.8.4/../../../../arm-none-eabi/lib/armv7e-m/fpu/libg.a(lib_a-mallocr.o) (__malloc_lock)
/opt/ARM/bin/../lib/gcc/arm-none-eabi/4.8.4/../../../../arm-none-eabi/lib/armv7e-m/fpu/libg.a(lib_a-mprec.o)
                              /opt/ARM/bin/../lib/gcc/arm-none-eabi/4.8.4/../../../../arm-none-eabi/lib/armv7e-m/fpu/libg.a(lib_a-dtoa.o) (_Balloc)
/opt/ARM/bin/../lib/gcc/arm-none-eabi/4.8.4/../../../../arm-none-eabi/lib/armv7e-m/fpu/libg.a(lib_a-s_fpclassify.o)
                              /opt/ARM/bin/../lib/gcc/arm-none-eabi/4.8.4/../../../../arm-none-eabi/lib/armv7e-m/fpu/libg.a(lib_a-svfprintf.o) (__fpclassifyd)
/opt/ARM/bin/../lib/gcc/arm-none-eabi/4.8.4/../../../../arm-none-eabi/lib/armv7e-m/fpu/libg.a(lib_a-svfiprintf.o)
[...]
Memory Configuration

Name             Origin             Length             Attributes
flash            0x08000000         0x00100000
ram              0x20000000         0x0001c000
ethram           0x2001c000         0x00004000
ccmram           0x10000000         0x00010000
*default*        0x00000000         0xffffffff

Linker script and memory map

LOAD build/obj/crt0.o
LOAD build/obj/vectors.o
LOAD build/obj/chcore.o
LOAD build/obj/chcore_v7m.o
LOAD build/obj/nvic.o
LOAD build/obj/chsys.o
LOAD build/obj/chdebug.o
LOAD build/obj/chlists.o
LOAD build/obj/chvt.o
LOAD build/obj/chschd.o
LOAD build/obj/chthreads.o
LOAD build/obj/chdynamic.o
LOAD build/obj/chregistry.o
LOAD build/obj/chsem.o
LOAD build/obj/chmtx.o
LOAD build/obj/chcond.o
LOAD build/obj/chevents.o
LOAD build/obj/chmsg.o
LOAD build/obj/chmboxes.o
LOAD build/obj/chqueues.o
LOAD build/obj/chmemcore.o
LOAD build/obj/chheap.o
LOAD build/obj/chmempools.o
LOAD build/obj/hal.o
LOAD build/obj/adc.o
LOAD build/obj/can.o
LOAD build/obj/ext.o
LOAD build/obj/gpt.o
LOAD build/obj/i2c.o
LOAD build/obj/icu.o
LOAD build/obj/mac.o
LOAD build/obj/mmc_spi.o
LOAD build/obj/mmcsd.o
LOAD build/obj/pal.o
LOAD build/obj/pwm.o
LOAD build/obj/rtc.o
LOAD build/obj/sdc.o
LOAD build/obj/serial.o
LOAD build/obj/serial_usb.o
LOAD build/obj/spi.o
LOAD build/obj/tm.o
LOAD build/obj/uart.o
LOAD build/obj/usb.o
LOAD build/obj/stm32_dma.o
LOAD build/obj/hal_lld.o
LOAD build/obj/adc_lld.o
LOAD build/obj/ext_lld_isr.o
LOAD build/obj/can_lld.o
LOAD build/obj/ext_lld.o
LOAD build/obj/mac_lld.o
LOAD build/obj/sdc_lld.o
LOAD build/obj/pal_lld.o
LOAD build/obj/i2c_lld.o
LOAD build/obj/usb_lld.o
LOAD build/obj/rtc_lld.o
LOAD build/obj/spi_lld.o
LOAD build/obj/gpt_lld.o
LOAD build/obj/icu_lld.o
LOAD build/obj/pwm_lld.o
LOAD build/obj/serial_lld.o
LOAD build/obj/uart_lld.o
LOAD build/obj/board.o
LOAD build/obj/gfx.o
LOAD build/obj/chibios.o
LOAD build/obj/freertos.o
LOAD build/obj/win32.o
LOAD build/obj/linux.o
LOAD build/obj/osx.o
LOAD build/obj/raw32.o
LOAD build/obj/gqueue.o
LOAD build/obj/gdisp.o
LOAD build/obj/fonts.o
LOAD build/obj/image.o
LOAD build/obj/image_native.o
LOAD build/obj/image_gif.o
LOAD build/obj/image_bmp.o
LOAD build/obj/image_jpg.o
LOAD build/obj/image_png.o
LOAD build/obj/mf_encoding.o
LOAD build/obj/mf_font.o
LOAD build/obj/mf_justify.o
LOAD build/obj/mf_kerning.o
LOAD build/obj/mf_rlefont.o
LOAD build/obj/mf_bwfont.o
LOAD build/obj/mf_scaledfont.o
LOAD build/obj/mf_wordwrap.o
LOAD build/obj/gevent.o
LOAD build/obj/gtimer.o
LOAD build/obj/gwin.o
LOAD build/obj/gwidget.o
LOAD build/obj/gwm.o
LOAD build/obj/console.o
LOAD build/obj/graph.o
LOAD build/obj/button.o
LOAD build/obj/slider.o
LOAD build/obj/checkbox.o
LOAD build/obj/gimage.o
LOAD build/obj/label.o
LOAD build/obj/radio.o
LOAD build/obj/list.o
LOAD build/obj/progressbar.o
LOAD build/obj/gcontainer.o
LOAD build/obj/frame.o
LOAD build/obj/ginput.o
LOAD build/obj/mouse.o
LOAD build/obj/keyboard.o
LOAD build/obj/toggle.o
LOAD build/obj/dial.o
LOAD build/obj/gadc.o
LOAD build/obj/gaudio.o
LOAD build/obj/gmisc.o
LOAD build/obj/arrayops.o
LOAD build/obj/trig.o
LOAD build/obj/gfile.o
LOAD build/obj/gdisp_lld_SSD1289.o
LOAD build/obj/ginput_lld_mouse.o
LOAD build/obj/syscalls.o
LOAD build/obj/chprintf.o
LOAD build/obj/main.o
LOAD build/obj/myADC.o
LOAD build/obj/myFunc.o
                0x00000400                __main_stack_size__ = 0x400
                0x00000400                __process_stack_size__ = 0x400
                0x20000000                __ram_start__ = ORIGIN (ram)
                0x0001c000                __ram_size__ = 0x1c000
                0x2001c000                __ram_end__ = (__ram_start__ + __ram_size__)
                0x00000000                . = 0x0
                0x00000000                _text = .

startup         0x08000000      0x1ac
 *(vectors)
 vectors        0x08000000      0x1ac build/obj/vectors.o
                0x08000000                _vectors

constructors    0x080001ac        0x0
                0x080001ac                PROVIDE (__init_array_start, .)
 *(SORT(.init_array.*))
 *(.init_array)
                0x080001ac                PROVIDE (__init_array_end, .)

destructors     0x080001ac        0x0
                0x080001ac                PROVIDE (__fini_array_start, .)
 *(.fini_array)
 *(SORT(.fini_array.*))
                0x080001ac                PROVIDE (__fini_array_end, .)

.text           0x080001b0     0xd34c
 *(.text.startup.*)
 .text.startup.main
                0x080001b0      0x2c0 build/obj/main.o
                0x080001b0                main
 *(.text)
 .text          0x08000470       0x38 /opt/ARM/bin/../lib/gcc/arm-none-eabi/4.8.4/armv7e-m/fpu/libgcc.a(_aeabi_ldivmod.o)
                0x08000470                __aeabi_ldivmod
 *fill*         0x080004a8        0x8 
 .text          0x080004b0       0x2c /opt/ARM/bin/../lib/gcc/arm-none-eabi/4.8.4/armv7e-m/fpu/libgcc.a(_aeabi_uldivmod.o)
                0x080004b0                __aeabi_uldivmod
 *fill*         0x080004dc        0x4 
 .text          0x080004e0       0x60 /opt/ARM/bin/../lib/gcc/arm-none-eabi/4.8.4/armv7e-m/fpu/libgcc.a(bpabi.o)
                0x080004e0                __gnu_ldivmod_helper
                0x08000510                __gnu_uldivmod_helper
 .text          0x08000540        0x4 /opt/ARM/bin/../lib/gcc/arm-none-eabi/4.8.4/armv7e-m/fpu/libgcc.a(_dvmd_tls.o)
                0x08000540                __aeabi_ldiv0
                0x08000540                __aeabi_idiv0
 *fill*         0x08000544        0xc 
 .text          0x08000550      0x298 /opt/ARM/bin/../lib/gcc/arm-none-eabi/4.8.4/armv7e-m/fpu/libgcc.a(_divdi3.o)
                0x08000550                __divdi3
 *fill*         0x080007e8        0x8 
 .text          0x080007f0      0x284 /opt/ARM/bin/../lib/gcc/arm-none-eabi/4.8.4/armv7e-m/fpu/libgcc.a(_udivdi3.o)
                0x080007f0                __udivdi3
 *fill*         0x08000a74        0xc 
 .text          0x08000a80      0x134 /opt/ARM/bin/../lib/gcc/arm-none-eabi/4.8.4/../../../../arm-none-eabi/lib/armv7e-m/fpu/libg.a(lib_a-memcpy.o)
                0x08000a80                memcpy
 *fill*         0x08000bb4        0xc 
 .text          0x08000bc0      0x370 /opt/ARM/bin/../lib/gcc/arm-none-eabi/4.8.4/armv7e-m/fpu/libgcc.a(_arm_addsubdf3.o)
                0x08000bc0                __aeabi_drsub
                0x08000bc8                __aeabi_dsub
                0x08000bc8                __subdf3
                0x08000bcc                __adddf3
                0x08000bcc                __aeabi_dadd
                0x08000e44                __aeabi_ui2d
                0x08000e44                __floatunsidf
                0x08000e64                __floatsidf
                0x08000e64                __aeabi_i2d
                0x08000e88                __extendsfdf2
                0x08000e88                __aeabi_f2d
                0x08000ec4                __aeabi_ul2d
                0x08000ec4                __floatundidf
                0x08000ed4                __floatdidf
                0x08000ed4                __aeabi_l2d
 .text          0x08000f30      0x424 /opt/ARM/bin/../lib/gcc/arm-none-eabi/4.8.4/armv7e-m/fpu/libgcc.a(_arm_muldivdf3.o)
                0x08000f30                __aeabi_dmul
                0x08000f30                __muldf3
                0x08001184                __aeabi_ddiv
                0x08001184                __divdf3
 *fill*         0x08001354        0xc 
 .text          0x08001360      0x110 /opt/ARM/bin/../lib/gcc/arm-none-eabi/4.8.4/armv7e-m/fpu/libgcc.a(_arm_cmpdf2.o)
                0x08001360                __gtdf2
                0x08001360                __gedf2
                0x08001368                __ltdf2
                0x08001368                __ledf2
                0x08001370                __cmpdf2
                0x08001370                __eqdf2
                0x08001370                __nedf2
                0x080013ec                __aeabi_cdrcmple
                0x080013fc                __aeabi_cdcmple
                0x080013fc                __aeabi_cdcmpeq
                0x0800140c                __aeabi_dcmpeq
                0x08001420                __aeabi_dcmplt
                0x08001434                __aeabi_dcmple
                0x08001448                __aeabi_dcmpge
                0x0800145c                __aeabi_dcmpgt
 .text          0x08001470       0x50 /opt/ARM/bin/../lib/gcc/arm-none-eabi/4.8.4/armv7e-m/fpu/libgcc.a(_arm_fixdfsi.o)
                0x08001470                __fixdfsi
                0x08001470                __aeabi_d2iz
 *(.text.*)
 .text.__late_init
                0x080014c0       0x10 build/obj/crt0.o
                0x080014c0                __late_init
 .text._default_exit
                0x080014d0       0x10 build/obj/crt0.o
                0x080014d0                _default_exit
 .text.ResetHandler
                0x080014e0      0x120 build/obj/crt0.o
                0x080014e0                ResetHandler
 .text._unhandled_exception
                0x08001600       0x10 build/obj/vectors.o
                0x08001600                Vector58
                0x08001600                VectorE8
                0x08001600                Vector9C
                0x08001600                VectorAC
                0x08001600                Vector1A0
                0x08001600                Vector5C
                0x08001600                NMIVector
                0x08001600                Vector11C
                0x08001600                Vector19C
                0x08001600                Vector8C
                0x08001600                VectorDC
                0x08001600                Vector168
                0x08001600                Vector110
                0x08001600                VectorC8
                0x08001600                Vector94
                0x08001600                VectorA8
                0x08001600                Vector160
                0x08001600                VectorEC
                0x08001600                UsageFaultVector
                0x08001600                DebugMonitorVector
                0x08001600                Vector40
                0x08001600                VectorF8
                0x08001600                Vector108
                0x08001600                VectorBC
                0x08001600                Vector190
                0x08001600                Vector148
                0x08001600                Vector188
                0x08001600                PendSVVector
                0x08001600                Vector198
                0x08001600                Vector118
                0x08001600                Vector64
                0x08001600                VectorCC
                0x08001600                Vector54
                0x08001600                Vector98
                0x08001600                Vector138
                0x08001600                Vector24
                0x08001600                Vector178
                0x08001600                Vector1A4
                0x08001600                BusFaultVector
                0x08001600                VectorD0
                0x08001600                Vector140
                0x08001600                VectorE4
                0x08001600                VectorC0
                0x08001600                HardFaultVector
                0x08001600                Vector134
                0x08001600                VectorF0
                0x08001600                Vector13C
                0x08001600                Vector100
                0x08001600                VectorE0
                0x08001600                VectorF4
                0x08001600                MemManageVector
                0x08001600                VectorA0
                0x08001600                VectorC4
                0x08001600                Vector180
                0x08001600                VectorB0
                0x08001600                Vector90
                0x08001600                Vector114
                0x08001600                Vector164
                0x08001600                Vector60
                0x08001600                Vector1C
                0x08001600                Vector17C
                0x08001600                Vector48
                0x08001600                Vector1A8
                0x08001600                Vector16C
                0x08001600                VectorD4
                0x08001600                Vector4C
                0x08001600                Vector144
                0x08001600                Vector15C
                0x08001600                Vector68
                0x08001600                _unhandled_exception
                0x08001600                Vector170
                0x08001600                Vector104
                0x08001600                Vector184
                0x08001600                Vector10C
                0x08001600                Vector14C
                0x08001600                Vector50
                0x08001600                Vector194
                0x08001600                Vector44
                0x08001600                Vector28
                0x08001600                VectorB8
                0x08001600                Vector34
                0x08001600                VectorA4
                0x08001600                Vector20
                0x08001600                Vector18C
                0x08001600                Vector174
 .text.port_halt
                0x08001610       0x10 build/obj/chcore.o
                0x08001610                port_halt
 .text._port_switch_from_isr
                0x08001620       0x10 build/obj/chcore_v7m.o
                0x08001620                _port_switch_from_isr
 .text.SVCallVector
                0x08001630       0x30 build/obj/chcore_v7m.o
                0x08001630                SVCallVector
 .text._port_init
                0x08001660       0x30 build/obj/chcore_v7m.o
                0x08001660                _port_init
 .text._port_lock
                0x08001690       0x10 build/obj/chcore_v7m.o
                0x08001690                _port_lock
 .text._port_unlock
                0x080016a0       0x10 build/obj/chcore_v7m.o
                0x080016a0                _port_unlock
 .text._port_irq_epilogue
                0x080016b0       0x80 build/obj/chcore_v7m.o
                0x080016b0                _port_irq_epilogue
 .text.SysTickVector
                0x08001730       0x20 build/obj/chcore_v7m.o
                0x08001730                SysTickVector
 .text._port_switch
                0x08001750       0x20 build/obj/chcore_v7m.o
                0x08001750                _port_switch
 .text._port_thread_start
                0x08001770       0x20 build/obj/chcore_v7m.o
                0x08001770                _port_thread_start
 .text.nvicEnableVector
                0x08001790       0x50 build/obj/nvic.o
                0x08001790                nvicEnableVector
 .text.nvicSetSystemHandlerPriority
                0x080017e0       0x30 build/obj/nvic.o
                0x080017e0                nvicSetSystemHandlerPriority
 .text._idle_thread
                0x08001810       0x20 build/obj/chsys.o
                0x08001810                _idle_thread
 .text.chSysInit
                0x08001830       0x70 build/obj/chsys.o
                0x08001830                chSysInit
 .text.chSysTimerHandlerI
                0x080018a0       0x60 build/obj/chsys.o
                0x080018a0                chSysTimerHandlerI
 .text._trace_init
                0x08001900       0x20 build/obj/chdebug.o
                0x08001900                _trace_init
 .text.dbg_trace
                0x08001920       0x40 build/obj/chdebug.o
                0x08001920                dbg_trace
 .text.chDbgPanic
                0x08001960       0x10 build/obj/chdebug.o
                0x08001960                chDbgPanic
 .text.prio_insert
                0x08001970       0x30 build/obj/chlists.o
                0x08001970                prio_insert
 .text.queue_insert
                0x080019a0       0x10 build/obj/chlists.o
                0x080019a0                queue_insert
 .text.fifo_remove
                0x080019b0       0x10 build/obj/chlists.o
                0x080019b0                fifo_remove
 .text.dequeue  0x080019c0       0x10 build/obj/chlists.o
                0x080019c0                dequeue
 .text.list_remove
                0x080019d0       0x10 build/obj/chlists.o
                0x080019d0                list_remove
 .text._vt_init
                0x080019e0       0x20 build/obj/chvt.o
                0x080019e0                _vt_init
 .text.chVTSetI
                0x08001a00       0x50 build/obj/chvt.o
                0x08001a00                chVTSetI
 .text.chVTResetI
                0x08001a50       0x50 build/obj/chvt.o
                0x08001a50                chVTResetI
 .text._scheduler_init
                0x08001aa0       0x20 build/obj/chschd.o
                0x08001aa0                _scheduler_init
 .text.chSchReadyI
                0x08001ac0       0x40 build/obj/chschd.o
                0x08001ac0                chSchReadyI
 .text.wakeup   0x08001b00       0x50 build/obj/chschd.o
 .text.chSchGoSleepS
                0x08001b50       0x50 build/obj/chschd.o
                0x08001b50                chSchGoSleepS
 .text.chSchGoSleepTimeoutS
                0x08001ba0       0x50 build/obj/chschd.o
                0x08001ba0                chSchGoSleepTimeoutS
 .text.chSchWakeupS
                0x08001bf0       0x60 build/obj/chschd.o
                0x08001bf0                chSchWakeupS
 .text.chSchDoRescheduleBehind
                0x08001c50       0x50 build/obj/chschd.o
                0x08001c50                chSchDoRescheduleBehind
 .text.chSchDoRescheduleAhead
                0x08001ca0       0x60 build/obj/chschd.o
                0x08001ca0                chSchDoRescheduleAhead
 .text.chSchRescheduleS
                0x08001d00       0x20 build/obj/chschd.o
                0x08001d00                chSchRescheduleS
 .text.chSchDoReschedule
                0x08001d20       0x20 build/obj/chschd.o
                0x08001d20                chSchDoReschedule
 .text._thread_init
                0x08001d40       0x60 build/obj/chthreads.o
                0x08001d40                _thread_init
 .text._thread_memfill
                0x08001da0       0x10 build/obj/chthreads.o
                0x08001da0                _thread_memfill
 .text.chThdCreateI
                0x08001db0       0xa0 build/obj/chthreads.o
                0x08001db0                chThdCreateI
 .text.chThdCreateStatic
                0x08001e50       0x50 build/obj/chthreads.o
                0x08001e50                chThdCreateStatic
 .text.chThdSleep
                0x08001ea0       0x30 build/obj/chthreads.o
                0x08001ea0                chThdSleep
 .text.chThdYield
                0x08001ed0       0x30 build/obj/chthreads.o
                0x08001ed0                chThdYield
 .text.chThdExitS
                0x08001f00       0x50 build/obj/chthreads.o
                0x08001f00                chThdExitS
 .text.chThdExit
                0x08001f50       0x10 build/obj/chthreads.o
                0x08001f50                chThdExit
 .text.chThdCreateFromHeap
                0x08001f60       0x60 build/obj/chdynamic.o
                0x08001f60                chThdCreateFromHeap
 .text.chSemInit
                0x08001fc0       0x30 build/obj/chsem.o
                0x08001fc0                chSemInit
 .text.chSemWaitS
                0x08001ff0       0x60 build/obj/chsem.o
                0x08001ff0                chSemWaitS
 .text.chSemWait
                0x08002050       0x10 build/obj/chsem.o
                0x08002050                chSemWait
 .text.chSemWaitTimeoutS
                0x08002060       0x70 build/obj/chsem.o
                0x08002060                chSemWaitTimeoutS
 .text.chSemWaitTimeout
                0x080020d0       0x10 build/obj/chsem.o
                0x080020d0                chSemWaitTimeout
 .text.chSemSignalI
                0x080020e0       0x60 build/obj/chsem.o
                0x080020e0                chSemSignalI
 .text.chMtxInit
                0x08002140       0x20 build/obj/chmtx.o
                0x08002140                chMtxInit
 .text.chMtxLockS
                0x08002160       0xb0 build/obj/chmtx.o
                0x08002160                chMtxLockS
 .text.chMtxLock
                0x08002210       0x10 build/obj/chmtx.o
                0x08002210                chMtxLock
 .text.chMtxUnlock
                0x08002220       0x80 build/obj/chmtx.o
                0x08002220                chMtxUnlock
 .text.chEvtSignalI
                0x080022a0       0x60 build/obj/chevents.o
                0x080022a0                chEvtSignalI
 .text.chEvtBroadcastFlagsI
                0x08002300       0x30 build/obj/chevents.o
                0x08002300                chEvtBroadcastFlagsI
 .text.qwait    0x08002330       0x30 build/obj/chqueues.o
 .text.chIQInit
                0x08002360       0x20 build/obj/chqueues.o
                0x08002360                chIQInit
 .text.chIQPutI
                0x08002380       0x50 build/obj/chqueues.o
                0x08002380                chIQPutI
 .text.chIQGetTimeout
                0x080023d0       0x50 build/obj/chqueues.o
                0x080023d0                chIQGetTimeout
 .text.chIQReadTimeout
                0x08002420       0x90 build/obj/chqueues.o
                0x08002420                chIQReadTimeout
 .text.chOQInit
                0x080024b0       0x20 build/obj/chqueues.o
                0x080024b0                chOQInit
 .text.chOQPutTimeout
                0x080024d0       0x50 build/obj/chqueues.o
                0x080024d0                chOQPutTimeout
 .text.chOQGetI
                0x08002520       0x50 build/obj/chqueues.o
                0x08002520                chOQGetI
 .text.chOQWriteTimeout
                0x08002570       0x80 build/obj/chqueues.o
                0x08002570                chOQWriteTimeout
 .text._core_init
                0x080025f0       0x30 build/obj/chmemcore.o
                0x080025f0                _core_init
 .text.chCoreAlloc
                0x08002620       0x40 build/obj/chmemcore.o
                0x08002620                chCoreAlloc
 .text._heap_init
                0x08002660       0x20 build/obj/chheap.o
                0x08002660                _heap_init
 .text.chHeapAlloc
                0x08002680       0x80 build/obj/chheap.o
                0x08002680                chHeapAlloc
 .text.chHeapFree
                0x08002700       0xd0 build/obj/chheap.o
                0x08002700                chHeapFree
 .text.halInit  0x080027d0       0x30 build/obj/hal.o
                0x080027d0                halInit
 .text.adcInit  0x08002800       0x10 build/obj/adc.o
                0x08002800                adcInit
 .text.adcObjectInit
                0x08002810       0x20 build/obj/adc.o
                0x08002810                adcObjectInit
 .text.adcStart
                0x08002830       0x40 build/obj/adc.o
                0x08002830                adcStart
 .text.adcStartConversionI
                0x08002870       0x50 build/obj/adc.o
                0x08002870                adcStartConversionI
 .text.adcStartConversion
                0x080028c0       0x20 build/obj/adc.o
                0x080028c0                adcStartConversion
 .text.adcConvert
                0x080028e0       0x50 build/obj/adc.o
                0x080028e0                adcConvert
 .text.palSetBusMode
                0x08002930       0x30 build/obj/pal.o
                0x08002930                palSetBusMode
 .text.pwmInit  0x08002960       0x10 build/obj/pwm.o
                0x08002960                pwmInit
 .text.pwmObjectInit
                0x08002970       0x10 build/obj/pwm.o
                0x08002970                pwmObjectInit
 .text.pwmStart
                0x08002980       0x50 build/obj/pwm.o
                0x08002980                pwmStart
 .text.pwmEnableChannel
                0x080029d0       0x40 build/obj/pwm.o
                0x080029d0                pwmEnableChannel
 .text.readt    0x08002a10       0x10 build/obj/serial.o
 .text.read     0x08002a20       0x10 build/obj/serial.o
 .text.writet   0x08002a30       0x10 build/obj/serial.o
 .text.write    0x08002a40       0x10 build/obj/serial.o
 .text.gett     0x08002a50       0x10 build/obj/serial.o
 .text.get      0x08002a60       0x10 build/obj/serial.o
 .text.putt     0x08002a70       0x10 build/obj/serial.o
 .text.put      0x08002a80       0x10 build/obj/serial.o
 .text.sdInit   0x08002a90       0x10 build/obj/serial.o
                0x08002a90                sdInit
 .text.sdObjectInit
                0x08002aa0       0x40 build/obj/serial.o
                0x08002aa0                sdObjectInit
 .text.sdStart  0x08002ae0       0x40 build/obj/serial.o
                0x08002ae0                sdStart
 .text.sdIncomingDataI
                0x08002b20       0x50 build/obj/serial.o
                0x08002b20                sdIncomingDataI
 .text.spiInit  0x08002b70       0x10 build/obj/spi.o
                0x08002b70                spiInit
 .text.spiObjectInit
                0x08002b80       0x10 build/obj/spi.o
                0x08002b80                spiObjectInit
 .text.Vector6C
                0x08002b90       0x30 build/obj/stm32_dma.o
                0x08002b90                Vector6C
 .text.Vector70
                0x08002bc0       0x30 build/obj/stm32_dma.o
                0x08002bc0                Vector70
 .text.Vector74
                0x08002bf0       0x30 build/obj/stm32_dma.o
                0x08002bf0                Vector74
 .text.Vector78
                0x08002c20       0x30 build/obj/stm32_dma.o
                0x08002c20                Vector78
 .text.Vector7C
                0x08002c50       0x30 build/obj/stm32_dma.o
                0x08002c50                Vector7C
 .text.Vector80
                0x08002c80       0x30 build/obj/stm32_dma.o
                0x08002c80                Vector80
 .text.Vector84
                0x08002cb0       0x30 build/obj/stm32_dma.o
                0x08002cb0                Vector84
 .text.VectorFC
                0x08002ce0       0x30 build/obj/stm32_dma.o
                0x08002ce0                VectorFC
 .text.Vector120
                0x08002d10       0x30 build/obj/stm32_dma.o
                0x08002d10                Vector120
 .text.Vector124
                0x08002d40       0x30 build/obj/stm32_dma.o
                0x08002d40                Vector124
 .text.Vector128
                0x08002d70       0x30 build/obj/stm32_dma.o
                0x08002d70                Vector128
 .text.Vector12C
                0x08002da0       0x30 build/obj/stm32_dma.o
                0x08002da0                Vector12C
 .text.Vector130
                0x08002dd0       0x30 build/obj/stm32_dma.o
                0x08002dd0                Vector130
 .text.Vector150
                0x08002e00       0x30 build/obj/stm32_dma.o
                0x08002e00                Vector150
 .text.Vector154
                0x08002e30       0x30 build/obj/stm32_dma.o
                0x08002e30                Vector154
 .text.Vector158
                0x08002e60       0x30 build/obj/stm32_dma.o
                0x08002e60                Vector158
 .text.dmaInit  0x08002e90       0x50 build/obj/stm32_dma.o
                0x08002e90                dmaInit
 .text.dmaStreamAllocate
                0x08002ee0       0xc0 build/obj/stm32_dma.o
                0x08002ee0                dmaStreamAllocate
 .text.hal_lld_init
                0x08002fa0       0xa0 build/obj/hal_lld.o
                0x08002fa0                hal_lld_init
 .text.stm32_clock_init
                0x08003040       0xd0 build/obj/hal_lld.o
                0x08003040                stm32_clock_init
 .text.adc_lld_init
                0x08003110       0x60 build/obj/adc_lld.o
                0x08003110                adc_lld_init
 .text.adc_lld_start
                0x08003170       0xb0 build/obj/adc_lld.o
                0x08003170                adc_lld_start
 .text.adc_lld_start_conversion
                0x08003220       0x90 build/obj/adc_lld.o
                0x08003220                adc_lld_start_conversion
 .text.adc_lld_stop_conversion
                0x080032b0       0x40 build/obj/adc_lld.o
                0x080032b0                adc_lld_stop_conversion
 .text.Vector88
                0x080032f0       0xd0 build/obj/adc_lld.o
                0x080032f0                Vector88
 .text.adc_lld_serve_rx_interrupt
                0x080033c0       0xd0 build/obj/adc_lld.o
 .text.adcSTM32EnableTSVREFE
                0x08003490       0x10 build/obj/adc_lld.o
                0x08003490                adcSTM32EnableTSVREFE
 .text._pal_lld_init
                0x080034a0      0x1c0 build/obj/pal_lld.o
                0x080034a0                _pal_lld_init
 .text._pal_lld_setgroupmode
                0x08003660       0xd0 build/obj/pal_lld.o
                0x08003660                _pal_lld_setgroupmode
 .text.spi_lld_init
                0x08003730       0x50 build/obj/spi_lld.o
                0x08003730                spi_lld_init
 .text.VectorB4
                0x08003780       0x70 build/obj/pwm_lld.o
                0x08003780                VectorB4
 .text.pwm_lld_init
                0x080037f0       0x20 build/obj/pwm_lld.o
                0x080037f0                pwm_lld_init
 .text.pwm_lld_start
                0x08003810      0x120 build/obj/pwm_lld.o
                0x08003810                pwm_lld_start
 .text.pwm_lld_enable_channel
                0x08003930       0x40 build/obj/pwm_lld.o
                0x08003930                pwm_lld_enable_channel
 .text.notify2  0x08003970       0x20 build/obj/serial_lld.o
 .text.VectorD8
                0x08003990      0x100 build/obj/serial_lld.o
                0x08003990                VectorD8
 .text.sd_lld_init
                0x08003a90       0x20 build/obj/serial_lld.o
                0x08003a90                sd_lld_init
 .text.sd_lld_start
                0x08003ab0       0xa0 build/obj/serial_lld.o
                0x08003ab0                sd_lld_start
 .text.__early_init
                0x08003b50       0x10 build/obj/board.o
                0x08003b50                __early_init
 .text.boardInit
                0x08003b60       0x10 build/obj/board.o
                0x08003b60                boardInit
 .text.gfxInit  0x08003b70       0x40 build/obj/gfx.o
                0x08003b70                gfxInit
 .text._gosInit
                0x08003bb0       0x20 build/obj/chibios.o
                0x08003bb0                _gosInit
 .text.gfxSleepMilliseconds
                0x08003bd0       0x30 build/obj/chibios.o
                0x08003bd0                gfxSleepMilliseconds
 .text.gfxSleepMicroseconds
                0x08003c00       0x30 build/obj/chibios.o
                0x08003c00                gfxSleepMicroseconds
 .text.gfxSemInit
                0x08003c30       0x10 build/obj/chibios.o
                0x08003c30                gfxSemInit
 .text.gfxSemWait
                0x08003c40       0x40 build/obj/chibios.o
                0x08003c40                gfxSemWait
 .text.gfxSemSignal
                0x08003c80       0x20 build/obj/chibios.o
                0x08003c80                gfxSemSignal
 .text.gfxThreadCreate
                0x08003ca0       0x30 build/obj/chibios.o
                0x08003ca0                gfxThreadCreate
 .text._gqueueInit
                0x08003cd0       0x10 build/obj/gqueue.o
                0x08003cd0                _gqueueInit
 .text.gfxQueueASyncInit
                0x08003ce0       0x10 build/obj/gqueue.o
                0x08003ce0                gfxQueueASyncInit
 .text.gfxQueueASyncPut
                0x08003cf0       0x30 build/obj/gqueue.o
                0x08003cf0                gfxQueueASyncPut
 .text.gfxQueueASyncRemoveI
                0x08003d20       0x50 build/obj/gqueue.o
                0x08003d20                gfxQueueASyncRemoveI
 .text.gfxQueueASyncRemove
                0x08003d70       0x10 build/obj/gqueue.o
                0x08003d70                gfxQueueASyncRemove
 .text.drawcharglyph
                0x08003d80       0x30 build/obj/gdisp.o
 .text.fillcharglyph
                0x08003db0       0x30 build/obj/gdisp.o
 .text.hline_clip
                0x08003de0       0xb0 build/obj/gdisp.o
 .text.drawcharline
                0x08003e90       0x70 build/obj/gdisp.o
 .text.vline_clip
                0x08003f00       0xb0 build/obj/gdisp.o
 .text.gdispGDrawLine
                0x08003fb0      0x230 build/obj/gdisp.o
                0x08003fb0                gdispGDrawLine
 .text.gdispGClear
                0x080041e0       0x30 build/obj/gdisp.o
                0x080041e0                gdispGClear
 .text.gdispGFillArea
                0x08004210       0xb0 build/obj/gdisp.o
                0x08004210                gdispGFillArea
 .text.gdispGSetClip
                0x080042c0       0x80 build/obj/gdisp.o
                0x080042c0                gdispGSetClip
 .text.gdispGControl
                0x08004340       0x80 build/obj/gdisp.o
                0x08004340                gdispGControl
 .text._gdispInit
                0x080043c0      0x100 build/obj/gdisp.o
                0x080043c0                _gdispInit
 .text.gdispGDrawBox
                0x080044c0       0xf0 build/obj/gdisp.o
                0x080044c0                gdispGDrawBox
 .text.gdispGDrawChar
                0x080045b0       0x80 build/obj/gdisp.o
                0x080045b0                gdispGDrawChar
 .text.gdispGDrawStringBox
                0x08004630       0xc0 build/obj/gdisp.o
                0x08004630                gdispGDrawStringBox
 .text.gdispGFillStringBox
                0x080046f0      0x170 build/obj/gdisp.o
                0x080046f0                gdispGFillStringBox
 .text.gdispGetFontMetric
                0x08004860       0x40 build/obj/gdisp.o
                0x08004860                gdispGetFontMetric
 .text.gdispGetCharWidth
                0x080048a0       0x10 build/obj/gdisp.o
                0x080048a0                gdispGetCharWidth
 .text.gdispGetStringWidth
                0x080048b0       0x20 build/obj/gdisp.o
                0x080048b0                gdispGetStringWidth
 .text.gdispBlendColor
                0x080048d0       0x60 build/obj/gdisp.o
                0x080048d0                gdispBlendColor
 .text.matchfont
                0x08004930       0x50 build/obj/fonts.o
 .text.gdispOpenFont
                0x08004980       0x50 build/obj/fonts.o
                0x08004980                gdispOpenFont
 .text.mf_getchar
                0x080049d0       0xa0 build/obj/mf_encoding.o
                0x080049d0                mf_getchar
 .text.mf_rewind
                0x08004a70       0x30 build/obj/mf_encoding.o
                0x08004a70                mf_rewind
 .text.mf_render_character
                0x08004aa0       0x30 build/obj/mf_font.o
                0x08004aa0                mf_render_character
 .text.mf_character_width
                0x08004ad0       0x20 build/obj/mf_font.o
                0x08004ad0                mf_character_width
 .text.mf_get_font_list
                0x08004af0       0x10 build/obj/mf_font.o
                0x08004af0                mf_get_font_list
 .text.mf_round_to_tab
                0x08004b00       0x40 build/obj/mf_justify.o
 .text.render_left
                0x08004b40       0x60 build/obj/mf_justify.o
 .text.mf_get_string_width
                0x08004ba0       0x60 build/obj/mf_justify.o
                0x08004ba0                mf_get_string_width
 .text.mf_render_aligned
                0x08004c00      0x160 build/obj/mf_justify.o
                0x08004c00                mf_render_aligned
 .text.write_pixels
                0x08004d60       0x70 build/obj/mf_rlefont.o
 .text.find_glyph.isra.0
                0x08004dd0       0x40 build/obj/mf_rlefont.o
 .text.write_ref_codeword
                0x08004e10      0x1a0 build/obj/mf_rlefont.o
 .text.mf_rlefont_render_character
                0x08004fb0       0xd0 build/obj/mf_rlefont.o
                0x08004fb0                mf_rlefont_render_character
 .text.mf_rlefont_character_width
                0x08005080       0x20 build/obj/mf_rlefont.o
                0x08005080                mf_rlefont_character_width
 .text.mf_bwfont_render_character
                0x080050a0      0x1a0 build/obj/mf_bwfont.o
                0x080050a0                mf_bwfont_render_character
 .text.mf_bwfont_character_width
                0x08005240       0x50 build/obj/mf_bwfont.o
                0x08005240                mf_bwfont_character_width
 .text.scaled_pixel_callback
                0x08005290       0x60 build/obj/mf_scaledfont.o
 .text.mf_scaled_character_width
                0x080052f0       0x20 build/obj/mf_scaledfont.o
                0x080052f0                mf_scaled_character_width
 .text.mf_scaled_render_character
                0x08005310       0x50 build/obj/mf_scaledfont.o
                0x08005310                mf_scaled_render_character
 .text.deleteAssignments
                0x08005360       0x80 build/obj/gevent.o
 .text._geventInit
                0x080053e0       0x10 build/obj/gevent.o
                0x080053e0                _geventInit
 .text.geventListenerInit
                0x080053f0       0x30 build/obj/gevent.o
                0x080053f0                geventListenerInit
 .text.geventRegisterCallback
                0x08005420       0x60 build/obj/gevent.o
                0x08005420                geventRegisterCallback
 .text.geventGetSourceListener
                0x08005480       0x70 build/obj/gevent.o
                0x08005480                geventGetSourceListener
 .text.geventGetEventBuffer
                0x080054f0       0x20 build/obj/gevent.o
                0x080054f0                geventGetEventBuffer
 .text.geventSendEvent
                0x08005510       0x40 build/obj/gevent.o
                0x08005510                geventSendEvent
 .text.geventDetachSourceListeners
                0x08005550       0x20 build/obj/gevent.o
                0x08005550                geventDetachSourceListeners
 .text.GTimerThreadHandler
                0x08005570       0xd0 build/obj/gtimer.o
 .text._gtimerInit
                0x08005640       0x20 build/obj/gtimer.o
                0x08005640                _gtimerInit
 .text.gtimerInit
                0x08005660       0x10 build/obj/gtimer.o
                0x08005660                gtimerInit
 .text.gtimerStart
                0x08005670      0x110 build/obj/gtimer.o
                0x08005670                gtimerStart
 .text._gwinInit
                0x08005780       0x10 build/obj/gwin.o
                0x08005780                _gwinInit
 .text._gwindowCreate
                0x08005790       0x90 build/obj/gwin.o
                0x08005790                _gwindowCreate
 .text.gwinSetDefaultColor
                0x08005820       0x10 build/obj/gwin.o
                0x08005820                gwinSetDefaultColor
 .text.gwinSetDefaultBgColor
                0x08005830       0x10 build/obj/gwin.o
                0x08005830                gwinSetDefaultBgColor
 .text.gwinGetDefaultBgColor
                0x08005840       0x10 build/obj/gwin.o
                0x08005840                gwinGetDefaultBgColor
 .text.gwinSetDefaultFont
                0x08005850       0x10 build/obj/gwin.o
                0x08005850                gwinSetDefaultFont
 .text.gwinGetDefaultFont
                0x08005860       0x10 build/obj/gwin.o
                0x08005860                gwinGetDefaultFont
 .text.gwinSetVisible
                0x08005870       0x40 build/obj/gwin.o
                0x08005870                gwinSetVisible
 .text.gwinGetVisible
                0x080058b0       0x10 build/obj/gwin.o
                0x080058b0                gwinGetVisible
 .text.gwinResize
                0x080058c0       0x20 build/obj/gwin.o
                0x080058c0                gwinResize
 .text.gwinRedraw
                0x080058e0       0x20 build/obj/gwin.o
                0x080058e0                gwinRedraw
 .text._gwidgetCreate
                0x08005900       0x50 build/obj/gwidget.o
                0x08005900                _gwidgetCreate
 .text.gwidgetEvent
                0x08005950       0xf0 build/obj/gwidget.o
 .text._gwidgetUpdate.part.1
                0x08005a40       0x30 build/obj/gwidget.o
 .text._gwidgetInit
                0x08005a70       0x20 build/obj/gwidget.o
                0x08005a70                _gwidgetInit
 .text._gwidgetDestroy
                0x08005a90       0x20 build/obj/gwidget.o
                0x08005a90                _gwidgetDestroy
 .text._gwidgetRedraw
                0x08005ab0       0x10 build/obj/gwidget.o
                0x08005ab0                _gwidgetRedraw
 .text._gwidgetUpdate
                0x08005ac0       0x10 build/obj/gwidget.o
                0x08005ac0                _gwidgetUpdate
 .text.gwinSetText
                0x08005ad0       0x70 build/obj/gwidget.o
                0x08005ad0                gwinSetText
 .text.gwinSetStyle
                0x08005b40       0x30 build/obj/gwidget.o
                0x08005b40                gwinSetStyle
 .text.gwinSetDefaultStyle
                0x08005b70       0x60 build/obj/gwidget.o
                0x08005b70                gwinSetDefaultStyle
 .text._gwinRedrawDisplay
                0x08005bd0       0x50 build/obj/gwm.o
 .text.WM_Init  0x08005c20       0x10 build/obj/gwm.o
 .text.WM_DeInit
                0x08005c30       0x10 build/obj/gwm.o
 .text.WM_MinMax
                0x08005c40       0x10 build/obj/gwm.o
 .text.WM_Delete
                0x08005c50       0x10 build/obj/gwm.o
 .text.WM_Redraw
                0x08005c60       0xe0 build/obj/gwm.o
 .text.WM_Raise
                0x08005d40       0x30 build/obj/gwm.o
 .text.WM_Move  0x08005d70       0x90 build/obj/gwm.o
 .text.WM_Size  0x08005e00       0xa0 build/obj/gwm.o
 .text.WM_Add   0x08005ea0       0x40 build/obj/gwm.o
 .text._gwmInit
                0x08005ee0       0x50 build/obj/gwm.o
                0x08005ee0                _gwmInit
 .text.gwinGetNextWindow
                0x08005f30       0x10 build/obj/gwm.o
                0x08005f30                gwinGetNextWindow
 .text.AfterClear
                0x08005f40       0x10 build/obj/console.o
 .text.ltoa_wd.constprop.1
                0x08005f50       0x50 build/obj/console.o
 .text.gwinPutChar
                0x08005fa0      0x150 build/obj/console.o
                0x08005fa0                gwinPutChar
 .text.gwinPrintf
                0x080060f0      0x270 build/obj/console.o
                0x080060f0                gwinPrintf
 .text.MouseDown
                0x08006360       0x10 build/obj/button.o
 .text.MouseUp  0x08006370       0x40 build/obj/button.o
 .text.gwinButtonDraw_Normal
                0x080063b0      0x130 build/obj/button.o
                0x080063b0                gwinButtonDraw_Normal
 .text.gwinGButtonCreate
                0x080064e0       0x20 build/obj/button.o
                0x080064e0                gwinGButtonCreate
 .text.gwinLabelDefaultDraw
                0x08006500       0xc0 build/obj/label.o
 .text.gwinGLabelCreate
                0x080065c0       0x70 build/obj/label.o
                0x080065c0                gwinGLabelCreate
 .text._ginputInit
                0x08006630       0x10 build/obj/ginput.o
                0x08006630                _ginputInit
 .text.set_cursor
                0x08006640       0xb0 build/obj/gdisp_lld_SSD1289.o
 .text.set_viewport
                0x080066f0      0x130 build/obj/gdisp_lld_SSD1289.o
 .text.gdisp_lld_init
                0x08006820      0x370 build/obj/gdisp_lld_SSD1289.o
                0x08006820                gdisp_lld_init
 .text.gdisp_lld_write_start
                0x08006b90       0x10 build/obj/gdisp_lld_SSD1289.o
                0x08006b90                gdisp_lld_write_start
 .text.gdisp_lld_write_color
                0x08006ba0       0x10 build/obj/gdisp_lld_SSD1289.o
                0x08006ba0                gdisp_lld_write_color
 .text.gdisp_lld_write_stop
                0x08006bb0       0x10 build/obj/gdisp_lld_SSD1289.o
                0x08006bb0                gdisp_lld_write_stop
 .text.gdisp_lld_write_pos
                0x08006bc0       0x10 build/obj/gdisp_lld_SSD1289.o
                0x08006bc0                gdisp_lld_write_pos
 .text.gdisp_lld_fill_area
                0x08006bd0       0x80 build/obj/gdisp_lld_SSD1289.o
                0x08006bd0                gdisp_lld_fill_area
 .text.gdisp_lld_control
                0x08006c50      0x120 build/obj/gdisp_lld_SSD1289.o
                0x08006c50                gdisp_lld_control
 .text._sbrk_r  0x08006d70       0x30 build/obj/syscalls.o
                0x08006d70                _sbrk_r
 .text.long_to_string_with_divisor.constprop.0
                0x08006da0       0x50 build/obj/chprintf.o
 .text.chvprintf
                0x08006df0      0x240 build/obj/chprintf.o
                0x08006df0                chvprintf
 .text.adcerrorcallback
                0x08007030       0x10 build/obj/main.o
 .text.chprintf.constprop.0
                0x08007040       0x30 build/obj/main.o
 .text.myADCinit
                0x08007070       0x30 build/obj/main.o
                0x08007070                myADCinit
 .text.readADC  0x080070a0       0xf0 build/obj/main.o
                0x080070a0                readADC
 .text.readVoltage
                0x08007190       0xc0 build/obj/main.o
                0x08007190                readVoltage
 .text.Thread2  0x08007250       0x70 build/obj/main.o
 .text.Thread1  0x080072c0       0x40 build/obj/myFunc.o
 .text.startBlinker
                0x08007300       0x30 build/obj/myFunc.o
                0x08007300                startBlinker
 .text.memset   0x08007330       0x94 /opt/ARM/bin/../lib/gcc/arm-none-eabi/4.8.4/../../../../arm-none-eabi/lib/armv7e-m/fpu/libg.a(lib_a-memset.o)
                0x08007330                memset
 *fill*         0x080073c4        0xc 
 .text.sprintf  0x080073d0       0x4c /opt/ARM/bin/../lib/gcc/arm-none-eabi/4.8.4/../../../../arm-none-eabi/lib/armv7e-m/fpu/libg.a(lib_a-sprintf.o)
                0x080073d0                sprintf
 *fill*         0x0800741c        0x4 
 .text.strcpy   0x08007420       0xbc /opt/ARM/bin/../lib/gcc/arm-none-eabi/4.8.4/../../../../arm-none-eabi/lib/armv7e-m/fpu/libg.a(lib_a-strcpy.o)
                0x08007420                strcpy
 *fill*         0x080074dc        0x4 
 .text.strlen   0x080074e0       0x60 /opt/ARM/bin/../lib/gcc/arm-none-eabi/4.8.4/../../../../arm-none-eabi/lib/armv7e-m/fpu/libg.a(lib_a-strlen.o)
                0x080074e0                strlen
 .text.strncat  0x08007540       0x64 /opt/ARM/bin/../lib/gcc/arm-none-eabi/4.8.4/../../../../arm-none-eabi/lib/armv7e-m/fpu/libg.a(lib_a-strncat.o)
                0x08007540                strncat
 *fill*         0x080075a4        0xc 
 .text._svfprintf_r
                0x080075b0     0x14f0 /opt/ARM/bin/../lib/gcc/arm-none-eabi/4.8.4/../../../../arm-none-eabi/lib/armv7e-m/fpu/libg.a(lib_a-svfprintf.o)
                0x080075b0                _svfprintf_r
 .text.quorem   0x08008aa0      0x130 /opt/ARM/bin/../lib/gcc/arm-none-eabi/4.8.4/../../../../arm-none-eabi/lib/armv7e-m/fpu/libg.a(lib_a-dtoa.o)
 .text._dtoa_r  0x08008bd0      0xe58 /opt/ARM/bin/../lib/gcc/arm-none-eabi/4.8.4/../../../../arm-none-eabi/lib/armv7e-m/fpu/libg.a(lib_a-dtoa.o)
                0x08008bd0                _dtoa_r
 *fill*         0x08009a28        0x8 
 .text._localeconv_r
                0x08009a30        0x8 /opt/ARM/bin/../lib/gcc/arm-none-eabi/4.8.4/../../../../arm-none-eabi/lib/armv7e-m/fpu/libg.a(lib_a-locale.o)
                0x08009a30                _localeconv_r
 *fill*         0x08009a38        0x8 
 .text._malloc_r
                0x08009a40      0x538 /opt/ARM/bin/../lib/gcc/arm-none-eabi/4.8.4/../../../../arm-none-eabi/lib/armv7e-m/fpu/libg.a(lib_a-mallocr.o)
                0x08009a40                _malloc_r
 *fill*         0x08009f78        0x8 
 .text.memchr   0x08009f80       0x90 /opt/ARM/bin/../lib/gcc/arm-none-eabi/4.8.4/../../../../arm-none-eabi/lib/armv7e-m/fpu/libg.a(lib_a-memchr-stub.o)
                0x08009f80                memchr
 .text.__malloc_lock
                0x0800a010        0x4 /opt/ARM/bin/../lib/gcc/arm-none-eabi/4.8.4/../../../../arm-none-eabi/lib/armv7e-m/fpu/libg.a(lib_a-mlock.o)
                0x0800a010                __malloc_lock
 *fill*         0x0800a014        0xc 
 .text.__malloc_unlock
                0x0800a020        0x4 /opt/ARM/bin/../lib/gcc/arm-none-eabi/4.8.4/../../../../arm-none-eabi/lib/armv7e-m/fpu/libg.a(lib_a-mlock.o)
                0x0800a020                __malloc_unlock
 *fill*         0x0800a024        0xc 
 .text._Balloc  0x0800a030       0x4c /opt/ARM/bin/../lib/gcc/arm-none-eabi/4.8.4/../../../../arm-none-eabi/lib/armv7e-m/fpu/libg.a(lib_a-mprec.o)
                0x0800a030                _Balloc
 *fill*         0x0800a07c        0x4 
 .text._Bfree   0x0800a080       0x14 /opt/ARM/bin/../lib/gcc/arm-none-eabi/4.8.4/../../../../arm-none-eabi/lib/armv7e-m/fpu/libg.a(lib_a-mprec.o)
                0x0800a080                _Bfree
 *fill*         0x0800a094        0xc 
 .text.__multadd
                0x0800a0a0       0x98 /opt/ARM/bin/../lib/gcc/arm-none-eabi/4.8.4/../../../../arm-none-eabi/lib/armv7e-m/fpu/libg.a(lib_a-mprec.o)
                0x0800a0a0                __multadd
 *fill*         0x0800a138        0x8 
 .text.__hi0bits
                0x0800a140       0x40 /opt/ARM/bin/../lib/gcc/arm-none-eabi/4.8.4/../../../../arm-none-eabi/lib/armv7e-m/fpu/libg.a(lib_a-mprec.o)
                0x0800a140                __hi0bits
 .text.__lo0bits
                0x0800a180       0x5c /opt/ARM/bin/../lib/gcc/arm-none-eabi/4.8.4/../../../../arm-none-eabi/lib/armv7e-m/fpu/libg.a(lib_a-mprec.o)
                0x0800a180                __lo0bits
 *fill*         0x0800a1dc        0x4 
 .text.__i2b    0x0800a1e0       0x14 /opt/ARM/bin/../lib/gcc/arm-none-eabi/4.8.4/../../../../arm-none-eabi/lib/armv7e-m/fpu/libg.a(lib_a-mprec.o)
                0x0800a1e0                __i2b
 *fill*         0x0800a1f4        0xc 
 .text.__multiply
                0x0800a200      0x13c /opt/ARM/bin/../lib/gcc/arm-none-eabi/4.8.4/../../../../arm-none-eabi/lib/armv7e-m/fpu/libg.a(lib_a-mprec.o)
                0x0800a200                __multiply
 *fill*         0x0800a33c        0x4 
 .text.__pow5mult
                0x0800a340       0x9c /opt/ARM/bin/../lib/gcc/arm-none-eabi/4.8.4/../../../../arm-none-eabi/lib/armv7e-m/fpu/libg.a(lib_a-mprec.o)
                0x0800a340                __pow5mult
 *fill*         0x0800a3dc        0x4 
 .text.__lshift
                0x0800a3e0       0xbc /opt/ARM/bin/../lib/gcc/arm-none-eabi/4.8.4/../../../../arm-none-eabi/lib/armv7e-m/fpu/libg.a(lib_a-mprec.o)
                0x0800a3e0                __lshift
 *fill*         0x0800a49c        0x4 
 .text.__mcmp   0x0800a4a0       0x48 /opt/ARM/bin/../lib/gcc/arm-none-eabi/4.8.4/../../../../arm-none-eabi/lib/armv7e-m/fpu/libg.a(lib_a-mprec.o)
                0x0800a4a0                __mcmp
 *fill*         0x0800a4e8        0x8 
 .text.__mdiff  0x0800a4f0       0xd4 /opt/ARM/bin/../lib/gcc/arm-none-eabi/4.8.4/../../../../arm-none-eabi/lib/armv7e-m/fpu/libg.a(lib_a-mprec.o)
                0x0800a4f0                __mdiff
 *fill*         0x0800a5c4        0xc 
 .text.__d2b    0x0800a5d0       0xb4 /opt/ARM/bin/../lib/gcc/arm-none-eabi/4.8.4/../../../../arm-none-eabi/lib/armv7e-m/fpu/libg.a(lib_a-mprec.o)
                0x0800a5d0                __d2b
 *fill*         0x0800a684        0xc 
 .text.__fpclassifyd
                0x0800a690       0x54 /opt/ARM/bin/../lib/gcc/arm-none-eabi/4.8.4/../../../../arm-none-eabi/lib/armv7e-m/fpu/libg.a(lib_a-s_fpclassify.o)
                0x0800a690                __fpclassifyd
 *fill*         0x0800a6e4        0xc 
 .text.__ssprint_r
                0x0800a6f0      0x100 /opt/ARM/bin/../lib/gcc/arm-none-eabi/4.8.4/../../../../arm-none-eabi/lib/armv7e-m/fpu/libg.a(lib_a-svfiprintf.o)
                0x0800a6f0                __ssprint_r
 .text._calloc_r
                0x0800a7f0       0x60 /opt/ARM/bin/../lib/gcc/arm-none-eabi/4.8.4/../../../../arm-none-eabi/lib/armv7e-m/fpu/libg.a(lib_a-callocr.o)
                0x0800a7f0                _calloc_r
 .text._malloc_trim_r
                0x0800a850       0x9c /opt/ARM/bin/../lib/gcc/arm-none-eabi/4.8.4/../../../../arm-none-eabi/lib/armv7e-m/fpu/libg.a(lib_a-freer.o)
                0x0800a850                _malloc_trim_r
 *fill*         0x0800a8ec        0x4 
 .text._free_r  0x0800a8f0      0x19c /opt/ARM/bin/../lib/gcc/arm-none-eabi/4.8.4/../../../../arm-none-eabi/lib/armv7e-m/fpu/libg.a(lib_a-freer.o)
                0x0800a8f0                _free_r
 *fill*         0x0800aa8c        0x4 
 .text.memmove  0x0800aa90       0xc0 /opt/ARM/bin/../lib/gcc/arm-none-eabi/4.8.4/../../../../arm-none-eabi/lib/armv7e-m/fpu/libg.a(lib_a-memmove.o)
                0x0800aa90                memmove
 .text._realloc_r
                0x0800ab50      0x3cc /opt/ARM/bin/../lib/gcc/arm-none-eabi/4.8.4/../../../../arm-none-eabi/lib/armv7e-m/fpu/libg.a(lib_a-reallocr.o)
                0x0800ab50                _realloc_r
 *(.rodata)
 *fill*         0x0800af1c        0x4 
 .rodata        0x0800af20       0x18 build/obj/gdisp_lld_SSD1289.o
 *(.rodata.*)
 *fill*         0x0800af38        0x8 
 .rodata.str1.4
                0x0800af40        0x5 build/obj/chsys.o
                                  0x8 (size before relaxing)
 *fill*         0x0800af45        0xb 
 .rodata.str1.4
                0x0800af50       0x31 build/obj/chvt.o
                                 0x34 (size before relaxing)
 *fill*         0x0800af81        0xf 
 .rodata.str1.4
                0x0800af90       0x23 build/obj/chschd.o
                                 0x24 (size before relaxing)
 *fill*         0x0800afb3        0xd 
 .rodata.str1.4
                0x0800afc0       0x94 build/obj/chthreads.o
 *fill*         0x0800b054        0xc 
 .rodata.ch_debug
                0x0800b060       0x18 build/obj/chregistry.o
                0x0800b060                ch_debug
 *fill*         0x0800b078        0x8 
 .rodata.str1.4
                0x0800b080      0x146 build/obj/chsem.o
                                0x148 (size before relaxing)
 *fill*         0x0800b1c6        0xa 
 .rodata.str1.4
                0x0800b1d0       0xab build/obj/chmtx.o
                                 0xac (size before relaxing)
 *fill*         0x0800b27b        0x5 
 .rodata.str1.4
                0x0800b280       0x90 build/obj/chevents.o
 .rodata.str1.4
                0x0800b310       0x29 build/obj/chqueues.o
                                 0x2c (size before relaxing)
 *fill*         0x0800b339        0x7 
 .rodata.str1.4
                0x0800b340       0x31 build/obj/chheap.o
                                 0x34 (size before relaxing)
 *fill*         0x0800b371        0xf 
 .rodata.str1.4
                0x0800b380      0x10e build/obj/adc.o
                                0x110 (size before relaxing)
 *fill*         0x0800b48e        0x2 
 .rodata.str1.4
                0x0800b490       0x32 build/obj/pal.o
                                 0x34 (size before relaxing)
 *fill*         0x0800b4c2        0xe 
 .rodata.str1.4
                0x0800b4d0       0xb0 build/obj/pwm.o
 .rodata.str1.4
                0x0800b580       0x5f build/obj/serial.o
                                 0x60 (size before relaxing)
 *fill*         0x0800b5df        0x1 
 .rodata.vmt    0x0800b5e0       0x20 build/obj/serial.o
 .rodata.str1.4
                0x0800b600       0x47 build/obj/stm32_dma.o
                                 0x48 (size before relaxing)
 *fill*         0x0800b647        0x9 
 .rodata._stm32_dma_streams
                0x0800b650       0xc0 build/obj/stm32_dma.o
                0x0800b650                _stm32_dma_streams
 .rodata.str1.4
                0x0800b710       0x28 build/obj/adc_lld.o
 *fill*         0x0800b738        0x8 
 .rodata.str1.4
                0x0800b740       0x14 build/obj/pwm_lld.o
 *fill*         0x0800b754        0xc 
 .rodata.default_config
                0x0800b760        0xc build/obj/serial_lld.o
 *fill*         0x0800b76c        0x4 
 .rodata.pal_default_config
                0x0800b770       0xfc build/obj/board.o
                0x0800b770                pal_default_config
 *fill*         0x0800b86c        0x4 
 .rodata.blks.7842
                0x0800b870       0x80 build/obj/gdisp.o
 .rodata.mf_rlefont_UI1_Narrow_listentry
                0x0800b8f0        0x8 build/obj/mf_font.o
 *fill*         0x0800b8f8        0x8 
 .rodata.mf_rlefont_UI1_listentry
                0x0800b900        0x8 build/obj/mf_font.o
 *fill*         0x0800b908        0x8 
 .rodata.mf_bwfont_fixed_5x8_char_ranges
                0x0800b910       0x18 build/obj/mf_font.o
 *fill*         0x0800b928        0x8 
 .rodata.mf_rlefont_UI1_Double
                0x0800b930       0x24 build/obj/mf_font.o
                0x0800b930                mf_rlefont_UI1_Double
 *fill*         0x0800b954        0xc 
 .rodata.mf_rlefont_UI2_char_ranges
                0x0800b960        0xc build/obj/mf_font.o
 *fill*         0x0800b96c        0x4 
 .rodata.mf_rlefont_UI1_glyph_data_0
                0x0800b970        0x4 build/obj/mf_font.o
 *fill*         0x0800b974        0xc 
 .rodata.mf_rlefont_UI1_dictionary_offsets
                0x0800b980       0xd8 build/obj/mf_font.o
 *fill*         0x0800ba58        0x8 
 .rodata.mf_rlefont_UI2_dictionary_offsets
                0x0800ba60       0x7c build/obj/mf_font.o
 *fill*         0x0800badc        0x4 
 .rodata.mf_rlefont_UI1
                0x0800bae0       0x30 build/obj/mf_font.o
                0x0800bae0                mf_rlefont_UI1
 .rodata.mf_rlefont_UI2
                0x0800bb10       0x30 build/obj/mf_font.o
                0x0800bb10                mf_rlefont_UI2
 .rodata.mf_rlefont_LargeNumbers_glyph_data_0
                0x0800bb40      0x278 build/obj/mf_font.o
 *fill*         0x0800bdb8        0x8 
 .rodata.mf_rlefont_LargeNumbers_char_ranges
                0x0800bdc0        0xc build/obj/mf_font.o
 *fill*         0x0800bdcc        0x4 
 .rodata.mf_rlefont_UI2_listentry
                0x0800bdd0        0x8 build/obj/mf_font.o
 *fill*         0x0800bdd8        0x8 
 .rodata.mf_rlefont_UI1_glyph_data_1
                0x0800bde0      0x314 build/obj/mf_font.o
 *fill*         0x0800c0f4        0xc 
 .rodata.mf_rlefont_UI1_glyph_data_2
                0x0800c100      0x314 build/obj/mf_font.o
 *fill*         0x0800c414        0xc 
 .rodata.mf_rlefont_UI2_glyph_data_0
                0x0800c420      0x338 build/obj/mf_font.o
 *fill*         0x0800c758        0x8 
 .rodata.mf_rlefont_UI2_Double_listentry
                0x0800c760        0x8 build/obj/mf_font.o
 *fill*         0x0800c768        0x8 
 .rodata.mf_rlefont_UI1_dictionary_data
                0x0800c770      0x11c build/obj/mf_font.o
 *fill*         0x0800c88c        0x4 
 .rodata.mf_rlefont_LargeNumbers
                0x0800c890       0x30 build/obj/mf_font.o
                0x0800c890                mf_rlefont_LargeNumbers
 .rodata.str1.4
                0x0800c8c0       0x9e build/obj/mf_font.o
                                 0xa0 (size before relaxing)
 *fill*         0x0800c95e        0x2 
 .rodata.mf_rlefont_UI1_glyph_offsets_0
                0x0800c960        0x4 build/obj/mf_font.o
 *fill*         0x0800c964        0xc 
 .rodata.mf_rlefont_UI1_glyph_offsets_1
                0x0800c970       0xc8 build/obj/mf_font.o
 *fill*         0x0800ca38        0x8 
 .rodata.mf_rlefont_UI1_glyph_offsets_2
                0x0800ca40       0xd8 build/obj/mf_font.o
 *fill*         0x0800cb18        0x8 
 .rodata.mf_rlefont_UI2_Narrow
                0x0800cb20       0x24 build/obj/mf_font.o
                0x0800cb20                mf_rlefont_UI2_Narrow
 *fill*         0x0800cb44        0xc 
 .rodata.mf_rlefont_UI1_char_ranges
                0x0800cb50       0x24 build/obj/mf_font.o
 *fill*         0x0800cb74        0xc 
 .rodata.mf_rlefont_UI2_Double
                0x0800cb80       0x24 build/obj/mf_font.o
                0x0800cb80                mf_rlefont_UI2_Double
 *fill*         0x0800cba4        0xc 
 .rodata.mf_rlefont_UI2_Narrow_listentry
                0x0800cbb0        0x8 build/obj/mf_font.o
 *fill*         0x0800cbb8        0x8 
 .rodata.mf_rlefont_LargeNumbers_dictionary_data
                0x0800cbc0       0x90 build/obj/mf_font.o
 .rodata.mf_rlefont_UI1_Double_listentry
                0x0800cc50        0x8 build/obj/mf_font.o
 *fill*         0x0800cc58        0x8 
 .rodata.mf_bwfont_fixed_5x8_glyph_data_0
                0x0800cc60      0x1dc build/obj/mf_font.o
 *fill*         0x0800ce3c        0x4 
 .rodata.mf_rlefont_UI2_dictionary_data
                0x0800ce40       0xa0 build/obj/mf_font.o
 .rodata.mf_rlefont_LargeNumbers_glyph_offsets_0
                0x0800cee0       0x34 build/obj/mf_font.o
 *fill*         0x0800cf14        0xc 
 .rodata.mf_rlefont_LargeNumbers_listentry
                0x0800cf20        0x8 build/obj/mf_font.o
 *fill*         0x0800cf28        0x8 
 .rodata.mf_rlefont_LargeNumbers_dictionary_offsets
                0x0800cf30       0x70 build/obj/mf_font.o
 .rodata.mf_rlefont_UI2_glyph_offsets_0
                0x0800cfa0       0xc0 build/obj/mf_font.o
 .rodata.mf_rlefont_UI1_Narrow
                0x0800d060       0x24 build/obj/mf_font.o
                0x0800d060                mf_rlefont_UI1_Narrow
 *fill*         0x0800d084        0xc 
 .rodata.mf_bwfont_fixed_5x8
                0x0800d090       0x24 build/obj/mf_font.o
                0x0800d090                mf_bwfont_fixed_5x8
 *fill*         0x0800d0b4        0xc 
 .rodata.mf_bwfont_fixed_5x8_listentry
                0x0800d0c0        0x8 build/obj/mf_font.o
 *fill*         0x0800d0c8        0x8 
 .rodata.BlackWidgetStyle
                0x0800d0d0       0x1c build/obj/gwidget.o
                0x0800d0d0                BlackWidgetStyle
 *fill*         0x0800d0ec        0x4 
 .rodata.WhiteWidgetStyle
                0x0800d0f0       0x1c build/obj/gwidget.o
                0x0800d0f0                WhiteWidgetStyle
 .rodata.str1.4
                0x00000000       0x9e build/obj/gwidget.o
                                  0x4 (size before relaxing)
 *fill*         0x0800d10c        0x4 
 .rodata.GNullWindowManagerVMT
                0x0800d110       0x24 build/obj/gwm.o
 *fill*         0x0800d134        0xc 
 .rodata.GNullWindowManager
                0x0800d140        0x4 build/obj/gwm.o
 *fill*         0x0800d144        0xc 
 .rodata.str1.4
                0x0800d150       0x10 build/obj/console.o
 .rodata.consoleVMT
                0x0800d160       0x14 build/obj/console.o
 *fill*         0x0800d174        0xc 
 .rodata.buttonVMT
                0x0800d180       0x24 build/obj/button.o
 *fill*         0x0800d1a4        0xc 
 .rodata.str1.4
                0x0800d1b0        0x7 build/obj/button.o
                                  0x8 (size before relaxing)
 *fill*         0x0800d1b7        0x9 
 .rodata.labelVMT
                0x0800d1c0       0x24 build/obj/label.o
 *fill*         0x0800d1e4        0xc 
 .rodata.str1.4
                0x0800d1f0        0x6 build/obj/label.o
                                  0x8 (size before relaxing)
 *fill*         0x0800d1f6        0xa 
 .rodata.pwmcfg
                0x0800d200       0x34 build/obj/gdisp_lld_SSD1289.o
 *fill*         0x0800d234        0xc 
 .rodata.str1.4
                0x0800d240        0xc build/obj/syscalls.o
 .rodata.str1.4
                0x00000000        0x8 build/obj/chprintf.o
 *fill*         0x0800d24c        0x4 
 .rodata.adcgrpcfg1
                0x0800d250       0x28 build/obj/main.o
 *fill*         0x0800d278        0x8 
 .rodata.adcgrpcfg2
                0x0800d280       0x28 build/obj/main.o
 *fill*         0x0800d2a8        0x8 
 .rodata.str1.4
                0x0800d2b0       0xac build/obj/main.o
                                 0xb8 (size before relaxing)
 .rodata.str1.4
                0x00000000       0xac build/obj/myFunc.o
                                  0x8 (size before relaxing)
 *fill*         0x0800d35c        0x4 
 .rodata.zeroes.6763
                0x0800d360       0x10 /opt/ARM/bin/../lib/gcc/arm-none-eabi/4.8.4/../../../../arm-none-eabi/lib/armv7e-m/fpu/libg.a(lib_a-svfprintf.o)
 .rodata.str1.4
                0x0800d370       0x3a /opt/ARM/bin/../lib/gcc/arm-none-eabi/4.8.4/../../../../arm-none-eabi/lib/armv7e-m/fpu/libg.a(lib_a-svfprintf.o)
                                 0x44 (size before relaxing)
 *fill*         0x0800d3aa        0x6 
 .rodata.blanks.6762
                0x0800d3b0       0x10 /opt/ARM/bin/../lib/gcc/arm-none-eabi/4.8.4/../../../../arm-none-eabi/lib/armv7e-m/fpu/libg.a(lib_a-svfprintf.o)
 .rodata.str1.4
                0x0800d3c0       0x10 /opt/ARM/bin/../lib/gcc/arm-none-eabi/4.8.4/../../../../arm-none-eabi/lib/armv7e-m/fpu/libg.a(lib_a-dtoa.o)
                                 0x14 (size before relaxing)
 .rodata.str1.4
                0x0800d3d0        0x2 /opt/ARM/bin/../lib/gcc/arm-none-eabi/4.8.4/../../../../arm-none-eabi/lib/armv7e-m/fpu/libg.a(lib_a-impure.o)
                                  0x4 (size before relaxing)
 *fill*         0x0800d3d2        0xe 
 .rodata.str1.4
                0x0800d3e0        0xc /opt/ARM/bin/../lib/gcc/arm-none-eabi/4.8.4/../../../../arm-none-eabi/lib/armv7e-m/fpu/libg.a(lib_a-locale.o)
                                 0x14 (size before relaxing)
 *fill*         0x0800d3ec        0x4 
 .rodata.__mprec_tens
                0x0800d3f0       0xc8 /opt/ARM/bin/../lib/gcc/arm-none-eabi/4.8.4/../../../../arm-none-eabi/lib/armv7e-m/fpu/libg.a(lib_a-mprec.o)
                0x0800d3f0                __mprec_tens
 *fill*         0x0800d4b8        0x8 
 .rodata.__mprec_bigtens
                0x0800d4c0       0x28 /opt/ARM/bin/../lib/gcc/arm-none-eabi/4.8.4/../../../../arm-none-eabi/lib/armv7e-m/fpu/libg.a(lib_a-mprec.o)
                0x0800d4c0                __mprec_bigtens
 *fill*         0x0800d4e8        0x8 
 .rodata.p05.5269
                0x0800d4f0        0xc /opt/ARM/bin/../lib/gcc/arm-none-eabi/4.8.4/../../../../arm-none-eabi/lib/armv7e-m/fpu/libg.a(lib_a-mprec.o)
 *(.glue_7t)
 .glue_7t       0x00000000        0x0 linker stubs
 *(.glue_7)
 .glue_7        0x00000000        0x0 linker stubs
 *(.gcc*)

.vfp11_veneer   0x0800d4fc        0x0
 .vfp11_veneer  0x00000000        0x0 linker stubs

.v4_bx          0x0800d4fc        0x0
 .v4_bx         0x00000000        0x0 linker stubs

.iplt           0x0800d4fc        0x0
 .iplt          0x00000000        0x0 build/obj/crt0.o

.ARM.extab
 *(.ARM.extab* .gnu.linkonce.armextab.*)

.ARM.exidx      0x0800d4fc        0x8
                0x0800d4fc                PROVIDE (__exidx_start, .)
 *(.ARM.exidx* .gnu.linkonce.armexidx.*)
 .ARM.exidx     0x0800d4fc        0x8 /opt/ARM/bin/../lib/gcc/arm-none-eabi/4.8.4/armv7e-m/fpu/libgcc.a(_divdi3.o)
 .ARM.exidx     0x0800d504        0x0 /opt/ARM/bin/../lib/gcc/arm-none-eabi/4.8.4/armv7e-m/fpu/libgcc.a(_udivdi3.o)
                                  0x8 (size before relaxing)
                0x0800d504                PROVIDE (__exidx_end, .)

.rel.dyn        0x0800d504        0x0
 .rel.iplt      0x00000000        0x0 build/obj/crt0.o

.eh_frame_hdr
 *(.eh_frame_hdr)

.eh_frame
 *(.eh_frame)

.textalign      0x0800d504        0x4
                0x0800d508                . = ALIGN (0x8)
 *fill*         0x0800d504        0x4 
                0x0800d508                . = ALIGN (0x4)
                0x0800d508                _etext = .
                0x0800d508                _textdata = _etext

.stacks         0x20000000      0x800
                0x20000000                . = ALIGN (0x8)
                0x20000000                __main_stack_base__ = .
                0x20000400                . = (. + __main_stack_size__)
 *fill*         0x20000000      0x400 
                0x20000400                . = ALIGN (0x8)
                0x20000400                __main_stack_end__ = .
                0x20000400                __process_stack_base__ = .
                0x20000400                __main_thread_stack_base__ = .
                0x20000800                . = (. + __process_stack_size__)
 *fill*         0x20000400      0x400 
                0x20000800                . = ALIGN (0x8)
                0x20000800                __process_stack_end__ = .
                0x20000800                __main_thread_stack_end__ = .

.data           0x20000800      0x884 load address 0x0800d508
                0x20000800                . = ALIGN (0x4)
                0x20000800                PROVIDE (_data, .)
 *(.data)
                0x20000800                . = ALIGN (0x4)
 *(.data.*)
 .data.GDISP    0x20000800        0x4 build/obj/gdisp.o
                0x20000800                GDISP
 .data.defaultFgColor
                0x20000804        0x2 build/obj/gwin.o
 *fill*         0x20000806        0x2 
 .data.defaultStyle
                0x20000808        0x4 build/obj/gwidget.o
 .data.VREFMeasured
                0x2000080c        0x4 build/obj/main.o
                0x2000080c                VREFMeasured
 .data.impure_data
                0x20000810      0x428 /opt/ARM/bin/../lib/gcc/arm-none-eabi/4.8.4/../../../../arm-none-eabi/lib/armv7e-m/fpu/libg.a(lib_a-impure.o)
 .data._impure_ptr
                0x20000c38        0x4 /opt/ARM/bin/../lib/gcc/arm-none-eabi/4.8.4/../../../../arm-none-eabi/lib/armv7e-m/fpu/libg.a(lib_a-impure.o)
                0x20000c38                _impure_ptr
 .data.lconv    0x20000c3c       0x38 /opt/ARM/bin/../lib/gcc/arm-none-eabi/4.8.4/../../../../arm-none-eabi/lib/armv7e-m/fpu/libg.a(lib_a-locale.o)
 .data.__malloc_av_
                0x20000c74      0x408 /opt/ARM/bin/../lib/gcc/arm-none-eabi/4.8.4/../../../../arm-none-eabi/lib/armv7e-m/fpu/libg.a(lib_a-mallocr.o)
                0x20000c74                __malloc_av_
 .data.__malloc_trim_threshold
                0x2000107c        0x4 /opt/ARM/bin/../lib/gcc/arm-none-eabi/4.8.4/../../../../arm-none-eabi/lib/armv7e-m/fpu/libg.a(lib_a-mallocr.o)
                0x2000107c                __malloc_trim_threshold
 .data.__malloc_sbrk_base
                0x20001080        0x4 /opt/ARM/bin/../lib/gcc/arm-none-eabi/4.8.4/../../../../arm-none-eabi/lib/armv7e-m/fpu/libg.a(lib_a-mallocr.o)
                0x20001080                __malloc_sbrk_base
                0x20001084                . = ALIGN (0x4)
 *(.ramtext)
                0x20001084                . = ALIGN (0x4)
                0x20001084                PROVIDE (_edata, .)

.igot.plt       0x20001084        0x0 load address 0x0800dd8c
 .igot.plt      0x00000000        0x0 build/obj/crt0.o

.bss            0x20001088     0x3364 load address 0x0800dd8c
                0x20001088                . = ALIGN (0x4)
                0x20001088                PROVIDE (_bss_start, .)
 *(.bss)
                0x20001088                . = ALIGN (0x4)
 *(.bss.*)
 .bss.mainthread.4840
                0x20001088       0x4c build/obj/chsys.o
 *fill*         0x200010d4        0x4 
 .bss._idle_thread_wa
                0x200010d8      0x168 build/obj/chsys.o
                0x200010d8                _idle_thread_wa
 .bss.dbg_trace_buffer
                0x20001240      0x408 build/obj/chdebug.o
                0x20001240                dbg_trace_buffer
 .bss.dbg_panic_msg
                0x20001648        0x4 build/obj/chdebug.o
                0x20001648                dbg_panic_msg
 .bss.vtlist    0x2000164c       0x10 build/obj/chvt.o
                0x2000164c                vtlist
 .bss.rlist     0x2000165c       0x1c build/obj/chschd.o
                0x2000165c                rlist
 .bss.endmem    0x20001678        0x4 build/obj/chmemcore.o
 .bss.nextmem   0x2000167c        0x4 build/obj/chmemcore.o
 .bss.default_heap
                0x20001680       0x20 build/obj/chheap.o
 .bss.dma_isr_redir
                0x200016a0       0x80 build/obj/stm32_dma.o
 .bss.dma_streams_mask
                0x20001720        0x4 build/obj/stm32_dma.o
 .bss.ADCD1     0x20001724       0x34 build/obj/adc_lld.o
                0x20001724                ADCD1
 .bss.ADCD2     0x20001758       0x34 build/obj/adc_lld.o
                0x20001758                ADCD2
 .bss.dummytx   0x2000178c        0x2 build/obj/spi_lld.o
 *fill*         0x2000178e        0x2 
 .bss.SPID2     0x20001790       0x30 build/obj/spi_lld.o
                0x20001790                SPID2
 .bss.PWMD3     0x200017c0       0x14 build/obj/pwm_lld.o
                0x200017c0                PWMD3
 .bss.SD2       0x200017d4       0x78 build/obj/serial_lld.o
                0x200017d4                SD2
 .bss.initDone  0x2000184c        0x1 build/obj/gfx.o
 *fill*         0x2000184d        0x3 
 .bss.GDisplayArray
                0x20001850       0x58 build/obj/gdisp.o
 .bss.Assignments
                0x200018a8      0x200 build/obj/gevent.o
 .bss.geventMutex
                0x20001aa8       0x10 build/obj/gevent.o
 .bss.mutex     0x20001ab8       0x10 build/obj/gtimer.o
 .bss.hThread   0x20001ac8        0x4 build/obj/gtimer.o
 *fill*         0x20001acc        0x4 
 .bss.waTimerThread
                0x20001ad0      0x958 build/obj/gtimer.o
 .bss.pTimerHead
                0x20002428        0x4 build/obj/gtimer.o
 .bss.waitsem   0x2000242c       0x10 build/obj/gtimer.o
 .bss.defaultFont
                0x2000243c        0x4 build/obj/gwin.o
 .bss.defaultBgColor
                0x20002440        0x2 build/obj/gwin.o
 *fill*         0x20002442        0x2 
 .bss.gl        0x20002444       0x48 build/obj/gwidget.o
 .bss._GWINwm   0x2000248c        0x4 build/obj/gwm.o
                0x2000248c                _GWINwm
 .bss.RedrawTimer
                0x20002490       0x1c build/obj/gwm.o
 .bss.RedrawDisplay
                0x200024ac        0x4 build/obj/gwm.o
 .bss._GWINList
                0x200024b0        0x8 build/obj/gwm.o
 .bss.RedrawPreserve
                0x200024b8        0x1 build/obj/gwm.o
 *fill*         0x200024b9        0x3 
 .bss.ADCvalue  0x200024bc        0x4 build/obj/main.o
 .bss.console   0x200024c0        0x1 build/obj/main.o
                0x200024c0                console
 .bss.ADC2status
                0x200024c1        0x1 build/obj/main.o
                0x200024c1                ADC2status
 .bss.width     0x200024c2        0x2 build/obj/main.o
 .bss.ADCvalue2
                0x200024c4        0x4 build/obj/main.o
 .bss.ADClabel  0x200024c8        0x4 build/obj/main.o
 .bss.ghc       0x200024cc        0x4 build/obj/main.o
 .bss.samples1  0x200024d0      0x800 build/obj/main.o
 .bss.ADClabel2
                0x20002cd0        0x4 build/obj/main.o
 .bss.bWidth    0x20002cd4        0x2 build/obj/main.o
 *fill*         0x20002cd6        0x2 
 .bss.ghStatus2
                0x20002cd8        0x4 build/obj/main.o
 .bss.height    0x20002cdc        0x2 build/obj/main.o
 *fill*         0x20002cde        0x2 
 .bss.samples2  0x20002ce0      0x800 build/obj/main.o
 .bss.ghStatus1
                0x200034e0        0x4 build/obj/main.o
 .bss.font      0x200034e4        0x4 build/obj/main.o
 .bss.swidth    0x200034e8        0x2 build/obj/main.o
 *fill*         0x200034ea        0x2 
 .bss.Result    0x200034ec        0x8 build/obj/main.o
                0x200034ec                Result
 .bss.sum       0x200034f4        0x4 build/obj/main.o
                0x200034f4                sum
 .bss.ghConsole
                0x200034f8        0x4 build/obj/main.o
 .bss.sheight   0x200034fc        0x2 build/obj/main.o
 *fill*         0x200034fe        0x2 
 .bss.waThread2
                0x20003500      0x958 build/obj/main.o
 .bss.bHeight   0x20003e58        0x2 build/obj/main.o
 *fill*         0x20003e5a        0x6 
 .bss.waThread1
                0x20003e60      0x558 build/obj/myFunc.o
 .bss.__malloc_max_total_mem
                0x200043b8        0x4 /opt/ARM/bin/../lib/gcc/arm-none-eabi/4.8.4/../../../../arm-none-eabi/lib/armv7e-m/fpu/libg.a(lib_a-mallocr.o)
                0x200043b8                __malloc_max_total_mem
 .bss.__malloc_max_sbrked_mem
                0x200043bc        0x4 /opt/ARM/bin/../lib/gcc/arm-none-eabi/4.8.4/../../../../arm-none-eabi/lib/armv7e-m/fpu/libg.a(lib_a-mallocr.o)
                0x200043bc                __malloc_max_sbrked_mem
 .bss.__malloc_top_pad
                0x200043c0        0x4 /opt/ARM/bin/../lib/gcc/arm-none-eabi/4.8.4/../../../../arm-none-eabi/lib/armv7e-m/fpu/libg.a(lib_a-mallocr.o)
                0x200043c0                __malloc_top_pad
 .bss.__malloc_current_mallinfo
                0x200043c4       0x28 /opt/ARM/bin/../lib/gcc/arm-none-eabi/4.8.4/../../../../arm-none-eabi/lib/armv7e-m/fpu/libg.a(lib_a-mallocr.o)
                0x200043c4                __malloc_current_mallinfo
                0x200043ec                . = ALIGN (0x4)
 *(COMMON)
                0x200043ec                . = ALIGN (0x4)
                0x200043ec                PROVIDE (_bss_end, .)
                0x200043ec                PROVIDE (end, .)
                0x200043ec                _end = .
                0x200043ec                __heap_base__ = _end
                0x2001c000                __heap_end__ = __ram_end__
START GROUP
LOAD /opt/ARM/bin/../lib/gcc/arm-none-eabi/4.8.4/armv7e-m/fpu/libgcc.a
LOAD /opt/ARM/bin/../lib/gcc/arm-none-eabi/4.8.4/../../../../arm-none-eabi/lib/armv7e-m/fpu/libg.a
LOAD /opt/ARM/bin/../lib/gcc/arm-none-eabi/4.8.4/../../../../arm-none-eabi/lib/armv7e-m/fpu/libc.a
END GROUP
OUTPUT(build/ch.elf elf32-littlearm)

.debug_info     0x00000000    0x26308
 .debug_info    0x00000000      0x2ba build/obj/crt0.o
 .debug_info    0x000002ba      0x1cd build/obj/vectors.o
 .debug_info    0x00000487       0x92 build/obj/chcore.o
 .debug_info    0x00000519      0x9e4 build/obj/chcore_v7m.o
 .debug_info    0x00000efd      0x406 build/obj/nvic.o
 .debug_info    0x00001303      0x8f6 build/obj/chsys.o
 .debug_info    0x00001bf9      0x6fd build/obj/chdebug.o
 .debug_info    0x000022f6      0x617 build/obj/chlists.o
 .debug_info    0x0000290d      0x25e build/obj/chvt.o
 .debug_info    0x00002b6b      0xa79 build/obj/chschd.o
 .debug_info    0x000035e4      0xbdd build/obj/chthreads.o
 .debug_info    0x000041c1      0x9a1 build/obj/chdynamic.o
 .debug_info    0x00004b62      0x6eb build/obj/chregistry.o
 .debug_info    0x0000524d      0xb47 build/obj/chsem.o
 .debug_info    0x00005d94      0x9a5 build/obj/chmtx.o
 .debug_info    0x00006739      0xaea build/obj/chevents.o
 .debug_info    0x00007223      0xada build/obj/chqueues.o
 .debug_info    0x00007cfd      0x1d5 build/obj/chmemcore.o
 .debug_info    0x00007ed2      0x82e build/obj/chheap.o
 .debug_info    0x00008700      0x3c1 build/obj/hal.o
 .debug_info    0x00008ac1      0xf00 build/obj/adc.o
 .debug_info    0x000099c1      0x329 build/obj/pal.o
 .debug_info    0x00009cea      0x695 build/obj/pwm.o
 .debug_info    0x0000a37f     0x10f3 build/obj/serial.o
 .debug_info    0x0000b472     0x127b build/obj/spi.o
 .debug_info    0x0000c6ed      0xace build/obj/stm32_dma.o
 .debug_info    0x0000d1bb      0x491 build/obj/hal_lld.o
 .debug_info    0x0000d64c     0x120c build/obj/adc_lld.o
 .debug_info    0x0000e858      0x704 build/obj/pal_lld.o
 .debug_info    0x0000ef5c      0xee4 build/obj/spi_lld.o
 .debug_info    0x0000fe40      0x7f8 build/obj/pwm_lld.o
 .debug_info    0x00010638      0xefd build/obj/serial_lld.o
 .debug_info    0x00011535      0x1f4 build/obj/board.o
 .debug_info    0x00011729      0x1d0 build/obj/gfx.o
 .debug_info    0x000118f9      0xbe1 build/obj/chibios.o
 .debug_info    0x000124da      0x562 build/obj/gqueue.o
 .debug_info    0x00012a3c     0x22c7 build/obj/gdisp.o
 .debug_info    0x00014d03      0x98d build/obj/fonts.o
 .debug_info    0x00015690      0x181 build/obj/mf_encoding.o
 .debug_info    0x00015811      0xa48 build/obj/mf_font.o
 .debug_info    0x00016259      0x9a1 build/obj/mf_justify.o
 .debug_info    0x00016bfa      0xa51 build/obj/mf_rlefont.o
 .debug_info    0x0001764b      0x774 build/obj/mf_bwfont.o
 .debug_info    0x00017dbf      0x4cf build/obj/mf_scaledfont.o
 .debug_info    0x0001828e      0xc34 build/obj/gevent.o
 .debug_info    0x00018ec2      0xb9e build/obj/gtimer.o
 .debug_info    0x00019a60     0x1915 build/obj/gwin.o
 .debug_info    0x0001b375     0x1395 build/obj/gwidget.o
 .debug_info    0x0001c70a      0xd09 build/obj/gwm.o
 .debug_info    0x0001d413      0x9a4 build/obj/console.o
 .debug_info    0x0001ddb7     0x11d6 build/obj/button.o
 .debug_info    0x0001ef8d      0xaa1 build/obj/label.o
 .debug_info    0x0001fa2e       0xca build/obj/ginput.o
 .debug_info    0x0001faf8     0x2e9a build/obj/gdisp_lld_SSD1289.o
 .debug_info    0x00022992      0xc42 build/obj/syscalls.o
 .debug_info    0x000235d4      0x61d build/obj/chprintf.o
 .debug_info    0x00023bf1     0x1fe5 build/obj/main.o
 .debug_info    0x00025bd6      0x732 build/obj/myFunc.o

.debug_abbrev   0x00000000     0x7cfd
 .debug_abbrev  0x00000000       0xee build/obj/crt0.o
 .debug_abbrev  0x000000ee       0xaf build/obj/vectors.o
 .debug_abbrev  0x0000019d       0x42 build/obj/chcore.o
 .debug_abbrev  0x000001df      0x1ca build/obj/chcore_v7m.o
 .debug_abbrev  0x000003a9      0x10e build/obj/nvic.o
 .debug_abbrev  0x000004b7      0x213 build/obj/chsys.o
 .debug_abbrev  0x000006ca      0x1b2 build/obj/chdebug.o
 .debug_abbrev  0x0000087c      0x153 build/obj/chlists.o
 .debug_abbrev  0x000009cf      0x135 build/obj/chvt.o
 .debug_abbrev  0x00000b04      0x27d build/obj/chschd.o
 .debug_abbrev  0x00000d81      0x2ed build/obj/chthreads.o
 .debug_abbrev  0x0000106e      0x21b build/obj/chdynamic.o
 .debug_abbrev  0x00001289      0x193 build/obj/chregistry.o
 .debug_abbrev  0x0000141c      0x250 build/obj/chsem.o
 .debug_abbrev  0x0000166c      0x238 build/obj/chmtx.o
 .debug_abbrev  0x000018a4      0x2a3 build/obj/chevents.o
 .debug_abbrev  0x00001b47      0x2b5 build/obj/chqueues.o
 .debug_abbrev  0x00001dfc      0x148 build/obj/chmemcore.o
 .debug_abbrev  0x00001f44      0x1f2 build/obj/chheap.o
 .debug_abbrev  0x00002136      0x1c8 build/obj/hal.o
 .debug_abbrev  0x000022fe      0x2a3 build/obj/adc.o
 .debug_abbrev  0x000025a1      0x155 build/obj/pal.o
 .debug_abbrev  0x000026f6      0x190 build/obj/pwm.o
 .debug_abbrev  0x00002886      0x2b5 build/obj/serial.o
 .debug_abbrev  0x00002b3b      0x254 build/obj/spi.o
 .debug_abbrev  0x00002d8f      0x23f build/obj/stm32_dma.o
 .debug_abbrev  0x00002fce      0x12b build/obj/hal_lld.o
 .debug_abbrev  0x000030f9      0x2fc build/obj/adc_lld.o
 .debug_abbrev  0x000033f5      0x1aa build/obj/pal_lld.o
 .debug_abbrev  0x0000359f      0x30a build/obj/spi_lld.o
 .debug_abbrev  0x000038a9      0x23c build/obj/pwm_lld.o
 .debug_abbrev  0x00003ae5      0x2f3 build/obj/serial_lld.o
 .debug_abbrev  0x00003dd8       0xe3 build/obj/board.o
 .debug_abbrev  0x00003ebb       0xa2 build/obj/gfx.o
 .debug_abbrev  0x00003f5d      0x28a build/obj/chibios.o
 .debug_abbrev  0x000041e7      0x1c4 build/obj/gqueue.o
 .debug_abbrev  0x000043ab      0x3d2 build/obj/gdisp.o
 .debug_abbrev  0x0000477d      0x21e build/obj/fonts.o
 .debug_abbrev  0x0000499b       0xd1 build/obj/mf_encoding.o
 .debug_abbrev  0x00004a6c      0x1fe build/obj/mf_font.o
 .debug_abbrev  0x00004c6a      0x299 build/obj/mf_justify.o
 .debug_abbrev  0x00004f03      0x2c1 build/obj/mf_rlefont.o
 .debug_abbrev  0x000051c4      0x1c7 build/obj/mf_bwfont.o
 .debug_abbrev  0x0000538b      0x18a build/obj/mf_scaledfont.o
 .debug_abbrev  0x00005515      0x270 build/obj/gevent.o
 .debug_abbrev  0x00005785      0x283 build/obj/gtimer.o
 .debug_abbrev  0x00005a08      0x3c1 build/obj/gwin.o
 .debug_abbrev  0x00005dc9      0x415 build/obj/gwidget.o
 .debug_abbrev  0x000061de      0x353 build/obj/gwm.o
 .debug_abbrev  0x00006531      0x2da build/obj/console.o
 .debug_abbrev  0x0000680b      0x373 build/obj/button.o
 .debug_abbrev  0x00006b7e      0x2ac build/obj/label.o
 .debug_abbrev  0x00006e2a       0x67 build/obj/ginput.o
 .debug_abbrev  0x00006e91      0x3a9 build/obj/gdisp_lld_SSD1289.o
 .debug_abbrev  0x0000723a      0x228 build/obj/syscalls.o
 .debug_abbrev  0x00007462      0x271 build/obj/chprintf.o
 .debug_abbrev  0x000076d3      0x474 build/obj/main.o
 .debug_abbrev  0x00007b47      0x1b6 build/obj/myFunc.o

.debug_loc      0x00000000     0xe49c
 .debug_loc     0x00000000       0xfe build/obj/crt0.o
 .debug_loc     0x000000fe       0x5e build/obj/chcore_v7m.o
 .debug_loc     0x0000015c      0x159 build/obj/nvic.o
 .debug_loc     0x000002b5       0x31 build/obj/chsys.o
 .debug_loc     0x000002e6       0x21 build/obj/chdebug.o
 .debug_loc     0x00000307       0x7b build/obj/chlists.o
 .debug_loc     0x00000382      0x12e build/obj/chvt.o
 .debug_loc     0x000004b0      0x27e build/obj/chschd.o
 .debug_loc     0x0000072e      0x3a0 build/obj/chthreads.o
 .debug_loc     0x00000ace      0x2b8 build/obj/chdynamic.o
 .debug_loc     0x00000d86       0x5e build/obj/chregistry.o
 .debug_loc     0x00000de4      0x480 build/obj/chsem.o
 .debug_loc     0x00001264      0x230 build/obj/chmtx.o
 .debug_loc     0x00001494      0x5cd build/obj/chevents.o
 .debug_loc     0x00001a61      0x68e build/obj/chqueues.o
 .debug_loc     0x000020ef       0xcc build/obj/chmemcore.o
 .debug_loc     0x000021bb      0x3ef build/obj/chheap.o
 .debug_loc     0x000025aa       0x9d build/obj/hal.o
 .debug_loc     0x00002647      0x472 build/obj/adc.o
 .debug_loc     0x00002ab9       0xe7 build/obj/pal.o
 .debug_loc     0x00002ba0      0x220 build/obj/pwm.o
 .debug_loc     0x00002dc0      0x539 build/obj/serial.o
 .debug_loc     0x000032f9      0x5da build/obj/spi.o
 .debug_loc     0x000038d3      0x25a build/obj/stm32_dma.o
 .debug_loc     0x00003b2d      0x320 build/obj/adc_lld.o
 .debug_loc     0x00003e4d      0x1b2 build/obj/pal_lld.o
 .debug_loc     0x00003fff      0x29e build/obj/spi_lld.o
 .debug_loc     0x0000429d      0x1ba build/obj/pwm_lld.o
 .debug_loc     0x00004457      0x20e build/obj/serial_lld.o
 .debug_loc     0x00004665      0x431 build/obj/chibios.o
 .debug_loc     0x00004a96      0x22c build/obj/gqueue.o
 .debug_loc     0x00004cc2     0x1d6d build/obj/gdisp.o
 .debug_loc     0x00006a2f      0x1da build/obj/fonts.o
 .debug_loc     0x00006c09      0x157 build/obj/mf_encoding.o
 .debug_loc     0x00006d60      0x1c9 build/obj/mf_font.o
 .debug_loc     0x00006f29      0x8ff build/obj/mf_justify.o
 .debug_loc     0x00007828      0x9c6 build/obj/mf_rlefont.o
 .debug_loc     0x000081ee      0x740 build/obj/mf_bwfont.o
 .debug_loc     0x0000892e      0x33a build/obj/mf_scaledfont.o
 .debug_loc     0x00008c68      0x4af build/obj/gevent.o
 .debug_loc     0x00009117      0x2cb build/obj/gtimer.o
 .debug_loc     0x000093e2      0xce7 build/obj/gwin.o
 .debug_loc     0x0000a0c9      0x5ac build/obj/gwidget.o
 .debug_loc     0x0000a675      0x4ee build/obj/gwm.o
 .debug_loc     0x0000ab63      0x84d build/obj/console.o
 .debug_loc     0x0000b3b0      0x42f build/obj/button.o
 .debug_loc     0x0000b7df      0x361 build/obj/label.o
 .debug_loc     0x0000bb40     0x1d89 build/obj/gdisp_lld_SSD1289.o
 .debug_loc     0x0000d8c9      0x1ac build/obj/syscalls.o
 .debug_loc     0x0000da75      0x77a build/obj/chprintf.o
 .debug_loc     0x0000e1ef      0x28c build/obj/main.o
 .debug_loc     0x0000e47b       0x21 build/obj/myFunc.o

.debug_aranges  0x00000000     0x13b8
 .debug_aranges
                0x00000000       0x38 build/obj/crt0.o
 .debug_aranges
                0x00000038       0x20 build/obj/vectors.o
 .debug_aranges
                0x00000058       0x20 build/obj/chcore.o
 .debug_aranges
                0x00000078       0x60 build/obj/chcore_v7m.o
 .debug_aranges
                0x000000d8       0x30 build/obj/nvic.o
 .debug_aranges
                0x00000108       0x30 build/obj/chsys.o
 .debug_aranges
                0x00000138       0x30 build/obj/chdebug.o
 .debug_aranges
                0x00000168       0x50 build/obj/chlists.o
 .debug_aranges
                0x000001b8       0x30 build/obj/chvt.o
 .debug_aranges
                0x000001e8       0x68 build/obj/chschd.o
 .debug_aranges
                0x00000250       0x80 build/obj/chthreads.o
 .debug_aranges
                0x000002d0       0x38 build/obj/chdynamic.o
 .debug_aranges
                0x00000308       0x28 build/obj/chregistry.o
 .debug_aranges
                0x00000330       0x70 build/obj/chsem.o
 .debug_aranges
                0x000003a0       0x58 build/obj/chmtx.o
 .debug_aranges
                0x000003f8       0x88 build/obj/chevents.o
 .debug_aranges
                0x00000480       0x70 build/obj/chqueues.o
 .debug_aranges
                0x000004f0       0x38 build/obj/chmemcore.o
 .debug_aranges
                0x00000528       0x40 build/obj/chheap.o
 .debug_aranges
                0x00000568       0x30 build/obj/hal.o
 .debug_aranges
                0x00000598       0x70 build/obj/adc.o
 .debug_aranges
                0x00000608       0x30 build/obj/pal.o
 .debug_aranges
                0x00000638       0x50 build/obj/pwm.o
 .debug_aranges
                0x00000688       0x88 build/obj/serial.o
 .debug_aranges
                0x00000710       0x98 build/obj/spi.o
 .debug_aranges
                0x000007a8       0xb0 build/obj/stm32_dma.o
 .debug_aranges
                0x00000858       0x28 build/obj/hal_lld.o
 .debug_aranges
                0x00000880       0x70 build/obj/adc_lld.o
 .debug_aranges
                0x000008f0       0x28 build/obj/pal_lld.o
 .debug_aranges
                0x00000918       0x78 build/obj/spi_lld.o
 .debug_aranges
                0x00000990       0x48 build/obj/pwm_lld.o
 .debug_aranges
                0x000009d8       0x40 build/obj/serial_lld.o
 .debug_aranges
                0x00000a18       0x28 build/obj/board.o
 .debug_aranges
                0x00000a40       0x28 build/obj/gfx.o
 .debug_aranges
                0x00000a68       0x78 build/obj/chibios.o
 .debug_aranges
                0x00000ae0       0x90 build/obj/gqueue.o
 .debug_aranges
                0x00000b70      0x100 build/obj/gdisp.o
 .debug_aranges
                0x00000c70       0x40 build/obj/fonts.o
 .debug_aranges
                0x00000cb0       0x28 build/obj/mf_encoding.o
 .debug_aranges
                0x00000cd8       0x38 build/obj/mf_font.o
 .debug_aranges
                0x00000d10       0x40 build/obj/mf_justify.o
 .debug_aranges
                0x00000d50       0x40 build/obj/mf_rlefont.o
 .debug_aranges
                0x00000d90       0x28 build/obj/mf_bwfont.o
 .debug_aranges
                0x00000db8       0x38 build/obj/mf_scaledfont.o
 .debug_aranges
                0x00000df0       0x78 build/obj/gevent.o
 .debug_aranges
                0x00000e68       0x68 build/obj/gtimer.o
 .debug_aranges
                0x00000ed0      0x128 build/obj/gwin.o
 .debug_aranges
                0x00000ff8       0xa8 build/obj/gwidget.o
 .debug_aranges
                0x000010a0       0xa8 build/obj/gwm.o
 .debug_aranges
                0x00001148       0x50 build/obj/console.o
 .debug_aranges
                0x00001198       0x48 build/obj/button.o
 .debug_aranges
                0x000011e0       0x30 build/obj/label.o
 .debug_aranges
                0x00001210       0x28 build/obj/ginput.o
 .debug_aranges
                0x00001238       0x80 build/obj/gdisp_lld_SSD1289.o
 .debug_aranges
                0x000012b8       0x50 build/obj/syscalls.o
 .debug_aranges
                0x00001308       0x30 build/obj/chprintf.o
 .debug_aranges
                0x00001338       0x58 build/obj/main.o
 .debug_aranges
                0x00001390       0x28 build/obj/myFunc.o

.debug_ranges   0x00000000     0x1ec8
 .debug_ranges  0x00000000       0x58 build/obj/crt0.o
 .debug_ranges  0x00000058       0x10 build/obj/vectors.o
 .debug_ranges  0x00000068       0x10 build/obj/chcore.o
 .debug_ranges  0x00000078       0x68 build/obj/chcore_v7m.o
 .debug_ranges  0x000000e0       0x20 build/obj/nvic.o
 .debug_ranges  0x00000100       0x20 build/obj/chsys.o
 .debug_ranges  0x00000120       0x20 build/obj/chdebug.o
 .debug_ranges  0x00000140       0x40 build/obj/chlists.o
 .debug_ranges  0x00000180       0x20 build/obj/chvt.o
 .debug_ranges  0x000001a0       0xf0 build/obj/chschd.o
 .debug_ranges  0x00000290       0x98 build/obj/chthreads.o
 .debug_ranges  0x00000328       0x28 build/obj/chdynamic.o
 .debug_ranges  0x00000350       0x18 build/obj/chregistry.o
 .debug_ranges  0x00000368       0x78 build/obj/chsem.o
 .debug_ranges  0x000003e0       0x98 build/obj/chmtx.o
 .debug_ranges  0x00000478       0x90 build/obj/chevents.o
 .debug_ranges  0x00000508       0x98 build/obj/chqueues.o
 .debug_ranges  0x000005a0       0x28 build/obj/chmemcore.o
 .debug_ranges  0x000005c8       0x30 build/obj/chheap.o
 .debug_ranges  0x000005f8       0x38 build/obj/hal.o
 .debug_ranges  0x00000630       0x78 build/obj/adc.o
 .debug_ranges  0x000006a8       0x20 build/obj/pal.o
 .debug_ranges  0x000006c8       0x40 build/obj/pwm.o
 .debug_ranges  0x00000708       0x78 build/obj/serial.o
 .debug_ranges  0x00000780       0x88 build/obj/spi.o
 .debug_ranges  0x00000808       0xa0 build/obj/stm32_dma.o
 .debug_ranges  0x000008a8       0x30 build/obj/hal_lld.o
 .debug_ranges  0x000008d8       0x90 build/obj/adc_lld.o
 .debug_ranges  0x00000968      0x108 build/obj/pal_lld.o
 .debug_ranges  0x00000a70       0x68 build/obj/spi_lld.o
 .debug_ranges  0x00000ad8       0x50 build/obj/pwm_lld.o
 .debug_ranges  0x00000b28       0x90 build/obj/serial_lld.o
 .debug_ranges  0x00000bb8       0x18 build/obj/board.o
 .debug_ranges  0x00000bd0       0x18 build/obj/gfx.o
 .debug_ranges  0x00000be8       0x68 build/obj/chibios.o
 .debug_ranges  0x00000c50       0xe0 build/obj/gqueue.o
 .debug_ranges  0x00000d30      0x238 build/obj/gdisp.o
 .debug_ranges  0x00000f68       0x30 build/obj/fonts.o
 .debug_ranges  0x00000f98       0x18 build/obj/mf_encoding.o
 .debug_ranges  0x00000fb0       0x28 build/obj/mf_font.o
 .debug_ranges  0x00000fd8       0x48 build/obj/mf_justify.o