Archive member included because of file (symbol)

/opt/ARM/bin/../lib/gcc/arm-none-eabi/4.8.4/armv7e-m/fpu/libgcc.a(_aeabi_ldivmod.o)
                              build/obj/main.o (__aeabi_ldivmod)
/opt/ARM/bin/../lib/gcc/arm-none-eabi/4.8.4/armv7e-m/fpu/libgcc.a(_aeabi_uldivmod.o)
                              build/obj/main.o (__aeabi_uldivmod)
/opt/ARM/bin/../lib/gcc/arm-none-eabi/4.8.4/armv7e-m/fpu/libgcc.a(bpabi.o)
                              /opt/ARM/bin/../lib/gcc/arm-none-eabi/4.8.4/armv7e-m/fpu/libgcc.a(_aeabi_ldivmod.o) (__gnu_ldivmod_helper)
/opt/ARM/bin/../lib/gcc/arm-none-eabi/4.8.4/armv7e-m/fpu/libgcc.a(_dvmd_tls.o)
                              /opt/ARM/bin/../lib/gcc/arm-none-eabi/4.8.4/armv7e-m/fpu/libgcc.a(_aeabi_ldivmod.o) (__aeabi_ldiv0)
/opt/ARM/bin/../lib/gcc/arm-none-eabi/4.8.4/armv7e-m/fpu/libgcc.a(_divdi3.o)
                              /opt/ARM/bin/../lib/gcc/arm-none-eabi/4.8.4/armv7e-m/fpu/libgcc.a(bpabi.o) (__divdi3)
/opt/ARM/bin/../lib/gcc/arm-none-eabi/4.8.4/armv7e-m/fpu/libgcc.a(_udivdi3.o)
                              /opt/ARM/bin/../lib/gcc/arm-none-eabi/4.8.4/armv7e-m/fpu/libgcc.a(bpabi.o) (__udivdi3)
/opt/ARM/bin/../lib/gcc/arm-none-eabi/4.8.4/../../../../arm-none-eabi/lib/armv7e-m/fpu/libg.a(lib_a-memcpy.o)
                              build/obj/chibios.o (memcpy)
/opt/ARM/bin/../lib/gcc/arm-none-eabi/4.8.4/../../../../arm-none-eabi/lib/armv7e-m/fpu/libg.a(lib_a-memset.o)
                              build/obj/syscalls.o (memset)
/opt/ARM/bin/../lib/gcc/arm-none-eabi/4.8.4/../../../../arm-none-eabi/lib/armv7e-m/fpu/libg.a(lib_a-sprintf.o)
                              build/obj/main.o (sprintf)
/opt/ARM/bin/../lib/gcc/arm-none-eabi/4.8.4/../../../../arm-none-eabi/lib/armv7e-m/fpu/libg.a(lib_a-strcmp.o)
                              build/obj/gfile.o (strcmp)
/opt/ARM/bin/../lib/gcc/arm-none-eabi/4.8.4/../../../../arm-none-eabi/lib/armv7e-m/fpu/libg.a(lib_a-strcpy.o)
                              build/obj/gwidget.o (strcpy)
/opt/ARM/bin/../lib/gcc/arm-none-eabi/4.8.4/../../../../arm-none-eabi/lib/armv7e-m/fpu/libg.a(lib_a-strlen.o)
                              build/obj/gwidget.o (strlen)
/opt/ARM/bin/../lib/gcc/arm-none-eabi/4.8.4/../../../../arm-none-eabi/lib/armv7e-m/fpu/libg.a(lib_a-strncat.o)
                              build/obj/main.o (strncat)
/opt/ARM/bin/../lib/gcc/arm-none-eabi/4.8.4/../../../../arm-none-eabi/lib/armv7e-m/fpu/libg.a(lib_a-svfprintf.o)
                              /opt/ARM/bin/../lib/gcc/arm-none-eabi/4.8.4/../../../../arm-none-eabi/lib/armv7e-m/fpu/libg.a(lib_a-sprintf.o) (_svfprintf_r)
/opt/ARM/bin/../lib/gcc/arm-none-eabi/4.8.4/../../../../arm-none-eabi/lib/armv7e-m/fpu/libg.a(lib_a-dtoa.o)
                              /opt/ARM/bin/../lib/gcc/arm-none-eabi/4.8.4/../../../../arm-none-eabi/lib/armv7e-m/fpu/libg.a(lib_a-svfprintf.o) (_dtoa_r)
/opt/ARM/bin/../lib/gcc/arm-none-eabi/4.8.4/../../../../arm-none-eabi/lib/armv7e-m/fpu/libg.a(lib_a-impure.o)
                              /opt/ARM/bin/../lib/gcc/arm-none-eabi/4.8.4/../../../../arm-none-eabi/lib/armv7e-m/fpu/libg.a(lib_a-sprintf.o) (_impure_ptr)
/opt/ARM/bin/../lib/gcc/arm-none-eabi/4.8.4/../../../../arm-none-eabi/lib/armv7e-m/fpu/libg.a(lib_a-locale.o)
                              /opt/ARM/bin/../lib/gcc/arm-none-eabi/4.8.4/../../../../arm-none-eabi/lib/armv7e-m/fpu/libg.a(lib_a-svfprintf.o) (_localeconv_r)
/opt/ARM/bin/../lib/gcc/arm-none-eabi/4.8.4/../../../../arm-none-eabi/lib/armv7e-m/fpu/libg.a(lib_a-mallocr.o)
                              /opt/ARM/bin/../lib/gcc/arm-none-eabi/4.8.4/../../../../arm-none-eabi/lib/armv7e-m/fpu/libg.a(lib_a-svfprintf.o) (_malloc_r)
/opt/ARM/bin/../lib/gcc/arm-none-eabi/4.8.4/../../../../arm-none-eabi/lib/armv7e-m/fpu/libg.a(lib_a-memchr-stub.o)
                              /opt/ARM/bin/../lib/gcc/arm-none-eabi/4.8.4/../../../../arm-none-eabi/lib/armv7e-m/fpu/libg.a(lib_a-svfprintf.o) (memchr)
/opt/ARM/bin/../lib/gcc/arm-none-eabi/4.8.4/../../../../arm-none-eabi/lib/armv7e-m/fpu/libg.a(lib_a-mlock.o)
                              /opt/ARM/bin/../lib/gcc/arm-none-eabi/4.8.4/../../../../arm-none-eabi/lib/armv7e-m/fpu/libg.a(lib_a-mallocr.o) (__malloc_lock)
/opt/ARM/bin/../lib/gcc/arm-none-eabi/4.8.4/../../../../arm-none-eabi/lib/armv7e-m/fpu/libg.a(lib_a-mprec.o)
                              /opt/ARM/bin/../lib/gcc/arm-none-eabi/4.8.4/../../../../arm-none-eabi/lib/armv7e-m/fpu/libg.a(lib_a-dtoa.o) (_Balloc)
/opt/ARM/bin/../lib/gcc/arm-none-eabi/4.8.4/../../../../arm-none-eabi/lib/armv7e-m/fpu/libg.a(lib_a-s_fpclassify.o)
                              /opt/ARM/bin/../lib/gcc/arm-none-eabi/4.8.4/../../../../arm-none-eabi/lib/armv7e-m/fpu/libg.a(lib_a-svfprintf.o) (__fpclassifyd)
/opt/ARM/bin/../lib/gcc/arm-none-eabi/4.8.4/../../../../arm-none-eabi/lib/armv7e-m/fpu/libg.a(lib_a-svfiprintf.o)
[...]
Memory Configuration

Name             Origin             Length             Attributes
flash            0x08000000         0x00100000
ram              0x20000000         0x0001c000
ethram           0x2001c000         0x00004000
ccmram           0x10000000         0x00010000
*default*        0x00000000         0xffffffff

Linker script and memory map

LOAD build/obj/crt0.o
LOAD build/obj/vectors.o
LOAD build/obj/chcore.o
LOAD build/obj/chcore_v7m.o
LOAD build/obj/nvic.o
LOAD build/obj/chsys.o
LOAD build/obj/chdebug.o
LOAD build/obj/chlists.o
LOAD build/obj/chvt.o
LOAD build/obj/chschd.o
LOAD build/obj/chthreads.o
LOAD build/obj/chdynamic.o
LOAD build/obj/chregistry.o
LOAD build/obj/chsem.o
LOAD build/obj/chmtx.o
LOAD build/obj/chcond.o
LOAD build/obj/chevents.o
LOAD build/obj/chmsg.o
LOAD build/obj/chmboxes.o
LOAD build/obj/chqueues.o
LOAD build/obj/chmemcore.o
LOAD build/obj/chheap.o
LOAD build/obj/chmempools.o
LOAD build/obj/hal.o
LOAD build/obj/adc.o
LOAD build/obj/can.o
LOAD build/obj/ext.o
LOAD build/obj/gpt.o
LOAD build/obj/i2c.o
LOAD build/obj/icu.o
LOAD build/obj/mac.o
LOAD build/obj/mmc_spi.o
LOAD build/obj/mmcsd.o
LOAD build/obj/pal.o
LOAD build/obj/pwm.o
LOAD build/obj/rtc.o
LOAD build/obj/sdc.o
LOAD build/obj/serial.o
LOAD build/obj/serial_usb.o
LOAD build/obj/spi.o
LOAD build/obj/tm.o
LOAD build/obj/uart.o
LOAD build/obj/usb.o
LOAD build/obj/stm32_dma.o
LOAD build/obj/hal_lld.o
LOAD build/obj/adc_lld.o
LOAD build/obj/ext_lld_isr.o
LOAD build/obj/can_lld.o
LOAD build/obj/ext_lld.o
LOAD build/obj/mac_lld.o
LOAD build/obj/sdc_lld.o
LOAD build/obj/pal_lld.o
LOAD build/obj/i2c_lld.o
LOAD build/obj/usb_lld.o
LOAD build/obj/rtc_lld.o
LOAD build/obj/spi_lld.o
LOAD build/obj/gpt_lld.o
LOAD build/obj/icu_lld.o
LOAD build/obj/pwm_lld.o
LOAD build/obj/serial_lld.o
LOAD build/obj/uart_lld.o
LOAD build/obj/board.o
LOAD build/obj/gfx.o
LOAD build/obj/chibios.o
LOAD build/obj/freertos.o
LOAD build/obj/win32.o
LOAD build/obj/linux.o
LOAD build/obj/osx.o
LOAD build/obj/raw32.o
LOAD build/obj/gqueue.o
LOAD build/obj/gdisp.o
LOAD build/obj/fonts.o
LOAD build/obj/image.o
LOAD build/obj/image_native.o
LOAD build/obj/image_gif.o
LOAD build/obj/image_bmp.o
LOAD build/obj/image_jpg.o
LOAD build/obj/image_png.o
LOAD build/obj/mf_encoding.o
LOAD build/obj/mf_font.o
LOAD build/obj/mf_justify.o
LOAD build/obj/mf_kerning.o
LOAD build/obj/mf_rlefont.o
LOAD build/obj/mf_bwfont.o
LOAD build/obj/mf_scaledfont.o
LOAD build/obj/mf_wordwrap.o
LOAD build/obj/gevent.o
LOAD build/obj/gtimer.o
LOAD build/obj/gwin.o
LOAD build/obj/gwidget.o
LOAD build/obj/gwm.o
LOAD build/obj/console.o
LOAD build/obj/graph.o
LOAD build/obj/button.o
LOAD build/obj/slider.o
LOAD build/obj/checkbox.o
LOAD build/obj/gimage.o
LOAD build/obj/label.o
LOAD build/obj/radio.o
LOAD build/obj/list.o
LOAD build/obj/progressbar.o
LOAD build/obj/gcontainer.o
LOAD build/obj/frame.o
LOAD build/obj/ginput.o
LOAD build/obj/mouse.o
LOAD build/obj/keyboard.o
LOAD build/obj/toggle.o
LOAD build/obj/dial.o
LOAD build/obj/gadc.o
LOAD build/obj/gaudio.o
LOAD build/obj/gmisc.o
LOAD build/obj/arrayops.o
LOAD build/obj/trig.o
LOAD build/obj/gfile.o
LOAD build/obj/gdisp_lld_SSD1289.o
LOAD build/obj/ginput_lld_mouse.o
LOAD build/obj/syscalls.o
LOAD build/obj/chprintf.o
LOAD build/obj/sram.o
LOAD build/obj/main.o
                0x00000400                __main_stack_size__ = 0x400
                0x00000400                __process_stack_size__ = 0x400
                0x20000000                __ram_start__ = ORIGIN (ram)
                0x0001c000                __ram_size__ = 0x1c000
                0x2001c000                __ram_end__ = (__ram_start__ + __ram_size__)
                0x00000000                . = 0x0
                0x00000000                _text = .

startup         0x08000000      0x1ac
 *(vectors)
 vectors        0x08000000      0x1ac build/obj/vectors.o
                0x08000000                _vectors

constructors    0x080001ac        0x0
                0x080001ac                PROVIDE (__init_array_start, .)
 *(SORT(.init_array.*))
 *(.init_array)
                0x080001ac                PROVIDE (__init_array_end, .)

destructors     0x080001ac        0x0
                0x080001ac                PROVIDE (__fini_array_start, .)
 *(.fini_array)
 *(SORT(.fini_array.*))
                0x080001ac                PROVIDE (__fini_array_end, .)

.text           0x080001b0     0xf96c
 *(.text.startup.*)
 .text.startup.main
                0x080001b0      0x590 build/obj/main.o
                0x080001b0                main
 *(.text)
 .text          0x08000740       0x38 /opt/ARM/bin/../lib/gcc/arm-none-eabi/4.8.4/armv7e-m/fpu/libgcc.a(_aeabi_ldivmod.o)
                0x08000740                __aeabi_ldivmod
 *fill*         0x08000778        0x8 
 .text          0x08000780       0x2c /opt/ARM/bin/../lib/gcc/arm-none-eabi/4.8.4/armv7e-m/fpu/libgcc.a(_aeabi_uldivmod.o)
                0x08000780                __aeabi_uldivmod
 *fill*         0x080007ac        0x4 
 .text          0x080007b0       0x60 /opt/ARM/bin/../lib/gcc/arm-none-eabi/4.8.4/armv7e-m/fpu/libgcc.a(bpabi.o)
                0x080007b0                __gnu_ldivmod_helper
                0x080007e0                __gnu_uldivmod_helper
 .text          0x08000810        0x4 /opt/ARM/bin/../lib/gcc/arm-none-eabi/4.8.4/armv7e-m/fpu/libgcc.a(_dvmd_tls.o)
                0x08000810                __aeabi_ldiv0
                0x08000810                __aeabi_idiv0
 *fill*         0x08000814        0xc 
 .text          0x08000820      0x298 /opt/ARM/bin/../lib/gcc/arm-none-eabi/4.8.4/armv7e-m/fpu/libgcc.a(_divdi3.o)
                0x08000820                __divdi3
 *fill*         0x08000ab8        0x8 
 .text          0x08000ac0      0x284 /opt/ARM/bin/../lib/gcc/arm-none-eabi/4.8.4/armv7e-m/fpu/libgcc.a(_udivdi3.o)
                0x08000ac0                __udivdi3
 *fill*         0x08000d44        0xc 
 .text          0x08000d50      0x134 /opt/ARM/bin/../lib/gcc/arm-none-eabi/4.8.4/../../../../arm-none-eabi/lib/armv7e-m/fpu/libg.a(lib_a-memcpy.o)
                0x08000d50                memcpy
 *fill*         0x08000e84        0xc 
 .text          0x08000e90      0x370 /opt/ARM/bin/../lib/gcc/arm-none-eabi/4.8.4/armv7e-m/fpu/libgcc.a(_arm_addsubdf3.o)
                0x08000e90                __aeabi_drsub
                0x08000e98                __aeabi_dsub
                0x08000e98                __subdf3
                0x08000e9c                __adddf3
                0x08000e9c                __aeabi_dadd
                0x08001114                __aeabi_ui2d
                0x08001114                __floatunsidf
                0x08001134                __floatsidf
                0x08001134                __aeabi_i2d
                0x08001158                __extendsfdf2
                0x08001158                __aeabi_f2d
                0x08001194                __aeabi_ul2d
                0x08001194                __floatundidf
                0x080011a4                __floatdidf
                0x080011a4                __aeabi_l2d
 .text          0x08001200      0x424 /opt/ARM/bin/../lib/gcc/arm-none-eabi/4.8.4/armv7e-m/fpu/libgcc.a(_arm_muldivdf3.o)
                0x08001200                __aeabi_dmul
                0x08001200                __muldf3
                0x08001454                __aeabi_ddiv
                0x08001454                __divdf3
 *fill*         0x08001624        0xc 
 .text          0x08001630      0x110 /opt/ARM/bin/../lib/gcc/arm-none-eabi/4.8.4/armv7e-m/fpu/libgcc.a(_arm_cmpdf2.o)
                0x08001630                __gtdf2
                0x08001630                __gedf2
                0x08001638                __ltdf2
                0x08001638                __ledf2
                0x08001640                __cmpdf2
                0x08001640                __eqdf2
                0x08001640                __nedf2
                0x080016bc                __aeabi_cdrcmple
                0x080016cc                __aeabi_cdcmple
                0x080016cc                __aeabi_cdcmpeq
                0x080016dc                __aeabi_dcmpeq
                0x080016f0                __aeabi_dcmplt
                0x08001704                __aeabi_dcmple
                0x08001718                __aeabi_dcmpge
                0x0800172c                __aeabi_dcmpgt
 .text          0x08001740       0x50 /opt/ARM/bin/../lib/gcc/arm-none-eabi/4.8.4/armv7e-m/fpu/libgcc.a(_arm_fixdfsi.o)
                0x08001740                __fixdfsi
                0x08001740                __aeabi_d2iz
 *(.text.*)
 .text.__late_init
                0x08001790       0x10 build/obj/crt0.o
                0x08001790                __late_init
 .text._default_exit
                0x080017a0       0x10 build/obj/crt0.o
                0x080017a0                _default_exit
 .text.ResetHandler
                0x080017b0      0x120 build/obj/crt0.o
                0x080017b0                ResetHandler
 .text._unhandled_exception
                0x080018d0       0x10 build/obj/vectors.o
                0x080018d0                Vector58
                0x080018d0                VectorE8
                0x080018d0                Vector9C
                0x080018d0                VectorAC
                0x080018d0                Vector1A0
                0x080018d0                Vector5C
                0x080018d0                NMIVector
                0x080018d0                Vector11C
                0x080018d0                Vector19C
                0x080018d0                Vector8C
                0x080018d0                VectorDC
                0x080018d0                Vector168
                0x080018d0                Vector110
                0x080018d0                VectorC8
                0x080018d0                Vector94
                0x080018d0                VectorA8
                0x080018d0                Vector160
                0x080018d0                VectorEC
                0x080018d0                UsageFaultVector
                0x080018d0                DebugMonitorVector
                0x080018d0                Vector40
                0x080018d0                VectorF8
                0x080018d0                VectorBC
                0x080018d0                Vector190
                0x080018d0                Vector148
                0x080018d0                Vector188
                0x080018d0                PendSVVector
                0x080018d0                Vector198
                0x080018d0                Vector118
                0x080018d0                Vector64
                0x080018d0                VectorCC
                0x080018d0                Vector54
                0x080018d0                Vector98
                0x080018d0                Vector138
                0x080018d0                Vector24
                0x080018d0                Vector178
                0x080018d0                Vector1A4
                0x080018d0                BusFaultVector
                0x080018d0                VectorD0
                0x080018d0                Vector140
                0x080018d0                VectorE4
                0x080018d0                VectorC0
                0x080018d0                HardFaultVector
                0x080018d0                Vector134
                0x080018d0                VectorF0
                0x080018d0                Vector13C
                0x080018d0                Vector100
                0x080018d0                VectorE0
                0x080018d0                VectorF4
                0x080018d0                MemManageVector
                0x080018d0                VectorA0
                0x080018d0                VectorC4
                0x080018d0                Vector180
                0x080018d0                Vector90
                0x080018d0                Vector114
                0x080018d0                Vector164
                0x080018d0                Vector60
                0x080018d0                Vector1C
                0x080018d0                Vector17C
                0x080018d0                Vector48
                0x080018d0                Vector1A8
                0x080018d0                Vector16C
                0x080018d0                VectorD4
                0x080018d0                Vector4C
                0x080018d0                Vector144
                0x080018d0                Vector15C
                0x080018d0                Vector68
                0x080018d0                _unhandled_exception
                0x080018d0                Vector170
                0x080018d0                Vector104
                0x080018d0                Vector184
                0x080018d0                Vector10C
                0x080018d0                Vector14C
                0x080018d0                Vector50
                0x080018d0                Vector194
                0x080018d0                Vector44
                0x080018d0                Vector28
                0x080018d0                VectorB8
                0x080018d0                Vector34
                0x080018d0                VectorA4
                0x080018d0                Vector20
                0x080018d0                Vector18C
                0x080018d0                Vector174
 .text.port_halt
                0x080018e0       0x10 build/obj/chcore.o
                0x080018e0                port_halt
 .text._port_switch_from_isr
                0x080018f0       0x10 build/obj/chcore_v7m.o
                0x080018f0                _port_switch_from_isr
 .text.SVCallVector
                0x08001900       0x30 build/obj/chcore_v7m.o
                0x08001900                SVCallVector
 .text._port_init
                0x08001930       0x30 build/obj/chcore_v7m.o
                0x08001930                _port_init
 .text._port_lock
                0x08001960       0x10 build/obj/chcore_v7m.o
                0x08001960                _port_lock
 .text._port_unlock
                0x08001970       0x10 build/obj/chcore_v7m.o
                0x08001970                _port_unlock
 .text._port_irq_epilogue
                0x08001980       0x80 build/obj/chcore_v7m.o
                0x08001980                _port_irq_epilogue
 .text.SysTickVector
                0x08001a00       0x20 build/obj/chcore_v7m.o
                0x08001a00                SysTickVector
 .text._port_switch
                0x08001a20       0x20 build/obj/chcore_v7m.o
                0x08001a20                _port_switch
 .text._port_thread_start
                0x08001a40       0x20 build/obj/chcore_v7m.o
                0x08001a40                _port_thread_start
 .text.nvicEnableVector
                0x08001a60       0x50 build/obj/nvic.o
                0x08001a60                nvicEnableVector
 .text.nvicSetSystemHandlerPriority
                0x08001ab0       0x30 build/obj/nvic.o
                0x08001ab0                nvicSetSystemHandlerPriority
 .text._idle_thread
                0x08001ae0       0x20 build/obj/chsys.o
                0x08001ae0                _idle_thread
 .text.chSysInit
                0x08001b00       0x70 build/obj/chsys.o
                0x08001b00                chSysInit
 .text.chSysTimerHandlerI
                0x08001b70       0x60 build/obj/chsys.o
                0x08001b70                chSysTimerHandlerI
 .text._trace_init
                0x08001bd0       0x20 build/obj/chdebug.o
                0x08001bd0                _trace_init
 .text.dbg_trace
                0x08001bf0       0x40 build/obj/chdebug.o
                0x08001bf0                dbg_trace
 .text.chDbgPanic
                0x08001c30       0x10 build/obj/chdebug.o
                0x08001c30                chDbgPanic
 .text.prio_insert
                0x08001c40       0x30 build/obj/chlists.o
                0x08001c40                prio_insert
 .text.queue_insert
                0x08001c70       0x10 build/obj/chlists.o
                0x08001c70                queue_insert
 .text.fifo_remove
                0x08001c80       0x10 build/obj/chlists.o
                0x08001c80                fifo_remove
 .text.dequeue  0x08001c90       0x10 build/obj/chlists.o
                0x08001c90                dequeue
 .text.list_remove
                0x08001ca0       0x10 build/obj/chlists.o
                0x08001ca0                list_remove
 .text._vt_init
                0x08001cb0       0x20 build/obj/chvt.o
                0x08001cb0                _vt_init
 .text.chVTSetI
                0x08001cd0       0x50 build/obj/chvt.o
                0x08001cd0                chVTSetI
 .text.chVTResetI
                0x08001d20       0x50 build/obj/chvt.o
                0x08001d20                chVTResetI
 .text._scheduler_init
                0x08001d70       0x20 build/obj/chschd.o
                0x08001d70                _scheduler_init
 .text.chSchReadyI
                0x08001d90       0x40 build/obj/chschd.o
                0x08001d90                chSchReadyI
 .text.wakeup   0x08001dd0       0x50 build/obj/chschd.o
 .text.chSchGoSleepS
                0x08001e20       0x50 build/obj/chschd.o
                0x08001e20                chSchGoSleepS
 .text.chSchGoSleepTimeoutS
                0x08001e70       0x50 build/obj/chschd.o
                0x08001e70                chSchGoSleepTimeoutS
 .text.chSchWakeupS
                0x08001ec0       0x60 build/obj/chschd.o
                0x08001ec0                chSchWakeupS
 .text.chSchDoRescheduleBehind
                0x08001f20       0x50 build/obj/chschd.o
                0x08001f20                chSchDoRescheduleBehind
 .text.chSchDoRescheduleAhead
                0x08001f70       0x60 build/obj/chschd.o
                0x08001f70                chSchDoRescheduleAhead
 .text.chSchRescheduleS
                0x08001fd0       0x20 build/obj/chschd.o
                0x08001fd0                chSchRescheduleS
 .text.chSchDoReschedule
                0x08001ff0       0x20 build/obj/chschd.o
                0x08001ff0                chSchDoReschedule
 .text._thread_init
                0x08002010       0x60 build/obj/chthreads.o
                0x08002010                _thread_init
 .text._thread_memfill
                0x08002070       0x10 build/obj/chthreads.o
                0x08002070                _thread_memfill
 .text.chThdCreateI
                0x08002080       0xa0 build/obj/chthreads.o
                0x08002080                chThdCreateI
 .text.chThdCreateStatic
                0x08002120       0x50 build/obj/chthreads.o
                0x08002120                chThdCreateStatic
 .text.chThdSleep
                0x08002170       0x30 build/obj/chthreads.o
                0x08002170                chThdSleep
 .text.chThdYield
                0x080021a0       0x30 build/obj/chthreads.o
                0x080021a0                chThdYield
 .text.chThdExitS
                0x080021d0       0x50 build/obj/chthreads.o
                0x080021d0                chThdExitS
 .text.chThdExit
                0x08002220       0x10 build/obj/chthreads.o
                0x08002220                chThdExit
 .text.chThdRelease
                0x08002230       0x80 build/obj/chdynamic.o
                0x08002230                chThdRelease
 .text.chThdCreateFromHeap
                0x080022b0       0x60 build/obj/chdynamic.o
                0x080022b0                chThdCreateFromHeap
 .text.chRegFirstThread
                0x08002310       0x20 build/obj/chregistry.o
                0x08002310                chRegFirstThread
 .text.chRegNextThread
                0x08002330       0x50 build/obj/chregistry.o
                0x08002330                chRegNextThread
 .text.chSemInit
                0x08002380       0x30 build/obj/chsem.o
                0x08002380                chSemInit
 .text.chSemWaitS
                0x080023b0       0x60 build/obj/chsem.o
                0x080023b0                chSemWaitS
 .text.chSemWait
                0x08002410       0x10 build/obj/chsem.o
                0x08002410                chSemWait
 .text.chSemWaitTimeoutS
                0x08002420       0x70 build/obj/chsem.o
                0x08002420                chSemWaitTimeoutS
 .text.chSemWaitTimeout
                0x08002490       0x10 build/obj/chsem.o
                0x08002490                chSemWaitTimeout
 .text.chSemSignalI
                0x080024a0       0x60 build/obj/chsem.o
                0x080024a0                chSemSignalI
 .text.chMtxInit
                0x08002500       0x20 build/obj/chmtx.o
                0x08002500                chMtxInit
 .text.chMtxLockS
                0x08002520       0xb0 build/obj/chmtx.o
                0x08002520                chMtxLockS
 .text.chMtxLock
                0x080025d0       0x10 build/obj/chmtx.o
                0x080025d0                chMtxLock
 .text.chMtxUnlock
                0x080025e0       0x80 build/obj/chmtx.o
                0x080025e0                chMtxUnlock
 .text.chEvtSignalI
                0x08002660       0x60 build/obj/chevents.o
                0x08002660                chEvtSignalI
 .text.chEvtBroadcastFlagsI
                0x080026c0       0x30 build/obj/chevents.o
                0x080026c0                chEvtBroadcastFlagsI
 .text.qwait    0x080026f0       0x30 build/obj/chqueues.o
 .text.chIQInit
                0x08002720       0x20 build/obj/chqueues.o
                0x08002720                chIQInit
 .text.chIQPutI
                0x08002740       0x50 build/obj/chqueues.o
                0x08002740                chIQPutI
 .text.chIQGetTimeout
                0x08002790       0x50 build/obj/chqueues.o
                0x08002790                chIQGetTimeout
 .text.chIQReadTimeout
                0x080027e0       0x90 build/obj/chqueues.o
                0x080027e0                chIQReadTimeout
 .text.chOQInit
                0x08002870       0x20 build/obj/chqueues.o
                0x08002870                chOQInit
 .text.chOQPutTimeout
                0x08002890       0x50 build/obj/chqueues.o
                0x08002890                chOQPutTimeout
 .text.chOQGetI
                0x080028e0       0x50 build/obj/chqueues.o
                0x080028e0                chOQGetI
 .text.chOQWriteTimeout
                0x08002930       0x80 build/obj/chqueues.o
                0x08002930                chOQWriteTimeout
 .text._core_init
                0x080029b0       0x30 build/obj/chmemcore.o
                0x080029b0                _core_init
 .text.chCoreAlloc
                0x080029e0       0x40 build/obj/chmemcore.o
                0x080029e0                chCoreAlloc
 .text.chCoreStatus
                0x08002a20       0x20 build/obj/chmemcore.o
                0x08002a20                chCoreStatus
 .text._heap_init
                0x08002a40       0x20 build/obj/chheap.o
                0x08002a40                _heap_init
 .text.chHeapAlloc
                0x08002a60       0x80 build/obj/chheap.o
                0x08002a60                chHeapAlloc
 .text.chHeapFree
                0x08002ae0       0xd0 build/obj/chheap.o
                0x08002ae0                chHeapFree
 .text.chHeapStatus
                0x08002bb0       0x40 build/obj/chheap.o
                0x08002bb0                chHeapStatus
 .text.chPoolFree
                0x08002bf0       0x30 build/obj/chmempools.o
                0x08002bf0                chPoolFree
 .text.halInit  0x08002c20       0x30 build/obj/hal.o
                0x08002c20                halInit
 .text.adcInit  0x08002c50       0x10 build/obj/adc.o
                0x08002c50                adcInit
 .text.adcObjectInit
                0x08002c60       0x20 build/obj/adc.o
                0x08002c60                adcObjectInit
 .text.adcStart
                0x08002c80       0x40 build/obj/adc.o
                0x08002c80                adcStart
 .text.adcStartConversionI
                0x08002cc0       0x50 build/obj/adc.o
                0x08002cc0                adcStartConversionI
 .text.adcStartConversion
                0x08002d10       0x20 build/obj/adc.o
                0x08002d10                adcStartConversion
 .text.adcConvert
                0x08002d30       0x50 build/obj/adc.o
                0x08002d30                adcConvert
 .text.icuInit  0x08002d80       0x10 build/obj/icu.o
                0x08002d80                icuInit
 .text.icuObjectInit
                0x08002d90       0x10 build/obj/icu.o
                0x08002d90                icuObjectInit
 .text.icuStart
                0x08002da0       0x40 build/obj/icu.o
                0x08002da0                icuStart
 .text.icuEnable
                0x08002de0       0x40 build/obj/icu.o
                0x08002de0                icuEnable
 .text.palSetBusMode
                0x08002e20       0x30 build/obj/pal.o
                0x08002e20                palSetBusMode
 .text.pwmInit  0x08002e50       0x10 build/obj/pwm.o
                0x08002e50                pwmInit
 .text.pwmObjectInit
                0x08002e60       0x10 build/obj/pwm.o
                0x08002e60                pwmObjectInit
 .text.pwmStart
                0x08002e70       0x50 build/obj/pwm.o
                0x08002e70                pwmStart
 .text.pwmEnableChannel
                0x08002ec0       0x40 build/obj/pwm.o
                0x08002ec0                pwmEnableChannel
 .text.readt    0x08002f00       0x10 build/obj/serial.o
 .text.read     0x08002f10       0x10 build/obj/serial.o
 .text.writet   0x08002f20       0x10 build/obj/serial.o
 .text.write    0x08002f30       0x10 build/obj/serial.o
 .text.gett     0x08002f40       0x10 build/obj/serial.o
 .text.get      0x08002f50       0x10 build/obj/serial.o
 .text.putt     0x08002f60       0x10 build/obj/serial.o
 .text.put      0x08002f70       0x10 build/obj/serial.o
 .text.sdInit   0x08002f80       0x10 build/obj/serial.o
                0x08002f80                sdInit
 .text.sdObjectInit
                0x08002f90       0x40 build/obj/serial.o
                0x08002f90                sdObjectInit
 .text.sdStart  0x08002fd0       0x40 build/obj/serial.o
                0x08002fd0                sdStart
 .text.sdIncomingDataI
                0x08003010       0x50 build/obj/serial.o
                0x08003010                sdIncomingDataI
 .text.spiInit  0x08003060       0x10 build/obj/spi.o
                0x08003060                spiInit
 .text.spiObjectInit
                0x08003070       0x10 build/obj/spi.o
                0x08003070                spiObjectInit
 .text.spiStart
                0x08003080       0x40 build/obj/spi.o
                0x08003080                spiStart
 .text.spiExchange
                0x080030c0       0x80 build/obj/spi.o
                0x080030c0                spiExchange
 .text.spiAcquireBus
                0x08003140       0x30 build/obj/spi.o
                0x08003140                spiAcquireBus
 .text.spiReleaseBus
                0x08003170       0x20 build/obj/spi.o
                0x08003170                spiReleaseBus
 .text.Vector6C
                0x08003190       0x30 build/obj/stm32_dma.o
                0x08003190                Vector6C
 .text.Vector70
                0x080031c0       0x30 build/obj/stm32_dma.o
                0x080031c0                Vector70
 .text.Vector74
                0x080031f0       0x30 build/obj/stm32_dma.o
                0x080031f0                Vector74
 .text.Vector78
                0x08003220       0x30 build/obj/stm32_dma.o
                0x08003220                Vector78
 .text.Vector7C
                0x08003250       0x30 build/obj/stm32_dma.o
                0x08003250                Vector7C
 .text.Vector80
                0x08003280       0x30 build/obj/stm32_dma.o
                0x08003280                Vector80
 .text.Vector84
                0x080032b0       0x30 build/obj/stm32_dma.o
                0x080032b0                Vector84
 .text.VectorFC
                0x080032e0       0x30 build/obj/stm32_dma.o
                0x080032e0                VectorFC
 .text.Vector120
                0x08003310       0x30 build/obj/stm32_dma.o
                0x08003310                Vector120
 .text.Vector124
                0x08003340       0x30 build/obj/stm32_dma.o
                0x08003340                Vector124
 .text.Vector128
                0x08003370       0x30 build/obj/stm32_dma.o
                0x08003370                Vector128
 .text.Vector12C
                0x080033a0       0x30 build/obj/stm32_dma.o
                0x080033a0                Vector12C
 .text.Vector130
                0x080033d0       0x30 build/obj/stm32_dma.o
                0x080033d0                Vector130
 .text.Vector150
                0x08003400       0x30 build/obj/stm32_dma.o
                0x08003400                Vector150
 .text.Vector154
                0x08003430       0x30 build/obj/stm32_dma.o
                0x08003430                Vector154
 .text.Vector158
                0x08003460       0x30 build/obj/stm32_dma.o
                0x08003460                Vector158
 .text.dmaInit  0x08003490       0x50 build/obj/stm32_dma.o
                0x08003490                dmaInit
 .text.dmaStreamAllocate
                0x080034e0       0xc0 build/obj/stm32_dma.o
                0x080034e0                dmaStreamAllocate
 .text.hal_lld_init
                0x080035a0       0xc0 build/obj/hal_lld.o
                0x080035a0                hal_lld_init
 .text.stm32_clock_init
                0x08003660       0xd0 build/obj/hal_lld.o
                0x08003660                stm32_clock_init
 .text.adc_lld_init
                0x08003730       0x60 build/obj/adc_lld.o
                0x08003730                adc_lld_init
 .text.adc_lld_start
                0x08003790       0xb0 build/obj/adc_lld.o
                0x08003790                adc_lld_start
 .text.adc_lld_start_conversion
                0x08003840       0x90 build/obj/adc_lld.o
                0x08003840                adc_lld_start_conversion
 .text.adc_lld_stop_conversion
                0x080038d0       0x40 build/obj/adc_lld.o
                0x080038d0                adc_lld_stop_conversion
 .text.Vector88
                0x08003910       0xd0 build/obj/adc_lld.o
                0x08003910                Vector88
 .text.adc_lld_serve_rx_interrupt
                0x080039e0       0xd0 build/obj/adc_lld.o
 .text.adcSTM32EnableTSVREFE
                0x08003ab0       0x10 build/obj/adc_lld.o
                0x08003ab0                adcSTM32EnableTSVREFE
 .text._pal_lld_init
                0x08003ac0      0x1c0 build/obj/pal_lld.o
                0x08003ac0                _pal_lld_init
 .text._pal_lld_setgroupmode
                0x08003c80       0xd0 build/obj/pal_lld.o
                0x08003c80                _pal_lld_setgroupmode
 .text.spi_lld_serve_tx_interrupt
                0x08003d50       0x10 build/obj/spi_lld.o
 .text.spi_lld_serve_rx_interrupt
                0x08003d60       0x80 build/obj/spi_lld.o
 .text.spi_lld_init
                0x08003de0       0x50 build/obj/spi_lld.o
                0x08003de0                spi_lld_init
 .text.spi_lld_start
                0x08003e30       0xb0 build/obj/spi_lld.o
                0x08003e30                spi_lld_start
 .text.spi_lld_exchange
                0x08003ee0       0x40 build/obj/spi_lld.o
                0x08003ee0                spi_lld_exchange
 .text.icu_lld_serve_interrupt
                0x08003f20       0x80 build/obj/icu_lld.o
 .text.VectorB0
                0x08003fa0       0x20 build/obj/icu_lld.o
                0x08003fa0                VectorB0
 .text.Vector108
                0x08003fc0       0x20 build/obj/icu_lld.o
                0x08003fc0                Vector108
 .text.icu_lld_init
                0x08003fe0       0x30 build/obj/icu_lld.o
                0x08003fe0                icu_lld_init
 .text.icu_lld_start
                0x08004010      0x110 build/obj/icu_lld.o
                0x08004010                icu_lld_start
 .text.icu_lld_enable
                0x08004120       0x60 build/obj/icu_lld.o
                0x08004120                icu_lld_enable
 .text.VectorB4
                0x08004180       0x70 build/obj/pwm_lld.o
                0x08004180                VectorB4
 .text.pwm_lld_init
                0x080041f0       0x20 build/obj/pwm_lld.o
                0x080041f0                pwm_lld_init
 .text.pwm_lld_start
                0x08004210      0x120 build/obj/pwm_lld.o
                0x08004210                pwm_lld_start
 .text.pwm_lld_enable_channel
                0x08004330       0x40 build/obj/pwm_lld.o
                0x08004330                pwm_lld_enable_channel
 .text.notify2  0x08004370       0x20 build/obj/serial_lld.o
 .text.VectorD8
                0x08004390      0x100 build/obj/serial_lld.o
                0x08004390                VectorD8
 .text.sd_lld_init
                0x08004490       0x20 build/obj/serial_lld.o
                0x08004490                sd_lld_init
 .text.sd_lld_start
                0x080044b0       0xa0 build/obj/serial_lld.o
                0x080044b0                sd_lld_start
 .text.__early_init
                0x08004550       0x10 build/obj/board.o
                0x08004550                __early_init
 .text.boardInit
                0x08004560       0x10 build/obj/board.o
                0x08004560                boardInit
 .text.gfxInit  0x08004570       0x40 build/obj/gfx.o
                0x08004570                gfxInit
 .text._gosInit
                0x080045b0       0x20 build/obj/chibios.o
                0x080045b0                _gosInit
 .text.gfxSleepMilliseconds
                0x080045d0       0x30 build/obj/chibios.o
                0x080045d0                gfxSleepMilliseconds
 .text.gfxSleepMicroseconds
                0x08004600       0x30 build/obj/chibios.o
                0x08004600                gfxSleepMicroseconds
 .text.gfxSemInit
                0x08004630       0x10 build/obj/chibios.o
                0x08004630                gfxSemInit
 .text.gfxSemWait
                0x08004640       0x40 build/obj/chibios.o
                0x08004640                gfxSemWait
 .text.gfxSemSignal
                0x08004680       0x20 build/obj/chibios.o
                0x08004680                gfxSemSignal
 .text.gfxThreadCreate
                0x080046a0       0x30 build/obj/chibios.o
                0x080046a0                gfxThreadCreate
 .text._gqueueInit
                0x080046d0       0x10 build/obj/gqueue.o
                0x080046d0                _gqueueInit
 .text.gfxQueueASyncInit
                0x080046e0       0x10 build/obj/gqueue.o
                0x080046e0                gfxQueueASyncInit
 .text.gfxQueueASyncPut
                0x080046f0       0x30 build/obj/gqueue.o
                0x080046f0                gfxQueueASyncPut
 .text.gfxQueueASyncRemoveI
                0x08004720       0x50 build/obj/gqueue.o
                0x08004720                gfxQueueASyncRemoveI
 .text.gfxQueueASyncRemove
                0x08004770       0x10 build/obj/gqueue.o
                0x08004770                gfxQueueASyncRemove
 .text.drawcharglyph
                0x08004780       0x30 build/obj/gdisp.o
 .text.fillcharglyph
                0x080047b0       0x30 build/obj/gdisp.o
 .text.hline_clip
                0x080047e0       0xb0 build/obj/gdisp.o
 .text.drawcharline
                0x08004890       0x70 build/obj/gdisp.o
 .text.vline_clip
                0x08004900       0xb0 build/obj/gdisp.o
 .text.gdispGDrawLine
                0x080049b0      0x230 build/obj/gdisp.o
                0x080049b0                gdispGDrawLine
 .text.gdispGClear
                0x08004be0       0x30 build/obj/gdisp.o
                0x08004be0                gdispGClear
 .text.gdispGFillArea
                0x08004c10       0xb0 build/obj/gdisp.o
                0x08004c10                gdispGFillArea
 .text.gdispGSetClip
                0x08004cc0       0x80 build/obj/gdisp.o
                0x08004cc0                gdispGSetClip
 .text.gdispGControl
                0x08004d40       0x80 build/obj/gdisp.o
                0x08004d40                gdispGControl
 .text._gdispInit
                0x08004dc0      0x100 build/obj/gdisp.o
                0x08004dc0                _gdispInit
 .text.gdispGDrawBox
                0x08004ec0       0xf0 build/obj/gdisp.o
                0x08004ec0                gdispGDrawBox
 .text.gdispGDrawChar
                0x08004fb0       0x80 build/obj/gdisp.o
                0x08004fb0                gdispGDrawChar
 .text.gdispGDrawStringBox
                0x08005030       0xc0 build/obj/gdisp.o
                0x08005030                gdispGDrawStringBox
 .text.gdispGFillStringBox
                0x080050f0      0x170 build/obj/gdisp.o
                0x080050f0                gdispGFillStringBox
 .text.gdispGetFontMetric
                0x08005260       0x40 build/obj/gdisp.o
                0x08005260                gdispGetFontMetric
 .text.gdispGetCharWidth
                0x080052a0       0x10 build/obj/gdisp.o
                0x080052a0                gdispGetCharWidth
 .text.gdispGetStringWidth
                0x080052b0       0x20 build/obj/gdisp.o
                0x080052b0                gdispGetStringWidth
 .text.gdispBlendColor
                0x080052d0       0x60 build/obj/gdisp.o
                0x080052d0                gdispBlendColor
 .text.matchfont
                0x08005330       0x50 build/obj/fonts.o
 .text.gdispOpenFont
                0x08005380       0x50 build/obj/fonts.o
                0x08005380                gdispOpenFont
 .text.gdispCloseFont
                0x080053d0       0x20 build/obj/fonts.o
                0x080053d0                gdispCloseFont
 .text.mf_getchar
                0x080053f0       0xa0 build/obj/mf_encoding.o
                0x080053f0                mf_getchar
 .text.mf_rewind
                0x08005490       0x30 build/obj/mf_encoding.o
                0x08005490                mf_rewind
 .text.mf_render_character
                0x080054c0       0x30 build/obj/mf_font.o
                0x080054c0                mf_render_character
 .text.mf_character_width
                0x080054f0       0x20 build/obj/mf_font.o
                0x080054f0                mf_character_width
 .text.mf_get_font_list
                0x08005510       0x10 build/obj/mf_font.o
                0x08005510                mf_get_font_list
 .text.mf_round_to_tab
                0x08005520       0x40 build/obj/mf_justify.o
 .text.render_left
                0x08005560       0x60 build/obj/mf_justify.o
 .text.mf_get_string_width
                0x080055c0       0x60 build/obj/mf_justify.o
                0x080055c0                mf_get_string_width
 .text.mf_render_aligned
                0x08005620      0x160 build/obj/mf_justify.o
                0x08005620                mf_render_aligned
 .text.write_pixels
                0x08005780       0x70 build/obj/mf_rlefont.o
 .text.find_glyph.isra.0
                0x080057f0       0x40 build/obj/mf_rlefont.o
 .text.write_ref_codeword
                0x08005830      0x1a0 build/obj/mf_rlefont.o
 .text.mf_rlefont_render_character
                0x080059d0       0xd0 build/obj/mf_rlefont.o
                0x080059d0                mf_rlefont_render_character
 .text.mf_rlefont_character_width
                0x08005aa0       0x20 build/obj/mf_rlefont.o
                0x08005aa0                mf_rlefont_character_width
 .text.mf_bwfont_render_character
                0x08005ac0      0x1a0 build/obj/mf_bwfont.o
                0x08005ac0                mf_bwfont_render_character
 .text.mf_bwfont_character_width
                0x08005c60       0x50 build/obj/mf_bwfont.o
                0x08005c60                mf_bwfont_character_width
 .text.scaled_pixel_callback
                0x08005cb0       0x60 build/obj/mf_scaledfont.o
 .text.mf_scaled_character_width
                0x08005d10       0x20 build/obj/mf_scaledfont.o
                0x08005d10                mf_scaled_character_width
 .text.mf_scaled_render_character
                0x08005d30       0x50 build/obj/mf_scaledfont.o
                0x08005d30                mf_scaled_render_character
 .text.deleteAssignments
                0x08005d80       0x80 build/obj/gevent.o
 .text._geventInit
                0x08005e00       0x10 build/obj/gevent.o
                0x08005e00                _geventInit
 .text.geventListenerInit
                0x08005e10       0x30 build/obj/gevent.o
                0x08005e10                geventListenerInit
 .text.geventAttachSource
                0x08005e40       0xb0 build/obj/gevent.o
                0x08005e40                geventAttachSource
 .text.geventEventWait
                0x08005ef0       0x20 build/obj/gevent.o
                0x08005ef0                geventEventWait
 .text.geventRegisterCallback
                0x08005f10       0x60 build/obj/gevent.o
                0x08005f10                geventRegisterCallback
 .text.geventGetSourceListener
                0x08005f70       0x70 build/obj/gevent.o
                0x08005f70                geventGetSourceListener
 .text.geventGetEventBuffer
                0x08005fe0       0x20 build/obj/gevent.o
                0x08005fe0                geventGetEventBuffer
 .text.geventSendEvent
                0x08006000       0x40 build/obj/gevent.o
                0x08006000                geventSendEvent
 .text.geventDetachSourceListeners
                0x08006040       0x20 build/obj/gevent.o
                0x08006040                geventDetachSourceListeners
 .text.GTimerThreadHandler
                0x08006060       0xd0 build/obj/gtimer.o
 .text._gtimerInit
                0x08006130       0x20 build/obj/gtimer.o
                0x08006130                _gtimerInit
 .text.gtimerInit
                0x08006150       0x10 build/obj/gtimer.o
                0x08006150                gtimerInit
 .text.gtimerStart
                0x08006160      0x110 build/obj/gtimer.o
                0x08006160                gtimerStart
 .text.gtimerStop
                0x08006270       0x50 build/obj/gtimer.o
                0x08006270                gtimerStop
 .text._gwinInit
                0x080062c0       0x10 build/obj/gwin.o
                0x080062c0                _gwinInit
 .text._gwindowCreate
                0x080062d0       0x90 build/obj/gwin.o
                0x080062d0                _gwindowCreate
 .text.gwinClearInit
                0x08006360       0x10 build/obj/gwin.o
                0x08006360                gwinClearInit
 .text.gwinSetDefaultBgColor
                0x08006370       0x10 build/obj/gwin.o
                0x08006370                gwinSetDefaultBgColor
 .text.gwinGetDefaultBgColor
                0x08006380       0x10 build/obj/gwin.o
                0x08006380                gwinGetDefaultBgColor
 .text.gwinSetDefaultFont
                0x08006390       0x10 build/obj/gwin.o
                0x08006390                gwinSetDefaultFont
 .text.gwinGetDefaultFont
                0x080063a0       0x10 build/obj/gwin.o
                0x080063a0                gwinGetDefaultFont
 .text.gwinSetVisible
                0x080063b0       0x40 build/obj/gwin.o
                0x080063b0                gwinSetVisible
 .text.gwinGetVisible
                0x080063f0       0x10 build/obj/gwin.o
                0x080063f0                gwinGetVisible
 .text.gwinResize
                0x08006400       0x20 build/obj/gwin.o
                0x08006400                gwinResize
 .text.gwinRedraw
                0x08006420       0x20 build/obj/gwin.o
                0x08006420                gwinRedraw
 .text._gwidgetCreate
                0x08006440       0x50 build/obj/gwidget.o
                0x08006440                _gwidgetCreate
 .text.gwidgetEvent
                0x08006490       0xf0 build/obj/gwidget.o
 .text._gwidgetUpdate.part.1
                0x08006580       0x30 build/obj/gwidget.o
 .text._gwidgetInit
                0x080065b0       0x20 build/obj/gwidget.o
                0x080065b0                _gwidgetInit
 .text._gwidgetDestroy
                0x080065d0       0x20 build/obj/gwidget.o
                0x080065d0                _gwidgetDestroy
 .text._gwidgetRedraw
                0x080065f0       0x10 build/obj/gwidget.o
                0x080065f0                _gwidgetRedraw
 .text._gwidgetUpdate
                0x08006600       0x10 build/obj/gwidget.o
                0x08006600                _gwidgetUpdate
 .text.gwinSetText
                0x08006610       0x70 build/obj/gwidget.o
                0x08006610                gwinSetText
 .text.gwinGetText
                0x08006680       0x10 build/obj/gwidget.o
                0x08006680                gwinGetText
 .text.gwinSetStyle
                0x08006690       0x30 build/obj/gwidget.o
                0x08006690                gwinSetStyle
 .text.gwinSetDefaultStyle
                0x080066c0       0x60 build/obj/gwidget.o
                0x080066c0                gwinSetDefaultStyle
 .text.gwinAttachListener
                0x08006720       0x10 build/obj/gwidget.o
                0x08006720                gwinAttachListener
 .text.gwinAttachMouse
                0x08006730       0x20 build/obj/gwidget.o
                0x08006730                gwinAttachMouse
 .text._gwinRedrawDisplay
                0x08006750       0x50 build/obj/gwm.o
 .text.WM_Init  0x080067a0       0x10 build/obj/gwm.o
 .text.WM_DeInit
                0x080067b0       0x10 build/obj/gwm.o
 .text.WM_MinMax
                0x080067c0       0x10 build/obj/gwm.o
 .text.WM_Delete
                0x080067d0       0x10 build/obj/gwm.o
 .text.WM_Redraw
                0x080067e0       0xe0 build/obj/gwm.o
 .text.WM_Raise
                0x080068c0       0x30 build/obj/gwm.o
 .text.WM_Move  0x080068f0       0x90 build/obj/gwm.o
 .text.WM_Size  0x08006980       0xa0 build/obj/gwm.o
 .text.WM_Add   0x08006a20       0x40 build/obj/gwm.o
 .text._gwmInit
                0x08006a60       0x50 build/obj/gwm.o
                0x08006a60                _gwmInit
 .text.gwinGetNextWindow
                0x08006ab0       0x10 build/obj/gwm.o
                0x08006ab0                gwinGetNextWindow
 .text.AfterClear
                0x08006ac0       0x10 build/obj/console.o
 .text.ltoa_wd.constprop.1
                0x08006ad0       0x50 build/obj/console.o
 .text.gwinGConsoleCreate
                0x08006b20       0x30 build/obj/console.o
                0x08006b20                gwinGConsoleCreate
 .text.gwinPutChar
                0x08006b50      0x150 build/obj/console.o
                0x08006b50                gwinPutChar
 .text.gwinPrintf
                0x08006ca0      0x270 build/obj/console.o
                0x08006ca0                gwinPrintf
 .text.MouseDown
                0x08006f10       0x10 build/obj/button.o
 .text.MouseUp  0x08006f20       0x40 build/obj/button.o
 .text.gwinButtonDraw_Normal
                0x08006f60      0x130 build/obj/button.o
                0x08006f60                gwinButtonDraw_Normal
 .text.gwinGButtonCreate
                0x08007090       0x20 build/obj/button.o
                0x08007090                gwinGButtonCreate
 .text.ResetDisplayPos
                0x080070b0       0x50 build/obj/slider.o
 .text.MouseMove
                0x08007100       0x50 build/obj/slider.o
 .text.MouseUp  0x08007150       0xd0 build/obj/slider.o
 .text.gwinSliderDraw_Std
                0x08007220      0x240 build/obj/slider.o
                0x08007220                gwinSliderDraw_Std
 .text.gwinGSliderCreate
                0x08007460       0x30 build/obj/slider.o
                0x08007460                gwinGSliderCreate
 .text.gwinSliderSetRange
                0x08007490       0x30 build/obj/slider.o
                0x08007490                gwinSliderSetRange
 .text.gwinSliderSetPosition
                0x080074c0       0x50 build/obj/slider.o
                0x080074c0                gwinSliderSetPosition
 .text.gwinLabelDefaultDraw
                0x08007510       0xc0 build/obj/label.o
 .text.gwinGLabelCreate
                0x080075d0       0x70 build/obj/label.o
                0x080075d0                gwinGLabelCreate
 .text._ginputInit
                0x08007640       0x10 build/obj/ginput.o
                0x08007640                _ginputInit
 .text.get_raw_reading.constprop.1
                0x08007650       0x60 build/obj/mouse.o
 .text._tsOrientClip
                0x080076b0       0x90 build/obj/mouse.o
                0x080076b0                _tsOrientClip
 .text.get_calibrated_reading.constprop.0
                0x08007740       0x90 build/obj/mouse.o
 .text.MousePoll
                0x080077d0      0x1b0 build/obj/mouse.o
 .text.ginputCalibrateMouse
                0x08007980      0x6d0 build/obj/mouse.o
                0x08007980                ginputCalibrateMouse
 .text.ginputGetMouse
                0x08008050      0x100 build/obj/mouse.o
                0x08008050                ginputGetMouse
 .text.set_cursor
                0x08008150       0xb0 build/obj/gdisp_lld_SSD1289.o
 .text.set_viewport
                0x08008200      0x130 build/obj/gdisp_lld_SSD1289.o
 .text.gdisp_lld_init
                0x08008330      0x370 build/obj/gdisp_lld_SSD1289.o
                0x08008330                gdisp_lld_init
 .text.gdisp_lld_write_start
                0x080086a0       0x10 build/obj/gdisp_lld_SSD1289.o
                0x080086a0                gdisp_lld_write_start
 .text.gdisp_lld_write_color
                0x080086b0       0x10 build/obj/gdisp_lld_SSD1289.o
                0x080086b0                gdisp_lld_write_color
 .text.gdisp_lld_write_stop
                0x080086c0       0x10 build/obj/gdisp_lld_SSD1289.o
                0x080086c0                gdisp_lld_write_stop
 .text.gdisp_lld_write_pos
                0x080086d0       0x10 build/obj/gdisp_lld_SSD1289.o
                0x080086d0                gdisp_lld_write_pos
 .text.gdisp_lld_fill_area
                0x080086e0       0x80 build/obj/gdisp_lld_SSD1289.o
                0x080086e0                gdisp_lld_fill_area
 .text.gdisp_lld_control
                0x08008760      0x120 build/obj/gdisp_lld_SSD1289.o
                0x08008760                gdisp_lld_control
 .text.ginput_lld_mouse_init
                0x08008880       0x60 build/obj/ginput_lld_mouse.o
                0x08008880                ginput_lld_mouse_init
 .text.ginput_lld_mouse_get_reading
                0x080088e0      0x180 build/obj/ginput_lld_mouse.o
                0x080088e0                ginput_lld_mouse_get_reading
 .text._sbrk_r  0x08008a60       0x30 build/obj/syscalls.o
                0x08008a60                _sbrk_r
 .text.long_to_string_with_divisor.constprop.0
                0x08008a90       0x50 build/obj/chprintf.o
 .text.chvprintf
                0x08008ae0      0x240 build/obj/chprintf.o
                0x08008ae0                chvprintf
 .text.icuwidthcb
                0x08008d20       0x10 build/obj/main.o
 .text.icuperiodcb
                0x08008d30       0x10 build/obj/main.o
 .text.icuwidthcb2
                0x08008d40       0x10 build/obj/main.o
 .text.icuperiodcb2
                0x08008d50       0x10 build/obj/main.o
 .text.adcerrorcallback
                0x08008d60       0x10 build/obj/main.o
 .text.Thread1  0x08008d70       0x60 build/obj/main.o
 .text.chprintf.constprop.0
                0x08008dd0       0x30 build/obj/main.o
 .text.ICUinit  0x08008e00       0x60 build/obj/main.o
                0x08008e00                ICUinit
 .text.myADCinit
                0x08008e60       0x30 build/obj/main.o
                0x08008e60                myADCinit
 .text.readADC  0x08008e90       0xe0 build/obj/main.o
                0x08008e90                readADC
 .text.readVoltage
                0x08008f70       0xc0 build/obj/main.o
                0x08008f70                readVoltage
 .text.readICU  0x08009030       0xa0 build/obj/main.o
                0x08009030                readICU
 .text.Thread2  0x080090d0       0x70 build/obj/main.o
 .text.ConsoleInit
                0x08009140       0x30 build/obj/main.o
                0x08009140                ConsoleInit
 .text.mouseInit
                0x08009170       0x30 build/obj/main.o
                0x08009170                mouseInit
 .text.defaultsInit
                0x080091a0       0x60 build/obj/main.o
                0x080091a0                defaultsInit
 .text.startThreads
                0x08009200       0x40 build/obj/main.o
                0x08009200                startThreads
 .text.memset   0x08009240       0x94 /opt/ARM/bin/../lib/gcc/arm-none-eabi/4.8.4/../../../../arm-none-eabi/lib/armv7e-m/fpu/libg.a(lib_a-memset.o)
                0x08009240                memset
 *fill*         0x080092d4        0xc 
 .text.sprintf  0x080092e0       0x4c /opt/ARM/bin/../lib/gcc/arm-none-eabi/4.8.4/../../../../arm-none-eabi/lib/armv7e-m/fpu/libg.a(lib_a-sprintf.o)
                0x080092e0                sprintf
 *fill*         0x0800932c        0x4 
 .text.strcpy   0x08009330       0xbc /opt/ARM/bin/../lib/gcc/arm-none-eabi/4.8.4/../../../../arm-none-eabi/lib/armv7e-m/fpu/libg.a(lib_a-strcpy.o)
                0x08009330                strcpy
 *fill*         0x080093ec        0x4 
 .text.strlen   0x080093f0       0x60 /opt/ARM/bin/../lib/gcc/arm-none-eabi/4.8.4/../../../../arm-none-eabi/lib/armv7e-m/fpu/libg.a(lib_a-strlen.o)
                0x080093f0                strlen
 .text.strncat  0x08009450       0x64 /opt/ARM/bin/../lib/gcc/arm-none-eabi/4.8.4/../../../../arm-none-eabi/lib/armv7e-m/fpu/libg.a(lib_a-strncat.o)
                0x08009450                strncat
 *fill*         0x080094b4        0xc 
 .text._svfprintf_r
                0x080094c0     0x14f0 /opt/ARM/bin/../lib/gcc/arm-none-eabi/4.8.4/../../../../arm-none-eabi/lib/armv7e-m/fpu/libg.a(lib_a-svfprintf.o)
                0x080094c0                _svfprintf_r
 .text.quorem   0x0800a9b0      0x130 /opt/ARM/bin/../lib/gcc/arm-none-eabi/4.8.4/../../../../arm-none-eabi/lib/armv7e-m/fpu/libg.a(lib_a-dtoa.o)
 .text._dtoa_r  0x0800aae0      0xe58 /opt/ARM/bin/../lib/gcc/arm-none-eabi/4.8.4/../../../../arm-none-eabi/lib/armv7e-m/fpu/libg.a(lib_a-dtoa.o)
                0x0800aae0                _dtoa_r
 *fill*         0x0800b938        0x8 
 .text._localeconv_r
                0x0800b940        0x8 /opt/ARM/bin/../lib/gcc/arm-none-eabi/4.8.4/../../../../arm-none-eabi/lib/armv7e-m/fpu/libg.a(lib_a-locale.o)
                0x0800b940                _localeconv_r
 *fill*         0x0800b948        0x8 
 .text._malloc_r
                0x0800b950      0x538 /opt/ARM/bin/../lib/gcc/arm-none-eabi/4.8.4/../../../../arm-none-eabi/lib/armv7e-m/fpu/libg.a(lib_a-mallocr.o)
                0x0800b950                _malloc_r
 *fill*         0x0800be88        0x8 
 .text.memchr   0x0800be90       0x90 /opt/ARM/bin/../lib/gcc/arm-none-eabi/4.8.4/../../../../arm-none-eabi/lib/armv7e-m/fpu/libg.a(lib_a-memchr-stub.o)
                0x0800be90                memchr
 .text.__malloc_lock
                0x0800bf20        0x4 /opt/ARM/bin/../lib/gcc/arm-none-eabi/4.8.4/../../../../arm-none-eabi/lib/armv7e-m/fpu/libg.a(lib_a-mlock.o)
                0x0800bf20                __malloc_lock
 *fill*         0x0800bf24        0xc 
 .text.__malloc_unlock
                0x0800bf30        0x4 /opt/ARM/bin/../lib/gcc/arm-none-eabi/4.8.4/../../../../arm-none-eabi/lib/armv7e-m/fpu/libg.a(lib_a-mlock.o)
                0x0800bf30                __malloc_unlock
 *fill*         0x0800bf34        0xc 
 .text._Balloc  0x0800bf40       0x4c /opt/ARM/bin/../lib/gcc/arm-none-eabi/4.8.4/../../../../arm-none-eabi/lib/armv7e-m/fpu/libg.a(lib_a-mprec.o)
                0x0800bf40                _Balloc
 *fill*         0x0800bf8c        0x4 
 .text._Bfree   0x0800bf90       0x14 /opt/ARM/bin/../lib/gcc/arm-none-eabi/4.8.4/../../../../arm-none-eabi/lib/armv7e-m/fpu/libg.a(lib_a-mprec.o)
                0x0800bf90                _Bfree
 *fill*         0x0800bfa4        0xc 
 .text.__multadd
                0x0800bfb0       0x98 /opt/ARM/bin/../lib/gcc/arm-none-eabi/4.8.4/../../../../arm-none-eabi/lib/armv7e-m/fpu/libg.a(lib_a-mprec.o)
                0x0800bfb0                __multadd
 *fill*         0x0800c048        0x8 
 .text.__hi0bits
                0x0800c050       0x40 /opt/ARM/bin/../lib/gcc/arm-none-eabi/4.8.4/../../../../arm-none-eabi/lib/armv7e-m/fpu/libg.a(lib_a-mprec.o)
                0x0800c050                __hi0bits
 .text.__lo0bits
                0x0800c090       0x5c /opt/ARM/bin/../lib/gcc/arm-none-eabi/4.8.4/../../../../arm-none-eabi/lib/armv7e-m/fpu/libg.a(lib_a-mprec.o)
                0x0800c090                __lo0bits
 *fill*         0x0800c0ec        0x4 
 .text.__i2b    0x0800c0f0       0x14 /opt/ARM/bin/../lib/gcc/arm-none-eabi/4.8.4/../../../../arm-none-eabi/lib/armv7e-m/fpu/libg.a(lib_a-mprec.o)
                0x0800c0f0                __i2b
 *fill*         0x0800c104        0xc 
 .text.__multiply
                0x0800c110      0x13c /opt/ARM/bin/../lib/gcc/arm-none-eabi/4.8.4/../../../../arm-none-eabi/lib/armv7e-m/fpu/libg.a(lib_a-mprec.o)
                0x0800c110                __multiply
 *fill*         0x0800c24c        0x4 
 .text.__pow5mult
                0x0800c250       0x9c /opt/ARM/bin/../lib/gcc/arm-none-eabi/4.8.4/../../../../arm-none-eabi/lib/armv7e-m/fpu/libg.a(lib_a-mprec.o)
                0x0800c250                __pow5mult
 *fill*         0x0800c2ec        0x4 
 .text.__lshift
                0x0800c2f0       0xbc /opt/ARM/bin/../lib/gcc/arm-none-eabi/4.8.4/../../../../arm-none-eabi/lib/armv7e-m/fpu/libg.a(lib_a-mprec.o)
                0x0800c2f0                __lshift
 *fill*         0x0800c3ac        0x4 
 .text.__mcmp   0x0800c3b0       0x48 /opt/ARM/bin/../lib/gcc/arm-none-eabi/4.8.4/../../../../arm-none-eabi/lib/armv7e-m/fpu/libg.a(lib_a-mprec.o)
                0x0800c3b0                __mcmp
 *fill*         0x0800c3f8        0x8 
 .text.__mdiff  0x0800c400       0xd4 /opt/ARM/bin/../lib/gcc/arm-none-eabi/4.8.4/../../../../arm-none-eabi/lib/armv7e-m/fpu/libg.a(lib_a-mprec.o)
                0x0800c400                __mdiff
 *fill*         0x0800c4d4        0xc 
 .text.__d2b    0x0800c4e0       0xb4 /opt/ARM/bin/../lib/gcc/arm-none-eabi/4.8.4/../../../../arm-none-eabi/lib/armv7e-m/fpu/libg.a(lib_a-mprec.o)
                0x0800c4e0                __d2b
 *fill*         0x0800c594        0xc 
 .text.__fpclassifyd
                0x0800c5a0       0x54 /opt/ARM/bin/../lib/gcc/arm-none-eabi/4.8.4/../../../../arm-none-eabi/lib/armv7e-m/fpu/libg.a(lib_a-s_fpclassify.o)
                0x0800c5a0                __fpclassifyd
 *fill*         0x0800c5f4        0xc 
 .text.__ssprint_r
                0x0800c600      0x100 /opt/ARM/bin/../lib/gcc/arm-none-eabi/4.8.4/../../../../arm-none-eabi/lib/armv7e-m/fpu/libg.a(lib_a-svfiprintf.o)
                0x0800c600                __ssprint_r
 .text._calloc_r
                0x0800c700       0x60 /opt/ARM/bin/../lib/gcc/arm-none-eabi/4.8.4/../../../../arm-none-eabi/lib/armv7e-m/fpu/libg.a(lib_a-callocr.o)
                0x0800c700                _calloc_r
 .text._malloc_trim_r
                0x0800c760       0x9c /opt/ARM/bin/../lib/gcc/arm-none-eabi/4.8.4/../../../../arm-none-eabi/lib/armv7e-m/fpu/libg.a(lib_a-freer.o)
                0x0800c760                _malloc_trim_r
 *fill*         0x0800c7fc        0x4 
 .text._free_r  0x0800c800      0x19c /opt/ARM/bin/../lib/gcc/arm-none-eabi/4.8.4/../../../../arm-none-eabi/lib/armv7e-m/fpu/libg.a(lib_a-freer.o)
                0x0800c800                _free_r
 *fill*         0x0800c99c        0x4 
 .text.memmove  0x0800c9a0       0xc0 /opt/ARM/bin/../lib/gcc/arm-none-eabi/4.8.4/../../../../arm-none-eabi/lib/armv7e-m/fpu/libg.a(lib_a-memmove.o)
                0x0800c9a0                memmove
 .text._realloc_r
                0x0800ca60      0x3cc /opt/ARM/bin/../lib/gcc/arm-none-eabi/4.8.4/../../../../arm-none-eabi/lib/armv7e-m/fpu/libg.a(lib_a-reallocr.o)
                0x0800ca60                _realloc_r
 *(.rodata)
 *fill*         0x0800ce2c        0x4 
 .rodata        0x0800ce30       0x18 build/obj/gdisp_lld_SSD1289.o
 *(.rodata.*)
 *fill*         0x0800ce48        0x8 
 .rodata.str1.4
                0x0800ce50        0x5 build/obj/chsys.o
                                  0x8 (size before relaxing)
 *fill*         0x0800ce55        0xb 
 .rodata.str1.4
                0x0800ce60       0x31 build/obj/chvt.o
                                 0x34 (size before relaxing)
 *fill*         0x0800ce91        0xf 
 .rodata.str1.4
                0x0800cea0       0x23 build/obj/chschd.o
                                 0x24 (size before relaxing)
 *fill*         0x0800cec3        0xd 
 .rodata.str1.4
                0x0800ced0       0x94 build/obj/chthreads.o
 *fill*         0x0800cf64        0xc 
 .rodata.str1.4
                0x0800cf70       0x46 build/obj/chdynamic.o
                                 0x48 (size before relaxing)
 *fill*         0x0800cfb6        0xa 
 .rodata.ch_debug
                0x0800cfc0       0x18 build/obj/chregistry.o
                0x0800cfc0                ch_debug
 *fill*         0x0800cfd8        0x8 
 .rodata.str1.4
                0x0800cfe0       0x16 build/obj/chregistry.o
                                 0x18 (size before relaxing)
 *fill*         0x0800cff6        0xa 
 .rodata.str1.4
                0x0800d000      0x146 build/obj/chsem.o
                                0x148 (size before relaxing)
 *fill*         0x0800d146        0xa 
 .rodata.str1.4
                0x0800d150       0xab build/obj/chmtx.o
                                 0xac (size before relaxing)
 *fill*         0x0800d1fb        0x5 
 .rodata.str1.4
                0x0800d200       0x90 build/obj/chevents.o
 .rodata.str1.4
                0x0800d290       0x29 build/obj/chqueues.o
                                 0x2c (size before relaxing)
 *fill*         0x0800d2b9        0x7 
 .rodata.str1.4
                0x0800d2c0       0x31 build/obj/chheap.o
                                 0x34 (size before relaxing)
 *fill*         0x0800d2f1        0xf 
 .rodata.str1.4
                0x0800d300       0x48 build/obj/chmempools.o
 *fill*         0x0800d348        0x8 
 .rodata.str1.4
                0x0800d350      0x10e build/obj/adc.o
                                0x110 (size before relaxing)
 *fill*         0x0800d45e        0x2 
 .rodata.str1.4
                0x0800d460       0x7d build/obj/icu.o
                                 0x80 (size before relaxing)
 *fill*         0x0800d4dd        0x3 
 .rodata.str1.4
                0x0800d4e0       0x32 build/obj/pal.o
                                 0x34 (size before relaxing)
 *fill*         0x0800d512        0xe 
 .rodata.str1.4
                0x0800d520       0xb0 build/obj/pwm.o
 .rodata.str1.4
                0x0800d5d0       0x5f build/obj/serial.o
                                 0x60 (size before relaxing)
 *fill*         0x0800d62f        0x1 
 .rodata.vmt    0x0800d630       0x20 build/obj/serial.o
 .rodata.str1.4
                0x0800d650      0x236 build/obj/spi.o
                                0x238 (size before relaxing)
 *fill*         0x0800d886        0xa 
 .rodata.str1.4
                0x0800d890       0x47 build/obj/stm32_dma.o
                                 0x48 (size before relaxing)
 *fill*         0x0800d8d7        0x9 
 .rodata._stm32_dma_streams
                0x0800d8e0       0xc0 build/obj/stm32_dma.o
                0x0800d8e0                _stm32_dma_streams
 .rodata.str1.4
                0x0800d9a0       0x28 build/obj/adc_lld.o
 *fill*         0x0800d9c8        0x8 
 .rodata.str1.4
                0x0800d9d0       0x28 build/obj/spi_lld.o
 *fill*         0x0800d9f8        0x8 
 .rodata.str1.4
                0x0800da00       0x14 build/obj/icu_lld.o
 *fill*         0x0800da14        0xc 
 .rodata.str1.4
                0x0800da20       0x14 build/obj/pwm_lld.o
 *fill*         0x0800da34        0xc 
 .rodata.default_config
                0x0800da40        0xc build/obj/serial_lld.o
 *fill*         0x0800da4c        0x4 
 .rodata.pal_default_config
                0x0800da50       0xfc build/obj/board.o
                0x0800da50                pal_default_config
 *fill*         0x0800db4c        0x4 
 .rodata.blks.7904
                0x0800db50       0x80 build/obj/gdisp.o
 .rodata.mf_rlefont_UI1_Narrow_listentry
                0x0800dbd0        0x8 build/obj/mf_font.o
 *fill*         0x0800dbd8        0x8 
 .rodata.mf_rlefont_UI1_listentry
                0x0800dbe0        0x8 build/obj/mf_font.o
 *fill*         0x0800dbe8        0x8 
 .rodata.mf_bwfont_fixed_5x8_char_ranges
                0x0800dbf0       0x18 build/obj/mf_font.o
 *fill*         0x0800dc08        0x8 
 .rodata.mf_rlefont_UI1_Double
                0x0800dc10       0x24 build/obj/mf_font.o
                0x0800dc10                mf_rlefont_UI1_Double
 *fill*         0x0800dc34        0xc 
 .rodata.mf_rlefont_UI2_char_ranges
                0x0800dc40        0xc build/obj/mf_font.o
 *fill*         0x0800dc4c        0x4 
 .rodata.mf_rlefont_UI1_glyph_data_0
                0x0800dc50        0x4 build/obj/mf_font.o
 *fill*         0x0800dc54        0xc 
 .rodata.mf_rlefont_UI1_dictionary_offsets
                0x0800dc60       0xd8 build/obj/mf_font.o
 *fill*         0x0800dd38        0x8 
 .rodata.mf_rlefont_UI2_dictionary_offsets
                0x0800dd40       0x7c build/obj/mf_font.o
 *fill*         0x0800ddbc        0x4 
 .rodata.mf_rlefont_UI1
                0x0800ddc0       0x30 build/obj/mf_font.o
                0x0800ddc0                mf_rlefont_UI1
 .rodata.mf_rlefont_UI2
                0x0800ddf0       0x30 build/obj/mf_font.o
                0x0800ddf0                mf_rlefont_UI2
 .rodata.mf_rlefont_LargeNumbers_glyph_data_0
                0x0800de20      0x278 build/obj/mf_font.o
 *fill*         0x0800e098        0x8 
 .rodata.mf_rlefont_LargeNumbers_char_ranges
                0x0800e0a0        0xc build/obj/mf_font.o
 *fill*         0x0800e0ac        0x4 
 .rodata.mf_rlefont_UI2_listentry
                0x0800e0b0        0x8 build/obj/mf_font.o
 *fill*         0x0800e0b8        0x8 
 .rodata.mf_rlefont_UI1_glyph_data_1
                0x0800e0c0      0x314 build/obj/mf_font.o
 *fill*         0x0800e3d4        0xc 
 .rodata.mf_rlefont_UI1_glyph_data_2
                0x0800e3e0      0x314 build/obj/mf_font.o
 *fill*         0x0800e6f4        0xc 
 .rodata.mf_rlefont_UI2_glyph_data_0
                0x0800e700      0x338 build/obj/mf_font.o
 *fill*         0x0800ea38        0x8 
 .rodata.mf_rlefont_UI2_Double_listentry
                0x0800ea40        0x8 build/obj/mf_font.o
 *fill*         0x0800ea48        0x8 
 .rodata.mf_rlefont_UI1_dictionary_data
                0x0800ea50      0x11c build/obj/mf_font.o
 *fill*         0x0800eb6c        0x4 
 .rodata.mf_rlefont_LargeNumbers
                0x0800eb70       0x30 build/obj/mf_font.o
                0x0800eb70                mf_rlefont_LargeNumbers
 .rodata.str1.4
                0x0800eba0       0x9e build/obj/mf_font.o
                                 0xa0 (size before relaxing)
 *fill*         0x0800ec3e        0x2 
 .rodata.mf_rlefont_UI1_glyph_offsets_0
                0x0800ec40        0x4 build/obj/mf_font.o
 *fill*         0x0800ec44        0xc 
 .rodata.mf_rlefont_UI1_glyph_offsets_1
                0x0800ec50       0xc8 build/obj/mf_font.o
 *fill*         0x0800ed18        0x8 
 .rodata.mf_rlefont_UI1_glyph_offsets_2
                0x0800ed20       0xd8 build/obj/mf_font.o
 *fill*         0x0800edf8        0x8 
 .rodata.mf_rlefont_UI2_Narrow
                0x0800ee00       0x24 build/obj/mf_font.o
                0x0800ee00                mf_rlefont_UI2_Narrow
 *fill*         0x0800ee24        0xc 
 .rodata.mf_rlefont_UI1_char_ranges
                0x0800ee30       0x24 build/obj/mf_font.o
 *fill*         0x0800ee54        0xc 
 .rodata.mf_rlefont_UI2_Double
                0x0800ee60       0x24 build/obj/mf_font.o
                0x0800ee60                mf_rlefont_UI2_Double
 *fill*         0x0800ee84        0xc 
 .rodata.mf_rlefont_UI2_Narrow_listentry
                0x0800ee90        0x8 build/obj/mf_font.o
 *fill*         0x0800ee98        0x8 
 .rodata.mf_rlefont_LargeNumbers_dictionary_data
                0x0800eea0       0x90 build/obj/mf_font.o
 .rodata.mf_rlefont_UI1_Double_listentry
                0x0800ef30        0x8 build/obj/mf_font.o
 *fill*         0x0800ef38        0x8 
 .rodata.mf_bwfont_fixed_5x8_glyph_data_0
                0x0800ef40      0x1dc build/obj/mf_font.o
 *fill*         0x0800f11c        0x4 
 .rodata.mf_rlefont_UI2_dictionary_data
                0x0800f120       0xa0 build/obj/mf_font.o
 .rodata.mf_rlefont_LargeNumbers_glyph_offsets_0
                0x0800f1c0       0x34 build/obj/mf_font.o
 *fill*         0x0800f1f4        0xc 
 .rodata.mf_rlefont_LargeNumbers_listentry
                0x0800f200        0x8 build/obj/mf_font.o
 *fill*         0x0800f208        0x8 
 .rodata.mf_rlefont_LargeNumbers_dictionary_offsets
                0x0800f210       0x70 build/obj/mf_font.o
 .rodata.mf_rlefont_UI2_glyph_offsets_0
                0x0800f280       0xc0 build/obj/mf_font.o
 .rodata.mf_rlefont_UI1_Narrow
                0x0800f340       0x24 build/obj/mf_font.o
                0x0800f340                mf_rlefont_UI1_Narrow
 *fill*         0x0800f364        0xc 
 .rodata.mf_bwfont_fixed_5x8
                0x0800f370       0x24 build/obj/mf_font.o
                0x0800f370                mf_bwfont_fixed_5x8
 *fill*         0x0800f394        0xc 
 .rodata.mf_bwfont_fixed_5x8_listentry
                0x0800f3a0        0x8 build/obj/mf_font.o
 *fill*         0x0800f3a8        0x8 
 .rodata.BlackWidgetStyle
                0x0800f3b0       0x1c build/obj/gwidget.o
                0x0800f3b0                BlackWidgetStyle
 *fill*         0x0800f3cc        0x4 
 .rodata.WhiteWidgetStyle
                0x0800f3d0       0x1c build/obj/gwidget.o
                0x0800f3d0                WhiteWidgetStyle
 .rodata.str1.4
                0x00000000       0x9e build/obj/gwidget.o
                                  0x4 (size before relaxing)
 *fill*         0x0800f3ec        0x4 
 .rodata.GNullWindowManagerVMT
                0x0800f3f0       0x24 build/obj/gwm.o
 *fill*         0x0800f414        0xc 
 .rodata.GNullWindowManager
                0x0800f420        0x4 build/obj/gwm.o
 *fill*         0x0800f424        0xc 
 .rodata.str1.4
                0x0800f430       0x10 build/obj/console.o
 .rodata.consoleVMT
                0x0800f440       0x14 build/obj/console.o
 *fill*         0x0800f454        0xc 
 .rodata.buttonVMT
                0x0800f460       0x24 build/obj/button.o
 *fill*         0x0800f484        0xc 
 .rodata.str1.4
                0x0800f490        0x7 build/obj/button.o
                                  0x8 (size before relaxing)
 *fill*         0x0800f497        0x9 
 .rodata.str1.4
                0x0800f4a0        0x7 build/obj/slider.o
                                  0x8 (size before relaxing)
 *fill*         0x0800f4a7        0x9 
 .rodata.sliderVMT
                0x0800f4b0       0x24 build/obj/slider.o
 *fill*         0x0800f4d4        0xc 
 .rodata.labelVMT
                0x0800f4e0       0x24 build/obj/label.o
 *fill*         0x0800f504        0xc 
 .rodata.str1.4
                0x0800f510        0x6 build/obj/label.o
                                  0x8 (size before relaxing)
 *fill*         0x0800f516        0xa 
 .rodata.str1.4
                0x0800f520       0x63 build/obj/mouse.o
                                 0x64 (size before relaxing)
 *fill*         0x0800f583        0xd 
 .rodata.pwmcfg
                0x0800f590       0x34 build/obj/gdisp_lld_SSD1289.o
 *fill*         0x0800f5c4        0xc 
 .rodata.spicfg
                0x0800f5d0        0xc build/obj/ginput_lld_mouse.o
 *fill*         0x0800f5dc        0x4 
 .rodata.str1.4
                0x0800f5e0        0xc build/obj/syscalls.o
 .rodata.str1.4
                0x00000000        0x8 build/obj/chprintf.o
 *fill*         0x0800f5ec        0x4 
 .rodata.adcgrpcfg1
                0x0800f5f0       0x28 build/obj/main.o
 *fill*         0x0800f618        0x8 
 .rodata.adcgrpcfg2
                0x0800f620       0x28 build/obj/main.o
 *fill*         0x0800f648        0x8 
 .rodata.str1.4
                0x0800f650      0x2ea build/obj/main.o
                                0x300 (size before relaxing)
 *fill*         0x0800f93a        0x6 
 .rodata.states.9442
                0x0800f940       0x3c build/obj/main.o
 *fill*         0x0800f97c        0x4 
 .rodata.zeroes.6763
                0x0800f980       0x10 /opt/ARM/bin/../lib/gcc/arm-none-eabi/4.8.4/../../../../arm-none-eabi/lib/armv7e-m/fpu/libg.a(lib_a-svfprintf.o)
 .rodata.str1.4
                0x0800f990       0x3a /opt/ARM/bin/../lib/gcc/arm-none-eabi/4.8.4/../../../../arm-none-eabi/lib/armv7e-m/fpu/libg.a(lib_a-svfprintf.o)
                                 0x44 (size before relaxing)
 *fill*         0x0800f9ca        0x6 
 .rodata.blanks.6762
                0x0800f9d0       0x10 /opt/ARM/bin/../lib/gcc/arm-none-eabi/4.8.4/../../../../arm-none-eabi/lib/armv7e-m/fpu/libg.a(lib_a-svfprintf.o)
 .rodata.str1.4
                0x0800f9e0       0x10 /opt/ARM/bin/../lib/gcc/arm-none-eabi/4.8.4/../../../../arm-none-eabi/lib/armv7e-m/fpu/libg.a(lib_a-dtoa.o)
                                 0x14 (size before relaxing)
 .rodata.str1.4
                0x0800f9f0        0x2 /opt/ARM/bin/../lib/gcc/arm-none-eabi/4.8.4/../../../../arm-none-eabi/lib/armv7e-m/fpu/libg.a(lib_a-impure.o)
                                  0x4 (size before relaxing)
 *fill*         0x0800f9f2        0xe 
 .rodata.str1.4
                0x0800fa00        0xc /opt/ARM/bin/../lib/gcc/arm-none-eabi/4.8.4/../../../../arm-none-eabi/lib/armv7e-m/fpu/libg.a(lib_a-locale.o)
                                 0x14 (size before relaxing)
 *fill*         0x0800fa0c        0x4 
 .rodata.__mprec_tens
                0x0800fa10       0xc8 /opt/ARM/bin/../lib/gcc/arm-none-eabi/4.8.4/../../../../arm-none-eabi/lib/armv7e-m/fpu/libg.a(lib_a-mprec.o)
                0x0800fa10                __mprec_tens
 *fill*         0x0800fad8        0x8 
 .rodata.__mprec_bigtens
                0x0800fae0       0x28 /opt/ARM/bin/../lib/gcc/arm-none-eabi/4.8.4/../../../../arm-none-eabi/lib/armv7e-m/fpu/libg.a(lib_a-mprec.o)
                0x0800fae0                __mprec_bigtens
 *fill*         0x0800fb08        0x8 
 .rodata.p05.5269
                0x0800fb10        0xc /opt/ARM/bin/../lib/gcc/arm-none-eabi/4.8.4/../../../../arm-none-eabi/lib/armv7e-m/fpu/libg.a(lib_a-mprec.o)
 *(.glue_7t)
 .glue_7t       0x00000000        0x0 linker stubs
 *(.glue_7)
 .glue_7        0x00000000        0x0 linker stubs
 *(.gcc*)

.vfp11_veneer   0x0800fb1c        0x0
 .vfp11_veneer  0x00000000        0x0 linker stubs

.v4_bx          0x0800fb1c        0x0
 .v4_bx         0x00000000        0x0 linker stubs

.iplt           0x0800fb1c        0x0
 .iplt          0x00000000        0x0 build/obj/crt0.o

.ARM.extab
 *(.ARM.extab* .gnu.linkonce.armextab.*)

.ARM.exidx      0x0800fb1c        0x8
                0x0800fb1c                PROVIDE (__exidx_start, .)
 *(.ARM.exidx* .gnu.linkonce.armexidx.*)
 .ARM.exidx     0x0800fb1c        0x8 /opt/ARM/bin/../lib/gcc/arm-none-eabi/4.8.4/armv7e-m/fpu/libgcc.a(_divdi3.o)
 .ARM.exidx     0x0800fb24        0x0 /opt/ARM/bin/../lib/gcc/arm-none-eabi/4.8.4/armv7e-m/fpu/libgcc.a(_udivdi3.o)
                                  0x8 (size before relaxing)
                0x0800fb24                PROVIDE (__exidx_end, .)

.rel.dyn        0x0800fb24        0x0
 .rel.iplt      0x00000000        0x0 build/obj/crt0.o

.eh_frame_hdr
 *(.eh_frame_hdr)

.eh_frame
 *(.eh_frame)

.textalign      0x0800fb24        0x4
                0x0800fb28                . = ALIGN (0x8)
 *fill*         0x0800fb24        0x4 
                0x0800fb28                . = ALIGN (0x4)
                0x0800fb28                _etext = .
                0x0800fb28                _textdata = _etext

.stacks         0x20000000      0x800
                0x20000000                . = ALIGN (0x8)
                0x20000000                __main_stack_base__ = .
                0x20000400                . = (. + __main_stack_size__)
 *fill*         0x20000000      0x400 
                0x20000400                . = ALIGN (0x8)
                0x20000400                __main_stack_end__ = .
                0x20000400                __process_stack_base__ = .
                0x20000400                __main_thread_stack_base__ = .
                0x20000800                . = (. + __process_stack_size__)
 *fill*         0x20000400      0x400 
                0x20000800                . = ALIGN (0x8)
                0x20000800                __process_stack_end__ = .
                0x20000800                __main_thread_stack_end__ = .

.data           0x20000800      0x8bc load address 0x0800fb28
                0x20000800                . = ALIGN (0x4)
                0x20000800                PROVIDE (_data, .)
 *(.data)
                0x20000800                . = ALIGN (0x4)
 *(.data.*)
 .data.GDISP    0x20000800        0x4 build/obj/gdisp.o
                0x20000800                GDISP
 .data.defaultFgColor
                0x20000804        0x2 build/obj/gwin.o
 *fill*         0x20000806        0x2 
 .data.defaultStyle
                0x20000808        0x4 build/obj/gwidget.o
 .data.icucfg   0x2000080c       0x1c build/obj/main.o
 .data.icucfg2  0x20000828       0x1c build/obj/main.o
 .data.VREFMeasured
                0x20000844        0x4 build/obj/main.o
                0x20000844                VREFMeasured
 .data.impure_data
                0x20000848      0x428 /opt/ARM/bin/../lib/gcc/arm-none-eabi/4.8.4/../../../../arm-none-eabi/lib/armv7e-m/fpu/libg.a(lib_a-impure.o)
 .data._impure_ptr
                0x20000c70        0x4 /opt/ARM/bin/../lib/gcc/arm-none-eabi/4.8.4/../../../../arm-none-eabi/lib/armv7e-m/fpu/libg.a(lib_a-impure.o)
                0x20000c70                _impure_ptr
 .data.lconv    0x20000c74       0x38 /opt/ARM/bin/../lib/gcc/arm-none-eabi/4.8.4/../../../../arm-none-eabi/lib/armv7e-m/fpu/libg.a(lib_a-locale.o)
 .data.__malloc_av_
                0x20000cac      0x408 /opt/ARM/bin/../lib/gcc/arm-none-eabi/4.8.4/../../../../arm-none-eabi/lib/armv7e-m/fpu/libg.a(lib_a-mallocr.o)
                0x20000cac                __malloc_av_
 .data.__malloc_trim_threshold
                0x200010b4        0x4 /opt/ARM/bin/../lib/gcc/arm-none-eabi/4.8.4/../../../../arm-none-eabi/lib/armv7e-m/fpu/libg.a(lib_a-mallocr.o)
                0x200010b4                __malloc_trim_threshold
 .data.__malloc_sbrk_base
                0x200010b8        0x4 /opt/ARM/bin/../lib/gcc/arm-none-eabi/4.8.4/../../../../arm-none-eabi/lib/armv7e-m/fpu/libg.a(lib_a-mallocr.o)
                0x200010b8                __malloc_sbrk_base
                0x200010bc                . = ALIGN (0x4)
 *(.ramtext)
                0x200010bc                . = ALIGN (0x4)
                0x200010bc                PROVIDE (_edata, .)

.igot.plt       0x200010bc        0x0 load address 0x080103e4
 .igot.plt      0x00000000        0x0 build/obj/crt0.o

.bss            0x200010c0     0x3498 load address 0x080103e4
                0x200010c0                . = ALIGN (0x4)
                0x200010c0                PROVIDE (_bss_start, .)
 *(.bss)
                0x200010c0                . = ALIGN (0x4)
 *(.bss.*)
 .bss.mainthread.4840
                0x200010c0       0x4c build/obj/chsys.o
 *fill*         0x2000110c        0x4 
 .bss._idle_thread_wa
                0x20001110      0x168 build/obj/chsys.o
                0x20001110                _idle_thread_wa
 .bss.dbg_trace_buffer
                0x20001278      0x408 build/obj/chdebug.o
                0x20001278                dbg_trace_buffer
 .bss.dbg_panic_msg
                0x20001680        0x4 build/obj/chdebug.o
                0x20001680                dbg_panic_msg
 .bss.vtlist    0x20001684       0x10 build/obj/chvt.o
                0x20001684                vtlist
 .bss.rlist     0x20001694       0x1c build/obj/chschd.o
                0x20001694                rlist
 .bss.endmem    0x200016b0        0x4 build/obj/chmemcore.o
 .bss.nextmem   0x200016b4        0x4 build/obj/chmemcore.o
 .bss.default_heap
                0x200016b8       0x20 build/obj/chheap.o
 .bss.dma_isr_redir
                0x200016d8       0x80 build/obj/stm32_dma.o
 .bss.dma_streams_mask
                0x20001758        0x4 build/obj/stm32_dma.o
 .bss.ADCD1     0x2000175c       0x34 build/obj/adc_lld.o
                0x2000175c                ADCD1
 .bss.ADCD2     0x20001790       0x34 build/obj/adc_lld.o
                0x20001790                ADCD2
 .bss.dummytx   0x200017c4        0x2 build/obj/spi_lld.o
 *fill*         0x200017c6        0x2 
 .bss.SPID2     0x200017c8       0x30 build/obj/spi_lld.o
                0x200017c8                SPID2
 .bss.ICUD2     0x200017f8       0x18 build/obj/icu_lld.o
                0x200017f8                ICUD2
 .bss.ICUD5     0x20001810       0x18 build/obj/icu_lld.o
                0x20001810                ICUD5
 .bss.PWMD3     0x20001828       0x14 build/obj/pwm_lld.o
                0x20001828                PWMD3
 .bss.SD2       0x2000183c       0x78 build/obj/serial_lld.o
                0x2000183c                SD2
 .bss.initDone  0x200018b4        0x1 build/obj/gfx.o
 *fill*         0x200018b5        0x3 
 .bss.GDisplayArray
                0x200018b8       0x58 build/obj/gdisp.o
 .bss.Assignments
                0x20001910      0x200 build/obj/gevent.o
 .bss.geventMutex
                0x20001b10       0x10 build/obj/gevent.o
 .bss.mutex     0x20001b20       0x10 build/obj/gtimer.o
 .bss.hThread   0x20001b30        0x4 build/obj/gtimer.o
 *fill*         0x20001b34        0x4 
 .bss.waTimerThread
                0x20001b38      0x958 build/obj/gtimer.o
 .bss.pTimerHead
                0x20002490        0x4 build/obj/gtimer.o
 .bss.waitsem   0x20002494       0x10 build/obj/gtimer.o
 .bss.defaultFont
                0x200024a4        0x4 build/obj/gwin.o
 .bss.defaultBgColor
                0x200024a8        0x2 build/obj/gwin.o
 *fill*         0x200024aa        0x2 
 .bss.gl        0x200024ac       0x48 build/obj/gwidget.o
 .bss._GWINwm   0x200024f4        0x4 build/obj/gwm.o
                0x200024f4                _GWINwm
 .bss.RedrawTimer
                0x200024f8       0x1c build/obj/gwm.o
 .bss.RedrawDisplay
                0x20002514        0x4 build/obj/gwm.o
 .bss._GWINList
                0x20002518        0x8 build/obj/gwm.o
 .bss.RedrawPreserve
                0x20002520        0x1 build/obj/gwm.o
 *fill*         0x20002521        0x3 
 .bss.MouseTimer
                0x20002524       0x1c build/obj/mouse.o
 .bss.MouseConfig
                0x20002540       0x3c build/obj/mouse.o
 .bss.txbuf.7835
                0x2000257c        0x4 build/obj/ginput_lld_mouse.o
 .bss.rxbuf.7836
                0x20002580        0x4 build/obj/ginput_lld_mouse.o
 .bss.sampleBuf
                0x20002584       0x10 build/obj/ginput_lld_mouse.o
 .bss.lastx     0x20002594        0x2 build/obj/ginput_lld_mouse.o
 .bss.lasty     0x20002596        0x2 build/obj/ginput_lld_mouse.o
 .bss.last_period_2
                0x20002598        0x2 build/obj/main.o
                0x20002598                last_period_2
 *fill*         0x2000259a        0x2 
 .bss.ADCvalue  0x2000259c        0x4 build/obj/main.o
 .bss.console   0x200025a0        0x1 build/obj/main.o
                0x200025a0                console
 .bss.ADC2status
                0x200025a1        0x1 build/obj/main.o
                0x200025a1                ADC2status
 .bss.width     0x200025a2        0x2 build/obj/main.o
 .bss.Result    0x200025a4        0x8 build/obj/main.o
                0x200025a4                Result
 .bss.ADCvalue2
                0x200025ac        0x4 build/obj/main.o
 .bss.ICU2value
                0x200025b0        0x4 build/obj/main.o
 .bss.last_period
                0x200025b4        0x2 build/obj/main.o
                0x200025b4                last_period
 .bss.last_width
                0x200025b6        0x2 build/obj/main.o
                0x200025b6                last_width
 .bss.ghc       0x200025b8        0x4 build/obj/main.o
 .bss.samples1  0x200025bc      0x800 build/obj/main.o
 .bss.samples2  0x20002dbc      0x800 build/obj/main.o
 .bss.ADClabel  0x200035bc        0x4 build/obj/main.o
 .bss.ghBrightness
                0x200035c0        0x4 build/obj/main.o
 .bss.ICU2label
                0x200035c4        0x4 build/obj/main.o
 .bss.bWidth    0x200035c8        0x2 build/obj/main.o
 *fill*         0x200035ca        0x2 
 .bss.pem       0x200035cc        0x4 build/obj/main.o
 .bss.ghStatus2
                0x200035d0        0x4 build/obj/main.o
 .bss.height    0x200035d4        0x2 build/obj/main.o
 *fill*         0x200035d6        0x2 
 .bss.ghConsole
                0x200035d8        0x4 build/obj/main.o
 .bss.last_width_2
                0x200035dc        0x2 build/obj/main.o
                0x200035dc                last_width_2
 *fill*         0x200035de        0x2 
 .bss.ICU1label
                0x200035e0        0x4 build/obj/main.o
 .bss.ADClabel2
                0x200035e4        0x4 build/obj/main.o
 .bss.ghStatus1
                0x200035e8        0x4 build/obj/main.o
 .bss.font      0x200035ec        0x4 build/obj/main.o
 .bss.swidth    0x200035f0        0x2 build/obj/main.o
 *fill*         0x200035f2        0x2 
 .bss.ICU1value
                0x200035f4        0x4 build/obj/main.o
 .bss.gc        0x200035f8       0x24 build/obj/main.o
 .bss.pe        0x2000361c        0x4 build/obj/main.o
 .bss.sum       0x20003620        0x4 build/obj/main.o
                0x20003620                sum
 .bss.gl        0x20003624       0x48 build/obj/main.o
 .bss.sheight   0x2000366c        0x2 build/obj/main.o
 *fill*         0x2000366e        0x2 
 .bss.waThread1
                0x20003670      0x558 build/obj/main.o
 .bss.waThread2
                0x20003bc8      0x958 build/obj/main.o
 .bss.bHeight   0x20004520        0x2 build/obj/main.o
 *fill*         0x20004522        0x2 
 .bss.__malloc_max_total_mem
                0x20004524        0x4 /opt/ARM/bin/../lib/gcc/arm-none-eabi/4.8.4/../../../../arm-none-eabi/lib/armv7e-m/fpu/libg.a(lib_a-mallocr.o)
                0x20004524                __malloc_max_total_mem
 .bss.__malloc_max_sbrked_mem
                0x20004528        0x4 /opt/ARM/bin/../lib/gcc/arm-none-eabi/4.8.4/../../../../arm-none-eabi/lib/armv7e-m/fpu/libg.a(lib_a-mallocr.o)
                0x20004528                __malloc_max_sbrked_mem
 .bss.__malloc_top_pad
                0x2000452c        0x4 /opt/ARM/bin/../lib/gcc/arm-none-eabi/4.8.4/../../../../arm-none-eabi/lib/armv7e-m/fpu/libg.a(lib_a-mallocr.o)
                0x2000452c                __malloc_top_pad
 .bss.__malloc_current_mallinfo
                0x20004530       0x28 /opt/ARM/bin/../lib/gcc/arm-none-eabi/4.8.4/../../../../arm-none-eabi/lib/armv7e-m/fpu/libg.a(lib_a-mallocr.o)
                0x20004530                __malloc_current_mallinfo
                0x20004558                . = ALIGN (0x4)
 *(COMMON)
                0x20004558                . = ALIGN (0x4)
                0x20004558                PROVIDE (_bss_end, .)
                0x20004558                PROVIDE (end, .)
                0x20004558                _end = .
                0x20004558                __heap_base__ = _end
                0x2001c000                __heap_end__ = __ram_end__
START GROUP
LOAD /opt/ARM/bin/../lib/gcc/arm-none-eabi/4.8.4/armv7e-m/fpu/libgcc.a
LOAD /opt/ARM/bin/../lib/gcc/arm-none-eabi/4.8.4/../../../../arm-none-eabi/lib/armv7e-m/fpu/libg.a
LOAD /opt/ARM/bin/../lib/gcc/arm-none-eabi/4.8.4/../../../../arm-none-eabi/lib/armv7e-m/fpu/libc.a
END GROUP
OUTPUT(build/ch.elf elf32-littlearm)

.debug_info     0x00000000    0x2ba0f
 .debug_info    0x00000000      0x2ba build/obj/crt0.o
 .debug_info    0x000002ba      0x1cd build/obj/vectors.o
 .debug_info    0x00000487       0x92 build/obj/chcore.o
 .debug_info    0x00000519      0x9e4 build/obj/chcore_v7m.o
 .debug_info    0x00000efd      0x406 build/obj/nvic.o
 .debug_info    0x00001303      0x8f6 build/obj/chsys.o
 .debug_info    0x00001bf9      0x6fd build/obj/chdebug.o
 .debug_info    0x000022f6      0x617 build/obj/chlists.o
 .debug_info    0x0000290d      0x25e build/obj/chvt.o
 .debug_info    0x00002b6b      0xa79 build/obj/chschd.o
 .debug_info    0x000035e4      0xbdd build/obj/chthreads.o
 .debug_info    0x000041c1      0x9a1 build/obj/chdynamic.o
 .debug_info    0x00004b62      0x6eb build/obj/chregistry.o
 .debug_info    0x0000524d      0xb47 build/obj/chsem.o
 .debug_info    0x00005d94      0x9a5 build/obj/chmtx.o
 .debug_info    0x00006739      0xaea build/obj/chevents.o
 .debug_info    0x00007223      0xada build/obj/chqueues.o
 .debug_info    0x00007cfd      0x1d5 build/obj/chmemcore.o
 .debug_info    0x00007ed2      0x82e build/obj/chheap.o
 .debug_info    0x00008700      0x386 build/obj/chmempools.o
 .debug_info    0x00008a86      0x3d1 build/obj/hal.o
 .debug_info    0x00008e57      0xf00 build/obj/adc.o
 .debug_info    0x00009d57      0x5d6 build/obj/icu.o
 .debug_info    0x0000a32d      0x329 build/obj/pal.o
 .debug_info    0x0000a656      0x695 build/obj/pwm.o
 .debug_info    0x0000aceb     0x10f3 build/obj/serial.o
 .debug_info    0x0000bdde     0x127b build/obj/spi.o
 .debug_info    0x0000d059      0xace build/obj/stm32_dma.o
 .debug_info    0x0000db27      0x491 build/obj/hal_lld.o
 .debug_info    0x0000dfb8     0x120c build/obj/adc_lld.o
 .debug_info    0x0000f1c4      0x704 build/obj/pal_lld.o
 .debug_info    0x0000f8c8      0xee4 build/obj/spi_lld.o
 .debug_info    0x000107ac      0x84c build/obj/icu_lld.o
 .debug_info    0x00010ff8      0x7f8 build/obj/pwm_lld.o
 .debug_info    0x000117f0      0xefd build/obj/serial_lld.o
 .debug_info    0x000126ed      0x1f4 build/obj/board.o
 .debug_info    0x000128e1      0x1d0 build/obj/gfx.o
 .debug_info    0x00012ab1      0xbe1 build/obj/chibios.o
 .debug_info    0x00013692      0x562 build/obj/gqueue.o
 .debug_info    0x00013bf4     0x22c7 build/obj/gdisp.o
 .debug_info    0x00015ebb      0x98d build/obj/fonts.o
 .debug_info    0x00016848      0x181 build/obj/mf_encoding.o
 .debug_info    0x000169c9      0xa48 build/obj/mf_font.o
 .debug_info    0x00017411      0x9a1 build/obj/mf_justify.o
 .debug_info    0x00017db2      0xa51 build/obj/mf_rlefont.o
 .debug_info    0x00018803      0x774 build/obj/mf_bwfont.o
 .debug_info    0x00018f77      0x4cf build/obj/mf_scaledfont.o
 .debug_info    0x00019446      0xc34 build/obj/gevent.o
 .debug_info    0x0001a07a      0xb9e build/obj/gtimer.o
 .debug_info    0x0001ac18     0x1915 build/obj/gwin.o
 .debug_info    0x0001c52d     0x1395 build/obj/gwidget.o
 .debug_info    0x0001d8c2      0xd09 build/obj/gwm.o
 .debug_info    0x0001e5cb      0x9a4 build/obj/console.o
 .debug_info    0x0001ef6f     0x11d6 build/obj/button.o
 .debug_info    0x00020145     0x1332 build/obj/slider.o
 .debug_info    0x00021477      0xaa1 build/obj/label.o
 .debug_info    0x00021f18       0xca build/obj/ginput.o
 .debug_info    0x00021fe2     0x1a16 build/obj/mouse.o
 .debug_info    0x000239f8     0x2e9a build/obj/gdisp_lld_SSD1289.o
 .debug_info    0x00026892      0xe9c build/obj/ginput_lld_mouse.o
 .debug_info    0x0002772e      0xc42 build/obj/syscalls.o
 .debug_info    0x00028370      0x61d build/obj/chprintf.o
 .debug_info    0x0002898d     0x3082 build/obj/main.o

.debug_abbrev   0x00000000     0x8b98
 .debug_abbrev  0x00000000       0xee build/obj/crt0.o
 .debug_abbrev  0x000000ee       0xaf build/obj/vectors.o
 .debug_abbrev  0x0000019d       0x42 build/obj/chcore.o
 .debug_abbrev  0x000001df      0x1ca build/obj/chcore_v7m.o
 .debug_abbrev  0x000003a9      0x10e build/obj/nvic.o
 .debug_abbrev  0x000004b7      0x213 build/obj/chsys.o
 .debug_abbrev  0x000006ca      0x1b2 build/obj/chdebug.o
 .debug_abbrev  0x0000087c      0x153 build/obj/chlists.o
 .debug_abbrev  0x000009cf      0x135 build/obj/chvt.o
 .debug_abbrev  0x00000b04      0x27d build/obj/chschd.o
 .debug_abbrev  0x00000d81      0x2ed build/obj/chthreads.o
 .debug_abbrev  0x0000106e      0x21b build/obj/chdynamic.o
 .debug_abbrev  0x00001289      0x193 build/obj/chregistry.o
 .debug_abbrev  0x0000141c      0x250 build/obj/chsem.o
 .debug_abbrev  0x0000166c      0x238 build/obj/chmtx.o
 .debug_abbrev  0x000018a4      0x2a3 build/obj/chevents.o
 .debug_abbrev  0x00001b47      0x2b5 build/obj/chqueues.o
 .debug_abbrev  0x00001dfc      0x148 build/obj/chmemcore.o
 .debug_abbrev  0x00001f44      0x1f2 build/obj/chheap.o
 .debug_abbrev  0x00002136      0x1d2 build/obj/chmempools.o
 .debug_abbrev  0x00002308      0x1c8 build/obj/hal.o
 .debug_abbrev  0x000024d0      0x2a3 build/obj/adc.o
 .debug_abbrev  0x00002773      0x190 build/obj/icu.o
 .debug_abbrev  0x00002903      0x155 build/obj/pal.o
 .debug_abbrev  0x00002a58      0x190 build/obj/pwm.o
 .debug_abbrev  0x00002be8      0x2b5 build/obj/serial.o
 .debug_abbrev  0x00002e9d      0x254 build/obj/spi.o
 .debug_abbrev  0x000030f1      0x23f build/obj/stm32_dma.o
 .debug_abbrev  0x00003330      0x12b build/obj/hal_lld.o
 .debug_abbrev  0x0000345b      0x2fc build/obj/adc_lld.o
 .debug_abbrev  0x00003757      0x1aa build/obj/pal_lld.o
 .debug_abbrev  0x00003901      0x30a build/obj/spi_lld.o
 .debug_abbrev  0x00003c0b      0x22e build/obj/icu_lld.o
 .debug_abbrev  0x00003e39      0x23c build/obj/pwm_lld.o
 .debug_abbrev  0x00004075      0x2f3 build/obj/serial_lld.o
 .debug_abbrev  0x00004368       0xe3 build/obj/board.o
 .debug_abbrev  0x0000444b       0xa2 build/obj/gfx.o
 .debug_abbrev  0x000044ed      0x28a build/obj/chibios.o
 .debug_abbrev  0x00004777      0x1c4 build/obj/gqueue.o
 .debug_abbrev  0x0000493b      0x3d2 build/obj/gdisp.o
 .debug_abbrev  0x00004d0d      0x21e build/obj/fonts.o
 .debug_abbrev  0x00004f2b       0xd1 build/obj/mf_encoding.o
 .debug_abbrev  0x00004ffc      0x1fe build/obj/mf_font.o
 .debug_abbrev  0x000051fa      0x299 build/obj/mf_justify.o