Archive member included because of file (symbol)

/opt/ARM/bin/../lib/gcc/arm-none-eabi/4.8.4/armv7e-m/fpu/libgcc.a(_aeabi_ldivmod.o)
                              build/obj/main.o (__aeabi_ldivmod)
/opt/ARM/bin/../lib/gcc/arm-none-eabi/4.8.4/armv7e-m/fpu/libgcc.a(_aeabi_uldivmod.o)
                              build/obj/main.o (__aeabi_uldivmod)
/opt/ARM/bin/../lib/gcc/arm-none-eabi/4.8.4/armv7e-m/fpu/libgcc.a(bpabi.o)
                              /opt/ARM/bin/../lib/gcc/arm-none-eabi/4.8.4/armv7e-m/fpu/libgcc.a(_aeabi_ldivmod.o) (__gnu_ldivmod_helper)
/opt/ARM/bin/../lib/gcc/arm-none-eabi/4.8.4/armv7e-m/fpu/libgcc.a(_dvmd_tls.o)
                              /opt/ARM/bin/../lib/gcc/arm-none-eabi/4.8.4/armv7e-m/fpu/libgcc.a(_aeabi_ldivmod.o) (__aeabi_ldiv0)
/opt/ARM/bin/../lib/gcc/arm-none-eabi/4.8.4/armv7e-m/fpu/libgcc.a(_divdi3.o)
                              /opt/ARM/bin/../lib/gcc/arm-none-eabi/4.8.4/armv7e-m/fpu/libgcc.a(bpabi.o) (__divdi3)
/opt/ARM/bin/../lib/gcc/arm-none-eabi/4.8.4/armv7e-m/fpu/libgcc.a(_udivdi3.o)
                              /opt/ARM/bin/../lib/gcc/arm-none-eabi/4.8.4/armv7e-m/fpu/libgcc.a(bpabi.o) (__udivdi3)
/opt/ARM/bin/../lib/gcc/arm-none-eabi/4.8.4/../../../../arm-none-eabi/lib/armv7e-m/fpu/libg.a(lib_a-memcpy.o)
                              build/obj/chibios.o (memcpy)
/opt/ARM/bin/../lib/gcc/arm-none-eabi/4.8.4/../../../../arm-none-eabi/lib/armv7e-m/fpu/libg.a(lib_a-memset.o)
                              build/obj/syscalls.o (memset)
/opt/ARM/bin/../lib/gcc/arm-none-eabi/4.8.4/../../../../arm-none-eabi/lib/armv7e-m/fpu/libg.a(lib_a-sprintf.o)
                              build/obj/main.o (sprintf)
/opt/ARM/bin/../lib/gcc/arm-none-eabi/4.8.4/../../../../arm-none-eabi/lib/armv7e-m/fpu/libg.a(lib_a-strcmp.o)
                              build/obj/gfile.o (strcmp)
/opt/ARM/bin/../lib/gcc/arm-none-eabi/4.8.4/../../../../arm-none-eabi/lib/armv7e-m/fpu/libg.a(lib_a-strcpy.o)
                              build/obj/gwidget.o (strcpy)
/opt/ARM/bin/../lib/gcc/arm-none-eabi/4.8.4/../../../../arm-none-eabi/lib/armv7e-m/fpu/libg.a(lib_a-strlen.o)
                              build/obj/gwidget.o (strlen)
/opt/ARM/bin/../lib/gcc/arm-none-eabi/4.8.4/../../../../arm-none-eabi/lib/armv7e-m/fpu/libg.a(lib_a-strncat.o)
                              build/obj/main.o (strncat)
/opt/ARM/bin/../lib/gcc/arm-none-eabi/4.8.4/../../../../arm-none-eabi/lib/armv7e-m/fpu/libg.a(lib_a-svfprintf.o)
                              /opt/ARM/bin/../lib/gcc/arm-none-eabi/4.8.4/../../../../arm-none-eabi/lib/armv7e-m/fpu/libg.a(lib_a-sprintf.o) (_svfprintf_r)
/opt/ARM/bin/../lib/gcc/arm-none-eabi/4.8.4/../../../../arm-none-eabi/lib/armv7e-m/fpu/libg.a(lib_a-dtoa.o)
                              /opt/ARM/bin/../lib/gcc/arm-none-eabi/4.8.4/../../../../arm-none-eabi/lib/armv7e-m/fpu/libg.a(lib_a-svfprintf.o) (_dtoa_r)
/opt/ARM/bin/../lib/gcc/arm-none-eabi/4.8.4/../../../../arm-none-eabi/lib/armv7e-m/fpu/libg.a(lib_a-impure.o)
                              /opt/ARM/bin/../lib/gcc/arm-none-eabi/4.8.4/../../../../arm-none-eabi/lib/armv7e-m/fpu/libg.a(lib_a-sprintf.o) (_impure_ptr)
/opt/ARM/bin/../lib/gcc/arm-none-eabi/4.8.4/../../../../arm-none-eabi/lib/armv7e-m/fpu/libg.a(lib_a-locale.o)
                              /opt/ARM/bin/../lib/gcc/arm-none-eabi/4.8.4/../../../../arm-none-eabi/lib/armv7e-m/fpu/libg.a(lib_a-svfprintf.o) (_localeconv_r)
/opt/ARM/bin/../lib/gcc/arm-none-eabi/4.8.4/../../../../arm-none-eabi/lib/armv7e-m/fpu/libg.a(lib_a-mallocr.o)
                              /opt/ARM/bin/../lib/gcc/arm-none-eabi/4.8.4/../../../../arm-none-eabi/lib/armv7e-m/fpu/libg.a(lib_a-svfprintf.o) (_malloc_r)
/opt/ARM/bin/../lib/gcc/arm-none-eabi/4.8.4/../../../../arm-none-eabi/lib/armv7e-m/fpu/libg.a(lib_a-memchr-stub.o)
                              /opt/ARM/bin/../lib/gcc/arm-none-eabi/4.8.4/../../../../arm-none-eabi/lib/armv7e-m/fpu/libg.a(lib_a-svfprintf.o) (memchr)
/opt/ARM/bin/../lib/gcc/arm-none-eabi/4.8.4/../../../../arm-none-eabi/lib/armv7e-m/fpu/libg.a(lib_a-mlock.o)
                              /opt/ARM/bin/../lib/gcc/arm-none-eabi/4.8.4/../../../../arm-none-eabi/lib/armv7e-m/fpu/libg.a(lib_a-mallocr.o) (__malloc_lock)
/opt/ARM/bin/../lib/gcc/arm-none-eabi/4.8.4/../../../../arm-none-eabi/lib/armv7e-m/fpu/libg.a(lib_a-mprec.o)
                              /opt/ARM/bin/../lib/gcc/arm-none-eabi/4.8.4/../../../../arm-none-eabi/lib/armv7e-m/fpu/libg.a(lib_a-dtoa.o) (_Balloc)
/opt/ARM/bin/../lib/gcc/arm-none-eabi/4.8.4/../../../../arm-none-eabi/lib/armv7e-m/fpu/libg.a(lib_a-s_fpclassify.o)
                              /opt/ARM/bin/../lib/gcc/arm-none-eabi/4.8.4/../../../../arm-none-eabi/lib/armv7e-m/fpu/libg.a(lib_a-svfprintf.o) (__fpclassifyd)
/opt/ARM/bin/../lib/gcc/arm-none-eabi/4.8.4/../../../../arm-none-eabi/lib/armv7e-m/fpu/libg.a(lib_a-svfiprintf.o)
[...]
Memory Configuration

Name             Origin             Length             Attributes
flash            0x08000000         0x00100000
ram              0x20000000         0x0001c000
ethram           0x2001c000         0x00004000
ccmram           0x10000000         0x00010000
*default*        0x00000000         0xffffffff

Linker script and memory map

LOAD build/obj/crt0.o
LOAD build/obj/vectors.o
LOAD build/obj/chcore.o
LOAD build/obj/chcore_v7m.o
LOAD build/obj/nvic.o
LOAD build/obj/chsys.o
LOAD build/obj/chdebug.o
LOAD build/obj/chlists.o
LOAD build/obj/chvt.o
LOAD build/obj/chschd.o
LOAD build/obj/chthreads.o
LOAD build/obj/chdynamic.o
LOAD build/obj/chregistry.o
LOAD build/obj/chsem.o
LOAD build/obj/chmtx.o
LOAD build/obj/chcond.o
LOAD build/obj/chevents.o
LOAD build/obj/chmsg.o
LOAD build/obj/chmboxes.o
LOAD build/obj/chqueues.o
LOAD build/obj/chmemcore.o
LOAD build/obj/chheap.o
LOAD build/obj/chmempools.o
LOAD build/obj/hal.o
LOAD build/obj/adc.o
LOAD build/obj/can.o
LOAD build/obj/ext.o
LOAD build/obj/gpt.o
LOAD build/obj/i2c.o
LOAD build/obj/icu.o
LOAD build/obj/mac.o
LOAD build/obj/mmc_spi.o
LOAD build/obj/mmcsd.o
LOAD build/obj/pal.o
LOAD build/obj/pwm.o
LOAD build/obj/rtc.o
LOAD build/obj/sdc.o
LOAD build/obj/serial.o
LOAD build/obj/serial_usb.o
LOAD build/obj/spi.o
LOAD build/obj/tm.o
LOAD build/obj/uart.o
LOAD build/obj/usb.o
LOAD build/obj/stm32_dma.o
LOAD build/obj/hal_lld.o
LOAD build/obj/adc_lld.o
LOAD build/obj/ext_lld_isr.o
LOAD build/obj/can_lld.o
LOAD build/obj/ext_lld.o
LOAD build/obj/mac_lld.o
LOAD build/obj/sdc_lld.o
LOAD build/obj/pal_lld.o
LOAD build/obj/i2c_lld.o
LOAD build/obj/usb_lld.o
LOAD build/obj/rtc_lld.o
LOAD build/obj/spi_lld.o
LOAD build/obj/gpt_lld.o
LOAD build/obj/icu_lld.o
LOAD build/obj/pwm_lld.o
LOAD build/obj/serial_lld.o
LOAD build/obj/uart_lld.o
LOAD build/obj/board.o
LOAD build/obj/gfx.o
LOAD build/obj/chibios.o
LOAD build/obj/freertos.o
LOAD build/obj/win32.o
LOAD build/obj/linux.o
LOAD build/obj/osx.o
LOAD build/obj/raw32.o
LOAD build/obj/gqueue.o
LOAD build/obj/gdisp.o
LOAD build/obj/fonts.o
LOAD build/obj/image.o
LOAD build/obj/image_native.o
LOAD build/obj/image_gif.o
LOAD build/obj/image_bmp.o
LOAD build/obj/image_jpg.o
LOAD build/obj/image_png.o
LOAD build/obj/mf_encoding.o
LOAD build/obj/mf_font.o
LOAD build/obj/mf_justify.o
LOAD build/obj/mf_kerning.o
LOAD build/obj/mf_rlefont.o
LOAD build/obj/mf_bwfont.o
LOAD build/obj/mf_scaledfont.o
LOAD build/obj/mf_wordwrap.o
LOAD build/obj/gevent.o
LOAD build/obj/gtimer.o
LOAD build/obj/gwin.o
LOAD build/obj/gwidget.o
LOAD build/obj/gwm.o
LOAD build/obj/console.o
LOAD build/obj/graph.o
LOAD build/obj/button.o
LOAD build/obj/slider.o
LOAD build/obj/checkbox.o
LOAD build/obj/gimage.o
LOAD build/obj/label.o
LOAD build/obj/radio.o
LOAD build/obj/list.o
LOAD build/obj/progressbar.o
LOAD build/obj/gcontainer.o
LOAD build/obj/frame.o
LOAD build/obj/ginput.o
LOAD build/obj/mouse.o
LOAD build/obj/keyboard.o
LOAD build/obj/toggle.o
LOAD build/obj/dial.o
LOAD build/obj/gadc.o
LOAD build/obj/gaudio.o
LOAD build/obj/gmisc.o
LOAD build/obj/arrayops.o
LOAD build/obj/trig.o
LOAD build/obj/gfile.o
LOAD build/obj/gdisp_lld_SSD1289.o
LOAD build/obj/ginput_lld_mouse.o
LOAD build/obj/syscalls.o
LOAD build/obj/chprintf.o
LOAD build/obj/main.o
                0x00000400                __main_stack_size__ = 0x400
                0x00000400                __process_stack_size__ = 0x400
                0x20000000                __ram_start__ = ORIGIN (ram)
                0x0001c000                __ram_size__ = 0x1c000
                0x2001c000                __ram_end__ = (__ram_start__ + __ram_size__)
                0x00000000                . = 0x0
                0x00000000                _text = .

startup         0x08000000      0x1ac
 *(vectors)
 vectors        0x08000000      0x1ac build/obj/vectors.o
                0x08000000                _vectors

constructors    0x080001ac        0x0
                0x080001ac                PROVIDE (__init_array_start, .)
 *(SORT(.init_array.*))
 *(.init_array)
                0x080001ac                PROVIDE (__init_array_end, .)

destructors     0x080001ac        0x0
                0x080001ac                PROVIDE (__fini_array_start, .)
 *(.fini_array)
 *(SORT(.fini_array.*))
                0x080001ac                PROVIDE (__fini_array_end, .)

.text           0x080001b0    0x1df5c
 *(.text.startup.*)
 .text.startup.main
                0x080001b0      0x4a0 build/obj/main.o
                0x080001b0                main
 *(.text)
 .text          0x08000650       0x38 /opt/ARM/bin/../lib/gcc/arm-none-eabi/4.8.4/armv7e-m/fpu/libgcc.a(_aeabi_ldivmod.o)
                0x08000650                __aeabi_ldivmod
 *fill*         0x08000688        0x8 
 .text          0x08000690       0x2c /opt/ARM/bin/../lib/gcc/arm-none-eabi/4.8.4/armv7e-m/fpu/libgcc.a(_aeabi_uldivmod.o)
                0x08000690                __aeabi_uldivmod
 *fill*         0x080006bc        0x4 
 .text          0x080006c0       0x60 /opt/ARM/bin/../lib/gcc/arm-none-eabi/4.8.4/armv7e-m/fpu/libgcc.a(bpabi.o)
                0x080006c0                __gnu_ldivmod_helper
                0x080006f0                __gnu_uldivmod_helper
 .text          0x08000720        0x4 /opt/ARM/bin/../lib/gcc/arm-none-eabi/4.8.4/armv7e-m/fpu/libgcc.a(_dvmd_tls.o)
                0x08000720                __aeabi_ldiv0
                0x08000720                __aeabi_idiv0
 *fill*         0x08000724        0xc 
 .text          0x08000730      0x298 /opt/ARM/bin/../lib/gcc/arm-none-eabi/4.8.4/armv7e-m/fpu/libgcc.a(_divdi3.o)
                0x08000730                __divdi3
 *fill*         0x080009c8        0x8 
 .text          0x080009d0      0x284 /opt/ARM/bin/../lib/gcc/arm-none-eabi/4.8.4/armv7e-m/fpu/libgcc.a(_udivdi3.o)
                0x080009d0                __udivdi3
 *fill*         0x08000c54        0xc 
 .text          0x08000c60      0x134 /opt/ARM/bin/../lib/gcc/arm-none-eabi/4.8.4/../../../../arm-none-eabi/lib/armv7e-m/fpu/libg.a(lib_a-memcpy.o)
                0x08000c60                memcpy
 *fill*         0x08000d94        0xc 
 .text          0x08000da0      0x21c /opt/ARM/bin/../lib/gcc/arm-none-eabi/4.8.4/../../../../arm-none-eabi/lib/armv7e-m/fpu/libg.a(lib_a-strcmp.o)
                0x08000da0                strcmp
 *fill*         0x08000fbc        0x4 
 .text          0x08000fc0      0x370 /opt/ARM/bin/../lib/gcc/arm-none-eabi/4.8.4/armv7e-m/fpu/libgcc.a(_arm_addsubdf3.o)
                0x08000fc0                __aeabi_drsub
                0x08000fc8                __aeabi_dsub
                0x08000fc8                __subdf3
                0x08000fcc                __adddf3
                0x08000fcc                __aeabi_dadd
                0x08001244                __aeabi_ui2d
                0x08001244                __floatunsidf
                0x08001264                __floatsidf
                0x08001264                __aeabi_i2d
                0x08001288                __extendsfdf2
                0x08001288                __aeabi_f2d
                0x080012c4                __aeabi_ul2d
                0x080012c4                __floatundidf
                0x080012d4                __floatdidf
                0x080012d4                __aeabi_l2d
 .text          0x08001330      0x424 /opt/ARM/bin/../lib/gcc/arm-none-eabi/4.8.4/armv7e-m/fpu/libgcc.a(_arm_muldivdf3.o)
                0x08001330                __aeabi_dmul
                0x08001330                __muldf3
                0x08001584                __aeabi_ddiv
                0x08001584                __divdf3
 *fill*         0x08001754        0xc 
 .text          0x08001760      0x110 /opt/ARM/bin/../lib/gcc/arm-none-eabi/4.8.4/armv7e-m/fpu/libgcc.a(_arm_cmpdf2.o)
                0x08001760                __gtdf2
                0x08001760                __gedf2
                0x08001768                __ltdf2
                0x08001768                __ledf2
                0x08001770                __cmpdf2
                0x08001770                __eqdf2
                0x08001770                __nedf2
                0x080017ec                __aeabi_cdrcmple
                0x080017fc                __aeabi_cdcmple
                0x080017fc                __aeabi_cdcmpeq
                0x0800180c                __aeabi_dcmpeq
                0x08001820                __aeabi_dcmplt
                0x08001834                __aeabi_dcmple
                0x08001848                __aeabi_dcmpge
                0x0800185c                __aeabi_dcmpgt
 .text          0x08001870       0x50 /opt/ARM/bin/../lib/gcc/arm-none-eabi/4.8.4/armv7e-m/fpu/libgcc.a(_arm_fixdfsi.o)
                0x08001870                __fixdfsi
                0x08001870                __aeabi_d2iz
 *(.text.*)
 .text.__late_init
                0x080018c0       0x10 build/obj/crt0.o
                0x080018c0                __late_init
 .text._default_exit
                0x080018d0       0x10 build/obj/crt0.o
                0x080018d0                _default_exit
 .text.ResetHandler
                0x080018e0      0x120 build/obj/crt0.o
                0x080018e0                ResetHandler
 .text._unhandled_exception
                0x08001a00       0x10 build/obj/vectors.o
                0x08001a00                Vector58
                0x08001a00                VectorE8
                0x08001a00                Vector9C
                0x08001a00                VectorAC
                0x08001a00                Vector1A0
                0x08001a00                Vector5C
                0x08001a00                NMIVector
                0x08001a00                Vector11C
                0x08001a00                Vector19C
                0x08001a00                Vector8C
                0x08001a00                VectorDC
                0x08001a00                Vector168
                0x08001a00                Vector110
                0x08001a00                VectorC8
                0x08001a00                Vector94
                0x08001a00                VectorA8
                0x08001a00                Vector160
                0x08001a00                VectorEC
                0x08001a00                UsageFaultVector
                0x08001a00                DebugMonitorVector
                0x08001a00                Vector40
                0x08001a00                VectorF8
                0x08001a00                VectorBC
                0x08001a00                Vector190
                0x08001a00                Vector148
                0x08001a00                Vector188
                0x08001a00                PendSVVector
                0x08001a00                Vector198
                0x08001a00                Vector118
                0x08001a00                Vector64
                0x08001a00                VectorCC
                0x08001a00                Vector54
                0x08001a00                Vector98
                0x08001a00                Vector138
                0x08001a00                Vector24
                0x08001a00                Vector178
                0x08001a00                Vector1A4
                0x08001a00                BusFaultVector
                0x08001a00                VectorD0
                0x08001a00                Vector140
                0x08001a00                VectorE4
                0x08001a00                VectorC0
                0x08001a00                HardFaultVector
                0x08001a00                Vector134
                0x08001a00                VectorF0
                0x08001a00                Vector13C
                0x08001a00                Vector100
                0x08001a00                VectorE0
                0x08001a00                VectorF4
                0x08001a00                MemManageVector
                0x08001a00                VectorA0
                0x08001a00                VectorC4
                0x08001a00                Vector180
                0x08001a00                VectorB0
                0x08001a00                Vector90
                0x08001a00                Vector114
                0x08001a00                Vector164
                0x08001a00                Vector60
                0x08001a00                Vector1C
                0x08001a00                Vector17C
                0x08001a00                Vector48
                0x08001a00                Vector1A8
                0x08001a00                Vector16C
                0x08001a00                VectorD4
                0x08001a00                Vector4C
                0x08001a00                Vector144
                0x08001a00                Vector15C
                0x08001a00                Vector68
                0x08001a00                _unhandled_exception
                0x08001a00                Vector170
                0x08001a00                Vector104
                0x08001a00                Vector184
                0x08001a00                Vector10C
                0x08001a00                Vector14C
                0x08001a00                Vector50
                0x08001a00                Vector194
                0x08001a00                Vector44
                0x08001a00                Vector28
                0x08001a00                VectorB8
                0x08001a00                Vector34
                0x08001a00                VectorA4
                0x08001a00                Vector20
                0x08001a00                Vector18C
                0x08001a00                Vector174
 .text.port_halt
                0x08001a10       0x10 build/obj/chcore.o
                0x08001a10                port_halt
 .text._port_switch_from_isr
                0x08001a20       0x10 build/obj/chcore_v7m.o
                0x08001a20                _port_switch_from_isr
 .text.SVCallVector
                0x08001a30       0x30 build/obj/chcore_v7m.o
                0x08001a30                SVCallVector
 .text._port_init
                0x08001a60       0x30 build/obj/chcore_v7m.o
                0x08001a60                _port_init
 .text._port_lock
                0x08001a90       0x10 build/obj/chcore_v7m.o
                0x08001a90                _port_lock
 .text._port_unlock
                0x08001aa0       0x10 build/obj/chcore_v7m.o
                0x08001aa0                _port_unlock
 .text._port_irq_epilogue
                0x08001ab0       0x80 build/obj/chcore_v7m.o
                0x08001ab0                _port_irq_epilogue
 .text.SysTickVector
                0x08001b30       0x20 build/obj/chcore_v7m.o
                0x08001b30                SysTickVector
 .text._port_switch
                0x08001b50       0x20 build/obj/chcore_v7m.o
                0x08001b50                _port_switch
 .text._port_thread_start
                0x08001b70       0x20 build/obj/chcore_v7m.o
                0x08001b70                _port_thread_start
 .text.nvicEnableVector
                0x08001b90       0x50 build/obj/nvic.o
                0x08001b90                nvicEnableVector
 .text.nvicSetSystemHandlerPriority
                0x08001be0       0x30 build/obj/nvic.o
                0x08001be0                nvicSetSystemHandlerPriority
 .text._idle_thread
                0x08001c10       0x20 build/obj/chsys.o
                0x08001c10                _idle_thread
 .text.chSysInit
                0x08001c30       0x70 build/obj/chsys.o
                0x08001c30                chSysInit
 .text.chSysTimerHandlerI
                0x08001ca0       0x60 build/obj/chsys.o
                0x08001ca0                chSysTimerHandlerI
 .text._trace_init
                0x08001d00       0x20 build/obj/chdebug.o
                0x08001d00                _trace_init
 .text.dbg_trace
                0x08001d20       0x40 build/obj/chdebug.o
                0x08001d20                dbg_trace
 .text.chDbgPanic
                0x08001d60       0x10 build/obj/chdebug.o
                0x08001d60                chDbgPanic
 .text.prio_insert
                0x08001d70       0x30 build/obj/chlists.o
                0x08001d70                prio_insert
 .text.queue_insert
                0x08001da0       0x10 build/obj/chlists.o
                0x08001da0                queue_insert
 .text.fifo_remove
                0x08001db0       0x10 build/obj/chlists.o
                0x08001db0                fifo_remove
 .text.dequeue  0x08001dc0       0x10 build/obj/chlists.o
                0x08001dc0                dequeue
 .text.list_remove
                0x08001dd0       0x10 build/obj/chlists.o
                0x08001dd0                list_remove
 .text._vt_init
                0x08001de0       0x20 build/obj/chvt.o
                0x08001de0                _vt_init
 .text.chVTSetI
                0x08001e00       0x50 build/obj/chvt.o
                0x08001e00                chVTSetI
 .text.chVTResetI
                0x08001e50       0x50 build/obj/chvt.o
                0x08001e50                chVTResetI
 .text._scheduler_init
                0x08001ea0       0x20 build/obj/chschd.o
                0x08001ea0                _scheduler_init
 .text.chSchReadyI
                0x08001ec0       0x40 build/obj/chschd.o
                0x08001ec0                chSchReadyI
 .text.wakeup   0x08001f00       0x50 build/obj/chschd.o
 .text.chSchGoSleepS
                0x08001f50       0x50 build/obj/chschd.o
                0x08001f50                chSchGoSleepS
 .text.chSchGoSleepTimeoutS
                0x08001fa0       0x50 build/obj/chschd.o
                0x08001fa0                chSchGoSleepTimeoutS
 .text.chSchWakeupS
                0x08001ff0       0x60 build/obj/chschd.o
                0x08001ff0                chSchWakeupS
 .text.chSchDoRescheduleBehind
                0x08002050       0x50 build/obj/chschd.o
                0x08002050                chSchDoRescheduleBehind
 .text.chSchDoRescheduleAhead
                0x080020a0       0x60 build/obj/chschd.o
                0x080020a0                chSchDoRescheduleAhead
 .text.chSchRescheduleS
                0x08002100       0x20 build/obj/chschd.o
                0x08002100                chSchRescheduleS
 .text.chSchDoReschedule
                0x08002120       0x20 build/obj/chschd.o
                0x08002120                chSchDoReschedule
 .text._thread_init
                0x08002140       0x60 build/obj/chthreads.o
                0x08002140                _thread_init
 .text._thread_memfill
                0x080021a0       0x10 build/obj/chthreads.o
                0x080021a0                _thread_memfill
 .text.chThdCreateI
                0x080021b0       0xa0 build/obj/chthreads.o
                0x080021b0                chThdCreateI
 .text.chThdCreateStatic
                0x08002250       0x50 build/obj/chthreads.o
                0x08002250                chThdCreateStatic
 .text.chThdSleep
                0x080022a0       0x30 build/obj/chthreads.o
                0x080022a0                chThdSleep
 .text.chThdYield
                0x080022d0       0x30 build/obj/chthreads.o
                0x080022d0                chThdYield
 .text.chThdExitS
                0x08002300       0x50 build/obj/chthreads.o
                0x08002300                chThdExitS
 .text.chThdExit
                0x08002350       0x10 build/obj/chthreads.o
                0x08002350                chThdExit
 .text.chThdCreateFromHeap
                0x08002360       0x60 build/obj/chdynamic.o
                0x08002360                chThdCreateFromHeap
 .text.chSemInit
                0x080023c0       0x30 build/obj/chsem.o
                0x080023c0                chSemInit
 .text.chSemWaitS
                0x080023f0       0x60 build/obj/chsem.o
                0x080023f0                chSemWaitS
 .text.chSemWait
                0x08002450       0x10 build/obj/chsem.o
                0x08002450                chSemWait
 .text.chSemWaitTimeoutS
                0x08002460       0x70 build/obj/chsem.o
                0x08002460                chSemWaitTimeoutS
 .text.chSemWaitTimeout
                0x080024d0       0x10 build/obj/chsem.o
                0x080024d0                chSemWaitTimeout
 .text.chSemSignalI
                0x080024e0       0x60 build/obj/chsem.o
                0x080024e0                chSemSignalI
 .text.chMtxInit
                0x08002540       0x20 build/obj/chmtx.o
                0x08002540                chMtxInit
 .text.chMtxLockS
                0x08002560       0xb0 build/obj/chmtx.o
                0x08002560                chMtxLockS
 .text.chMtxLock
                0x08002610       0x10 build/obj/chmtx.o
                0x08002610                chMtxLock
 .text.chMtxUnlock
                0x08002620       0x80 build/obj/chmtx.o
                0x08002620                chMtxUnlock
 .text.chEvtSignalI
                0x080026a0       0x60 build/obj/chevents.o
                0x080026a0                chEvtSignalI
 .text.chEvtBroadcastFlagsI
                0x08002700       0x30 build/obj/chevents.o
                0x08002700                chEvtBroadcastFlagsI
 .text.qwait    0x08002730       0x30 build/obj/chqueues.o
 .text.chIQInit
                0x08002760       0x20 build/obj/chqueues.o
                0x08002760                chIQInit
 .text.chIQPutI
                0x08002780       0x50 build/obj/chqueues.o
                0x08002780                chIQPutI
 .text.chIQGetTimeout
                0x080027d0       0x50 build/obj/chqueues.o
                0x080027d0                chIQGetTimeout
 .text.chIQReadTimeout
                0x08002820       0x90 build/obj/chqueues.o
                0x08002820                chIQReadTimeout
 .text.chOQInit
                0x080028b0       0x20 build/obj/chqueues.o
                0x080028b0                chOQInit
 .text.chOQPutTimeout
                0x080028d0       0x50 build/obj/chqueues.o
                0x080028d0                chOQPutTimeout
 .text.chOQGetI
                0x08002920       0x50 build/obj/chqueues.o
                0x08002920                chOQGetI
 .text.chOQWriteTimeout
                0x08002970       0x80 build/obj/chqueues.o
                0x08002970                chOQWriteTimeout
 .text._core_init
                0x080029f0       0x30 build/obj/chmemcore.o
                0x080029f0                _core_init
 .text.chCoreAlloc
                0x08002a20       0x40 build/obj/chmemcore.o
                0x08002a20                chCoreAlloc
 .text._heap_init
                0x08002a60       0x20 build/obj/chheap.o
                0x08002a60                _heap_init
 .text.chHeapAlloc
                0x08002a80       0x80 build/obj/chheap.o
                0x08002a80                chHeapAlloc
 .text.chHeapFree
                0x08002b00       0xd0 build/obj/chheap.o
                0x08002b00                chHeapFree
 .text.halInit  0x08002bd0       0x30 build/obj/hal.o
                0x08002bd0                halInit
 .text.adcInit  0x08002c00       0x10 build/obj/adc.o
                0x08002c00                adcInit
 .text.adcObjectInit
                0x08002c10       0x20 build/obj/adc.o
                0x08002c10                adcObjectInit
 .text.adcStart
                0x08002c30       0x40 build/obj/adc.o
                0x08002c30                adcStart
 .text.adcStartConversionI
                0x08002c70       0x50 build/obj/adc.o
                0x08002c70                adcStartConversionI
 .text.adcStartConversion
                0x08002cc0       0x20 build/obj/adc.o
                0x08002cc0                adcStartConversion
 .text.adcConvert
                0x08002ce0       0x50 build/obj/adc.o
                0x08002ce0                adcConvert
 .text.icuInit  0x08002d30       0x10 build/obj/icu.o
                0x08002d30                icuInit
 .text.icuObjectInit
                0x08002d40       0x10 build/obj/icu.o
                0x08002d40                icuObjectInit
 .text.icuStart
                0x08002d50       0x40 build/obj/icu.o
                0x08002d50                icuStart
 .text.icuEnable
                0x08002d90       0x40 build/obj/icu.o
                0x08002d90                icuEnable
 .text.palSetBusMode
                0x08002dd0       0x30 build/obj/pal.o
                0x08002dd0                palSetBusMode
 .text.pwmInit  0x08002e00       0x10 build/obj/pwm.o
                0x08002e00                pwmInit
 .text.pwmObjectInit
                0x08002e10       0x10 build/obj/pwm.o
                0x08002e10                pwmObjectInit
 .text.pwmStart
                0x08002e20       0x50 build/obj/pwm.o
                0x08002e20                pwmStart
 .text.pwmEnableChannel
                0x08002e70       0x40 build/obj/pwm.o
                0x08002e70                pwmEnableChannel
 .text.readt    0x08002eb0       0x10 build/obj/serial.o
 .text.read     0x08002ec0       0x10 build/obj/serial.o
 .text.writet   0x08002ed0       0x10 build/obj/serial.o
 .text.write    0x08002ee0       0x10 build/obj/serial.o
 .text.gett     0x08002ef0       0x10 build/obj/serial.o
 .text.get      0x08002f00       0x10 build/obj/serial.o
 .text.putt     0x08002f10       0x10 build/obj/serial.o
 .text.put      0x08002f20       0x10 build/obj/serial.o
 .text.sdInit   0x08002f30       0x10 build/obj/serial.o
                0x08002f30                sdInit
 .text.sdObjectInit
                0x08002f40       0x40 build/obj/serial.o
                0x08002f40                sdObjectInit
 .text.sdStart  0x08002f80       0x40 build/obj/serial.o
                0x08002f80                sdStart
 .text.sdIncomingDataI
                0x08002fc0       0x50 build/obj/serial.o
                0x08002fc0                sdIncomingDataI
 .text.spiInit  0x08003010       0x10 build/obj/spi.o
                0x08003010                spiInit
 .text.spiObjectInit
                0x08003020       0x10 build/obj/spi.o
                0x08003020                spiObjectInit
 .text.spiStart
                0x08003030       0x40 build/obj/spi.o
                0x08003030                spiStart
 .text.spiExchange
                0x08003070       0x80 build/obj/spi.o
                0x08003070                spiExchange
 .text.spiAcquireBus
                0x080030f0       0x30 build/obj/spi.o
                0x080030f0                spiAcquireBus
 .text.spiReleaseBus
                0x08003120       0x20 build/obj/spi.o
                0x08003120                spiReleaseBus
 .text.Vector6C
                0x08003140       0x30 build/obj/stm32_dma.o
                0x08003140                Vector6C
 .text.Vector70
                0x08003170       0x30 build/obj/stm32_dma.o
                0x08003170                Vector70
 .text.Vector74
                0x080031a0       0x30 build/obj/stm32_dma.o
                0x080031a0                Vector74
 .text.Vector78
                0x080031d0       0x30 build/obj/stm32_dma.o
                0x080031d0                Vector78
 .text.Vector7C
                0x08003200       0x30 build/obj/stm32_dma.o
                0x08003200                Vector7C
 .text.Vector80
                0x08003230       0x30 build/obj/stm32_dma.o
                0x08003230                Vector80
 .text.Vector84
                0x08003260       0x30 build/obj/stm32_dma.o
                0x08003260                Vector84
 .text.VectorFC
                0x08003290       0x30 build/obj/stm32_dma.o
                0x08003290                VectorFC
 .text.Vector120
                0x080032c0       0x30 build/obj/stm32_dma.o
                0x080032c0                Vector120
 .text.Vector124
                0x080032f0       0x30 build/obj/stm32_dma.o
                0x080032f0                Vector124
 .text.Vector128
                0x08003320       0x30 build/obj/stm32_dma.o
                0x08003320                Vector128
 .text.Vector12C
                0x08003350       0x30 build/obj/stm32_dma.o
                0x08003350                Vector12C
 .text.Vector130
                0x08003380       0x30 build/obj/stm32_dma.o
                0x08003380                Vector130
 .text.Vector150
                0x080033b0       0x30 build/obj/stm32_dma.o
                0x080033b0                Vector150
 .text.Vector154
                0x080033e0       0x30 build/obj/stm32_dma.o
                0x080033e0                Vector154
 .text.Vector158
                0x08003410       0x30 build/obj/stm32_dma.o
                0x08003410                Vector158
 .text.dmaInit  0x08003440       0x50 build/obj/stm32_dma.o
                0x08003440                dmaInit
 .text.dmaStreamAllocate
                0x08003490       0xc0 build/obj/stm32_dma.o
                0x08003490                dmaStreamAllocate
 .text.hal_lld_init
                0x08003550       0xa0 build/obj/hal_lld.o
                0x08003550                hal_lld_init
 .text.stm32_clock_init
                0x080035f0       0xd0 build/obj/hal_lld.o
                0x080035f0                stm32_clock_init
 .text.adc_lld_init
                0x080036c0       0x60 build/obj/adc_lld.o
                0x080036c0                adc_lld_init
 .text.adc_lld_start
                0x08003720       0xb0 build/obj/adc_lld.o
                0x08003720                adc_lld_start
 .text.adc_lld_start_conversion
                0x080037d0       0x90 build/obj/adc_lld.o
                0x080037d0                adc_lld_start_conversion
 .text.adc_lld_stop_conversion
                0x08003860       0x40 build/obj/adc_lld.o
                0x08003860                adc_lld_stop_conversion
 .text.Vector88
                0x080038a0       0xd0 build/obj/adc_lld.o
                0x080038a0                Vector88
 .text.adc_lld_serve_rx_interrupt
                0x08003970       0xd0 build/obj/adc_lld.o
 .text.adcSTM32EnableTSVREFE
                0x08003a40       0x10 build/obj/adc_lld.o
                0x08003a40                adcSTM32EnableTSVREFE
 .text._pal_lld_init
                0x08003a50      0x1c0 build/obj/pal_lld.o
                0x08003a50                _pal_lld_init
 .text._pal_lld_setgroupmode
                0x08003c10       0xd0 build/obj/pal_lld.o
                0x08003c10                _pal_lld_setgroupmode
 .text.spi_lld_serve_tx_interrupt
                0x08003ce0       0x10 build/obj/spi_lld.o
 .text.spi_lld_serve_rx_interrupt
                0x08003cf0       0x80 build/obj/spi_lld.o
 .text.spi_lld_init
                0x08003d70       0x50 build/obj/spi_lld.o
                0x08003d70                spi_lld_init
 .text.spi_lld_start
                0x08003dc0       0xb0 build/obj/spi_lld.o
                0x08003dc0                spi_lld_start
 .text.spi_lld_exchange
                0x08003e70       0x40 build/obj/spi_lld.o
                0x08003e70                spi_lld_exchange
 .text.Vector108
                0x08003eb0       0x90 build/obj/icu_lld.o
                0x08003eb0                Vector108
 .text.icu_lld_init
                0x08003f40       0x20 build/obj/icu_lld.o
                0x08003f40                icu_lld_init
 .text.icu_lld_start
                0x08003f60       0xf0 build/obj/icu_lld.o
                0x08003f60                icu_lld_start
 .text.icu_lld_enable
                0x08004050       0x60 build/obj/icu_lld.o
                0x08004050                icu_lld_enable
 .text.VectorB4
                0x080040b0       0x70 build/obj/pwm_lld.o
                0x080040b0                VectorB4
 .text.pwm_lld_init
                0x08004120       0x20 build/obj/pwm_lld.o
                0x08004120                pwm_lld_init
 .text.pwm_lld_start
                0x08004140      0x120 build/obj/pwm_lld.o
                0x08004140                pwm_lld_start
 .text.pwm_lld_enable_channel
                0x08004260       0x40 build/obj/pwm_lld.o
                0x08004260                pwm_lld_enable_channel
 .text.notify2  0x080042a0       0x20 build/obj/serial_lld.o
 .text.VectorD8
                0x080042c0      0x100 build/obj/serial_lld.o
                0x080042c0                VectorD8
 .text.sd_lld_init
                0x080043c0       0x20 build/obj/serial_lld.o
                0x080043c0                sd_lld_init
 .text.sd_lld_start
                0x080043e0       0xa0 build/obj/serial_lld.o
                0x080043e0                sd_lld_start
 .text.__early_init
                0x08004480       0x10 build/obj/board.o
                0x08004480                __early_init
 .text.boardInit
                0x08004490       0x10 build/obj/board.o
                0x08004490                boardInit
 .text.gfxInit  0x080044a0       0x40 build/obj/gfx.o
                0x080044a0                gfxInit
 .text._gosInit
                0x080044e0       0x20 build/obj/chibios.o
                0x080044e0                _gosInit
 .text.gfxSleepMilliseconds
                0x08004500       0x30 build/obj/chibios.o
                0x08004500                gfxSleepMilliseconds
 .text.gfxSleepMicroseconds
                0x08004530       0x30 build/obj/chibios.o
                0x08004530                gfxSleepMicroseconds
 .text.gfxSemInit
                0x08004560       0x10 build/obj/chibios.o
                0x08004560                gfxSemInit
 .text.gfxSemWait
                0x08004570       0x40 build/obj/chibios.o
                0x08004570                gfxSemWait
 .text.gfxSemSignal
                0x080045b0       0x20 build/obj/chibios.o
                0x080045b0                gfxSemSignal
 .text.gfxThreadCreate
                0x080045d0       0x30 build/obj/chibios.o
                0x080045d0                gfxThreadCreate
 .text._gqueueInit
                0x08004600       0x10 build/obj/gqueue.o
                0x08004600                _gqueueInit
 .text.gfxQueueASyncInit
                0x08004610       0x10 build/obj/gqueue.o
                0x08004610                gfxQueueASyncInit
 .text.gfxQueueASyncPut
                0x08004620       0x30 build/obj/gqueue.o
                0x08004620                gfxQueueASyncPut
 .text.gfxQueueASyncRemoveI
                0x08004650       0x50 build/obj/gqueue.o
                0x08004650                gfxQueueASyncRemoveI
 .text.gfxQueueASyncRemove
                0x080046a0       0x10 build/obj/gqueue.o
                0x080046a0                gfxQueueASyncRemove
 .text.drawcharglyph
                0x080046b0       0x30 build/obj/gdisp.o
 .text.fillcharglyph
                0x080046e0       0x30 build/obj/gdisp.o
 .text.hline_clip
                0x08004710       0xb0 build/obj/gdisp.o
 .text.drawcharline
                0x080047c0       0x70 build/obj/gdisp.o
 .text.vline_clip
                0x08004830       0xb0 build/obj/gdisp.o
 .text.gdispGDrawLine
                0x080048e0      0x230 build/obj/gdisp.o
                0x080048e0                gdispGDrawLine
 .text.gdispGClear
                0x08004b10       0x30 build/obj/gdisp.o
                0x08004b10                gdispGClear
 .text.gdispGFillArea
                0x08004b40       0xb0 build/obj/gdisp.o
                0x08004b40                gdispGFillArea
 .text.gdispGSetClip
                0x08004bf0       0x80 build/obj/gdisp.o
                0x08004bf0                gdispGSetClip
 .text.gdispGControl
                0x08004c70       0x80 build/obj/gdisp.o
                0x08004c70                gdispGControl
 .text._gdispInit
                0x08004cf0      0x100 build/obj/gdisp.o
                0x08004cf0                _gdispInit
 .text.gdispGDrawBox
                0x08004df0       0xf0 build/obj/gdisp.o
                0x08004df0                gdispGDrawBox
 .text.gdispGDrawChar
                0x08004ee0       0x80 build/obj/gdisp.o
                0x08004ee0                gdispGDrawChar
 .text.gdispGDrawStringBox
                0x08004f60       0xc0 build/obj/gdisp.o
                0x08004f60                gdispGDrawStringBox
 .text.gdispGFillStringBox
                0x08005020      0x170 build/obj/gdisp.o
                0x08005020                gdispGFillStringBox
 .text.gdispGetFontMetric
                0x08005190       0x40 build/obj/gdisp.o
                0x08005190                gdispGetFontMetric
 .text.gdispGetCharWidth
                0x080051d0       0x10 build/obj/gdisp.o
                0x080051d0                gdispGetCharWidth
 .text.gdispGetStringWidth
                0x080051e0       0x20 build/obj/gdisp.o
                0x080051e0                gdispGetStringWidth
 .text.gdispBlendColor
                0x08005200       0x60 build/obj/gdisp.o
                0x08005200                gdispBlendColor
 .text.matchfont
                0x08005260       0x50 build/obj/fonts.o
 .text.gdispOpenFont
                0x080052b0       0x50 build/obj/fonts.o
                0x080052b0                gdispOpenFont
 .text.gdispCloseFont
                0x08005300       0x20 build/obj/fonts.o
                0x08005300                gdispCloseFont
 .text.mf_getchar
                0x08005320       0xa0 build/obj/mf_encoding.o
                0x08005320                mf_getchar
 .text.mf_rewind
                0x080053c0       0x30 build/obj/mf_encoding.o
                0x080053c0                mf_rewind
 .text.mf_render_character
                0x080053f0       0x30 build/obj/mf_font.o
                0x080053f0                mf_render_character
 .text.mf_character_width
                0x08005420       0x20 build/obj/mf_font.o
                0x08005420                mf_character_width
 .text.mf_get_font_list
                0x08005440       0x10 build/obj/mf_font.o
                0x08005440                mf_get_font_list
 .text.mf_round_to_tab
                0x08005450       0x40 build/obj/mf_justify.o
 .text.render_left
                0x08005490       0x60 build/obj/mf_justify.o
 .text.mf_get_string_width
                0x080054f0       0x60 build/obj/mf_justify.o
                0x080054f0                mf_get_string_width
 .text.mf_render_aligned
                0x08005550      0x160 build/obj/mf_justify.o
                0x08005550                mf_render_aligned
 .text.write_pixels
                0x080056b0       0x70 build/obj/mf_rlefont.o
 .text.find_glyph.isra.0
                0x08005720       0x40 build/obj/mf_rlefont.o
 .text.write_ref_codeword
                0x08005760      0x1a0 build/obj/mf_rlefont.o
 .text.mf_rlefont_render_character
                0x08005900       0xd0 build/obj/mf_rlefont.o
                0x08005900                mf_rlefont_render_character
 .text.mf_rlefont_character_width
                0x080059d0       0x20 build/obj/mf_rlefont.o
                0x080059d0                mf_rlefont_character_width
 .text.mf_bwfont_render_character
                0x080059f0      0x1a0 build/obj/mf_bwfont.o
                0x080059f0                mf_bwfont_render_character
 .text.mf_bwfont_character_width
                0x08005b90       0x50 build/obj/mf_bwfont.o
                0x08005b90                mf_bwfont_character_width
 .text.scaled_pixel_callback
                0x08005be0       0x60 build/obj/mf_scaledfont.o
 .text.mf_scaled_character_width
                0x08005c40       0x20 build/obj/mf_scaledfont.o
                0x08005c40                mf_scaled_character_width
 .text.mf_scaled_render_character
                0x08005c60       0x50 build/obj/mf_scaledfont.o
                0x08005c60                mf_scaled_render_character
 .text.deleteAssignments
                0x08005cb0       0x80 build/obj/gevent.o
 .text._geventInit
                0x08005d30       0x10 build/obj/gevent.o
                0x08005d30                _geventInit
 .text.geventListenerInit
                0x08005d40       0x30 build/obj/gevent.o
                0x08005d40                geventListenerInit
 .text.geventAttachSource
                0x08005d70       0xb0 build/obj/gevent.o
                0x08005d70                geventAttachSource
 .text.geventEventWait
                0x08005e20       0x20 build/obj/gevent.o
                0x08005e20                geventEventWait
 .text.geventRegisterCallback
                0x08005e40       0x60 build/obj/gevent.o
                0x08005e40                geventRegisterCallback
 .text.geventGetSourceListener
                0x08005ea0       0x70 build/obj/gevent.o
                0x08005ea0                geventGetSourceListener
 .text.geventGetEventBuffer
                0x08005f10       0x20 build/obj/gevent.o
                0x08005f10                geventGetEventBuffer
 .text.geventSendEvent
                0x08005f30       0x40 build/obj/gevent.o
                0x08005f30                geventSendEvent
 .text.geventDetachSourceListeners
                0x08005f70       0x20 build/obj/gevent.o
                0x08005f70                geventDetachSourceListeners
 .text.GTimerThreadHandler
                0x08005f90       0xd0 build/obj/gtimer.o
 .text._gtimerInit
                0x08006060       0x20 build/obj/gtimer.o
                0x08006060                _gtimerInit
 .text.gtimerInit
                0x08006080       0x10 build/obj/gtimer.o
                0x08006080                gtimerInit
 .text.gtimerStart
                0x08006090      0x110 build/obj/gtimer.o
                0x08006090                gtimerStart
 .text.gtimerStop
                0x080061a0       0x50 build/obj/gtimer.o
                0x080061a0                gtimerStop
 .text._gwinInit
                0x080061f0       0x10 build/obj/gwin.o
                0x080061f0                _gwinInit
 .text._gwindowCreate
                0x08006200       0x90 build/obj/gwin.o
                0x08006200                _gwindowCreate
 .text.gwinSetDefaultColor
                0x08006290       0x10 build/obj/gwin.o
                0x08006290                gwinSetDefaultColor
 .text.gwinSetDefaultBgColor
                0x080062a0       0x10 build/obj/gwin.o
                0x080062a0                gwinSetDefaultBgColor
 .text.gwinGetDefaultBgColor
                0x080062b0       0x10 build/obj/gwin.o
                0x080062b0                gwinGetDefaultBgColor
 .text.gwinSetDefaultFont
                0x080062c0       0x10 build/obj/gwin.o
                0x080062c0                gwinSetDefaultFont
 .text.gwinGetDefaultFont
                0x080062d0       0x10 build/obj/gwin.o
                0x080062d0                gwinGetDefaultFont
 .text.gwinSetVisible
                0x080062e0       0x40 build/obj/gwin.o
                0x080062e0                gwinSetVisible
 .text.gwinGetVisible
                0x08006320       0x10 build/obj/gwin.o
                0x08006320                gwinGetVisible
 .text.gwinResize
                0x08006330       0x20 build/obj/gwin.o
                0x08006330                gwinResize
 .text.gwinRedraw
                0x08006350       0x20 build/obj/gwin.o
                0x08006350                gwinRedraw
 .text._gwidgetCreate
                0x08006370       0x50 build/obj/gwidget.o
                0x08006370                _gwidgetCreate
 .text.gwidgetEvent
                0x080063c0       0xf0 build/obj/gwidget.o
 .text._gwidgetUpdate.part.1
                0x080064b0       0x30 build/obj/gwidget.o
 .text._gwidgetInit
                0x080064e0       0x20 build/obj/gwidget.o
                0x080064e0                _gwidgetInit
 .text._gwidgetDestroy
                0x08006500       0x20 build/obj/gwidget.o
                0x08006500                _gwidgetDestroy
 .text._gwidgetRedraw
                0x08006520       0x10 build/obj/gwidget.o
                0x08006520                _gwidgetRedraw
 .text._gwidgetUpdate
                0x08006530       0x10 build/obj/gwidget.o
                0x08006530                _gwidgetUpdate
 .text.gwinSetText
                0x08006540       0x70 build/obj/gwidget.o
                0x08006540                gwinSetText
 .text.gwinGetText
                0x080065b0       0x10 build/obj/gwidget.o
                0x080065b0                gwinGetText
 .text.gwinSetStyle
                0x080065c0       0x30 build/obj/gwidget.o
                0x080065c0                gwinSetStyle
 .text.gwinSetDefaultStyle
                0x080065f0       0x60 build/obj/gwidget.o
                0x080065f0                gwinSetDefaultStyle
 .text.gwinAttachListener
                0x08006650       0x10 build/obj/gwidget.o
                0x08006650                gwinAttachListener
 .text.gwinAttachMouse
                0x08006660       0x20 build/obj/gwidget.o
                0x08006660                gwinAttachMouse
 .text._gwinRedrawDisplay
                0x08006680       0x50 build/obj/gwm.o
 .text.WM_Init  0x080066d0       0x10 build/obj/gwm.o
 .text.WM_DeInit
                0x080066e0       0x10 build/obj/gwm.o
 .text.WM_MinMax
                0x080066f0       0x10 build/obj/gwm.o
 .text.WM_Delete
                0x08006700       0x10 build/obj/gwm.o
 .text.WM_Redraw
                0x08006710       0xe0 build/obj/gwm.o
 .text.WM_Raise
                0x080067f0       0x30 build/obj/gwm.o
 .text.WM_Move  0x08006820       0x90 build/obj/gwm.o
 .text.WM_Size  0x080068b0       0xa0 build/obj/gwm.o
 .text.WM_Add   0x08006950       0x40 build/obj/gwm.o
 .text._gwmInit
                0x08006990       0x50 build/obj/gwm.o
                0x08006990                _gwmInit
 .text.gwinGetNextWindow
                0x080069e0       0x10 build/obj/gwm.o
                0x080069e0                gwinGetNextWindow
 .text.AfterClear
                0x080069f0       0x10 build/obj/console.o
 .text.ltoa_wd.constprop.1
                0x08006a00       0x50 build/obj/console.o
 .text.gwinPutChar
                0x08006a50      0x150 build/obj/console.o
                0x08006a50                gwinPutChar
 .text.gwinPrintf
                0x08006ba0      0x270 build/obj/console.o
                0x08006ba0                gwinPrintf
 .text.MouseDown
                0x08006e10       0x10 build/obj/button.o
 .text.MouseUp  0x08006e20       0x40 build/obj/button.o
 .text.gwinButtonDraw_Normal
                0x08006e60      0x130 build/obj/button.o
                0x08006e60                gwinButtonDraw_Normal
 .text.gwinGButtonCreate
                0x08006f90       0x20 build/obj/button.o
                0x08006f90                gwinGButtonCreate
 .text.ResetDisplayPos
                0x08006fb0       0x50 build/obj/slider.o
 .text.MouseMove
                0x08007000       0x50 build/obj/slider.o
 .text.MouseUp  0x08007050       0xd0 build/obj/slider.o
 .text.gwinSliderDraw_Std
                0x08007120      0x240 build/obj/slider.o
                0x08007120                gwinSliderDraw_Std
 .text.gwinGSliderCreate
                0x08007360       0x30 build/obj/slider.o
                0x08007360                gwinGSliderCreate
 .text.gwinSliderSetRange
                0x08007390       0x30 build/obj/slider.o
                0x08007390                gwinSliderSetRange
 .text.gwinSliderSetPosition
                0x080073c0       0x50 build/obj/slider.o
                0x080073c0                gwinSliderSetPosition
 .text.gwinLabelDefaultDraw
                0x08007410       0xc0 build/obj/label.o
 .text.gwinGLabelCreate
                0x080074d0       0x70 build/obj/label.o
                0x080074d0                gwinGLabelCreate
 .text._ginputInit
                0x08007540       0x10 build/obj/ginput.o
                0x08007540                _ginputInit
 .text.get_raw_reading.constprop.1
                0x08007550       0x60 build/obj/mouse.o
 .text._tsOrientClip
                0x080075b0       0x90 build/obj/mouse.o
                0x080075b0                _tsOrientClip
 .text.get_calibrated_reading.constprop.0
                0x08007640       0x90 build/obj/mouse.o
 .text.MousePoll
                0x080076d0      0x1b0 build/obj/mouse.o
 .text.ginputCalibrateMouse
                0x08007880      0x6d0 build/obj/mouse.o
                0x08007880                ginputCalibrateMouse
 .text.ginputGetMouse
                0x08007f50       0xe0 build/obj/mouse.o
                0x08007f50                ginputGetMouse
 .text.ginputSetMouseCalibrationRoutines
                0x08008030       0x50 build/obj/mouse.o
                0x08008030                ginputSetMouseCalibrationRoutines
 .text.ROMClose
                0x08008080       0x10 build/obj/gfile.o
 .text.ROMSetpos
                0x08008090       0x10 build/obj/gfile.o
 .text.ROMGetsize
                0x080080a0       0x10 build/obj/gfile.o
 .text.ROMEof   0x080080b0       0x10 build/obj/gfile.o
 .text.mode2flags
                0x080080c0       0x90 build/obj/gfile.o
 .text.ROMRead  0x08008150       0x30 build/obj/gfile.o
 .text.ROMFindFile
                0x08008180       0x30 build/obj/gfile.o
 .text.ROMOpen  0x080081b0       0x20 build/obj/gfile.o
 .text.ROMFilesize
                0x080081d0       0x20 build/obj/gfile.o
 .text.ROMExists
                0x080081f0       0x10 build/obj/gfile.o
 .text.testopen
                0x08008200       0x40 build/obj/gfile.o
 .text.gfileOpen
                0x08008240       0x80 build/obj/gfile.o
                0x08008240                gfileOpen
 .text.gfileClose
                0x080082c0       0x20 build/obj/gfile.o
                0x080082c0                gfileClose
 .text.gfileRead
                0x080082e0       0x30 build/obj/gfile.o
                0x080082e0                gfileRead
 .text.gfileWrite
                0x08008310       0x30 build/obj/gfile.o
                0x08008310                gfileWrite
 .text.set_cursor
                0x08008340       0xb0 build/obj/gdisp_lld_SSD1289.o
 .text.set_viewport
                0x080083f0      0x130 build/obj/gdisp_lld_SSD1289.o
 .text.gdisp_lld_init
                0x08008520      0x370 build/obj/gdisp_lld_SSD1289.o
                0x08008520                gdisp_lld_init
 .text.gdisp_lld_write_start
                0x08008890       0x10 build/obj/gdisp_lld_SSD1289.o
                0x08008890                gdisp_lld_write_start
 .text.gdisp_lld_write_color
                0x080088a0       0x10 build/obj/gdisp_lld_SSD1289.o
                0x080088a0                gdisp_lld_write_color
 .text.gdisp_lld_write_stop
                0x080088b0       0x10 build/obj/gdisp_lld_SSD1289.o
                0x080088b0                gdisp_lld_write_stop
 .text.gdisp_lld_write_pos
                0x080088c0       0x10 build/obj/gdisp_lld_SSD1289.o
                0x080088c0                gdisp_lld_write_pos
 .text.gdisp_lld_fill_area
                0x080088d0       0x80 build/obj/gdisp_lld_SSD1289.o
                0x080088d0                gdisp_lld_fill_area
 .text.gdisp_lld_control
                0x08008950      0x120 build/obj/gdisp_lld_SSD1289.o
                0x08008950                gdisp_lld_control
 .text.ginput_lld_mouse_init
                0x08008a70       0x60 build/obj/ginput_lld_mouse.o
                0x08008a70                ginput_lld_mouse_init
 .text.ginput_lld_mouse_get_reading
                0x08008ad0      0x180 build/obj/ginput_lld_mouse.o
                0x08008ad0                ginput_lld_mouse_get_reading
 .text._sbrk_r  0x08008c50       0x30 build/obj/syscalls.o
                0x08008c50                _sbrk_r
 .text.long_to_string_with_divisor.constprop.0
                0x08008c80       0x50 build/obj/chprintf.o
 .text.chvprintf
                0x08008cd0      0x240 build/obj/chprintf.o
                0x08008cd0                chvprintf
 .text.icuwidthcb
                0x08008f10       0x20 build/obj/main.o
 .text.icuperiodcb
                0x08008f30       0x20 build/obj/main.o
 .text.adcerrorcallback
                0x08008f50       0x10 build/obj/main.o
 .text.Thread1  0x08008f60       0x60 build/obj/main.o
 .text.myload   0x08008fc0       0x50 build/obj/main.o
 .text.chprintf.constprop.0
                0x08009010       0x30 build/obj/main.o
 .text.mysave   0x08009040       0x60 build/obj/main.o
 .text.ICUinit  0x080090a0       0x40 build/obj/main.o
                0x080090a0                ICUinit
 .text.myADCinit
                0x080090e0       0x30 build/obj/main.o
                0x080090e0                myADCinit
 .text.readADC  0x08009110       0xe0 build/obj/main.o
                0x08009110                readADC
 .text.readVoltage
                0x080091f0       0xc0 build/obj/main.o
                0x080091f0                readVoltage
 .text.readICU  0x080092b0       0x50 build/obj/main.o
                0x080092b0                readICU
 .text.Thread2  0x08009300       0x70 build/obj/main.o
 .text.memset   0x08009370       0x94 /opt/ARM/bin/../lib/gcc/arm-none-eabi/4.8.4/../../../../arm-none-eabi/lib/armv7e-m/fpu/libg.a(lib_a-memset.o)
                0x08009370                memset
 *fill*         0x08009404        0xc 
 .text.sprintf  0x08009410       0x4c /opt/ARM/bin/../lib/gcc/arm-none-eabi/4.8.4/../../../../arm-none-eabi/lib/armv7e-m/fpu/libg.a(lib_a-sprintf.o)
                0x08009410                sprintf
 *fill*         0x0800945c        0x4 
 .text.strcpy   0x08009460       0xbc /opt/ARM/bin/../lib/gcc/arm-none-eabi/4.8.4/../../../../arm-none-eabi/lib/armv7e-m/fpu/libg.a(lib_a-strcpy.o)
                0x08009460                strcpy
 *fill*         0x0800951c        0x4 
 .text.strlen   0x08009520       0x60 /opt/ARM/bin/../lib/gcc/arm-none-eabi/4.8.4/../../../../arm-none-eabi/lib/armv7e-m/fpu/libg.a(lib_a-strlen.o)
                0x08009520                strlen
 .text.strncat  0x08009580       0x64 /opt/ARM/bin/../lib/gcc/arm-none-eabi/4.8.4/../../../../arm-none-eabi/lib/armv7e-m/fpu/libg.a(lib_a-strncat.o)
                0x08009580                strncat
 *fill*         0x080095e4        0xc 
 .text._svfprintf_r
                0x080095f0     0x14f0 /opt/ARM/bin/../lib/gcc/arm-none-eabi/4.8.4/../../../../arm-none-eabi/lib/armv7e-m/fpu/libg.a(lib_a-svfprintf.o)
                0x080095f0                _svfprintf_r
 .text.quorem   0x0800aae0      0x130 /opt/ARM/bin/../lib/gcc/arm-none-eabi/4.8.4/../../../../arm-none-eabi/lib/armv7e-m/fpu/libg.a(lib_a-dtoa.o)
 .text._dtoa_r  0x0800ac10      0xe58 /opt/ARM/bin/../lib/gcc/arm-none-eabi/4.8.4/../../../../arm-none-eabi/lib/armv7e-m/fpu/libg.a(lib_a-dtoa.o)
                0x0800ac10                _dtoa_r
 *fill*         0x0800ba68        0x8 
 .text._localeconv_r
                0x0800ba70        0x8 /opt/ARM/bin/../lib/gcc/arm-none-eabi/4.8.4/../../../../arm-none-eabi/lib/armv7e-m/fpu/libg.a(lib_a-locale.o)
                0x0800ba70                _localeconv_r
 *fill*         0x0800ba78        0x8 
 .text._malloc_r
                0x0800ba80      0x538 /opt/ARM/bin/../lib/gcc/arm-none-eabi/4.8.4/../../../../arm-none-eabi/lib/armv7e-m/fpu/libg.a(lib_a-mallocr.o)
                0x0800ba80                _malloc_r
 *fill*         0x0800bfb8        0x8 
 .text.memchr   0x0800bfc0       0x90 /opt/ARM/bin/../lib/gcc/arm-none-eabi/4.8.4/../../../../arm-none-eabi/lib/armv7e-m/fpu/libg.a(lib_a-memchr-stub.o)
                0x0800bfc0                memchr
 .text.__malloc_lock
                0x0800c050        0x4 /opt/ARM/bin/../lib/gcc/arm-none-eabi/4.8.4/../../../../arm-none-eabi/lib/armv7e-m/fpu/libg.a(lib_a-mlock.o)
                0x0800c050                __malloc_lock
 *fill*         0x0800c054        0xc 
 .text.__malloc_unlock
                0x0800c060        0x4 /opt/ARM/bin/../lib/gcc/arm-none-eabi/4.8.4/../../../../arm-none-eabi/lib/armv7e-m/fpu/libg.a(lib_a-mlock.o)
                0x0800c060                __malloc_unlock
 *fill*         0x0800c064        0xc 
 .text._Balloc  0x0800c070       0x4c /opt/ARM/bin/../lib/gcc/arm-none-eabi/4.8.4/../../../../arm-none-eabi/lib/armv7e-m/fpu/libg.a(lib_a-mprec.o)
                0x0800c070                _Balloc
 *fill*         0x0800c0bc        0x4 
 .text._Bfree   0x0800c0c0       0x14 /opt/ARM/bin/../lib/gcc/arm-none-eabi/4.8.4/../../../../arm-none-eabi/lib/armv7e-m/fpu/libg.a(lib_a-mprec.o)
                0x0800c0c0                _Bfree
 *fill*         0x0800c0d4        0xc 
 .text.__multadd
                0x0800c0e0       0x98 /opt/ARM/bin/../lib/gcc/arm-none-eabi/4.8.4/../../../../arm-none-eabi/lib/armv7e-m/fpu/libg.a(lib_a-mprec.o)
                0x0800c0e0                __multadd
 *fill*         0x0800c178        0x8 
 .text.__hi0bits
                0x0800c180       0x40 /opt/ARM/bin/../lib/gcc/arm-none-eabi/4.8.4/../../../../arm-none-eabi/lib/armv7e-m/fpu/libg.a(lib_a-mprec.o)
                0x0800c180                __hi0bits
 .text.__lo0bits
                0x0800c1c0       0x5c /opt/ARM/bin/../lib/gcc/arm-none-eabi/4.8.4/../../../../arm-none-eabi/lib/armv7e-m/fpu/libg.a(lib_a-mprec.o)
                0x0800c1c0                __lo0bits
 *fill*         0x0800c21c        0x4 
 .text.__i2b    0x0800c220       0x14 /opt/ARM/bin/../lib/gcc/arm-none-eabi/4.8.4/../../../../arm-none-eabi/lib/armv7e-m/fpu/libg.a(lib_a-mprec.o)
                0x0800c220                __i2b
 *fill*         0x0800c234        0xc 
 .text.__multiply
                0x0800c240      0x13c /opt/ARM/bin/../lib/gcc/arm-none-eabi/4.8.4/../../../../arm-none-eabi/lib/armv7e-m/fpu/libg.a(lib_a-mprec.o)
                0x0800c240                __multiply
 *fill*         0x0800c37c        0x4 
 .text.__pow5mult
                0x0800c380       0x9c /opt/ARM/bin/../lib/gcc/arm-none-eabi/4.8.4/../../../../arm-none-eabi/lib/armv7e-m/fpu/libg.a(lib_a-mprec.o)
                0x0800c380                __pow5mult
 *fill*         0x0800c41c        0x4 
 .text.__lshift
                0x0800c420       0xbc /opt/ARM/bin/../lib/gcc/arm-none-eabi/4.8.4/../../../../arm-none-eabi/lib/armv7e-m/fpu/libg.a(lib_a-mprec.o)
                0x0800c420                __lshift
 *fill*         0x0800c4dc        0x4 
 .text.__mcmp   0x0800c4e0       0x48 /opt/ARM/bin/../lib/gcc/arm-none-eabi/4.8.4/../../../../arm-none-eabi/lib/armv7e-m/fpu/libg.a(lib_a-mprec.o)
                0x0800c4e0                __mcmp
 *fill*         0x0800c528        0x8 
 .text.__mdiff  0x0800c530       0xd4 /opt/ARM/bin/../lib/gcc/arm-none-eabi/4.8.4/../../../../arm-none-eabi/lib/armv7e-m/fpu/libg.a(lib_a-mprec.o)
                0x0800c530                __mdiff
 *fill*         0x0800c604        0xc 
 .text.__d2b    0x0800c610       0xb4 /opt/ARM/bin/../lib/gcc/arm-none-eabi/4.8.4/../../../../arm-none-eabi/lib/armv7e-m/fpu/libg.a(lib_a-mprec.o)
                0x0800c610                __d2b
 *fill*         0x0800c6c4        0xc 
 .text.__fpclassifyd
                0x0800c6d0       0x54 /opt/ARM/bin/../lib/gcc/arm-none-eabi/4.8.4/../../../../arm-none-eabi/lib/armv7e-m/fpu/libg.a(lib_a-s_fpclassify.o)
                0x0800c6d0                __fpclassifyd
 *fill*         0x0800c724        0xc 
 .text.__ssprint_r
                0x0800c730      0x100 /opt/ARM/bin/../lib/gcc/arm-none-eabi/4.8.4/../../../../arm-none-eabi/lib/armv7e-m/fpu/libg.a(lib_a-svfiprintf.o)
                0x0800c730                __ssprint_r
 .text._calloc_r
                0x0800c830       0x60 /opt/ARM/bin/../lib/gcc/arm-none-eabi/4.8.4/../../../../arm-none-eabi/lib/armv7e-m/fpu/libg.a(lib_a-callocr.o)
                0x0800c830                _calloc_r
 .text._malloc_trim_r
                0x0800c890       0x9c /opt/ARM/bin/../lib/gcc/arm-none-eabi/4.8.4/../../../../arm-none-eabi/lib/armv7e-m/fpu/libg.a(lib_a-freer.o)
                0x0800c890                _malloc_trim_r
 *fill*         0x0800c92c        0x4 
 .text._free_r  0x0800c930      0x19c /opt/ARM/bin/../lib/gcc/arm-none-eabi/4.8.4/../../../../arm-none-eabi/lib/armv7e-m/fpu/libg.a(lib_a-freer.o)
                0x0800c930                _free_r
 *fill*         0x0800cacc        0x4 
 .text.memmove  0x0800cad0       0xc0 /opt/ARM/bin/../lib/gcc/arm-none-eabi/4.8.4/../../../../arm-none-eabi/lib/armv7e-m/fpu/libg.a(lib_a-memmove.o)
                0x0800cad0                memmove
 .text._realloc_r
                0x0800cb90      0x3cc /opt/ARM/bin/../lib/gcc/arm-none-eabi/4.8.4/../../../../arm-none-eabi/lib/armv7e-m/fpu/libg.a(lib_a-reallocr.o)
                0x0800cb90                _realloc_r
 *(.rodata)
 *fill*         0x0800cf5c        0x4 
 .rodata        0x0800cf60       0x18 build/obj/gdisp_lld_SSD1289.o
 *(.rodata.*)
 *fill*         0x0800cf78        0x8 
 .rodata.str1.4
                0x0800cf80        0x5 build/obj/chsys.o
                                  0x8 (size before relaxing)
 *fill*         0x0800cf85        0xb 
 .rodata.str1.4
                0x0800cf90       0x31 build/obj/chvt.o
                                 0x34 (size before relaxing)
 *fill*         0x0800cfc1        0xf 
 .rodata.str1.4
                0x0800cfd0       0x23 build/obj/chschd.o
                                 0x24 (size before relaxing)
 *fill*         0x0800cff3        0xd 
 .rodata.str1.4
                0x0800d000       0x94 build/obj/chthreads.o
 *fill*         0x0800d094        0xc 
 .rodata.ch_debug
                0x0800d0a0       0x18 build/obj/chregistry.o
                0x0800d0a0                ch_debug
 *fill*         0x0800d0b8        0x8 
 .rodata.str1.4
                0x0800d0c0      0x146 build/obj/chsem.o
                                0x148 (size before relaxing)
 *fill*         0x0800d206        0xa 
 .rodata.str1.4
                0x0800d210       0xab build/obj/chmtx.o
                                 0xac (size before relaxing)
 *fill*         0x0800d2bb        0x5 
 .rodata.str1.4
                0x0800d2c0       0x90 build/obj/chevents.o
 .rodata.str1.4
                0x0800d350       0x29 build/obj/chqueues.o
                                 0x2c (size before relaxing)
 *fill*         0x0800d379        0x7 
 .rodata.str1.4
                0x0800d380       0x31 build/obj/chheap.o
                                 0x34 (size before relaxing)
 *fill*         0x0800d3b1        0xf 
 .rodata.str1.4
                0x0800d3c0      0x10e build/obj/adc.o
                                0x110 (size before relaxing)
 *fill*         0x0800d4ce        0x2 
 .rodata.str1.4
                0x0800d4d0       0x7d build/obj/icu.o
                                 0x80 (size before relaxing)
 *fill*         0x0800d54d        0x3 
 .rodata.str1.4
                0x0800d550       0x32 build/obj/pal.o
                                 0x34 (size before relaxing)
 *fill*         0x0800d582        0xe 
 .rodata.str1.4
                0x0800d590       0xb0 build/obj/pwm.o
 .rodata.str1.4
                0x0800d640       0x5f build/obj/serial.o
                                 0x60 (size before relaxing)
 *fill*         0x0800d69f        0x1 
 .rodata.vmt    0x0800d6a0       0x20 build/obj/serial.o
 .rodata.str1.4
                0x0800d6c0      0x236 build/obj/spi.o
                                0x238 (size before relaxing)
 *fill*         0x0800d8f6        0xa 
 .rodata.str1.4
                0x0800d900       0x47 build/obj/stm32_dma.o
                                 0x48 (size before relaxing)
 *fill*         0x0800d947        0x9 
 .rodata._stm32_dma_streams
                0x0800d950       0xc0 build/obj/stm32_dma.o
                0x0800d950                _stm32_dma_streams
 .rodata.str1.4
                0x0800da10       0x28 build/obj/adc_lld.o
 *fill*         0x0800da38        0x8 
 .rodata.str1.4
                0x0800da40       0x28 build/obj/spi_lld.o
 *fill*         0x0800da68        0x8 
 .rodata.str1.4
                0x0800da70       0x14 build/obj/icu_lld.o
 *fill*         0x0800da84        0xc 
 .rodata.str1.4
                0x0800da90       0x14 build/obj/pwm_lld.o
 *fill*         0x0800daa4        0xc 
 .rodata.default_config
                0x0800dab0        0xc build/obj/serial_lld.o
 *fill*         0x0800dabc        0x4 
 .rodata.pal_default_config
                0x0800dac0       0xfc build/obj/board.o
                0x0800dac0                pal_default_config
 *fill*         0x0800dbbc        0x4 
 .rodata.blks.7903
                0x0800dbc0       0x80 build/obj/gdisp.o
 .rodata.mf_rlefont_UI1_Narrow_listentry
                0x0800dc40        0x8 build/obj/mf_font.o
 *fill*         0x0800dc48        0x8 
 .rodata.mf_rlefont_UI1_listentry
                0x0800dc50        0x8 build/obj/mf_font.o
 *fill*         0x0800dc58        0x8 
 .rodata.mf_bwfont_fixed_5x8_char_ranges
                0x0800dc60       0x18 build/obj/mf_font.o
 *fill*         0x0800dc78        0x8 
 .rodata.mf_rlefont_UI1_Double
                0x0800dc80       0x24 build/obj/mf_font.o
                0x0800dc80                mf_rlefont_UI1_Double
 *fill*         0x0800dca4        0xc 
 .rodata.mf_rlefont_UI2_char_ranges
                0x0800dcb0        0xc build/obj/mf_font.o
 *fill*         0x0800dcbc        0x4 
 .rodata.mf_rlefont_UI1_glyph_data_0
                0x0800dcc0        0x4 build/obj/mf_font.o
 *fill*         0x0800dcc4        0xc 
 .rodata.mf_rlefont_UI1_dictionary_offsets
                0x0800dcd0       0xd8 build/obj/mf_font.o
 *fill*         0x0800dda8        0x8 
 .rodata.mf_rlefont_UI2_dictionary_offsets
                0x0800ddb0       0x7c build/obj/mf_font.o
 *fill*         0x0800de2c        0x4 
 .rodata.mf_rlefont_UI1
                0x0800de30       0x30 build/obj/mf_font.o
                0x0800de30                mf_rlefont_UI1
 .rodata.mf_rlefont_UI2
                0x0800de60       0x30 build/obj/mf_font.o
                0x0800de60                mf_rlefont_UI2
 .rodata.mf_rlefont_LargeNumbers_glyph_data_0
                0x0800de90      0x278 build/obj/mf_font.o
 *fill*         0x0800e108        0x8 
 .rodata.mf_rlefont_LargeNumbers_char_ranges
                0x0800e110        0xc build/obj/mf_font.o
 *fill*         0x0800e11c        0x4 
 .rodata.mf_rlefont_UI2_listentry
                0x0800e120        0x8 build/obj/mf_font.o
 *fill*         0x0800e128        0x8 
 .rodata.mf_rlefont_UI1_glyph_data_1
                0x0800e130      0x314 build/obj/mf_font.o
 *fill*         0x0800e444        0xc 
 .rodata.mf_rlefont_UI1_glyph_data_2
                0x0800e450      0x314 build/obj/mf_font.o
 *fill*         0x0800e764        0xc 
 .rodata.mf_rlefont_UI2_glyph_data_0
                0x0800e770      0x338 build/obj/mf_font.o
 *fill*         0x0800eaa8        0x8 
 .rodata.mf_rlefont_UI2_Double_listentry
                0x0800eab0        0x8 build/obj/mf_font.o
 *fill*         0x0800eab8        0x8 
 .rodata.mf_rlefont_UI1_dictionary_data
                0x0800eac0      0x11c build/obj/mf_font.o
 *fill*         0x0800ebdc        0x4 
 .rodata.mf_rlefont_LargeNumbers
                0x0800ebe0       0x30 build/obj/mf_font.o
                0x0800ebe0                mf_rlefont_LargeNumbers
 .rodata.str1.4
                0x0800ec10       0x9e build/obj/mf_font.o
                                 0xa0 (size before relaxing)
 *fill*         0x0800ecae        0x2 
 .rodata.mf_rlefont_UI1_glyph_offsets_0
                0x0800ecb0        0x4 build/obj/mf_font.o
 *fill*         0x0800ecb4        0xc 
 .rodata.mf_rlefont_UI1_glyph_offsets_1
                0x0800ecc0       0xc8 build/obj/mf_font.o
 *fill*         0x0800ed88        0x8 
 .rodata.mf_rlefont_UI1_glyph_offsets_2
                0x0800ed90       0xd8 build/obj/mf_font.o
 *fill*         0x0800ee68        0x8 
 .rodata.mf_rlefont_UI2_Narrow
                0x0800ee70       0x24 build/obj/mf_font.o
                0x0800ee70                mf_rlefont_UI2_Narrow
 *fill*         0x0800ee94        0xc 
 .rodata.mf_rlefont_UI1_char_ranges
                0x0800eea0       0x24 build/obj/mf_font.o
 *fill*         0x0800eec4        0xc 
 .rodata.mf_rlefont_UI2_Double
                0x0800eed0       0x24 build/obj/mf_font.o
                0x0800eed0                mf_rlefont_UI2_Double
 *fill*         0x0800eef4        0xc 
 .rodata.mf_rlefont_UI2_Narrow_listentry
                0x0800ef00        0x8 build/obj/mf_font.o
 *fill*         0x0800ef08        0x8 
 .rodata.mf_rlefont_LargeNumbers_dictionary_data
                0x0800ef10       0x90 build/obj/mf_font.o
 .rodata.mf_rlefont_UI1_Double_listentry
                0x0800efa0        0x8 build/obj/mf_font.o
 *fill*         0x0800efa8        0x8 
 .rodata.mf_bwfont_fixed_5x8_glyph_data_0
                0x0800efb0      0x1dc build/obj/mf_font.o
 *fill*         0x0800f18c        0x4 
 .rodata.mf_rlefont_UI2_dictionary_data
                0x0800f190       0xa0 build/obj/mf_font.o
 .rodata.mf_rlefont_LargeNumbers_glyph_offsets_0
                0x0800f230       0x34 build/obj/mf_font.o
 *fill*         0x0800f264        0xc 
 .rodata.mf_rlefont_LargeNumbers_listentry
                0x0800f270        0x8 build/obj/mf_font.o
 *fill*         0x0800f278        0x8 
 .rodata.mf_rlefont_LargeNumbers_dictionary_offsets
                0x0800f280       0x70 build/obj/mf_font.o
 .rodata.mf_rlefont_UI2_glyph_offsets_0
                0x0800f2f0       0xc0 build/obj/mf_font.o
 .rodata.mf_rlefont_UI1_Narrow
                0x0800f3b0       0x24 build/obj/mf_font.o
                0x0800f3b0                mf_rlefont_UI1_Narrow
 *fill*         0x0800f3d4        0xc 
 .rodata.mf_bwfont_fixed_5x8
                0x0800f3e0       0x24 build/obj/mf_font.o
                0x0800f3e0                mf_bwfont_fixed_5x8
 *fill*         0x0800f404        0xc 
 .rodata.mf_bwfont_fixed_5x8_listentry
                0x0800f410        0x8 build/obj/mf_font.o
 *fill*         0x0800f418        0x8 
 .rodata.BlackWidgetStyle
                0x0800f420       0x1c build/obj/gwidget.o
                0x0800f420                BlackWidgetStyle
 *fill*         0x0800f43c        0x4 
 .rodata.WhiteWidgetStyle
                0x0800f440       0x1c build/obj/gwidget.o
                0x0800f440                WhiteWidgetStyle
 .rodata.str1.4
                0x00000000       0x9e build/obj/gwidget.o
                                  0x4 (size before relaxing)
 *fill*         0x0800f45c        0x4 
 .rodata.GNullWindowManagerVMT
                0x0800f460       0x24 build/obj/gwm.o
 *fill*         0x0800f484        0xc 
 .rodata.GNullWindowManager
                0x0800f490        0x4 build/obj/gwm.o
 *fill*         0x0800f494        0xc 
 .rodata.str1.4
                0x0800f4a0       0x10 build/obj/console.o
 .rodata.consoleVMT
                0x0800f4b0       0x14 build/obj/console.o
 *fill*         0x0800f4c4        0xc 
 .rodata.buttonVMT
                0x0800f4d0       0x24 build/obj/button.o
 *fill*         0x0800f4f4        0xc 
 .rodata.str1.4
                0x0800f500        0x7 build/obj/button.o
                                  0x8 (size before relaxing)
 *fill*         0x0800f507        0x9 
 .rodata.str1.4
                0x0800f510        0x7 build/obj/slider.o
                                  0x8 (size before relaxing)
 *fill*         0x0800f517        0x9 
 .rodata.sliderVMT
                0x0800f520       0x24 build/obj/slider.o
 *fill*         0x0800f544        0xc 
 .rodata.labelVMT
                0x0800f550       0x24 build/obj/label.o
 *fill*         0x0800f574        0xc 
 .rodata.str1.4
                0x0800f580        0x6 build/obj/label.o
                                  0x8 (size before relaxing)
 *fill*         0x0800f586        0xa 
 .rodata.str1.4
                0x0800f590       0x63 build/obj/mouse.o
                                 0x64 (size before relaxing)
 *fill*         0x0800f5f3        0xd 
 .rodata.FsROMVMT
                0x0800f600       0x34 build/obj/gfile.o
 *fill*         0x0800f634        0xc 
 .rodata.str1.4
                0x0800f640        0x9 build/obj/gfile.o
                                  0xc (size before relaxing)
 *fill*         0x0800f649        0x7 
 .rodata.uGFX_dir
                0x0800f650       0x14 build/obj/gfile.o
 *fill*         0x0800f664        0xc 
 .rodata.uGFX   0x0800f670     0xe68c build/obj/gfile.o
 *fill*         0x0801dcfc        0x4 
 .rodata.pwmcfg
                0x0801dd00       0x34 build/obj/gdisp_lld_SSD1289.o
 *fill*         0x0801dd34        0xc 
 .rodata.spicfg
                0x0801dd40        0xc build/obj/ginput_lld_mouse.o
 *fill*         0x0801dd4c        0x4 
 .rodata.str1.4
                0x0801dd50        0xc build/obj/syscalls.o
 .rodata.str1.4
                0x00000000        0x8 build/obj/chprintf.o
 *fill*         0x0801dd5c        0x4 
 .rodata.adcgrpcfg1
                0x0801dd60       0x28 build/obj/main.o
 *fill*         0x0801dd88        0x8 
 .rodata.adcgrpcfg2
                0x0801dd90       0x28 build/obj/main.o
 *fill*         0x0801ddb8        0x8 
 .rodata.str1.4
                0x0801ddc0      0x1a5 build/obj/main.o
                                0x1bc (size before relaxing)
 *fill*         0x0801df65        0xb 
 .rodata.zeroes.6763
                0x0801df70       0x10 /opt/ARM/bin/../lib/gcc/arm-none-eabi/4.8.4/../../../../arm-none-eabi/lib/armv7e-m/fpu/libg.a(lib_a-svfprintf.o)
 .rodata.str1.4
                0x0801df80       0x3a /opt/ARM/bin/../lib/gcc/arm-none-eabi/4.8.4/../../../../arm-none-eabi/lib/armv7e-m/fpu/libg.a(lib_a-svfprintf.o)
                                 0x44 (size before relaxing)
 *fill*         0x0801dfba        0x6 
 .rodata.blanks.6762
                0x0801dfc0       0x10 /opt/ARM/bin/../lib/gcc/arm-none-eabi/4.8.4/../../../../arm-none-eabi/lib/armv7e-m/fpu/libg.a(lib_a-svfprintf.o)
 .rodata.str1.4
                0x0801dfd0       0x10 /opt/ARM/bin/../lib/gcc/arm-none-eabi/4.8.4/../../../../arm-none-eabi/lib/armv7e-m/fpu/libg.a(lib_a-dtoa.o)
                                 0x14 (size before relaxing)
 .rodata.str1.4
                0x0801dfe0        0x2 /opt/ARM/bin/../lib/gcc/arm-none-eabi/4.8.4/../../../../arm-none-eabi/lib/armv7e-m/fpu/libg.a(lib_a-impure.o)
                                  0x4 (size before relaxing)
 *fill*         0x0801dfe2        0xe 
 .rodata.str1.4
                0x0801dff0        0xc /opt/ARM/bin/../lib/gcc/arm-none-eabi/4.8.4/../../../../arm-none-eabi/lib/armv7e-m/fpu/libg.a(lib_a-locale.o)
                                 0x14 (size before relaxing)
 *fill*         0x0801dffc        0x4 
 .rodata.__mprec_tens
                0x0801e000       0xc8 /opt/ARM/bin/../lib/gcc/arm-none-eabi/4.8.4/../../../../arm-none-eabi/lib/armv7e-m/fpu/libg.a(lib_a-mprec.o)
                0x0801e000                __mprec_tens
 *fill*         0x0801e0c8        0x8 
 .rodata.__mprec_bigtens
                0x0801e0d0       0x28 /opt/ARM/bin/../lib/gcc/arm-none-eabi/4.8.4/../../../../arm-none-eabi/lib/armv7e-m/fpu/libg.a(lib_a-mprec.o)
                0x0801e0d0                __mprec_bigtens
 *fill*         0x0801e0f8        0x8 
 .rodata.p05.5269
                0x0801e100        0xc /opt/ARM/bin/../lib/gcc/arm-none-eabi/4.8.4/../../../../arm-none-eabi/lib/armv7e-m/fpu/libg.a(lib_a-mprec.o)
 *(.glue_7t)
 .glue_7t       0x00000000        0x0 linker stubs
 *(.glue_7)
 .glue_7        0x00000000        0x0 linker stubs
 *(.gcc*)

.vfp11_veneer   0x0801e10c        0x0
 .vfp11_veneer  0x00000000        0x0 linker stubs

.v4_bx          0x0801e10c        0x0
 .v4_bx         0x00000000        0x0 linker stubs

.iplt           0x0801e10c        0x0
 .iplt          0x00000000        0x0 build/obj/crt0.o

.ARM.extab
 *(.ARM.extab* .gnu.linkonce.armextab.*)

.ARM.exidx      0x0801e10c        0x8
                0x0801e10c                PROVIDE (__exidx_start, .)
 *(.ARM.exidx* .gnu.linkonce.armexidx.*)
 .ARM.exidx     0x0801e10c        0x8 /opt/ARM/bin/../lib/gcc/arm-none-eabi/4.8.4/armv7e-m/fpu/libgcc.a(_divdi3.o)
 .ARM.exidx     0x0801e114        0x0 /opt/ARM/bin/../lib/gcc/arm-none-eabi/4.8.4/armv7e-m/fpu/libgcc.a(_udivdi3.o)
                                  0x8 (size before relaxing)
                0x0801e114                PROVIDE (__exidx_end, .)

.rel.dyn        0x0801e114        0x0
 .rel.iplt      0x00000000        0x0 build/obj/crt0.o

.eh_frame_hdr
 *(.eh_frame_hdr)

.eh_frame
 *(.eh_frame)

.textalign      0x0801e114        0x4
                0x0801e118                . = ALIGN (0x8)
 *fill*         0x0801e114        0x4 
                0x0801e118                . = ALIGN (0x4)
                0x0801e118                _etext = .
                0x0801e118                _textdata = _etext

.stacks         0x20000000      0x800
                0x20000000                . = ALIGN (0x8)
                0x20000000                __main_stack_base__ = .
                0x20000400                . = (. + __main_stack_size__)
 *fill*         0x20000000      0x400 
                0x20000400                . = ALIGN (0x8)
                0x20000400                __main_stack_end__ = .
                0x20000400                __process_stack_base__ = .
                0x20000400                __main_thread_stack_base__ = .
                0x20000800                . = (. + __process_stack_size__)
 *fill*         0x20000400      0x400 
                0x20000800                . = ALIGN (0x8)
                0x20000800                __process_stack_end__ = .
                0x20000800                __main_thread_stack_end__ = .

.data           0x20000800      0x8a4 load address 0x0801e118
                0x20000800                . = ALIGN (0x4)
                0x20000800                PROVIDE (_data, .)
 *(.data)
                0x20000800                . = ALIGN (0x4)
 *(.data.*)
 .data.GDISP    0x20000800        0x4 build/obj/gdisp.o
                0x20000800                GDISP
 .data.defaultFgColor
                0x20000804        0x2 build/obj/gwin.o
 *fill*         0x20000806        0x2 
 .data.defaultStyle
                0x20000808        0x4 build/obj/gwidget.o
 .data.icucfg   0x2000080c       0x1c build/obj/main.o
 .data.VREFMeasured
                0x20000828        0x4 build/obj/main.o
                0x20000828                VREFMeasured
 *fill*         0x2000082c        0x4 
 .data.impure_data
                0x20000830      0x428 /opt/ARM/bin/../lib/gcc/arm-none-eabi/4.8.4/../../../../arm-none-eabi/lib/armv7e-m/fpu/libg.a(lib_a-impure.o)
 .data._impure_ptr
                0x20000c58        0x4 /opt/ARM/bin/../lib/gcc/arm-none-eabi/4.8.4/../../../../arm-none-eabi/lib/armv7e-m/fpu/libg.a(lib_a-impure.o)
                0x20000c58                _impure_ptr
 .data.lconv    0x20000c5c       0x38 /opt/ARM/bin/../lib/gcc/arm-none-eabi/4.8.4/../../../../arm-none-eabi/lib/armv7e-m/fpu/libg.a(lib_a-locale.o)
 .data.__malloc_av_
                0x20000c94      0x408 /opt/ARM/bin/../lib/gcc/arm-none-eabi/4.8.4/../../../../arm-none-eabi/lib/armv7e-m/fpu/libg.a(lib_a-mallocr.o)
                0x20000c94                __malloc_av_
 .data.__malloc_trim_threshold
                0x2000109c        0x4 /opt/ARM/bin/../lib/gcc/arm-none-eabi/4.8.4/../../../../arm-none-eabi/lib/armv7e-m/fpu/libg.a(lib_a-mallocr.o)
                0x2000109c                __malloc_trim_threshold
 .data.__malloc_sbrk_base
                0x200010a0        0x4 /opt/ARM/bin/../lib/gcc/arm-none-eabi/4.8.4/../../../../arm-none-eabi/lib/armv7e-m/fpu/libg.a(lib_a-mallocr.o)
                0x200010a0                __malloc_sbrk_base
                0x200010a4                . = ALIGN (0x4)
 *(.ramtext)
                0x200010a4                . = ALIGN (0x4)
                0x200010a4                PROVIDE (_edata, .)

.igot.plt       0x200010a4        0x0 load address 0x0801e9bc
 .igot.plt      0x00000000        0x0 build/obj/crt0.o

.bss            0x200010a8     0x3480 load address 0x0801e9bc
                0x200010a8                . = ALIGN (0x4)
                0x200010a8                PROVIDE (_bss_start, .)
 *(.bss)
                0x200010a8                . = ALIGN (0x4)
 *(.bss.*)
 .bss.mainthread.4840
                0x200010a8       0x4c build/obj/chsys.o
 *fill*         0x200010f4        0x4 
 .bss._idle_thread_wa
                0x200010f8      0x168 build/obj/chsys.o
                0x200010f8                _idle_thread_wa
 .bss.dbg_trace_buffer
                0x20001260      0x408 build/obj/chdebug.o
                0x20001260                dbg_trace_buffer
 .bss.dbg_panic_msg
                0x20001668        0x4 build/obj/chdebug.o
                0x20001668                dbg_panic_msg
 .bss.vtlist    0x2000166c       0x10 build/obj/chvt.o
                0x2000166c                vtlist
 .bss.rlist     0x2000167c       0x1c build/obj/chschd.o
                0x2000167c                rlist
 .bss.endmem    0x20001698        0x4 build/obj/chmemcore.o
 .bss.nextmem   0x2000169c        0x4 build/obj/chmemcore.o
 .bss.default_heap
                0x200016a0       0x20 build/obj/chheap.o
 .bss.dma_isr_redir
                0x200016c0       0x80 build/obj/stm32_dma.o
 .bss.dma_streams_mask
                0x20001740        0x4 build/obj/stm32_dma.o
 .bss.ADCD1     0x20001744       0x34 build/obj/adc_lld.o
                0x20001744                ADCD1
 .bss.ADCD2     0x20001778       0x34 build/obj/adc_lld.o
                0x20001778                ADCD2
 .bss.dummytx   0x200017ac        0x2 build/obj/spi_lld.o
 *fill*         0x200017ae        0x2 
 .bss.SPID2     0x200017b0       0x30 build/obj/spi_lld.o
                0x200017b0                SPID2
 .bss.ICUD5     0x200017e0       0x18 build/obj/icu_lld.o
                0x200017e0                ICUD5
 .bss.PWMD3     0x200017f8       0x14 build/obj/pwm_lld.o
                0x200017f8                PWMD3
 .bss.SD2       0x2000180c       0x78 build/obj/serial_lld.o
                0x2000180c                SD2
 .bss.initDone  0x20001884        0x1 build/obj/gfx.o
 *fill*         0x20001885        0x3 
 .bss.GDisplayArray
                0x20001888       0x58 build/obj/gdisp.o
 .bss.Assignments
                0x200018e0      0x200 build/obj/gevent.o
 .bss.geventMutex
                0x20001ae0       0x10 build/obj/gevent.o
 .bss.mutex     0x20001af0       0x10 build/obj/gtimer.o
 .bss.hThread   0x20001b00        0x4 build/obj/gtimer.o
 *fill*         0x20001b04        0x4 
 .bss.waTimerThread
                0x20001b08      0x958 build/obj/gtimer.o
 .bss.pTimerHead
                0x20002460        0x4 build/obj/gtimer.o
 .bss.waitsem   0x20002464       0x10 build/obj/gtimer.o
 .bss.defaultFont
                0x20002474        0x4 build/obj/gwin.o
 .bss.defaultBgColor
                0x20002478        0x2 build/obj/gwin.o
 *fill*         0x2000247a        0x2 
 .bss.gl        0x2000247c       0x48 build/obj/gwidget.o
 .bss._GWINwm   0x200024c4        0x4 build/obj/gwm.o
                0x200024c4                _GWINwm
 .bss.RedrawTimer
                0x200024c8       0x1c build/obj/gwm.o
 .bss.RedrawDisplay
                0x200024e4        0x4 build/obj/gwm.o
 .bss._GWINList
                0x200024e8        0x8 build/obj/gwm.o
 .bss.RedrawPreserve
                0x200024f0        0x1 build/obj/gwm.o
 *fill*         0x200024f1        0x3 
 .bss.MouseTimer
                0x200024f4       0x1c build/obj/mouse.o
 .bss.MouseConfig
                0x20002510       0x3c build/obj/mouse.o
 .bss.gfileArr  0x2000254c       0x30 build/obj/gfile.o
 .bss.txbuf.7834
                0x2000257c        0x4 build/obj/ginput_lld_mouse.o
 .bss.rxbuf.7835
                0x20002580        0x4 build/obj/ginput_lld_mouse.o
 .bss.sampleBuf
                0x20002584       0x10 build/obj/ginput_lld_mouse.o
 .bss.lastx     0x20002594        0x2 build/obj/ginput_lld_mouse.o
 .bss.lasty     0x20002596        0x2 build/obj/ginput_lld_mouse.o
 .bss.ADCvalue  0x20002598        0x4 build/obj/main.o
 .bss.console   0x2000259c        0x1 build/obj/main.o
                0x2000259c                console
 .bss.ADC2status
                0x2000259d        0x1 build/obj/main.o
                0x2000259d                ADC2status
 .bss.width     0x2000259e        0x2 build/obj/main.o
 .bss.Result    0x200025a0        0x8 build/obj/main.o
                0x200025a0                Result
 .bss.ADCvalue2
                0x200025a8        0x4 build/obj/main.o
 .bss.last_period
                0x200025ac        0x2 build/obj/main.o
                0x200025ac                last_period
 .bss.last_width
                0x200025ae        0x2 build/obj/main.o
                0x200025ae                last_width
 .bss.ghc       0x200025b0        0x4 build/obj/main.o
 .bss.samples1  0x200025b4      0x800 build/obj/main.o
 .bss.samples2  0x20002db4      0x800 build/obj/main.o
 .bss.ghBrightness
                0x200035b4        0x4 build/obj/main.o
 .bss.pe        0x200035b8        0x4 build/obj/main.o
 .bss.bWidth    0x200035bc        0x2 build/obj/main.o
 *fill*         0x200035be        0x2 
 .bss.pem       0x200035c0        0x4 build/obj/main.o
 .bss.ghStatus2
                0x200035c4        0x4 build/obj/main.o
 .bss.height    0x200035c8        0x2 build/obj/main.o
 *fill*         0x200035ca        0x2 
 .bss.ghConsole
                0x200035cc        0x4 build/obj/main.o
 .bss.ICU1label
                0x200035d0        0x4 build/obj/main.o
 .bss.ADClabel2
                0x200035d4        0x4 build/obj/main.o
 .bss.ghStatus1
                0x200035d8        0x4 build/obj/main.o
 .bss.font      0x200035dc        0x4 build/obj/main.o
 .bss.swidth    0x200035e0        0x2 build/obj/main.o
 *fill*         0x200035e2        0x2 
 .bss.ICU1value
                0x200035e4        0x4 build/obj/main.o
 .bss.mouse     0x200035e8        0x4 build/obj/main.o
 .bss.ADClabel  0x200035ec        0x4 build/obj/main.o
 .bss.sum       0x200035f0        0x4 build/obj/main.o
                0x200035f0                sum
 .bss.gl        0x200035f4       0x48 build/obj/main.o
 .bss.sheight   0x2000363c        0x2 build/obj/main.o
 *fill*         0x2000363e        0x2 
 .bss.waThread1
                0x20003640      0x558 build/obj/main.o
 .bss.waThread2
                0x20003b98      0x958 build/obj/main.o
 .bss.bHeight   0x200044f0        0x2 build/obj/main.o
 *fill*         0x200044f2        0x2 
 .bss.__malloc_max_total_mem
                0x200044f4        0x4 /opt/ARM/bin/../lib/gcc/arm-none-eabi/4.8.4/../../../../arm-none-eabi/lib/armv7e-m/fpu/libg.a(lib_a-mallocr.o)
                0x200044f4                __malloc_max_total_mem
 .bss.__malloc_max_sbrked_mem
                0x200044f8        0x4 /opt/ARM/bin/../lib/gcc/arm-none-eabi/4.8.4/../../../../arm-none-eabi/lib/armv7e-m/fpu/libg.a(lib_a-mallocr.o)
                0x200044f8                __malloc_max_sbrked_mem
 .bss.__malloc_top_pad
                0x200044fc        0x4 /opt/ARM/bin/../lib/gcc/arm-none-eabi/4.8.4/../../../../arm-none-eabi/lib/armv7e-m/fpu/libg.a(lib_a-mallocr.o)
                0x200044fc                __malloc_top_pad
 .bss.__malloc_current_mallinfo
                0x20004500       0x28 /opt/ARM/bin/../lib/gcc/arm-none-eabi/4.8.4/../../../../arm-none-eabi/lib/armv7e-m/fpu/libg.a(lib_a-mallocr.o)
                0x20004500                __malloc_current_mallinfo
                0x20004528                . = ALIGN (0x4)
 *(COMMON)
                0x20004528                . = ALIGN (0x4)
                0x20004528                PROVIDE (_bss_end, .)
                0x20004528                PROVIDE (end, .)
                0x20004528                _end = .
                0x20004528                __heap_base__ = _end
                0x2001c000                __heap_end__ = __ram_end__
START GROUP
LOAD /opt/ARM/bin/../lib/gcc/arm-none-eabi/4.8.4/armv7e-m/fpu/libgcc.a
LOAD /opt/ARM/bin/../lib/gcc/arm-none-eabi/4.8.4/../../../../arm-none-eabi/lib/armv7e-m/fpu/libg.a
LOAD /opt/ARM/bin/../lib/gcc/arm-none-eabi/4.8.4/../../../../arm-none-eabi/lib/armv7e-m/fpu/libc.a
END GROUP
OUTPUT(build/ch.elf elf32-littlearm)

.debug_info     0x00000000    0x2c178
 .debug_info    0x00000000      0x2ba build/obj/crt0.o
 .debug_info    0x000002ba      0x1cd build/obj/vectors.o
 .debug_info    0x00000487       0x92 build/obj/chcore.o
 .debug_info    0x00000519      0x9e4 build/obj/chcore_v7m.o
 .debug_info    0x00000efd      0x406 build/obj/nvic.o
 .debug_info    0x00001303      0x8f6 build/obj/chsys.o
 .debug_info    0x00001bf9      0x6fd build/obj/chdebug.o
 .debug_info    0x000022f6      0x617 build/obj/chlists.o
 .debug_info    0x0000290d      0x25e build/obj/chvt.o
 .debug_info    0x00002b6b      0xa79 build/obj/chschd.o
 .debug_info    0x000035e4      0xbdd build/obj/chthreads.o
 .debug_info    0x000041c1      0x9a1 build/obj/chdynamic.o
 .debug_info    0x00004b62      0x6eb build/obj/chregistry.o
 .debug_info    0x0000524d      0xb47 build/obj/chsem.o
 .debug_info    0x00005d94      0x9a5 build/obj/chmtx.o
 .debug_info    0x00006739      0xaea build/obj/chevents.o
 .debug_info    0x00007223      0xada build/obj/chqueues.o
 .debug_info    0x00007cfd      0x1d5 build/obj/chmemcore.o
 .debug_info    0x00007ed2      0x82e build/obj/chheap.o
 .debug_info    0x00008700      0x3d1 build/obj/hal.o
 .debug_info    0x00008ad1      0xf00 build/obj/adc.o
 .debug_info    0x000099d1      0x5d6 build/obj/icu.o
 .debug_info    0x00009fa7      0x329 build/obj/pal.o
 .debug_info    0x0000a2d0      0x695 build/obj/pwm.o
 .debug_info    0x0000a965     0x10f3 build/obj/serial.o
 .debug_info    0x0000ba58     0x127b build/obj/spi.o
 .debug_info    0x0000ccd3      0xace build/obj/stm32_dma.o
 .debug_info    0x0000d7a1      0x491 build/obj/hal_lld.o
 .debug_info    0x0000dc32     0x120c build/obj/adc_lld.o
 .debug_info    0x0000ee3e      0x704 build/obj/pal_lld.o
 .debug_info    0x0000f542      0xee4 build/obj/spi_lld.o
 .debug_info    0x00010426      0x7fe build/obj/icu_lld.o
 .debug_info    0x00010c24      0x7f8 build/obj/pwm_lld.o
 .debug_info    0x0001141c      0xefd build/obj/serial_lld.o
 .debug_info    0x00012319      0x1f4 build/obj/board.o
 .debug_info    0x0001250d      0x1d0 build/obj/gfx.o
 .debug_info    0x000126dd      0xbe1 build/obj/chibios.o
 .debug_info    0x000132be      0x562 build/obj/gqueue.o
 .debug_info    0x00013820     0x22c7 build/obj/gdisp.o
 .debug_info    0x00015ae7      0x98d build/obj/fonts.o
 .debug_info    0x00016474      0x181 build/obj/mf_encoding.o
 .debug_info    0x000165f5      0xa48 build/obj/mf_font.o
 .debug_info    0x0001703d      0x9a1 build/obj/mf_justify.o
 .debug_info    0x000179de      0xa51 build/obj/mf_rlefont.o
 .debug_info    0x0001842f      0x774 build/obj/mf_bwfont.o
 .debug_info    0x00018ba3      0x4cf build/obj/mf_scaledfont.o
 .debug_info    0x00019072      0xc34 build/obj/gevent.o
 .debug_info    0x00019ca6      0xb9e build/obj/gtimer.o
 .debug_info    0x0001a844     0x1915 build/obj/gwin.o
 .debug_info    0x0001c159     0x1395 build/obj/gwidget.o
 .debug_info    0x0001d4ee      0xd09 build/obj/gwm.o
 .debug_info    0x0001e1f7      0x9a4 build/obj/console.o
 .debug_info    0x0001eb9b     0x11d6 build/obj/button.o
 .debug_info    0x0001fd71     0x1332 build/obj/slider.o
 .debug_info    0x000210a3      0xaa1 build/obj/label.o
 .debug_info    0x00021b44       0xca build/obj/ginput.o
 .debug_info    0x00021c0e     0x1a16 build/obj/mouse.o
 .debug_info    0x00023624      0xcc0 build/obj/gfile.o
 .debug_info    0x000242e4     0x2e9a build/obj/gdisp_lld_SSD1289.o
 .debug_info    0x0002717e      0xe9c build/obj/ginput_lld_mouse.o
 .debug_info    0x0002801a      0xc42 build/obj/syscalls.o
 .debug_info    0x00028c5c      0x61d build/obj/chprintf.o
 .debug_info    0x00029279     0x2eff build/obj/main.o

.debug_abbrev   0x00000000     0x8d47
 .debug_abbrev  0x00000000       0xee build/obj/crt0.o
 .debug_abbrev  0x000000ee       0xaf build/obj/vectors.o
 .debug_abbrev  0x0000019d       0x42 build/obj/chcore.o
 .debug_abbrev  0x000001df      0x1ca build/obj/chcore_v7m.o
 .debug_abbrev  0x000003a9      0x10e build/obj/nvic.o
 .debug_abbrev  0x000004b7      0x213 build/obj/chsys.o
 .debug_abbrev  0x000006ca      0x1b2 build/obj/chdebug.o
 .debug_abbrev  0x0000087c      0x153 build/obj/chlists.o
 .debug_abbrev  0x000009cf      0x135 build/obj/chvt.o
 .debug_abbrev  0x00000b04      0x27d build/obj/chschd.o
 .debug_abbrev  0x00000d81      0x2ed build/obj/chthreads.o
 .debug_abbrev  0x0000106e      0x21b build/obj/chdynamic.o
 .debug_abbrev  0x00001289      0x193 build/obj/chregistry.o
 .debug_abbrev  0x0000141c      0x250 build/obj/chsem.o
 .debug_abbrev  0x0000166c      0x238 build/obj/chmtx.o
 .debug_abbrev  0x000018a4      0x2a3 build/obj/chevents.o
 .debug_abbrev  0x00001b47      0x2b5 build/obj/chqueues.o
 .debug_abbrev  0x00001dfc      0x148 build/obj/chmemcore.o
 .debug_abbrev  0x00001f44      0x1f2 build/obj/chheap.o
 .debug_abbrev  0x00002136      0x1c8 build/obj/hal.o
 .debug_abbrev  0x000022fe      0x2a3 build/obj/adc.o
 .debug_abbrev  0x000025a1      0x190 build/obj/icu.o
 .debug_abbrev  0x00002731      0x155 build/obj/pal.o
 .debug_abbrev  0x00002886      0x190 build/obj/pwm.o
 .debug_abbrev  0x00002a16      0x2b5 build/obj/serial.o
 .debug_abbrev  0x00002ccb      0x254 build/obj/spi.o
 .debug_abbrev  0x00002f1f      0x23f build/obj/stm32_dma.o
 .debug_abbrev  0x0000315e      0x12b build/obj/hal_lld.o
 .debug_abbrev  0x00003289      0x2fc build/obj/adc_lld.o
 .debug_abbrev  0x00003585      0x1aa build/obj/pal_lld.o
 .debug_abbrev  0x0000372f      0x30a build/obj/spi_lld.o
 .debug_abbrev  0x00003a39      0x23d build/obj/icu_lld.o
 .debug_abbrev  0x00003c76      0x23c build/obj/pwm_lld.o
 .debug_abbrev  0x00003eb2      0x2f3 build/obj/serial_lld.o
 .debug_abbrev  0x000041a5       0xe3 build/obj/board.o
 .debug_abbrev  0x00004288       0xa2 build/obj/gfx.o
 .debug_abbrev  0x0000432a      0x28a build/obj/chibios.o
 .debug_abbrev  0x000045b4      0x1c4 build/obj/gqueue.o
 .debug_abbrev  0x00004778      0x3d2 build/obj/gdisp.o
 .debug_abbrev  0x00004b4a      0x21e build/obj/fonts.o
 .debug_abbrev  0x00004d68       0xd1 build/obj/mf_encoding.o
 .debug_abbrev  0x00004e39      0x1fe build/obj/mf_font.o
 .debug_abbrev  0x00005037      0x299 build/obj/mf_justify.o
 .debug_abbrev  0x000052d0      0x2c1 build/obj/mf_rlefont.o
 .debug_abbrev  0x00005591      0x1c7 build/obj/mf_bwfont.o
 .debug_abbrev  0x00005758      0x18a build/obj/mf_scaledfont.o
 .debug_abbrev  0x000058e2      0x270 build/obj/gevent.o
 .debug_abbrev  0x00005b52      0x283 build/obj/gtimer.o
 .debug_abbrev  0x00005dd5      0x3c1 build/obj/gwin.o
 .debug_abbrev  0x00006196      0x415 build/obj/gwidget.o
 .debug_abbrev  0x000065ab      0x353 build/obj/gwm.o
 .debug_abbrev  0x000068fe      0x2da build/obj/console.o
 .debug_abbrev  0x00006bd8      0x373 build/obj/button.o
 .debug_abbrev  0x00006f4b      0x38f build/obj/slider.o
 .debug_abbrev  0x000072da      0x2ac build/obj/label.o