Archive member included because of file (symbol)

/opt/gcc-arm-none-eabi/bin/../lib/gcc/arm-none-eabi/4.9.3/armv7e-m/fpu/libgcc.a(_aeabi_ldivmod.o)
                              build/obj/main.o (__aeabi_ldivmod)
/opt/gcc-arm-none-eabi/bin/../lib/gcc/arm-none-eabi/4.9.3/armv7e-m/fpu/libgcc.a(_aeabi_uldivmod.o)
                              build/obj/main.o (__aeabi_uldivmod)
/opt/gcc-arm-none-eabi/bin/../lib/gcc/arm-none-eabi/4.9.3/armv7e-m/fpu/libgcc.a(bpabi.o)
                              /opt/gcc-arm-none-eabi/bin/../lib/gcc/arm-none-eabi/4.9.3/armv7e-m/fpu/libgcc.a(_aeabi_ldivmod.o) (__gnu_ldivmod_helper)
/opt/gcc-arm-none-eabi/bin/../lib/gcc/arm-none-eabi/4.9.3/armv7e-m/fpu/libgcc.a(_dvmd_tls.o)
                              /opt/gcc-arm-none-eabi/bin/../lib/gcc/arm-none-eabi/4.9.3/armv7e-m/fpu/libgcc.a(_aeabi_ldivmod.o) (__aeabi_ldiv0)
/opt/gcc-arm-none-eabi/bin/../lib/gcc/arm-none-eabi/4.9.3/armv7e-m/fpu/libgcc.a(_divdi3.o)
                              /opt/gcc-arm-none-eabi/bin/../lib/gcc/arm-none-eabi/4.9.3/armv7e-m/fpu/libgcc.a(bpabi.o) (__divdi3)
/opt/gcc-arm-none-eabi/bin/../lib/gcc/arm-none-eabi/4.9.3/armv7e-m/fpu/libgcc.a(_udivdi3.o)
                              /opt/gcc-arm-none-eabi/bin/../lib/gcc/arm-none-eabi/4.9.3/armv7e-m/fpu/libgcc.a(bpabi.o) (__udivdi3)
/opt/gcc-arm-none-eabi/bin/../lib/gcc/arm-none-eabi/4.9.3/../../../../arm-none-eabi/lib/armv7e-m/fpu/libg.a(lib_a-memcpy.o)
                              build/obj/gos_chibios.o (memcpy)
/opt/gcc-arm-none-eabi/bin/../lib/gcc/arm-none-eabi/4.9.3/../../../../arm-none-eabi/lib/armv7e-m/fpu/libg.a(lib_a-memset.o)
                              build/obj/gdriver.o (memset)
/opt/gcc-arm-none-eabi/bin/../lib/gcc/arm-none-eabi/4.9.3/../../../../arm-none-eabi/lib/armv7e-m/fpu/libg.a(lib_a-sprintf.o)
                              build/obj/main.o (sprintf)
/opt/gcc-arm-none-eabi/bin/../lib/gcc/arm-none-eabi/4.9.3/../../../../arm-none-eabi/lib/armv7e-m/fpu/libg.a(lib_a-strcmp.o)
                              build/obj/gfile_fs_rom.o (strcmp)
/opt/gcc-arm-none-eabi/bin/../lib/gcc/arm-none-eabi/4.9.3/../../../../arm-none-eabi/lib/armv7e-m/fpu/libg.a(lib_a-strcpy.o)
                              build/obj/gwin_widget.o (strcpy)
/opt/gcc-arm-none-eabi/bin/../lib/gcc/arm-none-eabi/4.9.3/../../../../arm-none-eabi/lib/armv7e-m/fpu/libg.a(lib_a-strlen.o)
                              build/obj/gwin_widget.o (strlen)
/opt/gcc-arm-none-eabi/bin/../lib/gcc/arm-none-eabi/4.9.3/../../../../arm-none-eabi/lib/armv7e-m/fpu/libg.a(lib_a-strncat.o)
                              build/obj/main.o (strncat)
/opt/gcc-arm-none-eabi/bin/../lib/gcc/arm-none-eabi/4.9.3/../../../../arm-none-eabi/lib/armv7e-m/fpu/libg.a(lib_a-svfprintf.o)
                              /opt/gcc-arm-none-eabi/bin/../lib/gcc/arm-none-eabi/4.9.3/../../../../arm-none-eabi/lib/armv7e-m/fpu/libg.a(lib_a-sprintf.o) (_svfprintf_r)
/opt/gcc-arm-none-eabi/bin/../lib/gcc/arm-none-eabi/4.9.3/../../../../arm-none-eabi/lib/armv7e-m/fpu/libg.a(lib_a-dtoa.o)
                              /opt/gcc-arm-none-eabi/bin/../lib/gcc/arm-none-eabi/4.9.3/../../../../arm-none-eabi/lib/armv7e-m/fpu/libg.a(lib_a-svfprintf.o) (_dtoa_r)
/opt/gcc-arm-none-eabi/bin/../lib/gcc/arm-none-eabi/4.9.3/../../../../arm-none-eabi/lib/armv7e-m/fpu/libg.a(lib_a-impure.o)
                              /opt/gcc-arm-none-eabi/bin/../lib/gcc/arm-none-eabi/4.9.3/../../../../arm-none-eabi/lib/armv7e-m/fpu/libg.a(lib_a-sprintf.o) (_impure_ptr)
/opt/gcc-arm-none-eabi/bin/../lib/gcc/arm-none-eabi/4.9.3/../../../../arm-none-eabi/lib/armv7e-m/fpu/libg.a(lib_a-locale.o)
                              /opt/gcc-arm-none-eabi/bin/../lib/gcc/arm-none-eabi/4.9.3/../../../../arm-none-eabi/lib/armv7e-m/fpu/libg.a(lib_a-svfprintf.o) (_localeconv_r)
/opt/gcc-arm-none-eabi/bin/../lib/gcc/arm-none-eabi/4.9.3/../../../../arm-none-eabi/lib/armv7e-m/fpu/libg.a(lib_a-mallocr.o)
                              /opt/gcc-arm-none-eabi/bin/../lib/gcc/arm-none-eabi/4.9.3/../../../../arm-none-eabi/lib/armv7e-m/fpu/libg.a(lib_a-svfprintf.o) (_malloc_r)
/opt/gcc-arm-none-eabi/bin/../lib/gcc/arm-none-eabi/4.9.3/../../../../arm-none-eabi/lib/armv7e-m/fpu/libg.a(lib_a-memchr.o)
                              /opt/gcc-arm-none-eabi/bin/../lib/gcc/arm-none-eabi/4.9.3/../../../../arm-none-eabi/lib/armv7e-m/fpu/libg.a(lib_a-svfprintf.o) (memchr)
/opt/gcc-arm-none-eabi/bin/../lib/gcc/arm-none-eabi/4.9.3/../../../../arm-none-eabi/lib/armv7e-m/fpu/libg.a(lib_a-mlock.o)
                              /opt/gcc-arm-none-eabi/bin/../lib/gcc/arm-none-eabi/4.9.3/../../../../arm-none-eabi/lib/armv7e-m/fpu/libg.a(lib_a-mallocr.o) (__malloc_lock)
/opt/gcc-arm-none-eabi/bin/../lib/gcc/arm-none-eabi/4.9.3/../../../../arm-none-eabi/lib/armv7e-m/fpu/libg.a(lib_a-mprec.o)
                              /opt/gcc-arm-none-eabi/bin/../lib/gcc/arm-none-eabi/4.9.3/../../../../arm-none-eabi/lib/armv7e-m/fpu/libg.a(lib_a-dtoa.o) (_Balloc)
[...]
Memory Configuration

Name             Origin             Length             Attributes
flash            0x08000000         0x00100000
ram              0x20000000         0x0001c000
ethram           0x2001c000         0x00004000
ccmram           0x10000000         0x00010000
*default*        0x00000000         0xffffffff

Linker script and memory map

LOAD build/obj/crt0.o
LOAD build/obj/vectors.o
LOAD build/obj/chcore.o
LOAD build/obj/chcore_v7m.o
LOAD build/obj/nvic.o
LOAD build/obj/chsys.o
LOAD build/obj/chdebug.o
LOAD build/obj/chlists.o
LOAD build/obj/chvt.o
LOAD build/obj/chschd.o
LOAD build/obj/chthreads.o
LOAD build/obj/chdynamic.o
LOAD build/obj/chregistry.o
LOAD build/obj/chsem.o
LOAD build/obj/chmtx.o
LOAD build/obj/chcond.o
LOAD build/obj/chevents.o
LOAD build/obj/chmsg.o
LOAD build/obj/chmboxes.o
LOAD build/obj/chqueues.o
LOAD build/obj/chmemcore.o
LOAD build/obj/chheap.o
LOAD build/obj/chmempools.o
LOAD build/obj/hal.o
LOAD build/obj/adc.o
LOAD build/obj/can.o
LOAD build/obj/ext.o
LOAD build/obj/gpt.o
LOAD build/obj/i2c.o
LOAD build/obj/icu.o
LOAD build/obj/mac.o
LOAD build/obj/mmc_spi.o
LOAD build/obj/mmcsd.o
LOAD build/obj/pal.o
LOAD build/obj/pwm.o
LOAD build/obj/rtc.o
LOAD build/obj/sdc.o
LOAD build/obj/serial.o
LOAD build/obj/serial_usb.o
LOAD build/obj/spi.o
LOAD build/obj/tm.o
LOAD build/obj/uart.o
LOAD build/obj/usb.o
LOAD build/obj/stm32_dma.o
LOAD build/obj/hal_lld.o
LOAD build/obj/adc_lld.o
LOAD build/obj/ext_lld_isr.o
LOAD build/obj/can_lld.o
LOAD build/obj/ext_lld.o
LOAD build/obj/mac_lld.o
LOAD build/obj/sdc_lld.o
LOAD build/obj/pal_lld.o
LOAD build/obj/i2c_lld.o
LOAD build/obj/usb_lld.o
LOAD build/obj/rtc_lld.o
LOAD build/obj/spi_lld.o
LOAD build/obj/gpt_lld.o
LOAD build/obj/icu_lld.o
LOAD build/obj/pwm_lld.o
LOAD build/obj/serial_lld.o
LOAD build/obj/uart_lld.o
LOAD build/obj/board.o
LOAD build/obj/gfx.o
LOAD build/obj/gos_chibios.o
LOAD build/obj/gos_freertos.o
LOAD build/obj/gos_win32.o
LOAD build/obj/gos_linux.o
LOAD build/obj/gos_osx.o
LOAD build/obj/gos_raw32.o
LOAD build/obj/gos_ecos.o
LOAD build/obj/gos_rawrtos.o
LOAD build/obj/gos_arduino.o
LOAD build/obj/gdriver.o
LOAD build/obj/gqueue.o
LOAD build/obj/gdisp.o
LOAD build/obj/gdisp_fonts.o
LOAD build/obj/gdisp_pixmap.o
LOAD build/obj/gdisp_image.o
LOAD build/obj/gdisp_image_native.o
LOAD build/obj/gdisp_image_gif.o
LOAD build/obj/gdisp_image_bmp.o
LOAD build/obj/gdisp_image_jpg.o
LOAD build/obj/gdisp_image_png.o
LOAD build/obj/mf_encoding.o
LOAD build/obj/mf_font.o
LOAD build/obj/mf_justify.o
LOAD build/obj/mf_kerning.o
LOAD build/obj/mf_rlefont.o
LOAD build/obj/mf_bwfont.o
LOAD build/obj/mf_scaledfont.o
LOAD build/obj/mf_wordwrap.o
LOAD build/obj/gevent.o
LOAD build/obj/gtimer.o
LOAD build/obj/gwin.o
LOAD build/obj/gwin_widget.o
LOAD build/obj/gwin_wm.o
LOAD build/obj/gwin_console.o
LOAD build/obj/gwin_graph.o
LOAD build/obj/gwin_button.o
LOAD build/obj/gwin_slider.o
LOAD build/obj/gwin_checkbox.o
LOAD build/obj/gwin_image.o
LOAD build/obj/gwin_label.o
LOAD build/obj/gwin_radio.o
LOAD build/obj/gwin_list.o
LOAD build/obj/gwin_progressbar.o
LOAD build/obj/gwin_container.o
LOAD build/obj/gwin_frame.o
LOAD build/obj/gwin_tabset.o
LOAD build/obj/gwin_gl3d.o
LOAD build/obj/gwin_keyboard.o
LOAD build/obj/gwin_keyboard_layout.o
LOAD build/obj/ginput.o
LOAD build/obj/ginput_mouse.o
LOAD build/obj/ginput_keyboard.o
LOAD build/obj/ginput_keyboard_microcode.o
LOAD build/obj/ginput_toggle.o
LOAD build/obj/ginput_dial.o
LOAD build/obj/gadc.o
LOAD build/obj/gaudio.o
LOAD build/obj/gmisc.o
LOAD build/obj/gmisc_arrayops.o
LOAD build/obj/gmisc_matrix2d.o
LOAD build/obj/gmisc_trig.o
LOAD build/obj/gfile.o
LOAD build/obj/gfile_fs_native.o
LOAD build/obj/gfile_fs_ram.o
LOAD build/obj/gfile_fs_rom.o
LOAD build/obj/gfile_fs_fatfs.o
LOAD build/obj/gfile_fs_petitfs.o
LOAD build/obj/gfile_fs_mem.o
LOAD build/obj/gfile_fs_chibios.o
LOAD build/obj/gfile_fs_strings.o
LOAD build/obj/gfile_printg.o
LOAD build/obj/gfile_scang.o
LOAD build/obj/gfile_stdio.o
LOAD build/obj/gfile_fatfs_wrapper.o
LOAD build/obj/gfile_fatfs_diskio_chibios.o
LOAD build/obj/gfile_petitfs_wrapper.o
LOAD build/obj/gfile_petitfs_diskio_chibios.o
LOAD build/obj/gdisp_lld_SSD1289.o
LOAD build/obj/gmouse_lld_ADS7843.o
LOAD build/obj/syscalls.o
LOAD build/obj/chprintf.o
LOAD build/obj/sram.o
LOAD build/obj/main.o
                0x00000400                __main_stack_size__ = 0x400
                0x00000400                __process_stack_size__ = 0x400
                0x20000000                __ram_start__ = ORIGIN (ram)
                0x0001c000                __ram_size__ = 0x1c000
                0x2001c000                __ram_end__ = (__ram_start__ + __ram_size__)
                0x00000000                . = 0x0
                0x00000000                _text = .

startup         0x08000000      0x1ac
 *(vectors)
 vectors        0x08000000      0x1ac build/obj/vectors.o
                0x08000000                _vectors

constructors    0x080001ac        0x0
                0x080001ac                PROVIDE (__init_array_start, .)
 *(SORT(.init_array.*))
 *(.init_array)
                0x080001ac                PROVIDE (__init_array_end, .)

destructors     0x080001ac        0x0
                0x080001ac                PROVIDE (__fini_array_start, .)
 *(.fini_array)
 *(SORT(.fini_array.*))
                0x080001ac                PROVIDE (__fini_array_end, .)

.text           0x080001b0    0x61cb8
 *(.text.startup.*)
 *(.text)
 .text          0x080001b0       0x38 /opt/gcc-arm-none-eabi/bin/../lib/gcc/arm-none-eabi/4.9.3/armv7e-m/fpu/libgcc.a(_aeabi_ldivmod.o)
                0x080001b0                __aeabi_ldivmod
 *fill*         0x080001e8        0x8 
 .text          0x080001f0       0x30 /opt/gcc-arm-none-eabi/bin/../lib/gcc/arm-none-eabi/4.9.3/armv7e-m/fpu/libgcc.a(_aeabi_uldivmod.o)
                0x080001f0                __aeabi_uldivmod
 .text          0x08000220       0x60 /opt/gcc-arm-none-eabi/bin/../lib/gcc/arm-none-eabi/4.9.3/armv7e-m/fpu/libgcc.a(bpabi.o)
                0x08000220                __gnu_ldivmod_helper
                0x08000250                __gnu_uldivmod_helper
 .text          0x08000280        0x4 /opt/gcc-arm-none-eabi/bin/../lib/gcc/arm-none-eabi/4.9.3/armv7e-m/fpu/libgcc.a(_dvmd_tls.o)
                0x08000280                __aeabi_ldiv0
                0x08000280                __aeabi_idiv0
 *fill*         0x08000284        0xc 
 .text          0x08000290      0x29c /opt/gcc-arm-none-eabi/bin/../lib/gcc/arm-none-eabi/4.9.3/armv7e-m/fpu/libgcc.a(_divdi3.o)
                0x08000290                __divdi3
 *fill*         0x0800052c        0x4 
 .text          0x08000530      0x26c /opt/gcc-arm-none-eabi/bin/../lib/gcc/arm-none-eabi/4.9.3/armv7e-m/fpu/libgcc.a(_udivdi3.o)
                0x08000530                __udivdi3
 *fill*         0x0800079c        0x4 
 .text          0x080007a0      0x134 /opt/gcc-arm-none-eabi/bin/../lib/gcc/arm-none-eabi/4.9.3/../../../../arm-none-eabi/lib/armv7e-m/fpu/libg.a(lib_a-memcpy.o)
                0x080007a0                memcpy
 *fill*         0x080008d4        0xc 
 .text          0x080008e0      0x370 /opt/gcc-arm-none-eabi/bin/../lib/gcc/arm-none-eabi/4.9.3/armv7e-m/fpu/libgcc.a(_arm_addsubdf3.o)
                0x080008e0                __aeabi_drsub
                0x080008e8                __aeabi_dsub
                0x080008e8                __subdf3
                0x080008ec                __adddf3
                0x080008ec                __aeabi_dadd
                0x08000b64                __aeabi_ui2d
                0x08000b64                __floatunsidf
                0x08000b84                __floatsidf
                0x08000b84                __aeabi_i2d
                0x08000ba8                __extendsfdf2
                0x08000ba8                __aeabi_f2d
                0x08000be4                __aeabi_ul2d
                0x08000be4                __floatundidf
                0x08000bf4                __floatdidf
                0x08000bf4                __aeabi_l2d
 .text          0x08000c50      0x424 /opt/gcc-arm-none-eabi/bin/../lib/gcc/arm-none-eabi/4.9.3/armv7e-m/fpu/libgcc.a(_arm_muldivdf3.o)
                0x08000c50                __aeabi_dmul
                0x08000c50                __muldf3
                0x08000ea4                __aeabi_ddiv
                0x08000ea4                __divdf3
 *fill*         0x08001074        0xc 
 .text          0x08001080      0x110 /opt/gcc-arm-none-eabi/bin/../lib/gcc/arm-none-eabi/4.9.3/armv7e-m/fpu/libgcc.a(_arm_cmpdf2.o)
                0x08001080                __gtdf2
                0x08001080                __gedf2
                0x08001088                __ltdf2
                0x08001088                __ledf2
                0x08001090                __cmpdf2
                0x08001090                __eqdf2
                0x08001090                __nedf2
                0x0800110c                __aeabi_cdrcmple
                0x0800111c                __aeabi_cdcmple
                0x0800111c                __aeabi_cdcmpeq
                0x0800112c                __aeabi_dcmpeq
                0x08001140                __aeabi_dcmplt
                0x08001154                __aeabi_dcmple
                0x08001168                __aeabi_dcmpge
                0x0800117c                __aeabi_dcmpgt
 .text          0x08001190       0x50 /opt/gcc-arm-none-eabi/bin/../lib/gcc/arm-none-eabi/4.9.3/armv7e-m/fpu/libgcc.a(_arm_fixdfsi.o)
                0x08001190                __fixdfsi
                0x08001190                __aeabi_d2iz
 *(.text.*)
 .text.__late_init
                0x080011e0       0x10 build/obj/crt0.o
                0x080011e0                __late_init
 .text._default_exit
                0x080011f0       0x10 build/obj/crt0.o
                0x080011f0                _default_exit
 .text.ResetHandler
                0x08001200      0x100 build/obj/crt0.o
                0x08001200                ResetHandler
 .text._unhandled_exception
                0x08001300       0x10 build/obj/vectors.o
                0x08001300                Vector58
                0x08001300                VectorE8
                0x08001300                Vector9C
                0x08001300                VectorAC
                0x08001300                Vector1A0
                0x08001300                Vector5C
                0x08001300                NMIVector
                0x08001300                Vector11C
                0x08001300                Vector19C
                0x08001300                Vector8C
                0x08001300                VectorDC
                0x08001300                Vector168
                0x08001300                Vector110
                0x08001300                VectorC8
                0x08001300                Vector94
                0x08001300                VectorA8
                0x08001300                Vector160
                0x08001300                VectorEC
                0x08001300                UsageFaultVector
                0x08001300                DebugMonitorVector
                0x08001300                Vector40
                0x08001300                VectorF8
                0x08001300                VectorBC
                0x08001300                Vector190
                0x08001300                Vector148
                0x08001300                Vector188
                0x08001300                PendSVVector
                0x08001300                Vector198
                0x08001300                Vector118
                0x08001300                Vector64
                0x08001300                VectorCC
                0x08001300                Vector54
                0x08001300                Vector98
                0x08001300                Vector138
                0x08001300                Vector24
                0x08001300                Vector178
                0x08001300                Vector1A4
                0x08001300                BusFaultVector
                0x08001300                VectorD0
                0x08001300                Vector140
                0x08001300                VectorE4
                0x08001300                VectorC0
                0x08001300                HardFaultVector
                0x08001300                Vector134
                0x08001300                VectorF0
                0x08001300                Vector13C
                0x08001300                Vector100
                0x08001300                VectorE0
                0x08001300                VectorF4
                0x08001300                MemManageVector
                0x08001300                VectorA0
                0x08001300                VectorC4
                0x08001300                Vector180
                0x08001300                Vector90
                0x08001300                Vector114
                0x08001300                Vector164
                0x08001300                Vector60
                0x08001300                Vector1C
                0x08001300                Vector17C
                0x08001300                Vector48
                0x08001300                Vector1A8
                0x08001300                Vector16C
                0x08001300                VectorD4
                0x08001300                Vector4C
                0x08001300                Vector144
                0x08001300                Vector15C
                0x08001300                Vector68
                0x08001300                _unhandled_exception
                0x08001300                Vector170
                0x08001300                Vector104
                0x08001300                Vector184
                0x08001300                Vector10C
                0x08001300                Vector14C
                0x08001300                Vector50
                0x08001300                Vector194
                0x08001300                Vector44
                0x08001300                Vector28
                0x08001300                VectorB8
                0x08001300                Vector34
                0x08001300                VectorA4
                0x08001300                Vector20
                0x08001300                Vector18C
                0x08001300                Vector174
 .text.port_halt
                0x08001310       0x10 build/obj/chcore.o
                0x08001310                port_halt
 .text.SysTickVector
                0x08001320       0x20 build/obj/chcore_v7m.o
                0x08001320                SysTickVector
 .text.SVCallVector
                0x08001340       0x30 build/obj/chcore_v7m.o
                0x08001340                SVCallVector
 .text._port_init
                0x08001370       0x30 build/obj/chcore_v7m.o
                0x08001370                _port_init
 .text._port_lock
                0x080013a0       0x10 build/obj/chcore_v7m.o
                0x080013a0                _port_lock
 .text._port_unlock
                0x080013b0       0x10 build/obj/chcore_v7m.o
                0x080013b0                _port_unlock
 .text._port_irq_epilogue
                0x080013c0       0xb0 build/obj/chcore_v7m.o
                0x080013c0                _port_irq_epilogue
 .text._port_switch_from_isr
                0x08001470       0x10 build/obj/chcore_v7m.o
                0x08001470                _port_switch_from_isr
 .text._port_switch
                0x08001480       0x20 build/obj/chcore_v7m.o
                0x08001480                _port_switch
 .text._port_thread_start
                0x080014a0       0x20 build/obj/chcore_v7m.o
                0x080014a0                _port_thread_start
 .text.nvicEnableVector
                0x080014c0       0x80 build/obj/nvic.o
                0x080014c0                nvicEnableVector
 .text.nvicSetSystemHandlerPriority
                0x08001540       0x50 build/obj/nvic.o
                0x08001540                nvicSetSystemHandlerPriority
 .text._idle_thread
                0x08001590       0x20 build/obj/chsys.o
                0x08001590                _idle_thread
 .text.chSysInit
                0x080015b0       0x80 build/obj/chsys.o
                0x080015b0                chSysInit
 .text.chSysTimerHandlerI
                0x08001630       0xa0 build/obj/chsys.o
                0x08001630                chSysTimerHandlerI
 .text._trace_init
                0x080016d0       0x20 build/obj/chdebug.o
                0x080016d0                _trace_init
 .text.dbg_trace
                0x080016f0       0x60 build/obj/chdebug.o
                0x080016f0                dbg_trace
 .text.chDbgPanic
                0x08001750       0x20 build/obj/chdebug.o
                0x08001750                chDbgPanic
 .text.prio_insert
                0x08001770       0x50 build/obj/chlists.o
                0x08001770                prio_insert
 .text.queue_insert
                0x080017c0       0x30 build/obj/chlists.o
                0x080017c0                queue_insert
 .text.fifo_remove
                0x080017f0       0x30 build/obj/chlists.o
                0x080017f0                fifo_remove
 .text.dequeue  0x08001820       0x20 build/obj/chlists.o
                0x08001820                dequeue
 .text.list_remove
                0x08001840       0x20 build/obj/chlists.o
                0x08001840                list_remove
 .text._vt_init
                0x08001860       0x30 build/obj/chvt.o
                0x08001860                _vt_init
 .text.chVTSetI
                0x08001890       0xa0 build/obj/chvt.o
                0x08001890                chVTSetI
 .text.chVTResetI
                0x08001930       0x70 build/obj/chvt.o
                0x08001930                chVTResetI
 .text._scheduler_init
                0x080019a0       0x30 build/obj/chschd.o
                0x080019a0                _scheduler_init
 .text.chSchReadyI
                0x080019d0       0x70 build/obj/chschd.o
                0x080019d0                chSchReadyI
 .text.chSchGoSleepS
                0x08001a40       0x70 build/obj/chschd.o
                0x08001a40                chSchGoSleepS
 .text.wakeup   0x08001ab0       0x90 build/obj/chschd.o
 .text.chSchGoSleepTimeoutS
                0x08001b40       0x60 build/obj/chschd.o
                0x08001b40                chSchGoSleepTimeoutS
 .text.chSchWakeupS
                0x08001ba0       0x70 build/obj/chschd.o
                0x08001ba0                chSchWakeupS
 .text.chSchRescheduleS
                0x08001c10       0x20 build/obj/chschd.o
                0x08001c10                chSchRescheduleS
 .text.chSchDoRescheduleBehind
                0x08001c30       0x70 build/obj/chschd.o
                0x08001c30                chSchDoRescheduleBehind
 .text.chSchDoRescheduleAhead
                0x08001ca0       0x90 build/obj/chschd.o
                0x08001ca0                chSchDoRescheduleAhead
 .text.chSchDoReschedule
                0x08001d30       0x20 build/obj/chschd.o
                0x08001d30                chSchDoReschedule
 .text._thread_init
                0x08001d50       0xa0 build/obj/chthreads.o
                0x08001d50                _thread_init
 .text._thread_memfill
                0x08001df0       0x30 build/obj/chthreads.o
                0x08001df0                _thread_memfill
 .text.chThdCreateI
                0x08001e20       0x70 build/obj/chthreads.o
                0x08001e20                chThdCreateI
 .text.chThdCreateStatic
                0x08001e90       0x60 build/obj/chthreads.o
                0x08001e90                chThdCreateStatic
 .text.chThdSleep
                0x08001ef0       0x30 build/obj/chthreads.o
                0x08001ef0                chThdSleep
 .text.chThdYield
                0x08001f20       0x30 build/obj/chthreads.o
                0x08001f20                chThdYield
 .text.chThdExit
                0x08001f50       0x20 build/obj/chthreads.o
                0x08001f50                chThdExit
 .text.chThdExitS
                0x08001f70       0x70 build/obj/chthreads.o
                0x08001f70                chThdExitS
 .text.chThdCreateFromHeap
                0x08001fe0       0x80 build/obj/chdynamic.o
                0x08001fe0                chThdCreateFromHeap
 .text.chSemInit
                0x08002060       0x40 build/obj/chsem.o
                0x08002060                chSemInit
 .text.chSemWait
                0x080020a0       0x20 build/obj/chsem.o
                0x080020a0                chSemWait
 .text.chSemWaitS
                0x080020c0       0x90 build/obj/chsem.o
                0x080020c0                chSemWaitS
 .text.chSemWaitTimeout
                0x08002150       0x30 build/obj/chsem.o
                0x08002150                chSemWaitTimeout
 .text.chSemWaitTimeoutS
                0x08002180       0xa0 build/obj/chsem.o
                0x08002180                chSemWaitTimeoutS
 .text.chSemSignalI
                0x08002220       0x80 build/obj/chsem.o
                0x08002220                chSemSignalI
 .text.chMtxInit
                0x080022a0       0x30 build/obj/chmtx.o
                0x080022a0                chMtxInit
 .text.chMtxLock
                0x080022d0       0x20 build/obj/chmtx.o
                0x080022d0                chMtxLock
 .text.chMtxLockS
                0x080022f0      0x110 build/obj/chmtx.o
                0x080022f0                chMtxLockS
 .text.chMtxUnlock
                0x08002400       0xd0 build/obj/chmtx.o
                0x08002400                chMtxUnlock
 .text.chEvtBroadcastFlagsI
                0x080024d0       0x50 build/obj/chevents.o
                0x080024d0                chEvtBroadcastFlagsI
 .text.chEvtSignalI
                0x08002520       0x70 build/obj/chevents.o
                0x08002520                chEvtSignalI
 .text.qwait    0x08002590       0x40 build/obj/chqueues.o
 .text.chIQInit
                0x080025d0       0x50 build/obj/chqueues.o
                0x080025d0                chIQInit
 .text.chIQPutI
                0x08002620       0x90 build/obj/chqueues.o
                0x08002620                chIQPutI
 .text.chIQGetTimeout
                0x080026b0       0x80 build/obj/chqueues.o
                0x080026b0                chIQGetTimeout
 .text.chIQReadTimeout
                0x08002730       0xb0 build/obj/chqueues.o
                0x08002730                chIQReadTimeout
 .text.chOQInit
                0x080027e0       0x50 build/obj/chqueues.o
                0x080027e0                chOQInit
 .text.chOQPutTimeout
                0x08002830       0x80 build/obj/chqueues.o
                0x08002830                chOQPutTimeout
 .text.chOQGetI
                0x080028b0       0x90 build/obj/chqueues.o
                0x080028b0                chOQGetI
 .text.chOQWriteTimeout
                0x08002940       0xb0 build/obj/chqueues.o
                0x08002940                chOQWriteTimeout
 .text._core_init
                0x080029f0       0x30 build/obj/chmemcore.o
                0x080029f0                _core_init
 .text.chCoreAlloc
                0x08002a20       0x20 build/obj/chmemcore.o
                0x08002a20                chCoreAlloc
 .text.chCoreAllocI
                0x08002a40       0x50 build/obj/chmemcore.o
                0x08002a40                chCoreAllocI
 .text._heap_init
                0x08002a90       0x30 build/obj/chheap.o
                0x08002a90                _heap_init
 .text.chHeapAlloc
                0x08002ac0       0xf0 build/obj/chheap.o
                0x08002ac0                chHeapAlloc
 .text.chHeapFree
                0x08002bb0      0x100 build/obj/chheap.o
                0x08002bb0                chHeapFree
 .text.halInit  0x08002cb0       0x30 build/obj/hal.o
                0x08002cb0                halInit
 .text.adcInit  0x08002ce0       0x10 build/obj/adc.o
                0x08002ce0                adcInit
 .text.adcObjectInit
                0x08002cf0       0x40 build/obj/adc.o
                0x08002cf0                adcObjectInit
 .text.adcStart
                0x08002d30       0x60 build/obj/adc.o
                0x08002d30                adcStart
 .text.adcStartConversion
                0x08002d90       0x30 build/obj/adc.o
                0x08002d90                adcStartConversion
 .text.adcStartConversionI
                0x08002dc0       0x80 build/obj/adc.o
                0x08002dc0                adcStartConversionI
 .text.adcConvert
                0x08002e40       0x60 build/obj/adc.o
                0x08002e40                adcConvert
 .text.icuInit  0x08002ea0       0x10 build/obj/icu.o
                0x08002ea0                icuInit
 .text.icuObjectInit
                0x08002eb0       0x20 build/obj/icu.o
                0x08002eb0                icuObjectInit
 .text.icuStart
                0x08002ed0       0x60 build/obj/icu.o
                0x08002ed0                icuStart
 .text.icuEnable
                0x08002f30       0x50 build/obj/icu.o
                0x08002f30                icuEnable
 .text.palSetBusMode
                0x08002f80       0x40 build/obj/pal.o
                0x08002f80                palSetBusMode
 .text.pwmInit  0x08002fc0       0x10 build/obj/pwm.o
                0x08002fc0                pwmInit
 .text.pwmObjectInit
                0x08002fd0       0x20 build/obj/pwm.o
                0x08002fd0                pwmObjectInit
 .text.pwmStart
                0x08002ff0       0x60 build/obj/pwm.o
                0x08002ff0                pwmStart
 .text.pwmEnableChannel
                0x08003050       0x60 build/obj/pwm.o
                0x08003050                pwmEnableChannel
 .text.write    0x080030b0       0x30 build/obj/serial.o
 .text.read     0x080030e0       0x30 build/obj/serial.o
 .text.put      0x08003110       0x30 build/obj/serial.o
 .text.get      0x08003140       0x20 build/obj/serial.o
 .text.putt     0x08003160       0x30 build/obj/serial.o
 .text.gett     0x08003190       0x20 build/obj/serial.o
 .text.writet   0x080031b0       0x30 build/obj/serial.o
 .text.readt    0x080031e0       0x30 build/obj/serial.o
 .text.sdInit   0x08003210       0x10 build/obj/serial.o
                0x08003210                sdInit
 .text.sdObjectInit
                0x08003220       0x60 build/obj/serial.o
                0x08003220                sdObjectInit
 .text.sdStart  0x08003280       0x50 build/obj/serial.o
                0x08003280                sdStart
 .text.sdIncomingDataI
                0x080032d0       0x60 build/obj/serial.o
                0x080032d0                sdIncomingDataI
 .text.spiInit  0x08003330       0x10 build/obj/spi.o
                0x08003330                spiInit
 .text.spiObjectInit
                0x08003340       0x30 build/obj/spi.o
                0x08003340                spiObjectInit
 .text.spiStart
                0x08003370       0x60 build/obj/spi.o
                0x08003370                spiStart
 .text.spiExchange
                0x080033d0       0xa0 build/obj/spi.o
                0x080033d0                spiExchange
 .text.spiAcquireBus
                0x08003470       0x30 build/obj/spi.o
                0x08003470                spiAcquireBus
 .text.spiReleaseBus
                0x080034a0       0x20 build/obj/spi.o
                0x080034a0                spiReleaseBus
 .text.Vector6C
                0x080034c0       0x40 build/obj/stm32_dma.o
                0x080034c0                Vector6C
 .text.Vector70
                0x08003500       0x40 build/obj/stm32_dma.o
                0x08003500                Vector70
 .text.Vector74
                0x08003540       0x40 build/obj/stm32_dma.o
                0x08003540                Vector74
 .text.Vector78
                0x08003580       0x40 build/obj/stm32_dma.o
                0x08003580                Vector78
 .text.Vector7C
                0x080035c0       0x40 build/obj/stm32_dma.o
                0x080035c0                Vector7C
 .text.Vector80
                0x08003600       0x40 build/obj/stm32_dma.o
                0x08003600                Vector80
 .text.Vector84
                0x08003640       0x40 build/obj/stm32_dma.o
                0x08003640                Vector84
 .text.VectorFC
                0x08003680       0x40 build/obj/stm32_dma.o
                0x08003680                VectorFC
 .text.Vector120
                0x080036c0       0x40 build/obj/stm32_dma.o
                0x080036c0                Vector120
 .text.Vector124
                0x08003700       0x40 build/obj/stm32_dma.o
                0x08003700                Vector124
 .text.Vector128
                0x08003740       0x40 build/obj/stm32_dma.o
                0x08003740                Vector128
 .text.Vector12C
                0x08003780       0x40 build/obj/stm32_dma.o
                0x08003780                Vector12C
 .text.Vector130
                0x080037c0       0x40 build/obj/stm32_dma.o
                0x080037c0                Vector130
 .text.Vector150
                0x08003800       0x40 build/obj/stm32_dma.o
                0x08003800                Vector150
 .text.Vector154
                0x08003840       0x40 build/obj/stm32_dma.o
                0x08003840                Vector154
 .text.Vector158
                0x08003880       0x40 build/obj/stm32_dma.o
                0x08003880                Vector158
 .text.dmaInit  0x080038c0       0x70 build/obj/stm32_dma.o
                0x080038c0                dmaInit
 .text.dmaStreamAllocate
                0x08003930      0x110 build/obj/stm32_dma.o
                0x08003930                dmaStreamAllocate
 .text.hal_lld_backup_domain_init
                0x08003a40       0x60 build/obj/hal_lld.o
 .text.hal_lld_init
                0x08003aa0       0xa0 build/obj/hal_lld.o
                0x08003aa0                hal_lld_init
 .text.stm32_clock_init
                0x08003b40      0x120 build/obj/hal_lld.o
                0x08003b40                stm32_clock_init
 .text.adc_lld_serve_rx_interrupt
                0x08003c60      0x190 build/obj/adc_lld.o
 .text.Vector88
                0x08003df0      0x140 build/obj/adc_lld.o
                0x08003df0                Vector88
 .text.adc_lld_init
                0x08003f30       0x60 build/obj/adc_lld.o
                0x08003f30                adc_lld_init
 .text.adc_lld_start
                0x08003f90       0xf0 build/obj/adc_lld.o
                0x08003f90                adc_lld_start
 .text.adc_lld_start_conversion
                0x08004080      0x110 build/obj/adc_lld.o
                0x08004080                adc_lld_start_conversion
 .text.adc_lld_stop_conversion
                0x08004190       0x60 build/obj/adc_lld.o
                0x08004190                adc_lld_stop_conversion
 .text.adcSTM32EnableTSVREFE
                0x080041f0       0x20 build/obj/adc_lld.o
                0x080041f0                adcSTM32EnableTSVREFE
 .text.initgpio
                0x08004210       0x50 build/obj/pal_lld.o
 .text._pal_lld_init
                0x08004260       0xc0 build/obj/pal_lld.o
                0x08004260                _pal_lld_init
 .text._pal_lld_setgroupmode
                0x08004320      0x130 build/obj/pal_lld.o
                0x08004320                _pal_lld_setgroupmode
 .text.spi_lld_serve_rx_interrupt
                0x08004450       0xf0 build/obj/spi_lld.o
 .text.spi_lld_serve_tx_interrupt
                0x08004540       0x20 build/obj/spi_lld.o
 .text.spi_lld_init
                0x08004560       0x50 build/obj/spi_lld.o
                0x08004560                spi_lld_init
 .text.spi_lld_start
                0x080045b0      0x130 build/obj/spi_lld.o
                0x080045b0                spi_lld_start
 .text.spi_lld_exchange
                0x080046e0       0x80 build/obj/spi_lld.o
                0x080046e0                spi_lld_exchange
 .text.icu_lld_serve_interrupt
                0x08004760      0x100 build/obj/icu_lld.o
 .text.VectorB0
                0x08004860       0x20 build/obj/icu_lld.o
                0x08004860                VectorB0
 .text.Vector108
                0x08004880       0x20 build/obj/icu_lld.o
                0x08004880                Vector108
 .text.icu_lld_init
                0x080048a0       0x30 build/obj/icu_lld.o
                0x080048a0                icu_lld_init
 .text.icu_lld_start
                0x080048d0      0x1d0 build/obj/icu_lld.o
                0x080048d0                icu_lld_start
 .text.icu_lld_enable
                0x08004aa0       0xc0 build/obj/icu_lld.o
                0x08004aa0                icu_lld_enable
 .text.pwm_lld_serve_interrupt
                0x08004b60       0xb0 build/obj/pwm_lld.o
 .text.VectorB4
                0x08004c10       0x20 build/obj/pwm_lld.o
                0x08004c10                VectorB4
 .text.pwm_lld_init
                0x08004c30       0x20 build/obj/pwm_lld.o
                0x08004c30                pwm_lld_init
 .text.pwm_lld_start
                0x08004c50      0x1d0 build/obj/pwm_lld.o
                0x08004c50                pwm_lld_start
 .text.pwm_lld_enable_channel
                0x08004e20       0x80 build/obj/pwm_lld.o
                0x08004e20                pwm_lld_enable_channel
 .text.usart_init
                0x08004ea0       0xa0 build/obj/serial_lld.o
 .text.set_error
                0x08004f40       0x80 build/obj/serial_lld.o
 .text.serve_interrupt
                0x08004fc0      0x160 build/obj/serial_lld.o
 .text.notify2  0x08005120       0x20 build/obj/serial_lld.o
 .text.VectorD8
                0x08005140       0x20 build/obj/serial_lld.o
                0x08005140                VectorD8
 .text.sd_lld_init
                0x08005160       0x20 build/obj/serial_lld.o
                0x08005160                sd_lld_init
 .text.sd_lld_start
                0x08005180       0x50 build/obj/serial_lld.o
                0x08005180                sd_lld_start
 .text.__early_init
                0x080051d0       0x10 build/obj/board.o
                0x080051d0                __early_init
 .text.boardInit
                0x080051e0       0x10 build/obj/board.o
                0x080051e0                boardInit
 .text.gfxInit  0x080051f0       0x40 build/obj/gfx.o
                0x080051f0                gfxInit
 .text._gosInit
                0x08005230       0x20 build/obj/gos_chibios.o
                0x08005230                _gosInit
 .text.gfxSleepMilliseconds
                0x08005250       0x50 build/obj/gos_chibios.o
                0x08005250                gfxSleepMilliseconds
 .text.gfxSleepMicroseconds
                0x080052a0       0x50 build/obj/gos_chibios.o
                0x080052a0                gfxSleepMicroseconds
 .text.gfxSemInit
                0x080052f0       0x30 build/obj/gos_chibios.o
                0x080052f0                gfxSemInit
 .text.gfxSemWait
                0x08005320       0x80 build/obj/gos_chibios.o
                0x08005320                gfxSemWait
 .text.gfxSemSignal
                0x080053a0       0x30 build/obj/gos_chibios.o
                0x080053a0                gfxSemSignal
 .text.gfxThreadCreate
                0x080053d0       0x60 build/obj/gos_chibios.o
                0x080053d0                gfxThreadCreate
 .text._gdriverInit
                0x08005430       0x10 build/obj/gdriver.o
                0x08005430                _gdriverInit
 .text.gdriverRegister
                0x08005440       0xe0 build/obj/gdriver.o
                0x08005440                gdriverRegister
 .text.gdriverGetInstance
                0x08005520       0x50 build/obj/gdriver.o
                0x08005520                gdriverGetInstance
 .text.gdriverGetNext
                0x08005570       0x50 build/obj/gdriver.o
                0x08005570                gdriverGetNext
 .text._gqueueInit
                0x080055c0       0x10 build/obj/gqueue.o
                0x080055c0                _gqueueInit
 .text.gfxQueueASyncInit
                0x080055d0       0x20 build/obj/gqueue.o
                0x080055d0                gfxQueueASyncInit
 .text.gfxQueueASyncPut
                0x080055f0       0x20 build/obj/gqueue.o
                0x080055f0                gfxQueueASyncPut
 .text.gfxQueueASyncPutI
                0x08005610       0x40 build/obj/gqueue.o
                0x08005610                gfxQueueASyncPutI
 .text.gfxQueueASyncRemove
                0x08005650       0x20 build/obj/gqueue.o
                0x08005650                gfxQueueASyncRemove
 .text.gfxQueueASyncRemoveI
                0x08005670       0x80 build/obj/gqueue.o
                0x08005670                gfxQueueASyncRemoveI
 .text.setglobalwindow
                0x080056f0       0x60 build/obj/gdisp.o
 .text.drawpixel
                0x08005750       0x30 build/obj/gdisp.o
 .text.drawpixel_clip
                0x08005780       0x60 build/obj/gdisp.o
 .text.fillarea
                0x080057e0       0x20 build/obj/gdisp.o
 .text.hline_clip
                0x08005800       0xf0 build/obj/gdisp.o
 .text.vline_clip
                0x080058f0       0xf0 build/obj/gdisp.o
 .text.line_clip
                0x080059e0      0x260 build/obj/gdisp.o
 .text._gdispInit
                0x08005c40       0x20 build/obj/gdisp.o
                0x08005c40                _gdispInit
 .text._gdispInitDriver
                0x08005c60       0x60 build/obj/gdisp.o
                0x08005c60                _gdispInitDriver
 .text._gdispPostInitDriver
                0x08005cc0       0x50 build/obj/gdisp.o
                0x08005cc0                _gdispPostInitDriver
 .text._gdispDeInitDriver
                0x08005d10       0x30 build/obj/gdisp.o
                0x08005d10                _gdispDeInitDriver
 .text.gdispGGetWidth
                0x08005d40       0x10 build/obj/gdisp.o
                0x08005d40                gdispGGetWidth
 .text.gdispGGetHeight
                0x08005d50       0x10 build/obj/gdisp.o
                0x08005d50                gdispGGetHeight
 .text.gdispGGetOrientation
                0x08005d60       0x10 build/obj/gdisp.o
                0x08005d60                gdispGGetOrientation
 .text.gdispGDrawPixel
                0x08005d70       0x80 build/obj/gdisp.o
                0x08005d70                gdispGDrawPixel
 .text.gdispGDrawLine
                0x08005df0       0x90 build/obj/gdisp.o
                0x08005df0                gdispGDrawLine
 .text.gdispGClear
                0x08005e80       0x50 build/obj/gdisp.o
                0x08005e80                gdispGClear
 .text.gdispGFillArea
                0x08005ed0      0x150 build/obj/gdisp.o
                0x08005ed0                gdispGFillArea
 .text.gdispGBlitArea
                0x08006020      0x1a0 build/obj/gdisp.o
                0x08006020                gdispGBlitArea
 .text.gdispGSetClip
                0x080061c0      0x110 build/obj/gdisp.o
                0x080061c0                gdispGSetClip
 .text.gdispGControl
                0x080062d0       0xb0 build/obj/gdisp.o
                0x080062d0                gdispGControl
 .text.gdispGDrawBox
                0x08006380      0x1b0 build/obj/gdisp.o
                0x08006380                gdispGDrawBox
 .text.drawcharline
                0x08006530      0x120 build/obj/gdisp.o
 .text.drawcharglyph
                0x08006650       0x50 build/obj/gdisp.o
 .text.fillcharglyph
                0x080066a0       0x50 build/obj/gdisp.o
 .text.gdispGDrawChar
                0x080066f0       0xe0 build/obj/gdisp.o
                0x080066f0                gdispGDrawChar
 .text.gdispGDrawStringBox
                0x080067d0      0x140 build/obj/gdisp.o
                0x080067d0                gdispGDrawStringBox
 .text.gdispGFillStringBox
                0x08006910      0x250 build/obj/gdisp.o
                0x08006910                gdispGFillStringBox
 .text.gdispGetFontMetric
                0x08006b60       0x80 build/obj/gdisp.o
                0x08006b60                gdispGetFontMetric
 .text.gdispGetCharWidth
                0x08006be0       0x30 build/obj/gdisp.o
                0x08006be0                gdispGetCharWidth
 .text.gdispGetStringWidth
                0x08006c10       0x30 build/obj/gdisp.o
                0x08006c10                gdispGetStringWidth
 .text.gdispBlendColor
                0x08006c40      0x130 build/obj/gdisp.o
                0x08006c40                gdispBlendColor
 .text.matchfont
                0x08006d70       0x80 build/obj/gdisp_fonts.o
 .text.gdispOpenFont
                0x08006df0       0x80 build/obj/gdisp_fonts.o
                0x08006df0                gdispOpenFont
 .text.gdispImageInit
                0x08006e70       0x10 build/obj/gdisp_image.o
                0x08006e70                gdispImageInit
 .text.gdispImageOpenGFile
                0x08006e80       0xc0 build/obj/gdisp_image.o
                0x08006e80                gdispImageOpenGFile
 .text.gdispImageClose
                0x08006f40       0x40 build/obj/gdisp_image.o
                0x08006f40                gdispImageClose
 .text.gdispImageIsOpen
                0x08006f80       0x30 build/obj/gdisp_image.o
                0x08006f80                gdispImageIsOpen
 .text.gdispImageSetBgColor
                0x08006fb0       0x20 build/obj/gdisp_image.o
                0x08006fb0                gdispImageSetBgColor
 .text.gdispImageCache
                0x08006fd0       0x30 build/obj/gdisp_image.o
                0x08006fd0                gdispImageCache
 .text.gdispGImageDraw
                0x08007000       0x60 build/obj/gdisp_image.o
                0x08007000                gdispGImageDraw
 .text.gdispImageAlloc
                0x08007060       0x20 build/obj/gdisp_image.o
                0x08007060                gdispImageAlloc
 .text.gdispImageFree
                0x08007080       0x20 build/obj/gdisp_image.o
                0x08007080                gdispImageFree
 .text.gdispImageClose_BMP
                0x080070a0       0x80 build/obj/gdisp_image_bmp.o
                0x080070a0                gdispImageClose_BMP
 .text.gdispImageOpen_BMP
                0x08007120      0x820 build/obj/gdisp_image_bmp.o
                0x08007120                gdispImageOpen_BMP
 .text.getPixels
                0x08007940      0xde0 build/obj/gdisp_image_bmp.o
 .text.gdispImageCache_BMP
                0x08008720      0x1f0 build/obj/gdisp_image_bmp.o
                0x08008720                gdispImageCache_BMP
 .text.gdispGImageDraw_BMP
                0x08008910      0x4c0 build/obj/gdisp_image_bmp.o
                0x08008910                gdispGImageDraw_BMP
 .text.gdispImageNext_BMP
                0x08008dd0       0x10 build/obj/gdisp_image_bmp.o
                0x08008dd0                gdispImageNext_BMP
 .text.mf_getchar
                0x08008de0      0x130 build/obj/mf_encoding.o
                0x08008de0                mf_getchar
 .text.mf_rewind
                0x08008f10       0x40 build/obj/mf_encoding.o
                0x08008f10                mf_rewind
 .text.mf_render_character
                0x08008f50       0x80 build/obj/mf_font.o
                0x08008f50                mf_render_character
 .text.mf_character_width
                0x08008fd0       0x50 build/obj/mf_font.o
                0x08008fd0                mf_character_width
 .text.mf_get_font_list
                0x08009020       0x10 build/obj/mf_font.o
                0x08009020                mf_get_font_list
 .text.mf_round_to_tab
                0x08009030       0x90 build/obj/mf_justify.o
 .text.mf_round_to_prev_tab
                0x080090c0       0x90 build/obj/mf_justify.o
 .text.mf_get_string_width
                0x08009150       0xc0 build/obj/mf_justify.o
                0x08009150                mf_get_string_width
 .text.strip_spaces
                0x08009210       0xc0 build/obj/mf_justify.o
 .text.render_left
                0x080092d0       0xb0 build/obj/mf_justify.o
 .text.render_right
                0x08009380      0x100 build/obj/mf_justify.o
 .text.mf_render_aligned
                0x08009480       0xe0 build/obj/mf_justify.o
                0x08009480                mf_render_aligned
 .text.find_glyph
                0x08009560       0x80 build/obj/mf_rlefont.o
 .text.write_pixels
                0x080095e0       0xd0 build/obj/mf_rlefont.o
 .text.skip_pixels
                0x080096b0       0x70 build/obj/mf_rlefont.o
 .text.write_rle_dictentry
                0x08009720      0x130 build/obj/mf_rlefont.o
 .text.fillentry_bitcount
                0x08009850       0x50 build/obj/mf_rlefont.o
 .text.write_bin_codeword
                0x080098a0       0xb0 build/obj/mf_rlefont.o
 .text.write_ref_codeword
                0x08009950       0x80 build/obj/mf_rlefont.o
 .text.write_ref_dictentry
                0x080099d0       0x90 build/obj/mf_rlefont.o
 .text.write_glyph_codeword
                0x08009a60       0x60 build/obj/mf_rlefont.o
 .text.mf_rlefont_render_character
                0x08009ac0       0xc0 build/obj/mf_rlefont.o
                0x08009ac0                mf_rlefont_render_character
 .text.mf_rlefont_character_width
                0x08009b80       0x30 build/obj/mf_rlefont.o
                0x08009b80                mf_rlefont_character_width
 .text.find_char_range
                0x08009bb0       0x70 build/obj/mf_bwfont.o
 .text.get_width
                0x08009c20       0x40 build/obj/mf_bwfont.o
 .text.render_char
                0x08009c60      0x250 build/obj/mf_bwfont.o
 .text.mf_bwfont_render_character
                0x08009eb0       0x70 build/obj/mf_bwfont.o
                0x08009eb0                mf_bwfont_render_character
 .text.mf_bwfont_character_width
                0x08009f20       0x50 build/obj/mf_bwfont.o
                0x08009f20                mf_bwfont_character_width
 .text.scaled_pixel_callback
                0x08009f70       0xd0 build/obj/mf_scaledfont.o
 .text.mf_scaled_character_width
                0x0800a040       0x50 build/obj/mf_scaledfont.o
                0x0800a040                mf_scaled_character_width
 .text.mf_scaled_render_character
                0x0800a090       0x90 build/obj/mf_scaledfont.o
                0x0800a090                mf_scaled_render_character
 .text.doExitEvent
                0x0800a120       0x50 build/obj/gevent.o
 .text.deleteAssignments
                0x0800a170       0x60 build/obj/gevent.o
 .text._geventInit
                0x0800a1d0       0x10 build/obj/gevent.o
                0x0800a1d0                _geventInit
 .text.geventListenerInit
                0x0800a1e0       0x30 build/obj/gevent.o
                0x0800a1e0                geventListenerInit
 .text.geventAttachSource
                0x0800a210       0xb0 build/obj/gevent.o
                0x0800a210                geventAttachSource
 .text.geventEventWait
                0x0800a2c0       0xc0 build/obj/gevent.o
                0x0800a2c0                geventEventWait
 .text.geventRegisterCallback
                0x0800a380       0x50 build/obj/gevent.o
                0x0800a380                geventRegisterCallback
 .text.geventGetSourceListener
                0x0800a3d0       0xa0 build/obj/gevent.o
                0x0800a3d0                geventGetSourceListener
 .text.geventGetEventBuffer
                0x0800a470       0x50 build/obj/gevent.o
                0x0800a470                geventGetEventBuffer
 .text.geventSendEvent
                0x0800a4c0       0xb0 build/obj/gevent.o
                0x0800a4c0                geventSendEvent
 .text.geventDetachSourceListeners
                0x0800a570       0x30 build/obj/gevent.o
                0x0800a570                geventDetachSourceListeners
 .text.GTimerThreadHandler
                0x0800a5a0      0x190 build/obj/gtimer.o
 .text._gtimerInit
                0x0800a730       0x20 build/obj/gtimer.o
                0x0800a730                _gtimerInit
 .text.gtimerInit
                0x0800a750       0x10 build/obj/gtimer.o
                0x0800a750                gtimerInit
 .text.gtimerStart
                0x0800a760      0x170 build/obj/gtimer.o
                0x0800a760                gtimerStart
 .text.gtimerIsActive
                0x0800a8d0       0x20 build/obj/gtimer.o
                0x0800a8d0                gtimerIsActive
 .text.gtimerJab
                0x0800a8f0       0x40 build/obj/gtimer.o
                0x0800a8f0                gtimerJab
 .text._gwinInit
                0x0800a930       0x10 build/obj/gwin.o
                0x0800a930                _gwinInit
 .text._gwindowCreate
                0x0800a940       0xc0 build/obj/gwin.o
                0x0800a940                _gwindowCreate
 .text.gwinClearInit
                0x0800aa00       0x30 build/obj/gwin.o
                0x0800aa00                gwinClearInit
 .text.gwinSetDefaultColor
                0x0800aa30       0x20 build/obj/gwin.o
                0x0800aa30                gwinSetDefaultColor
 .text.gwinSetDefaultBgColor
                0x0800aa50       0x20 build/obj/gwin.o
                0x0800aa50                gwinSetDefaultBgColor
 .text.gwinGetDefaultBgColor
                0x0800aa70       0x10 build/obj/gwin.o
                0x0800aa70                gwinGetDefaultBgColor
 .text.gwinSetDefaultFont
                0x0800aa80       0x20 build/obj/gwin.o
                0x0800aa80                gwinSetDefaultFont
 .text.gwinGetDefaultFont
                0x0800aaa0       0x10 build/obj/gwin.o
                0x0800aaa0                gwinGetDefaultFont
 .text.gwidgetEvent
                0x0800aab0      0x1c0 build/obj/gwin_widget.o
 .text._gwidgetInit
                0x0800ac70       0x30 build/obj/gwin_widget.o
                0x0800ac70                _gwidgetInit
 .text._gwidgetCreate
                0x0800aca0       0x90 build/obj/gwin_widget.o
                0x0800aca0                _gwidgetCreate
 .text._gwidgetDestroy
                0x0800ad30       0x40 build/obj/gwin_widget.o
                0x0800ad30                _gwidgetDestroy
 .text._gwidgetRedraw
                0x0800ad70       0x30 build/obj/gwin_widget.o
                0x0800ad70                _gwidgetRedraw
 .text._gwinSendEvent
                0x0800ada0       0x50 build/obj/gwin_widget.o
                0x0800ada0                _gwinSendEvent
 .text.gwinSetDefaultStyle
                0x0800adf0       0x80 build/obj/gwin_widget.o
                0x0800adf0                gwinSetDefaultStyle
 .text.gwinSetText
                0x0800ae70       0xc0 build/obj/gwin_widget.o
                0x0800ae70                gwinSetText
 .text.gwinGetText
                0x0800af30       0x20 build/obj/gwin_widget.o
                0x0800af30                gwinGetText
 .text.gwinSetStyle
                0x0800af50       0x50 build/obj/gwin_widget.o
                0x0800af50                gwinSetStyle
 .text.gwinAttachListener
                0x0800afa0       0x20 build/obj/gwin_widget.o
                0x0800afa0                gwinAttachListener
 .text._gwmInit
                0x0800afc0       0x60 build/obj/gwin_wm.o
                0x0800afc0                _gwmInit
 .text.RedrawTimerFn
                0x0800b020       0x20 build/obj/gwin_wm.o
 .text._gwinFlushRedraws
                0x0800b040      0x220 build/obj/gwin_wm.o
                0x0800b040                _gwinFlushRedraws
 .text._gwinUpdate
                0x0800b260       0x50 build/obj/gwin_wm.o
                0x0800b260                _gwinUpdate
 .text._gwinDrawStart
                0x0800b2b0       0x70 build/obj/gwin_wm.o
                0x0800b2b0                _gwinDrawStart
 .text._gwinDrawEnd
                0x0800b320       0x50 build/obj/gwin_wm.o
                0x0800b320                _gwinDrawEnd
 .text._gwinWMAdd
                0x0800b370       0x40 build/obj/gwin_wm.o
                0x0800b370                _gwinWMAdd
 .text.gwinRedraw
                0x0800b3b0       0x40 build/obj/gwin_wm.o
                0x0800b3b0                gwinRedraw
 .text.gwinSetVisible
                0x0800b3f0       0x90 build/obj/gwin_wm.o
                0x0800b3f0                gwinSetVisible
 .text.gwinResize
                0x0800b480       0x30 build/obj/gwin_wm.o
                0x0800b480                gwinResize
 .text.gwinGetNextWindow
                0x0800b4b0       0x20 build/obj/gwin_wm.o
                0x0800b4b0                gwinGetNextWindow
 .text.WM_Init  0x0800b4d0       0x10 build/obj/gwin_wm.o
 .text.WM_DeInit
                0x0800b4e0       0x10 build/obj/gwin_wm.o
 .text.WM_Add   0x0800b4f0       0x70 build/obj/gwin_wm.o
 .text.WM_Delete
                0x0800b560       0x20 build/obj/gwin_wm.o
 .text.WM_Redraw
                0x0800b580      0x1c0 build/obj/gwin_wm.o
 .text.WM_Size  0x0800b740      0x140 build/obj/gwin_wm.o
 .text.WM_Move  0x0800b880      0x1a0 build/obj/gwin_wm.o
 .text.WM_MinMax
                0x0800ba20       0x10 build/obj/gwin_wm.o
 .text.WM_Raise
                0x0800ba30       0x30 build/obj/gwin_wm.o
 .text.AfterClear
                0x0800ba60       0x20 build/obj/gwin_console.o
 .text.gwinGConsoleCreate
                0x0800ba80       0x50 build/obj/gwin_console.o
                0x0800ba80                gwinGConsoleCreate
 .text.gwinPutChar
                0x0800bad0      0x2a0 build/obj/gwin_console.o
                0x0800bad0                gwinPutChar
 .text.ltoa_wd  0x0800bd70       0xa0 build/obj/gwin_console.o
 .text.gwinPrintf
                0x0800be10      0x440 build/obj/gwin_console.o
                0x0800be10                gwinPrintf
 .text.MouseDown
                0x0800c250       0x30 build/obj/gwin_button.o
 .text.MouseUp  0x0800c280       0x40 build/obj/gwin_button.o
 .text.gwinGButtonCreate
                0x0800c2c0       0x40 build/obj/gwin_button.o
                0x0800c2c0                gwinGButtonCreate
 .text.getDrawColors
                0x0800c300       0x40 build/obj/gwin_button.o
 .text.gwinButtonDraw_Normal
                0x0800c340      0x220 build/obj/gwin_button.o
                0x0800c340                gwinButtonDraw_Normal
 .text.CalculatePosFromDPos
                0x0800c560      0x120 build/obj/gwin_slider.o
 .text.SendSliderEvent
                0x0800c680       0xb0 build/obj/gwin_slider.o
 .text.ResetDisplayPos
                0x0800c730       0x80 build/obj/gwin_slider.o
 .text.SetDisplayPosFromMouse
                0x0800c7b0       0x90 build/obj/gwin_slider.o
 .text.MouseUp  0x0800c840       0x50 build/obj/gwin_slider.o
 .text.MouseDown
                0x0800c890       0x40 build/obj/gwin_slider.o
 .text.MouseMove
                0x0800c8d0       0x40 build/obj/gwin_slider.o
 .text.gwinGSliderCreate
                0x0800c910       0x60 build/obj/gwin_slider.o
                0x0800c910                gwinGSliderCreate
 .text.gwinSliderSetRange
                0x0800c970       0x50 build/obj/gwin_slider.o
                0x0800c970                gwinSliderSetRange
 .text.gwinSliderSetPosition
                0x0800c9c0       0xa0 build/obj/gwin_slider.o
                0x0800c9c0                gwinSliderSetPosition
 .text.gwinSliderDraw_Std
                0x0800ca60      0x4a0 build/obj/gwin_slider.o
                0x0800ca60                gwinSliderDraw_Std
 .text._destroy
                0x0800cf00       0x30 build/obj/gwin_image.o
 .text._redraw  0x0800cf30      0x270 build/obj/gwin_image.o
 .text.gwinGImageCreate
                0x0800d1a0       0x50 build/obj/gwin_image.o
                0x0800d1a0                gwinGImageCreate
 .text.gwinImageOpenGFile
                0x0800d1f0       0x60 build/obj/gwin_image.o
                0x0800d1f0                gwinImageOpenGFile
 .text.gwinImageCache
                0x0800d250       0x30 build/obj/gwin_image.o
                0x0800d250                gwinImageCache
 .text.getwidth
                0x0800d280       0x30 build/obj/gwin_label.o
 .text.getheight
                0x0800d2b0       0x20 build/obj/gwin_label.o
 .text.gwinGLabelCreate
                0x0800d2d0       0xf0 build/obj/gwin_label.o
                0x0800d2d0                gwinGLabelCreate
 .text.gwinLabelDefaultDraw
                0x0800d3c0      0x1e0 build/obj/gwin_label.o
 .text._ginputInit
                0x0800d5a0       0x10 build/obj/ginput.o
                0x0800d5a0                _ginputInit
 .text.CalibrationTransform
                0x0800d5b0       0xb0 build/obj/ginput_mouse.o
 .text.SendMouseEvent
                0x0800d660      0x130 build/obj/ginput_mouse.o
 .text.GetMouseReading
                0x0800d790      0x5b0 build/obj/ginput_mouse.o
 .text.MousePoll
                0x0800dd40       0x50 build/obj/ginput_mouse.o
 .text._gmouseInit
                0x0800dd90       0x30 build/obj/ginput_mouse.o
                0x0800dd90                _gmouseInit
 .text._gmouseInitDriver
                0x0800ddc0       0x80 build/obj/ginput_mouse.o
                0x0800ddc0                _gmouseInitDriver
 .text._gmousePostInitDriver
                0x0800de40       0x60 build/obj/ginput_mouse.o
                0x0800de40                _gmousePostInitDriver
 .text._gmouseDeInitDriver
                0x0800dea0       0x10 build/obj/ginput_mouse.o
                0x0800dea0                _gmouseDeInitDriver
 .text.ginputGetMouse
                0x0800deb0       0x30 build/obj/ginput_mouse.o
                0x0800deb0                ginputGetMouse
 .text._gfileInit
                0x0800dee0       0x10 build/obj/gfile.o
                0x0800dee0                _gfileInit
 .text._gfileFindSlot
                0x0800def0      0x150 build/obj/gfile.o
                0x0800def0                _gfileFindSlot
 .text.gfileClose
                0x0800e040       0x40 build/obj/gfile.o
                0x0800e040                gfileClose
 .text.gfileRead
                0x0800e080       0x70 build/obj/gfile.o
                0x0800e080                gfileRead
 .text.gfileGetPos
                0x0800e0f0       0x30 build/obj/gfile.o
                0x0800e0f0                gfileGetPos
 .text.gfileSetPos
                0x0800e120       0x60 build/obj/gfile.o
                0x0800e120                gfileSetPos
 .text.MEMRead  0x0800e180       0x30 build/obj/gfile_fs_mem.o
 .text.MEMWrite
                0x0800e1b0       0x30 build/obj/gfile_fs_mem.o
 .text.MEMSetpos
                0x0800e1e0       0x10 build/obj/gfile_fs_mem.o
 .text.gfileOpenMemory
                0x0800e1f0       0x50 build/obj/gfile_fs_mem.o
                0x0800e1f0                gfileOpenMemory
 .text.init_board
                0x0800e240       0xe0 build/obj/gdisp_lld_SSD1289.o
 .text.post_init_board
                0x0800e320       0x10 build/obj/gdisp_lld_SSD1289.o
 .text.setpin_reset
                0x0800e330       0x10 build/obj/gdisp_lld_SSD1289.o
 .text.set_backlight
                0x0800e340       0x30 build/obj/gdisp_lld_SSD1289.o
 .text.acquire_bus
                0x0800e370       0x10 build/obj/gdisp_lld_SSD1289.o
 .text.release_bus
                0x0800e380       0x10 build/obj/gdisp_lld_SSD1289.o
 .text.write_index
                0x0800e390       0x20 build/obj/gdisp_lld_SSD1289.o
 .text.write_data
                0x0800e3b0       0x20 build/obj/gdisp_lld_SSD1289.o
 .text.setreadmode
                0x0800e3d0       0x20 build/obj/gdisp_lld_SSD1289.o
 .text.setwritemode
                0x0800e3f0       0x20 build/obj/gdisp_lld_SSD1289.o
 .text.read_data
                0x0800e410       0x20 build/obj/gdisp_lld_SSD1289.o
 .text.dma_with_noinc
                0x0800e430       0xb0 build/obj/gdisp_lld_SSD1289.o
 .text.dma_with_inc
                0x0800e4e0       0xb0 build/obj/gdisp_lld_SSD1289.o
 .text.set_cursor
                0x0800e590      0x130 build/obj/gdisp_lld_SSD1289.o
 .text.set_viewport
                0x0800e6c0      0x240 build/obj/gdisp_lld_SSD1289.o
 .text.gdisp_lld_init
                0x0800e900      0x430 build/obj/gdisp_lld_SSD1289.o
                0x0800e900                gdisp_lld_init
 .text.gdisp_lld_write_start
                0x0800ed30       0x20 build/obj/gdisp_lld_SSD1289.o
                0x0800ed30                gdisp_lld_write_start
 .text.gdisp_lld_write_color
                0x0800ed50       0x20 build/obj/gdisp_lld_SSD1289.o
                0x0800ed50                gdisp_lld_write_color
 .text.gdisp_lld_write_stop
                0x0800ed70       0x20 build/obj/gdisp_lld_SSD1289.o
                0x0800ed70                gdisp_lld_write_stop
 .text.gdisp_lld_write_pos
                0x0800ed90       0x20 build/obj/gdisp_lld_SSD1289.o
                0x0800ed90                gdisp_lld_write_pos
 .text.gdisp_lld_read_start
                0x0800edb0       0x40 build/obj/gdisp_lld_SSD1289.o
                0x0800edb0                gdisp_lld_read_start
 .text.gdisp_lld_read_color
                0x0800edf0       0x20 build/obj/gdisp_lld_SSD1289.o
                0x0800edf0                gdisp_lld_read_color
 .text.gdisp_lld_read_stop
                0x0800ee10       0x20 build/obj/gdisp_lld_SSD1289.o
                0x0800ee10                gdisp_lld_read_stop
 .text.gdisp_lld_fill_area
                0x0800ee30       0x50 build/obj/gdisp_lld_SSD1289.o
                0x0800ee30                gdisp_lld_fill_area
 .text.gdisp_lld_blit_area
                0x0800ee80       0xc0 build/obj/gdisp_lld_SSD1289.o
                0x0800ee80                gdisp_lld_blit_area
 .text.gdisp_lld_control
                0x0800ef40      0x210 build/obj/gdisp_lld_SSD1289.o
                0x0800ef40                gdisp_lld_control
 .text.init_board
                0x0800f150       0x70 build/obj/gmouse_lld_ADS7843.o
 .text.getpin_pressed
                0x0800f1c0       0x30 build/obj/gmouse_lld_ADS7843.o
 .text.aquire_bus
                0x0800f1f0       0x20 build/obj/gmouse_lld_ADS7843.o
 .text.release_bus
                0x0800f210       0x20 build/obj/gmouse_lld_ADS7843.o
 .text.read_value
                0x0800f230       0x50 build/obj/gmouse_lld_ADS7843.o
 .text.MouseXYZ
                0x0800f280       0x80 build/obj/gmouse_lld_ADS7843.o
 .text._sbrk_r  0x0800f300       0x40 build/obj/syscalls.o
                0x0800f300                _sbrk_r
 .text.long_to_string_with_divisor
                0x0800f340       0xa0 build/obj/chprintf.o
 .text.ltoa     0x0800f3e0       0x20 build/obj/chprintf.o
 .text.chvprintf
                0x0800f400      0x440 build/obj/chprintf.o
                0x0800f400                chvprintf
 .text.chprintf
                0x0800f840       0x20 build/obj/main.o
 .text.icuwidthcb
                0x0800f860       0x20 build/obj/main.o
 .text.icuperiodcb
                0x0800f880       0x20 build/obj/main.o
 .text.icuwidthcb2
                0x0800f8a0       0x20 build/obj/main.o
 .text.icuperiodcb2
                0x0800f8c0       0x20 build/obj/main.o
 .text.ICUinit  0x0800f8e0       0x60 build/obj/main.o
                0x0800f8e0                ICUinit
 .text.adcerrorcallback
                0x0800f940       0x20 build/obj/main.o
 .text.myADCinit
                0x0800f960       0x30 build/obj/main.o
                0x0800f960                myADCinit
 .text.readADC  0x0800f990      0x160 build/obj/main.o
                0x0800f990                readADC
 .text.readVoltage
                0x0800faf0      0x170 build/obj/main.o
                0x0800faf0                readVoltage
 .text.readICU  0x0800fc60       0xb0 build/obj/main.o
                0x0800fc60                readICU
 .text.Thread2  0x0800fd10       0x80 build/obj/main.o
 .text.CreateLogo
                0x0800fd90       0xf0 build/obj/main.o
 .text.bootScreen
                0x0800fe80       0xd0 build/obj/main.o
 .text.createWidgets
                0x0800ff50      0x420 build/obj/main.o
 .text.Thread1  0x08010370       0x70 build/obj/main.o
 .text.startBlinker
                0x080103e0       0x30 build/obj/main.o
                0x080103e0                startBlinker
 .text.main     0x08010410      0x240 build/obj/main.o
                0x08010410                main
 .text.memset   0x08010650       0x9c /opt/gcc-arm-none-eabi/bin/../lib/gcc/arm-none-eabi/4.9.3/../../../../arm-none-eabi/lib/armv7e-m/fpu/libg.a(lib_a-memset.o)
                0x08010650                memset
 *fill*         0x080106ec        0x4 
 .text.sprintf  0x080106f0       0x4c /opt/gcc-arm-none-eabi/bin/../lib/gcc/arm-none-eabi/4.9.3/../../../../arm-none-eabi/lib/armv7e-m/fpu/libg.a(lib_a-sprintf.o)
                0x080106f0                sprintf
 *fill*         0x0801073c        0x4 
 .text.strcpy   0x08010740       0xbc /opt/gcc-arm-none-eabi/bin/../lib/gcc/arm-none-eabi/4.9.3/../../../../arm-none-eabi/lib/armv7e-m/fpu/libg.a(lib_a-strcpy.o)
                0x08010740                strcpy
 *fill*         0x080107fc        0x4 
 .text.strlen   0x08010800       0x5c /opt/gcc-arm-none-eabi/bin/../lib/gcc/arm-none-eabi/4.9.3/../../../../arm-none-eabi/lib/armv7e-m/fpu/libg.a(lib_a-strlen.o)
                0x08010800                strlen
 *fill*         0x0801085c        0x4 
 .text.strncat  0x08010860       0x5c /opt/gcc-arm-none-eabi/bin/../lib/gcc/arm-none-eabi/4.9.3/../../../../arm-none-eabi/lib/armv7e-m/fpu/libg.a(lib_a-strncat.o)
                0x08010860                strncat
 *fill*         0x080108bc        0x4 
 .text._svfprintf_r
                0x080108c0     0x14d0 /opt/gcc-arm-none-eabi/bin/../lib/gcc/arm-none-eabi/4.9.3/../../../../arm-none-eabi/lib/armv7e-m/fpu/libg.a(lib_a-svfprintf.o)
                0x080108c0                _svfprintf_r
 .text.quorem   0x08011d90      0x12c /opt/gcc-arm-none-eabi/bin/../lib/gcc/arm-none-eabi/4.9.3/../../../../arm-none-eabi/lib/armv7e-m/fpu/libg.a(lib_a-dtoa.o)
 *fill*         0x08011ebc        0x4 
 .text._dtoa_r  0x08011ec0      0xea8 /opt/gcc-arm-none-eabi/bin/../lib/gcc/arm-none-eabi/4.9.3/../../../../arm-none-eabi/lib/armv7e-m/fpu/libg.a(lib_a-dtoa.o)
                0x08011ec0                _dtoa_r
 *fill*         0x08012d68        0x8 
 .text._localeconv_r
                0x08012d70        0x8 /opt/gcc-arm-none-eabi/bin/../lib/gcc/arm-none-eabi/4.9.3/../../../../arm-none-eabi/lib/armv7e-m/fpu/libg.a(lib_a-locale.o)
                0x08012d70                _localeconv_r
 *fill*         0x08012d78        0x8 
 .text._malloc_r
                0x08012d80      0x524 /opt/gcc-arm-none-eabi/bin/../lib/gcc/arm-none-eabi/4.9.3/../../../../arm-none-eabi/lib/armv7e-m/fpu/libg.a(lib_a-mallocr.o)
                0x08012d80                _malloc_r
 *fill*         0x080132a4        0xc 
 .text.memchr   0x080132b0       0x94 /opt/gcc-arm-none-eabi/bin/../lib/gcc/arm-none-eabi/4.9.3/../../../../arm-none-eabi/lib/armv7e-m/fpu/libg.a(lib_a-memchr.o)
                0x080132b0                memchr
 *fill*         0x08013344        0xc 
 .text.__malloc_lock
                0x08013350        0x4 /opt/gcc-arm-none-eabi/bin/../lib/gcc/arm-none-eabi/4.9.3/../../../../arm-none-eabi/lib/armv7e-m/fpu/libg.a(lib_a-mlock.o)
                0x08013350                __malloc_lock
 *fill*         0x08013354        0xc 
 .text.__malloc_unlock
                0x08013360        0x4 /opt/gcc-arm-none-eabi/bin/../lib/gcc/arm-none-eabi/4.9.3/../../../../arm-none-eabi/lib/armv7e-m/fpu/libg.a(lib_a-mlock.o)
                0x08013360                __malloc_unlock
 *fill*         0x08013364        0xc 
 .text._Balloc  0x08013370       0x4c /opt/gcc-arm-none-eabi/bin/../lib/gcc/arm-none-eabi/4.9.3/../../../../arm-none-eabi/lib/armv7e-m/fpu/libg.a(lib_a-mprec.o)
                0x08013370                _Balloc
 *fill*         0x080133bc        0x4 
 .text._Bfree   0x080133c0       0x14 /opt/gcc-arm-none-eabi/bin/../lib/gcc/arm-none-eabi/4.9.3/../../../../arm-none-eabi/lib/armv7e-m/fpu/libg.a(lib_a-mprec.o)
                0x080133c0                _Bfree
 *fill*         0x080133d4        0xc 
 .text.__multadd
                0x080133e0       0x84 /opt/gcc-arm-none-eabi/bin/../lib/gcc/arm-none-eabi/4.9.3/../../../../arm-none-eabi/lib/armv7e-m/fpu/libg.a(lib_a-mprec.o)
                0x080133e0                __multadd
 *fill*         0x08013464        0xc 
 .text.__hi0bits
                0x08013470       0x40 /opt/gcc-arm-none-eabi/bin/../lib/gcc/arm-none-eabi/4.9.3/../../../../arm-none-eabi/lib/armv7e-m/fpu/libg.a(lib_a-mprec.o)
                0x08013470                __hi0bits
 .text.__lo0bits
                0x080134b0       0x5c /opt/gcc-arm-none-eabi/bin/../lib/gcc/arm-none-eabi/4.9.3/../../../../arm-none-eabi/lib/armv7e-m/fpu/libg.a(lib_a-mprec.o)
                0x080134b0                __lo0bits
 *fill*         0x0801350c        0x4 
 .text.__i2b    0x08013510       0x14 /opt/gcc-arm-none-eabi/bin/../lib/gcc/arm-none-eabi/4.9.3/../../../../arm-none-eabi/lib/armv7e-m/fpu/libg.a(lib_a-mprec.o)
                0x08013510                __i2b
 *fill*         0x08013524        0xc 
 .text.__multiply
                0x08013530      0x134 /opt/gcc-arm-none-eabi/bin/../lib/gcc/arm-none-eabi/4.9.3/../../../../arm-none-eabi/lib/armv7e-m/fpu/libg.a(lib_a-mprec.o)
                0x08013530                __multiply
 *fill*         0x08013664        0xc 
 .text.__pow5mult
                0x08013670       0xa0 /opt/gcc-arm-none-eabi/bin/../lib/gcc/arm-none-eabi/4.9.3/../../../../arm-none-eabi/lib/armv7e-m/fpu/libg.a(lib_a-mprec.o)
                0x08013670                __pow5mult
 .text.__lshift
                0x08013710       0xac /opt/gcc-arm-none-eabi/bin/../lib/gcc/arm-none-eabi/4.9.3/../../../../arm-none-eabi/lib/armv7e-m/fpu/libg.a(lib_a-mprec.o)
                0x08013710                __lshift
 *fill*         0x080137bc        0x4 
 .text.__mcmp   0x080137c0       0x48 /opt/gcc-arm-none-eabi/bin/../lib/gcc/arm-none-eabi/4.9.3/../../../../arm-none-eabi/lib/armv7e-m/fpu/libg.a(lib_a-mprec.o)
                0x080137c0                __mcmp
 *fill*         0x08013808        0x8 
 .text.__mdiff  0x08013810       0xd4 /opt/gcc-arm-none-eabi/bin/../lib/gcc/arm-none-eabi/4.9.3/../../../../arm-none-eabi/lib/armv7e-m/fpu/libg.a(lib_a-mprec.o)
                0x08013810                __mdiff
 *fill*         0x080138e4        0xc 
 .text.__d2b    0x080138f0       0xbc /opt/gcc-arm-none-eabi/bin/../lib/gcc/arm-none-eabi/4.9.3/../../../../arm-none-eabi/lib/armv7e-m/fpu/libg.a(lib_a-mprec.o)
                0x080138f0                __d2b
 *fill*         0x080139ac        0x4 
 .text.__fpclassifyd
                0x080139b0       0x5c /opt/gcc-arm-none-eabi/bin/../lib/gcc/arm-none-eabi/4.9.3/../../../../arm-none-eabi/lib/armv7e-m/fpu/libg.a(lib_a-s_fpclassify.o)
                0x080139b0                __fpclassifyd
 *fill*         0x08013a0c        0x4 
 .text.__ssprint_r
                0x08013a10      0x104 /opt/gcc-arm-none-eabi/bin/../lib/gcc/arm-none-eabi/4.9.3/../../../../arm-none-eabi/lib/armv7e-m/fpu/libg.a(lib_a-svfiprintf.o)
                0x08013a10                __ssprint_r
 *fill*         0x08013b14        0xc 
 .text._calloc_r
                0x08013b20       0x60 /opt/gcc-arm-none-eabi/bin/../lib/gcc/arm-none-eabi/4.9.3/../../../../arm-none-eabi/lib/armv7e-m/fpu/libg.a(lib_a-callocr.o)
                0x08013b20                _calloc_r
 .text._malloc_trim_r
                0x08013b80       0x9c /opt/gcc-arm-none-eabi/bin/../lib/gcc/arm-none-eabi/4.9.3/../../../../arm-none-eabi/lib/armv7e-m/fpu/libg.a(lib_a-freer.o)
                0x08013b80                _malloc_trim_r
 *fill*         0x08013c1c        0x4 
 .text._free_r  0x08013c20      0x1b0 /opt/gcc-arm-none-eabi/bin/../lib/gcc/arm-none-eabi/4.9.3/../../../../arm-none-eabi/lib/armv7e-m/fpu/libg.a(lib_a-freer.o)
                0x08013c20                _free_r
 .text.memmove  0x08013dd0       0xc8 /opt/gcc-arm-none-eabi/bin/../lib/gcc/arm-none-eabi/4.9.3/../../../../arm-none-eabi/lib/armv7e-m/fpu/libg.a(lib_a-memmove.o)
                0x08013dd0                memmove
 *fill*         0x08013e98        0x8 
 .text._realloc_r
                0x08013ea0      0x3ec /opt/gcc-arm-none-eabi/bin/../lib/gcc/arm-none-eabi/4.9.3/../../../../arm-none-eabi/lib/armv7e-m/fpu/libg.a(lib_a-reallocr.o)
                0x08013ea0                _realloc_r
 *(.rodata)
 *fill*         0x0801428c        0x4 
 .rodata        0x08014290        0x8 build/obj/chsys.o
 *fill*         0x08014298        0x8 
 .rodata        0x080142a0       0x34 build/obj/chvt.o
 *fill*         0x080142d4        0xc 
 .rodata        0x080142e0       0x24 build/obj/chschd.o
 *fill*         0x08014304        0xc 
 .rodata        0x08014310       0x94 build/obj/chthreads.o
 *fill*         0x080143a4        0xc 
 .rodata        0x080143b0      0x148 build/obj/chsem.o
 *fill*         0x080144f8        0x8 
 .rodata        0x08014500       0xac build/obj/chmtx.o
 *fill*         0x080145ac        0x4 
 .rodata        0x080145b0       0x90 build/obj/chevents.o
 .rodata        0x08014640       0x2c build/obj/chqueues.o
 *fill*         0x0801466c        0x4 
 .rodata        0x08014670       0x34 build/obj/chheap.o
 *fill*         0x080146a4        0xc 
 .rodata        0x080146b0      0x110 build/obj/adc.o
 .rodata        0x080147c0       0x80 build/obj/icu.o
 .rodata        0x08014840       0x34 build/obj/pal.o
 *fill*         0x08014874        0xc 
 .rodata        0x08014880       0xb0 build/obj/pwm.o
 .rodata        0x08014930       0x60 build/obj/serial.o
 .rodata        0x08014990      0x238 build/obj/spi.o
 *fill*         0x08014bc8        0x8 
 .rodata        0x08014bd0       0x48 build/obj/stm32_dma.o
 *fill*         0x08014c18        0x8 
 .rodata        0x08014c20       0x28 build/obj/adc_lld.o
 *fill*         0x08014c48        0x8 
 .rodata        0x08014c50       0x28 build/obj/spi_lld.o
 *fill*         0x08014c78        0x8 
 .rodata        0x08014c80       0x14 build/obj/icu_lld.o
 *fill*         0x08014c94        0xc 
 .rodata        0x08014ca0       0x14 build/obj/pwm_lld.o
 *fill*         0x08014cb4        0xc 
 .rodata        0x08014cc0       0xa0 build/obj/mf_font.o
 .rodata        0x08014d60        0x4 build/obj/gwin_widget.o
 *fill*         0x08014d64        0xc 
 .rodata        0x08014d70       0x10 build/obj/gwin_console.o
 .rodata        0x08014d80        0x8 build/obj/gwin_button.o
 *fill*         0x08014d88        0x8 
 .rodata        0x08014d90        0x8 build/obj/gwin_slider.o
 *fill*         0x08014d98        0x8 
 .rodata        0x08014da0        0x8 build/obj/gwin_image.o
 *fill*         0x08014da8        0x8 
 .rodata        0x08014db0        0x8 build/obj/gwin_label.o
 *fill*         0x08014db8        0x8 
 .rodata        0x08014dc0       0x18 build/obj/gdisp_lld_SSD1289.o
 *fill*         0x08014dd8        0x8 
 .rodata        0x08014de0        0xc build/obj/syscalls.o
 *fill*         0x08014dec        0x4 
 .rodata        0x08014df0        0x8 build/obj/chprintf.o
 *fill*         0x08014df8        0x8 
 .rodata        0x08014e00      0x168 build/obj/main.o
 *(.rodata.*)
 *fill*         0x08014f68        0x8 
 .rodata.ch_debug
                0x08014f70       0x18 build/obj/chregistry.o
                0x08014f70                ch_debug
 *fill*         0x08014f88        0x8 
 .rodata.vmt    0x08014f90       0x20 build/obj/serial.o
 .rodata._stm32_dma_streams
                0x08014fb0       0xc0 build/obj/stm32_dma.o
                0x08014fb0                _stm32_dma_streams
 .rodata.default_config
                0x08015070        0xc build/obj/serial_lld.o
 *fill*         0x0801507c        0x4 
 .rodata.pal_default_config
                0x08015080       0xfc build/obj/board.o
                0x08015080                pal_default_config
 *fill*         0x0801517c        0x4 
 .rodata.mf_bwfont_fixed_5x8_glyph_data_0
                0x08015180      0x1dc build/obj/mf_font.o
 *fill*         0x0801535c        0x4 
 .rodata.mf_bwfont_fixed_5x8_char_ranges
                0x08015360       0x18 build/obj/mf_font.o
 *fill*         0x08015378        0x8 
 .rodata.mf_bwfont_fixed_5x8
                0x08015380       0x24 build/obj/mf_font.o
                0x08015380                mf_bwfont_fixed_5x8
 *fill*         0x080153a4        0xc 
 .rodata.mf_bwfont_fixed_5x8_listentry
                0x080153b0        0x8 build/obj/mf_font.o
 *fill*         0x080153b8        0x8 
 .rodata.mf_rlefont_LargeNumbers_dictionary_data
                0x080153c0       0x90 build/obj/mf_font.o
 .rodata.mf_rlefont_LargeNumbers_dictionary_offsets
                0x08015450       0x70 build/obj/mf_font.o
 .rodata.mf_rlefont_LargeNumbers_glyph_data_0
                0x080154c0      0x278 build/obj/mf_font.o
 *fill*         0x08015738        0x8 
 .rodata.mf_rlefont_LargeNumbers_glyph_offsets_0
                0x08015740       0x34 build/obj/mf_font.o
 *fill*         0x08015774        0xc 
 .rodata.mf_rlefont_LargeNumbers_char_ranges
                0x08015780        0xc build/obj/mf_font.o
 *fill*         0x0801578c        0x4 
 .rodata.mf_rlefont_LargeNumbers
                0x08015790       0x30 build/obj/mf_font.o
                0x08015790                mf_rlefont_LargeNumbers
 .rodata.mf_rlefont_LargeNumbers_listentry
                0x080157c0        0x8 build/obj/mf_font.o
 *fill*         0x080157c8        0x8 
 .rodata.mf_rlefont_UI1_dictionary_data
                0x080157d0      0x11c build/obj/mf_font.o
 *fill*         0x080158ec        0x4 
 .rodata.mf_rlefont_UI1_dictionary_offsets
                0x080158f0       0xd8 build/obj/mf_font.o
 *fill*         0x080159c8        0x8 
 .rodata.mf_rlefont_UI1_glyph_data_0
                0x080159d0        0x4 build/obj/mf_font.o
 *fill*         0x080159d4        0xc 
 .rodata.mf_rlefont_UI1_glyph_offsets_0
                0x080159e0        0x4 build/obj/mf_font.o
 *fill*         0x080159e4        0xc 
 .rodata.mf_rlefont_UI1_glyph_data_1
                0x080159f0      0x314 build/obj/mf_font.o
 *fill*         0x08015d04        0xc 
 .rodata.mf_rlefont_UI1_glyph_offsets_1
                0x08015d10       0xc8 build/obj/mf_font.o
 *fill*         0x08015dd8        0x8 
 .rodata.mf_rlefont_UI1_glyph_data_2
                0x08015de0      0x314 build/obj/mf_font.o
 *fill*         0x080160f4        0xc 
 .rodata.mf_rlefont_UI1_glyph_offsets_2
                0x08016100       0xd8 build/obj/mf_font.o
 *fill*         0x080161d8        0x8 
 .rodata.mf_rlefont_UI1_char_ranges
                0x080161e0       0x24 build/obj/mf_font.o
 *fill*         0x08016204        0xc 
 .rodata.mf_rlefont_UI1
                0x08016210       0x30 build/obj/mf_font.o
                0x08016210                mf_rlefont_UI1
 .rodata.mf_rlefont_UI1_Narrow
                0x08016240       0x24 build/obj/mf_font.o
                0x08016240                mf_rlefont_UI1_Narrow
 *fill*         0x08016264        0xc 
 .rodata.mf_rlefont_UI1_Double
                0x08016270       0x24 build/obj/mf_font.o
                0x08016270                mf_rlefont_UI1_Double
 *fill*         0x08016294        0xc 
 .rodata.mf_rlefont_UI1_Double_listentry
                0x080162a0        0x8 build/obj/mf_font.o
 *fill*         0x080162a8        0x8 
 .rodata.mf_rlefont_UI1_Narrow_listentry
                0x080162b0        0x8 build/obj/mf_font.o
 *fill*         0x080162b8        0x8 
 .rodata.mf_rlefont_UI1_listentry
                0x080162c0        0x8 build/obj/mf_font.o
 *fill*         0x080162c8        0x8 
 .rodata.mf_rlefont_UI2_dictionary_data
                0x080162d0       0xa0 build/obj/mf_font.o
 .rodata.mf_rlefont_UI2_dictionary_offsets
                0x08016370       0x7c build/obj/mf_font.o
 *fill*         0x080163ec        0x4 
 .rodata.mf_rlefont_UI2_glyph_data_0
                0x080163f0      0x338 build/obj/mf_font.o
 *fill*         0x08016728        0x8 
 .rodata.mf_rlefont_UI2_glyph_offsets_0
                0x08016730       0xc0 build/obj/mf_font.o
 .rodata.mf_rlefont_UI2_char_ranges
                0x080167f0        0xc build/obj/mf_font.o
 *fill*         0x080167fc        0x4 
 .rodata.mf_rlefont_UI2
                0x08016800       0x30 build/obj/mf_font.o
                0x08016800                mf_rlefont_UI2
 .rodata.mf_rlefont_UI2_Narrow
                0x08016830       0x24 build/obj/mf_font.o
                0x08016830                mf_rlefont_UI2_Narrow
 *fill*         0x08016854        0xc 
 .rodata.mf_rlefont_UI2_Double
                0x08016860       0x24 build/obj/mf_font.o
                0x08016860                mf_rlefont_UI2_Double
 *fill*         0x08016884        0xc 
 .rodata.mf_rlefont_UI2_Double_listentry
                0x08016890        0x8 build/obj/mf_font.o
 *fill*         0x08016898        0x8 
 .rodata.mf_rlefont_UI2_Narrow_listentry
                0x080168a0        0x8 build/obj/mf_font.o
 *fill*         0x080168a8        0x8 
 .rodata.mf_rlefont_UI2_listentry
                0x080168b0        0x8 build/obj/mf_font.o
 *fill*         0x080168b8        0x8 
 .rodata.WhiteWidgetStyle
                0x080168c0       0x1c build/obj/gwin_widget.o
                0x080168c0                WhiteWidgetStyle
 *fill*         0x080168dc        0x4 
 .rodata.BlackWidgetStyle
                0x080168e0       0x1c build/obj/gwin_widget.o
                0x080168e0                BlackWidgetStyle
 *fill*         0x080168fc        0x4 
 .rodata.GNullWindowManagerVMT
                0x08016900       0x24 build/obj/gwin_wm.o
 *fill*         0x08016924        0xc 
 .rodata.GNullWindowManager
                0x08016930        0x4 build/obj/gwin_wm.o
                0x08016930                GNullWindowManager
 *fill*         0x08016934        0xc 
 .rodata.consoleVMT
                0x08016940       0x14 build/obj/gwin_console.o
 *fill*         0x08016954        0xc 
 .rodata.buttonVMT
                0x08016960       0x24 build/obj/gwin_button.o
 *fill*         0x08016984        0xc 
 .rodata.sliderVMT
                0x08016990       0x24 build/obj/gwin_slider.o
 *fill*         0x080169b4        0xc 
 .rodata.imageVMT
                0x080169c0       0x14 build/obj/gwin_image.o
 *fill*         0x080169d4        0xc 
 .rodata.labelVMT
                0x080169e0       0x24 build/obj/gwin_label.o
 *fill*         0x08016a04        0xc 
 .rodata.FsMemVMT
                0x08016a10       0x3c build/obj/gfile_fs_mem.o
 *fill*         0x08016a4c        0x4 
 .rodata.GDISPVMT_OnlyOne
                0x08016a50       0x60 build/obj/gdisp_lld_SSD1289.o
                0x08016a50                GDISPVMT_OnlyOne
 .rodata.pwmcfg
                0x08016ab0       0x34 build/obj/gdisp_lld_SSD1289.o
 *fill*         0x08016ae4        0xc 
 .rodata.spicfg
                0x08016af0        0xc build/obj/gmouse_lld_ADS7843.o
 *fill*         0x08016afc        0x4 
 .rodata.GMOUSEVMT_OnlyOne
                0x08016b00       0x3c build/obj/gmouse_lld_ADS7843.o
                0x08016b00                GMOUSEVMT_OnlyOne
 *fill*         0x08016b3c        0x4 
 .rodata.aprilia
                0x08016b40    0x2588c build/obj/main.o
 *fill*         0x0803c3cc        0x4 
 .rodata.Aprilia_4
                0x0803c3d0    0x2588c build/obj/main.o
 *fill*         0x08061c5c        0x4 
 .rodata.adcgrpcfg1
                0x08061c60       0x28 build/obj/main.o
 *fill*         0x08061c88        0x8 
 .rodata.adcgrpcfg2
                0x08061c90       0x28 build/obj/main.o
 *fill*         0x08061cb8        0x8 
 .rodata.zeroes.6916
                0x08061cc0       0x10 /opt/gcc-arm-none-eabi/bin/../lib/gcc/arm-none-eabi/4.9.3/../../../../arm-none-eabi/lib/armv7e-m/fpu/libg.a(lib_a-svfprintf.o)
 .rodata.str1.4
                0x08061cd0       0x42 /opt/gcc-arm-none-eabi/bin/../lib/gcc/arm-none-eabi/4.9.3/../../../../arm-none-eabi/lib/armv7e-m/fpu/libg.a(lib_a-svfprintf.o)
                                 0x44 (size before relaxing)
 *fill*         0x08061d12        0xe 
 .rodata.blanks.6915
                0x08061d20       0x10 /opt/gcc-arm-none-eabi/bin/../lib/gcc/arm-none-eabi/4.9.3/../../../../arm-none-eabi/lib/armv7e-m/fpu/libg.a(lib_a-svfprintf.o)
 .rodata.str1.4
                0x08061d30       0x10 /opt/gcc-arm-none-eabi/bin/../lib/gcc/arm-none-eabi/4.9.3/../../../../arm-none-eabi/lib/armv7e-m/fpu/libg.a(lib_a-dtoa.o)
                                 0x14 (size before relaxing)
 .rodata.str1.4
                0x08061d40        0x2 /opt/gcc-arm-none-eabi/bin/../lib/gcc/arm-none-eabi/4.9.3/../../../../arm-none-eabi/lib/armv7e-m/fpu/libg.a(lib_a-impure.o)
                                  0x4 (size before relaxing)
 *fill*         0x08061d42        0xe 
 .rodata.str1.4
                0x08061d50        0xc /opt/gcc-arm-none-eabi/bin/../lib/gcc/arm-none-eabi/4.9.3/../../../../arm-none-eabi/lib/armv7e-m/fpu/libg.a(lib_a-locale.o)
                                 0x14 (size before relaxing)
 *fill*         0x08061d5c        0x4 
 .rodata.p05.5296
                0x08061d60        0xc /opt/gcc-arm-none-eabi/bin/../lib/gcc/arm-none-eabi/4.9.3/../../../../arm-none-eabi/lib/armv7e-m/fpu/libg.a(lib_a-mprec.o)
 *fill*         0x08061d6c        0x4 
 .rodata.__mprec_tens
                0x08061d70       0xc8 /opt/gcc-arm-none-eabi/bin/../lib/gcc/arm-none-eabi/4.9.3/../../../../arm-none-eabi/lib/armv7e-m/fpu/libg.a(lib_a-mprec.o)
                0x08061d70                __mprec_tens
 *fill*         0x08061e38        0x8 
 .rodata.__mprec_bigtens
                0x08061e40       0x28 /opt/gcc-arm-none-eabi/bin/../lib/gcc/arm-none-eabi/4.9.3/../../../../arm-none-eabi/lib/armv7e-m/fpu/libg.a(lib_a-mprec.o)
                0x08061e40                __mprec_bigtens
 *(.glue_7t)
 .glue_7t       0x00000000        0x0 linker stubs
 *(.glue_7)
 .glue_7        0x00000000        0x0 linker stubs
 *(.gcc*)

.vfp11_veneer   0x08061e68        0x0
 .vfp11_veneer  0x00000000        0x0 linker stubs

.v4_bx          0x08061e68        0x0
 .v4_bx         0x00000000        0x0 linker stubs

.iplt           0x08061e68        0x0
 .iplt          0x00000000        0x0 build/obj/crt0.o

.ARM.extab
 *(.ARM.extab* .gnu.linkonce.armextab.*)

.ARM.exidx      0x08061e68        0x8
                0x08061e68                PROVIDE (__exidx_start, .)
 *(.ARM.exidx* .gnu.linkonce.armexidx.*)
 .ARM.exidx     0x08061e68        0x8 /opt/gcc-arm-none-eabi/bin/../lib/gcc/arm-none-eabi/4.9.3/armv7e-m/fpu/libgcc.a(_divdi3.o)
 .ARM.exidx     0x08061e70        0x0 /opt/gcc-arm-none-eabi/bin/../lib/gcc/arm-none-eabi/4.9.3/armv7e-m/fpu/libgcc.a(_udivdi3.o)
                                  0x8 (size before relaxing)
                0x08061e70                PROVIDE (__exidx_end, .)

.rel.dyn        0x08061e70        0x0
 .rel.iplt      0x00000000        0x0 build/obj/crt0.o

.eh_frame_hdr
 *(.eh_frame_hdr)

.eh_frame
 *(.eh_frame)

.textalign      0x08061e70        0x0
                0x08061e70                . = ALIGN (0x8)
                0x08061e70                . = ALIGN (0x4)
                0x08061e70                _etext = .
                0x08061e70                _textdata = _etext

.stacks         0x20000000      0x800
                0x20000000                . = ALIGN (0x8)
                0x20000000                __main_stack_base__ = .
                0x20000400                . = (. + __main_stack_size__)
 *fill*         0x20000000      0x400 
                0x20000400                . = ALIGN (0x8)
                0x20000400                __main_stack_end__ = .
                0x20000400                __process_stack_base__ = .
                0x20000400                __main_thread_stack_base__ = .
                0x20000800                . = (. + __process_stack_size__)
 *fill*         0x20000400      0x400 
                0x20000800                . = ALIGN (0x8)
                0x20000800                __process_stack_end__ = .
                0x20000800                __main_thread_stack_end__ = .

.data           0x20000800      0x8cc load address 0x08061e70
                0x20000800                . = ALIGN (0x4)
                0x20000800                PROVIDE (_data, .)
 *(.data)
 *(.data.*)
 .data.ImageHandlers
                0x20000800       0x14 build/obj/gdisp_image.o
 .data.defaultFgColor
                0x20000814        0x2 build/obj/gwin.o
 *fill*         0x20000816        0x2 
 .data.defaultStyle
                0x20000818        0x4 build/obj/gwin_widget.o
 .data.VREFMeasured
                0x2000081c        0x4 build/obj/main.o
                0x2000081c                VREFMeasured
 .data.icucfg   0x20000820       0x1c build/obj/main.o
 .data.icucfg2  0x2000083c       0x1c build/obj/main.o
 .data.impure_data
                0x20000858      0x428 /opt/gcc-arm-none-eabi/bin/../lib/gcc/arm-none-eabi/4.9.3/../../../../arm-none-eabi/lib/armv7e-m/fpu/libg.a(lib_a-impure.o)
 .data._impure_ptr
                0x20000c80        0x4 /opt/gcc-arm-none-eabi/bin/../lib/gcc/arm-none-eabi/4.9.3/../../../../arm-none-eabi/lib/armv7e-m/fpu/libg.a(lib_a-impure.o)
                0x20000c80                _impure_ptr
 .data.lconv    0x20000c84       0x38 /opt/gcc-arm-none-eabi/bin/../lib/gcc/arm-none-eabi/4.9.3/../../../../arm-none-eabi/lib/armv7e-m/fpu/libg.a(lib_a-locale.o)
 .data.__malloc_av_
                0x20000cbc      0x408 /opt/gcc-arm-none-eabi/bin/../lib/gcc/arm-none-eabi/4.9.3/../../../../arm-none-eabi/lib/armv7e-m/fpu/libg.a(lib_a-mallocr.o)
                0x20000cbc                __malloc_av_
 .data.__malloc_trim_threshold
                0x200010c4        0x4 /opt/gcc-arm-none-eabi/bin/../lib/gcc/arm-none-eabi/4.9.3/../../../../arm-none-eabi/lib/armv7e-m/fpu/libg.a(lib_a-mallocr.o)
                0x200010c4                __malloc_trim_threshold
 .data.__malloc_sbrk_base
                0x200010c8        0x4 /opt/gcc-arm-none-eabi/bin/../lib/gcc/arm-none-eabi/4.9.3/../../../../arm-none-eabi/lib/armv7e-m/fpu/libg.a(lib_a-mallocr.o)
                0x200010c8                __malloc_sbrk_base
 *(.ramtext)
                0x200010cc                . = ALIGN (0x4)
                0x200010cc                PROVIDE (_edata, .)

.igot.plt       0x200010cc        0x0 load address 0x0806273c
 .igot.plt      0x00000000        0x0 build/obj/crt0.o

.bss            0x200010cc     0x3428
                0x200010cc                . = ALIGN (0x4)
                0x200010cc                PROVIDE (_bss_start, .)
 *(.bss)
 *(.bss.*)
 *fill*         0x200010cc        0x4 
 .bss._idle_thread_wa
                0x200010d0      0x168 build/obj/chsys.o
                0x200010d0                _idle_thread_wa
 .bss.mainthread.4855
                0x20001238       0x4c build/obj/chsys.o
 .bss.dbg_trace_buffer
                0x20001284      0x408 build/obj/chdebug.o
                0x20001284                dbg_trace_buffer
 .bss.dbg_panic_msg
                0x2000168c        0x4 build/obj/chdebug.o
                0x2000168c                dbg_panic_msg
 .bss.vtlist    0x20001690       0x10 build/obj/chvt.o
                0x20001690                vtlist
 .bss.rlist     0x200016a0       0x1c build/obj/chschd.o
                0x200016a0                rlist
 .bss.nextmem   0x200016bc        0x4 build/obj/chmemcore.o
 .bss.endmem    0x200016c0        0x4 build/obj/chmemcore.o
 *fill*         0x200016c4        0x4 
 .bss.default_heap
                0x200016c8       0x20 build/obj/chheap.o
 .bss.dma_streams_mask
                0x200016e8        0x4 build/obj/stm32_dma.o
 .bss.dma_isr_redir
                0x200016ec       0x80 build/obj/stm32_dma.o
 .bss.ADCD1     0x2000176c       0x34 build/obj/adc_lld.o
                0x2000176c                ADCD1
 .bss.ADCD2     0x200017a0       0x34 build/obj/adc_lld.o
                0x200017a0                ADCD2
 .bss.SPID2     0x200017d4       0x30 build/obj/spi_lld.o
                0x200017d4                SPID2
 .bss.dummytx   0x20001804        0x2 build/obj/spi_lld.o
 *fill*         0x20001806        0x2 
 .bss.ICUD2     0x20001808       0x18 build/obj/icu_lld.o
                0x20001808                ICUD2
 .bss.ICUD5     0x20001820       0x18 build/obj/icu_lld.o
                0x20001820                ICUD5
 .bss.PWMD3     0x20001838       0x14 build/obj/pwm_lld.o
                0x20001838                PWMD3
 .bss.SD2       0x2000184c       0x78 build/obj/serial_lld.o
                0x2000184c                SD2
 .bss.initDone  0x200018c4        0x1 build/obj/gfx.o
 *fill*         0x200018c5        0x3 
 .bss.dhead     0x200018c8        0x4 build/obj/gdriver.o
 .bss.dtail     0x200018cc        0x4 build/obj/gdriver.o
 .bss.GDISP     0x200018d0        0x4 build/obj/gdisp.o
                0x200018d0                GDISP
 .bss.geventMutex
                0x200018d4       0x10 build/obj/gevent.o
 .bss.Assignments
                0x200018e4      0x200 build/obj/gevent.o
 .bss.mutex     0x20001ae4       0x10 build/obj/gtimer.o
 .bss.hThread   0x20001af4        0x4 build/obj/gtimer.o
 .bss.pTimerHead
                0x20001af8        0x4 build/obj/gtimer.o
 .bss.waitsem   0x20001afc       0x10 build/obj/gtimer.o
 *fill*         0x20001b0c        0x4 
 .bss.waTimerThread
                0x20001b10      0x958 build/obj/gtimer.o
 .bss.defaultBgColor
                0x20002468        0x2 build/obj/gwin.o
 *fill*         0x2000246a        0x2 
 .bss.defaultFont
                0x2000246c        0x4 build/obj/gwin.o
 .bss.gl        0x20002470       0x3c build/obj/gwin_widget.o
 .bss._GWINwm   0x200024ac        0x4 build/obj/gwin_wm.o
                0x200024ac                _GWINwm
 .bss.gwinsem   0x200024b0       0x10 build/obj/gwin_wm.o
 .bss._GWINList
                0x200024c0        0x8 build/obj/gwin_wm.o
 .bss.RedrawTimer
                0x200024c8       0x1c build/obj/gwin_wm.o
 .bss.RedrawPending
                0x200024e4        0x1 build/obj/gwin_wm.o
 *fill*         0x200024e5        0x3 
 .bss.MouseTimer
                0x200024e8       0x1c build/obj/ginput_mouse.o
 .bss.gfileArr  0x20002504       0x30 build/obj/gfile.o
 .bss.txbuf.7958
                0x20002534        0x4 build/obj/gmouse_lld_ADS7843.o
 .bss.rxbuf.7959
                0x20002538        0x4 build/obj/gmouse_lld_ADS7843.o
 .bss.gc        0x2000253c       0x24 build/obj/main.o
 .bss.ghApriliaLogo
                0x20002560        0x4 build/obj/main.o
 .bss.ghAprilia
                0x20002564        0x4 build/obj/main.o
 .bss.pem       0x20002568        0x4 build/obj/main.o
 .bss.pe        0x2000256c        0x4 build/obj/main.o
 .bss.gl        0x20002570       0x3c build/obj/main.o