Archive member included because of file (symbol)

/opt/ARM/bin/../lib/gcc/arm-none-eabi/4.8.4/../../../../arm-none-eabi/lib/armv7e-m/fpu/libg.a(lib_a-memcpy.o)
                              build/obj/chibios.o (memcpy)

Discarded input sections

 .text          0x00000000        0x0 build/obj/crt0.o
 .data          0x00000000        0x0 build/obj/crt0.o
 .bss           0x00000000        0x0 build/obj/crt0.o
 .text.__early_init
                0x00000000       0x10 build/obj/crt0.o
 .text          0x00000000        0x0 build/obj/vectors.o
 .data          0x00000000        0x0 build/obj/vectors.o
 .bss           0x00000000        0x0 build/obj/vectors.o
 .text          0x00000000        0x0 build/obj/chcore.o
 .data          0x00000000        0x0 build/obj/chcore.o
 .bss           0x00000000        0x0 build/obj/chcore.o
 .text          0x00000000        0x0 build/obj/chcore_v7m.o
 .data          0x00000000        0x0 build/obj/chcore_v7m.o
 .bss           0x00000000        0x0 build/obj/chcore_v7m.o
 .text          0x00000000        0x0 build/obj/nvic.o
 .data          0x00000000        0x0 build/obj/nvic.o
 .bss           0x00000000        0x0 build/obj/nvic.o
 .text.nvicDisableVector
                0x00000000       0x50 build/obj/nvic.o
 .text          0x00000000        0x0 build/obj/chsys.o
 .data          0x00000000        0x0 build/obj/chsys.o
 .bss           0x00000000        0x0 build/obj/chsys.o
 .text          0x00000000        0x0 build/obj/chdebug.o
 .data          0x00000000        0x0 build/obj/chdebug.o
 .bss           0x00000000        0x0 build/obj/chdebug.o
 .text.dbg_check_disable
                0x00000000       0x30 build/obj/chdebug.o
 .text.dbg_check_suspend
                0x00000000       0x30 build/obj/chdebug.o
 .text          0x00000000        0x0 build/obj/chlists.o
 .data          0x00000000        0x0 build/obj/chlists.o
 .bss           0x00000000        0x0 build/obj/chlists.o
 .debug_info    0x00000000       0x79 build/obj/chlists.o
 .debug_abbrev  0x00000000       0x26 build/obj/chlists.o
 .debug_aranges
                0x00000000       0x18 build/obj/chlists.o
 .debug_line    0x00000000       0x1d build/obj/chlists.o
 .debug_str     0x00000000      0x212 build/obj/chlists.o
 .comment       0x00000000       0x71 build/obj/chlists.o
 .ARM.attributes
                0x00000000       0x39 build/obj/chlists.o
 .text          0x00000000        0x0 build/obj/chvt.o
 .data          0x00000000        0x0 build/obj/chvt.o
 .bss           0x00000000        0x0 build/obj/chvt.o
 .text          0x00000000        0x0 build/obj/chschd.o
 .data          0x00000000        0x0 build/obj/chschd.o
 .bss           0x00000000        0x0 build/obj/chschd.o
 .text          0x00000000        0x0 build/obj/chthreads.o
 .data          0x00000000        0x0 build/obj/chthreads.o
 .bss           0x00000000        0x0 build/obj/chthreads.o
 .text          0x00000000        0x0 build/obj/chdynamic.o
 .data          0x00000000        0x0 build/obj/chdynamic.o
 .bss           0x00000000        0x0 build/obj/chdynamic.o
 .text          0x00000000        0x0 build/obj/chregistry.o
 .data          0x00000000        0x0 build/obj/chregistry.o
 .bss           0x00000000        0x0 build/obj/chregistry.o
 .text          0x00000000        0x0 build/obj/chsem.o
 .data          0x00000000        0x0 build/obj/chsem.o
 .bss           0x00000000        0x0 build/obj/chsem.o
 .text          0x00000000        0x0 build/obj/chmtx.o
 .data          0x00000000        0x0 build/obj/chmtx.o
 .bss           0x00000000        0x0 build/obj/chmtx.o
 .text          0x00000000        0x0 build/obj/chcond.o
 .data          0x00000000        0x0 build/obj/chcond.o
 .bss           0x00000000        0x0 build/obj/chcond.o
 .text          0x00000000        0x0 build/obj/chevents.o
 .data          0x00000000        0x0 build/obj/chevents.o
 .bss           0x00000000        0x0 build/obj/chevents.o
 .text.chEvtGetAndClearFlags
                0x00000000       0x30 build/obj/chevents.o
 .text.chEvtGetAndClearFlagsI
                0x00000000       0x10 build/obj/chevents.o
 .text          0x00000000        0x0 build/obj/chmsg.o
 .data          0x00000000        0x0 build/obj/chmsg.o
 .bss           0x00000000        0x0 build/obj/chmsg.o
 .text          0x00000000        0x0 build/obj/chmboxes.o
 .data          0x00000000        0x0 build/obj/chmboxes.o
 .bss           0x00000000        0x0 build/obj/chmboxes.o
 .text          0x00000000        0x0 build/obj/chqueues.o
 .data          0x00000000        0x0 build/obj/chqueues.o
 .bss           0x00000000        0x0 build/obj/chqueues.o
 .text          0x00000000        0x0 build/obj/chmemcore.o
 .data          0x00000000        0x0 build/obj/chmemcore.o
 .bss           0x00000000        0x0 build/obj/chmemcore.o
 .text          0x00000000        0x0 build/obj/chheap.o
 .data          0x00000000        0x0 build/obj/chheap.o
 .bss           0x00000000        0x0 build/obj/chheap.o
[...]
Memory Configuration

Name             Origin             Length             Attributes
flash            0x08000000         0x00100000
ram              0x20000000         0x0001c000
ethram           0x2001c000         0x00004000
ccmram           0x10000000         0x00010000
*default*        0x00000000         0xffffffff

Linker script and memory map

LOAD build/obj/crt0.o
LOAD build/obj/vectors.o
LOAD build/obj/chcore.o
LOAD build/obj/chcore_v7m.o
LOAD build/obj/nvic.o
LOAD build/obj/chsys.o
LOAD build/obj/chdebug.o
LOAD build/obj/chlists.o
LOAD build/obj/chvt.o
LOAD build/obj/chschd.o
LOAD build/obj/chthreads.o
LOAD build/obj/chdynamic.o
LOAD build/obj/chregistry.o
LOAD build/obj/chsem.o
LOAD build/obj/chmtx.o
LOAD build/obj/chcond.o
LOAD build/obj/chevents.o
LOAD build/obj/chmsg.o
LOAD build/obj/chmboxes.o
LOAD build/obj/chqueues.o
LOAD build/obj/chmemcore.o
LOAD build/obj/chheap.o
LOAD build/obj/chmempools.o
LOAD build/obj/test.o
LOAD build/obj/testthd.o
LOAD build/obj/testsem.o
LOAD build/obj/testmtx.o
LOAD build/obj/testmsg.o
LOAD build/obj/testmbox.o
LOAD build/obj/testevt.o
LOAD build/obj/testheap.o
LOAD build/obj/testpools.o
LOAD build/obj/testdyn.o
LOAD build/obj/testqueues.o
LOAD build/obj/testbmk.o
LOAD build/obj/hal.o
LOAD build/obj/adc.o
LOAD build/obj/can.o
LOAD build/obj/ext.o
LOAD build/obj/gpt.o
LOAD build/obj/i2c.o
LOAD build/obj/icu.o
LOAD build/obj/mac.o
LOAD build/obj/mmc_spi.o
LOAD build/obj/mmcsd.o
LOAD build/obj/pal.o
LOAD build/obj/pwm.o
LOAD build/obj/rtc.o
LOAD build/obj/sdc.o
LOAD build/obj/serial.o
LOAD build/obj/serial_usb.o
LOAD build/obj/spi.o
LOAD build/obj/tm.o
LOAD build/obj/uart.o
LOAD build/obj/usb.o
LOAD build/obj/stm32_dma.o
LOAD build/obj/hal_lld.o
LOAD build/obj/adc_lld.o
LOAD build/obj/ext_lld_isr.o
LOAD build/obj/can_lld.o
LOAD build/obj/ext_lld.o
LOAD build/obj/mac_lld.o
LOAD build/obj/sdc_lld.o
LOAD build/obj/pal_lld.o
LOAD build/obj/i2c_lld.o
LOAD build/obj/usb_lld.o
LOAD build/obj/rtc_lld.o
LOAD build/obj/spi_lld.o
LOAD build/obj/gpt_lld.o
LOAD build/obj/icu_lld.o
LOAD build/obj/pwm_lld.o
LOAD build/obj/serial_lld.o
LOAD build/obj/uart_lld.o
LOAD build/obj/board.o
LOAD build/obj/gfx.o
LOAD build/obj/chibios.o
LOAD build/obj/freertos.o
LOAD build/obj/win32.o
LOAD build/obj/linux.o
LOAD build/obj/osx.o
LOAD build/obj/raw32.o
LOAD build/obj/gqueue.o
LOAD build/obj/gdisp.o
LOAD build/obj/fonts.o
LOAD build/obj/image.o
LOAD build/obj/image_native.o
LOAD build/obj/image_gif.o
LOAD build/obj/image_bmp.o
LOAD build/obj/image_jpg.o
LOAD build/obj/image_png.o
LOAD build/obj/mf_encoding.o
LOAD build/obj/mf_font.o
LOAD build/obj/mf_justify.o
LOAD build/obj/mf_kerning.o
LOAD build/obj/mf_rlefont.o
LOAD build/obj/mf_bwfont.o
LOAD build/obj/mf_scaledfont.o
LOAD build/obj/mf_wordwrap.o
LOAD build/obj/gevent.o
LOAD build/obj/gtimer.o
LOAD build/obj/gwin.o
LOAD build/obj/gwidget.o
LOAD build/obj/gwm.o
LOAD build/obj/console.o
LOAD build/obj/graph.o
LOAD build/obj/button.o
LOAD build/obj/slider.o
LOAD build/obj/checkbox.o
LOAD build/obj/gimage.o
LOAD build/obj/label.o
LOAD build/obj/radio.o
LOAD build/obj/list.o
LOAD build/obj/progressbar.o
LOAD build/obj/gcontainer.o
LOAD build/obj/frame.o
LOAD build/obj/ginput.o
LOAD build/obj/mouse.o
LOAD build/obj/keyboard.o
LOAD build/obj/toggle.o
LOAD build/obj/dial.o
LOAD build/obj/gadc.o
LOAD build/obj/gaudio.o
LOAD build/obj/gmisc.o
LOAD build/obj/arrayops.o
LOAD build/obj/trig.o
LOAD build/obj/gfile.o
LOAD build/obj/gdisp_lld_SSD1289.o
LOAD build/obj/chprintf.o
LOAD build/obj/main.o
                0x00000400                __main_stack_size__ = 0x400
                0x00000400                __process_stack_size__ = 0x400
                0x20000000                __ram_start__ = ORIGIN (ram)
                0x0001c000                __ram_size__ = 0x1c000
                0x2001c000                __ram_end__ = (__ram_start__ + __ram_size__)
                0x00000000                . = 0x0
                0x00000000                _text = .

startup         0x08000000      0x1ac
 *(vectors)
 vectors        0x08000000      0x1ac build/obj/vectors.o
                0x08000000                _vectors

constructors    0x080001ac        0x0
                0x080001ac                PROVIDE (__init_array_start, .)
 *(SORT(.init_array.*))
 *(.init_array)
                0x080001ac                PROVIDE (__init_array_end, .)

destructors     0x080001ac        0x0
                0x080001ac                PROVIDE (__fini_array_start, .)
 *(.fini_array)
 *(SORT(.fini_array.*))
                0x080001ac                PROVIDE (__fini_array_end, .)

.text           0x080001b0     0xa508
 *(.text.startup.*)
 .text.startup.main
                0x080001b0       0xc0 build/obj/main.o
                0x080001b0                main
 *(.text)
 *(.text.*)
 .text.__late_init
                0x08000270       0x10 build/obj/crt0.o
                0x08000270                __late_init
 .text._default_exit
                0x08000280       0x10 build/obj/crt0.o
                0x08000280                _default_exit
 .text.ResetHandler
                0x08000290      0x120 build/obj/crt0.o
                0x08000290                ResetHandler
 .text._unhandled_exception
                0x080003b0       0x10 build/obj/vectors.o
                0x080003b0                Vector58
                0x080003b0                VectorE8
                0x080003b0                Vector9C
                0x080003b0                VectorAC
                0x080003b0                Vector1A0
                0x080003b0                Vector5C
                0x080003b0                NMIVector
                0x080003b0                Vector11C
                0x080003b0                Vector19C
                0x080003b0                Vector8C
                0x080003b0                VectorDC
                0x080003b0                Vector168
                0x080003b0                Vector110
                0x080003b0                VectorC8
                0x080003b0                Vector94
                0x080003b0                VectorA8
                0x080003b0                Vector160
                0x080003b0                VectorEC
                0x080003b0                UsageFaultVector
                0x080003b0                DebugMonitorVector
                0x080003b0                Vector40
                0x080003b0                VectorF8
                0x080003b0                Vector108
                0x080003b0                VectorBC
                0x080003b0                Vector190
                0x080003b0                Vector148
                0x080003b0                Vector188
                0x080003b0                PendSVVector
                0x080003b0                Vector198
                0x080003b0                Vector118
                0x080003b0                Vector64
                0x080003b0                VectorCC
                0x080003b0                Vector54
                0x080003b0                Vector98
                0x080003b0                Vector138
                0x080003b0                Vector24
                0x080003b0                Vector178
                0x080003b0                Vector1A4
                0x080003b0                BusFaultVector
                0x080003b0                VectorD0
                0x080003b0                Vector140
                0x080003b0                VectorE4
                0x080003b0                VectorC0
                0x080003b0                HardFaultVector
                0x080003b0                Vector134
                0x080003b0                VectorF0
                0x080003b0                Vector13C
                0x080003b0                Vector100
                0x080003b0                VectorE0
                0x080003b0                VectorF4
                0x080003b0                MemManageVector
                0x080003b0                VectorA0
                0x080003b0                VectorC4
                0x080003b0                Vector180
                0x080003b0                VectorB0
                0x080003b0                Vector90
                0x080003b0                Vector114
                0x080003b0                Vector164
                0x080003b0                Vector60
                0x080003b0                Vector1C
                0x080003b0                Vector17C
                0x080003b0                Vector48
                0x080003b0                Vector1A8
                0x080003b0                Vector16C
                0x080003b0                VectorD4
                0x080003b0                Vector4C
                0x080003b0                Vector144
                0x080003b0                Vector15C
                0x080003b0                Vector68
                0x080003b0                _unhandled_exception
                0x080003b0                Vector170
                0x080003b0                Vector88
                0x080003b0                Vector104
                0x080003b0                Vector184
                0x080003b0                Vector10C
                0x080003b0                Vector14C
                0x080003b0                Vector50
                0x080003b0                Vector194
                0x080003b0                Vector44
                0x080003b0                Vector28
                0x080003b0                VectorB8
                0x080003b0                Vector34
                0x080003b0                VectorA4
                0x080003b0                Vector20
                0x080003b0                Vector18C
                0x080003b0                Vector174
 .text.port_halt
                0x080003c0       0x10 build/obj/chcore.o
                0x080003c0                port_halt
 .text._port_switch_from_isr
                0x080003d0       0x10 build/obj/chcore_v7m.o
                0x080003d0                _port_switch_from_isr
 .text.SVCallVector
                0x080003e0       0x20 build/obj/chcore_v7m.o
                0x080003e0                SVCallVector
 .text._port_init
                0x08000400       0x30 build/obj/chcore_v7m.o
                0x08000400                _port_init
 .text._port_irq_epilogue
                0x08000430       0x80 build/obj/chcore_v7m.o
                0x08000430                _port_irq_epilogue
 .text.SysTickVector
                0x080004b0       0x30 build/obj/chcore_v7m.o
                0x080004b0                SysTickVector
 .text._port_switch
                0x080004e0       0x20 build/obj/chcore_v7m.o
                0x080004e0                _port_switch
 .text._port_thread_start
                0x08000500       0x20 build/obj/chcore_v7m.o
                0x08000500                _port_thread_start
 .text.nvicEnableVector
                0x08000520       0x50 build/obj/nvic.o
                0x08000520                nvicEnableVector
 .text.nvicSetSystemHandlerPriority
                0x08000570       0x30 build/obj/nvic.o
                0x08000570                nvicSetSystemHandlerPriority
 .text._idle_thread
                0x080005a0       0x20 build/obj/chsys.o
                0x080005a0                _idle_thread
 .text.chSysInit
                0x080005c0       0x70 build/obj/chsys.o
                0x080005c0                chSysInit
 .text.chSysTimerHandlerI
                0x08000630       0x70 build/obj/chsys.o
                0x08000630                chSysTimerHandlerI
 .text.dbg_check_enable
                0x080006a0       0x30 build/obj/chdebug.o
                0x080006a0                dbg_check_enable
 .text.dbg_check_lock
                0x080006d0       0x30 build/obj/chdebug.o
                0x080006d0                dbg_check_lock
 .text.dbg_check_unlock
                0x08000700       0x40 build/obj/chdebug.o
                0x08000700                dbg_check_unlock
 .text.dbg_check_lock_from_isr
                0x08000740       0x30 build/obj/chdebug.o
                0x08000740                dbg_check_lock_from_isr
 .text.dbg_check_unlock_from_isr
                0x08000770       0x40 build/obj/chdebug.o
                0x08000770                dbg_check_unlock_from_isr
 .text.dbg_check_enter_isr
                0x080007b0       0x40 build/obj/chdebug.o
                0x080007b0                dbg_check_enter_isr
 .text.dbg_check_leave_isr
                0x080007f0       0x40 build/obj/chdebug.o
                0x080007f0                dbg_check_leave_isr
 .text.chDbgCheckClassI
                0x08000830       0x30 build/obj/chdebug.o
                0x08000830                chDbgCheckClassI
 .text.chDbgCheckClassS
                0x08000860       0x30 build/obj/chdebug.o
                0x08000860                chDbgCheckClassS
 .text._trace_init
                0x08000890       0x20 build/obj/chdebug.o
                0x08000890                _trace_init
 .text.dbg_trace
                0x080008b0       0x40 build/obj/chdebug.o
                0x080008b0                dbg_trace
 .text.chDbgPanic
                0x080008f0       0x10 build/obj/chdebug.o
                0x080008f0                chDbgPanic
 .text._vt_init
                0x08000900       0x20 build/obj/chvt.o
                0x08000900                _vt_init
 .text.chVTSetI
                0x08000920       0x60 build/obj/chvt.o
                0x08000920                chVTSetI
 .text.chVTResetI
                0x08000980       0x50 build/obj/chvt.o
                0x08000980                chVTResetI
 .text._scheduler_init
                0x080009d0       0x20 build/obj/chschd.o
                0x080009d0                _scheduler_init
 .text.chSchReadyI
                0x080009f0       0x50 build/obj/chschd.o
                0x080009f0                chSchReadyI
 .text.wakeup   0x08000a40       0x60 build/obj/chschd.o
 .text.chSchGoSleepS
                0x08000aa0       0x50 build/obj/chschd.o
                0x08000aa0                chSchGoSleepS
 .text.chSchGoSleepTimeoutS
                0x08000af0       0x50 build/obj/chschd.o
                0x08000af0                chSchGoSleepTimeoutS
 .text.chSchWakeupS
                0x08000b40       0x70 build/obj/chschd.o
                0x08000b40                chSchWakeupS
 .text.chSchDoRescheduleBehind
                0x08000bb0       0x50 build/obj/chschd.o
                0x08000bb0                chSchDoRescheduleBehind
 .text.chSchDoRescheduleAhead
                0x08000c00       0x60 build/obj/chschd.o
                0x08000c00                chSchDoRescheduleAhead
 .text.chSchRescheduleS
                0x08000c60       0x30 build/obj/chschd.o
                0x08000c60                chSchRescheduleS
 .text.chSchDoReschedule
                0x08000c90       0x20 build/obj/chschd.o
                0x08000c90                chSchDoReschedule
 .text._thread_init
                0x08000cb0       0x60 build/obj/chthreads.o
                0x08000cb0                _thread_init
 .text._thread_memfill
                0x08000d10       0x10 build/obj/chthreads.o
                0x08000d10                _thread_memfill
 .text.chThdCreateI
                0x08000d20       0xb0 build/obj/chthreads.o
                0x08000d20                chThdCreateI
 .text.chThdCreateStatic
                0x08000dd0       0x70 build/obj/chthreads.o
                0x08000dd0                chThdCreateStatic
 .text.chThdSetPriority
                0x08000e40       0x50 build/obj/chthreads.o
                0x08000e40                chThdSetPriority
 .text.chThdResume
                0x08000e90       0x40 build/obj/chthreads.o
                0x08000e90                chThdResume
 .text.chThdTerminate
                0x08000ed0       0x30 build/obj/chthreads.o
                0x08000ed0                chThdTerminate
 .text.chThdSleep
                0x08000f00       0x30 build/obj/chthreads.o
                0x08000f00                chThdSleep
 .text.chThdSleepUntil
                0x08000f30       0x30 build/obj/chthreads.o
                0x08000f30                chThdSleepUntil
 .text.chThdYield
                0x08000f60       0x30 build/obj/chthreads.o
                0x08000f60                chThdYield
 .text.chThdExitS
                0x08000f90       0x50 build/obj/chthreads.o
                0x08000f90                chThdExitS
 .text.chThdExit
                0x08000fe0       0x20 build/obj/chthreads.o
                0x08000fe0                chThdExit
 .text.chThdWait
                0x08001000       0x80 build/obj/chthreads.o
                0x08001000                chThdWait
 .text.chThdAddRef
                0x08001080       0x40 build/obj/chdynamic.o
                0x08001080                chThdAddRef
 .text.chThdRelease
                0x080010c0       0x80 build/obj/chdynamic.o
                0x080010c0                chThdRelease
 .text.chThdCreateFromHeap
                0x08001140       0x70 build/obj/chdynamic.o
                0x08001140                chThdCreateFromHeap
 .text.chThdCreateFromMemoryPool
                0x080011b0       0x80 build/obj/chdynamic.o
                0x080011b0                chThdCreateFromMemoryPool
 .text.chRegFirstThread
                0x08001230       0x30 build/obj/chregistry.o
                0x08001230                chRegFirstThread
 .text.chRegNextThread
                0x08001260       0x50 build/obj/chregistry.o
                0x08001260                chRegNextThread
 .text.chSemInit
                0x080012b0       0x30 build/obj/chsem.o
                0x080012b0                chSemInit
 .text.chSemResetI
                0x080012e0       0x60 build/obj/chsem.o
                0x080012e0                chSemResetI
 .text.chSemReset
                0x08001340       0x30 build/obj/chsem.o
                0x08001340                chSemReset
 .text.chSemWaitS
                0x08001370       0x70 build/obj/chsem.o
                0x08001370                chSemWaitS
 .text.chSemWait
                0x080013e0       0x30 build/obj/chsem.o
                0x080013e0                chSemWait
 .text.chSemWaitTimeoutS
                0x08001410       0x80 build/obj/chsem.o
                0x08001410                chSemWaitTimeoutS
 .text.chSemWaitTimeout
                0x08001490       0x30 build/obj/chsem.o
                0x08001490                chSemWaitTimeout
 .text.chSemSignal
                0x080014c0       0x70 build/obj/chsem.o
                0x080014c0                chSemSignal
 .text.chSemSignalI
                0x08001530       0x60 build/obj/chsem.o
                0x08001530                chSemSignalI
 .text.chSemAddCounterI
                0x08001590       0x70 build/obj/chsem.o
                0x08001590                chSemAddCounterI
 .text.chSemSignalWait
                0x08001600       0xc0 build/obj/chsem.o
                0x08001600                chSemSignalWait
 .text.chMtxInit
                0x080016c0       0x20 build/obj/chmtx.o
                0x080016c0                chMtxInit
 .text.chMtxLockS
                0x080016e0      0x100 build/obj/chmtx.o
                0x080016e0                chMtxLockS
 .text.chMtxLock
                0x080017e0       0x20 build/obj/chmtx.o
                0x080017e0                chMtxLock
 .text.chMtxTryLockS
                0x08001800       0x40 build/obj/chmtx.o
                0x08001800                chMtxTryLockS
 .text.chMtxTryLock
                0x08001840       0x30 build/obj/chmtx.o
                0x08001840                chMtxTryLock
 .text.chMtxUnlock
                0x08001870       0x90 build/obj/chmtx.o
                0x08001870                chMtxUnlock
 .text.chMtxUnlockS
                0x08001900       0x80 build/obj/chmtx.o
                0x08001900                chMtxUnlockS
 .text.chMtxUnlockAll
                0x08001980       0x60 build/obj/chmtx.o
                0x08001980                chMtxUnlockAll
 .text.chCondInit
                0x080019e0       0x20 build/obj/chcond.o
                0x080019e0                chCondInit
 .text.chCondSignal
                0x08001a00       0x40 build/obj/chcond.o
                0x08001a00                chCondSignal
 .text.chCondSignalI
                0x08001a40       0x30 build/obj/chcond.o
                0x08001a40                chCondSignalI
 .text.chCondBroadcastI
                0x08001a70       0x40 build/obj/chcond.o
                0x08001a70                chCondBroadcastI
 .text.chCondBroadcast
                0x08001ab0       0x30 build/obj/chcond.o
                0x08001ab0                chCondBroadcast
 .text.chCondWaitS
                0x08001ae0       0x70 build/obj/chcond.o
                0x08001ae0                chCondWaitS
 .text.chCondWait
                0x08001b50       0x30 build/obj/chcond.o
                0x08001b50                chCondWait
 .text.chCondWaitTimeoutS
                0x08001b80       0x80 build/obj/chcond.o
                0x08001b80                chCondWaitTimeoutS
 .text.chCondWaitTimeout
                0x08001c00       0x30 build/obj/chcond.o
                0x08001c00                chCondWaitTimeout
 .text.chEvtRegisterMask
                0x08001c30       0x50 build/obj/chevents.o
                0x08001c30                chEvtRegisterMask
 .text.chEvtUnregister
                0x08001c80       0x50 build/obj/chevents.o
                0x08001c80                chEvtUnregister
 .text.chEvtGetAndClearEvents
                0x08001cd0       0x30 build/obj/chevents.o
                0x08001cd0                chEvtGetAndClearEvents
 .text.chEvtAddEvents
                0x08001d00       0x30 build/obj/chevents.o
                0x08001d00                chEvtAddEvents
 .text.chEvtSignalI
                0x08001d30       0x50 build/obj/chevents.o
                0x08001d30                chEvtSignalI
 .text.chEvtBroadcastFlagsI
                0x08001d80       0x40 build/obj/chevents.o
                0x08001d80                chEvtBroadcastFlagsI
 .text.chEvtSignal
                0x08001dc0       0x40 build/obj/chevents.o
                0x08001dc0                chEvtSignal
 .text.chEvtBroadcastFlags
                0x08001e00       0x30 build/obj/chevents.o
                0x08001e00                chEvtBroadcastFlags
 .text.chEvtDispatch
                0x08001e30       0x60 build/obj/chevents.o
                0x08001e30                chEvtDispatch
 .text.chEvtWaitOne
                0x08001e90       0x50 build/obj/chevents.o
                0x08001e90                chEvtWaitOne
 .text.chEvtWaitAny
                0x08001ee0       0x40 build/obj/chevents.o
                0x08001ee0                chEvtWaitAny
 .text.chEvtWaitAll
                0x08001f20       0x40 build/obj/chevents.o
                0x08001f20                chEvtWaitAll
 .text.chEvtWaitOneTimeout
                0x08001f60       0x70 build/obj/chevents.o
                0x08001f60                chEvtWaitOneTimeout
 .text.chEvtWaitAnyTimeout
                0x08001fd0       0x70 build/obj/chevents.o
                0x08001fd0                chEvtWaitAnyTimeout
 .text.chEvtWaitAllTimeout
                0x08002040       0x70 build/obj/chevents.o
                0x08002040                chEvtWaitAllTimeout
 .text.chMsgSend
                0x080020b0       0x60 build/obj/chmsg.o
                0x080020b0                chMsgSend
 .text.chMsgWait
                0x08002110       0x50 build/obj/chmsg.o
                0x08002110                chMsgWait
 .text.chMsgRelease
                0x08002160       0x40 build/obj/chmsg.o
                0x08002160                chMsgRelease
 .text.chMBInit
                0x080021a0       0x40 build/obj/chmboxes.o
                0x080021a0                chMBInit
 .text.chMBReset
                0x080021e0       0x50 build/obj/chmboxes.o
                0x080021e0                chMBReset
 .text.chMBPostS
                0x08002230       0x50 build/obj/chmboxes.o
                0x08002230                chMBPostS
 .text.chMBPost
                0x08002280       0x30 build/obj/chmboxes.o
                0x08002280                chMBPost
 .text.chMBPostI
                0x080022b0       0x50 build/obj/chmboxes.o
                0x080022b0                chMBPostI
 .text.chMBPostAheadS
                0x08002300       0x50 build/obj/chmboxes.o
                0x08002300                chMBPostAheadS
 .text.chMBPostAhead
                0x08002350       0x30 build/obj/chmboxes.o
                0x08002350                chMBPostAhead
 .text.chMBPostAheadI
                0x08002380       0x50 build/obj/chmboxes.o
                0x08002380                chMBPostAheadI
 .text.chMBFetchS
                0x080023d0       0x50 build/obj/chmboxes.o
                0x080023d0                chMBFetchS
 .text.chMBFetch
                0x08002420       0x30 build/obj/chmboxes.o
                0x08002420                chMBFetch
 .text.chMBFetchI
                0x08002450       0x50 build/obj/chmboxes.o
                0x08002450                chMBFetchI
 .text.qwait    0x080024a0       0x30 build/obj/chqueues.o
 .text.chIQInit
                0x080024d0       0x20 build/obj/chqueues.o
                0x080024d0                chIQInit
 .text.chIQResetI
                0x080024f0       0x30 build/obj/chqueues.o
                0x080024f0                chIQResetI
 .text.chIQPutI
                0x08002520       0x60 build/obj/chqueues.o
                0x08002520                chIQPutI
 .text.chIQGetTimeout
                0x08002580       0x70 build/obj/chqueues.o
                0x08002580                chIQGetTimeout
 .text.chIQReadTimeout
                0x080025f0       0xa0 build/obj/chqueues.o
                0x080025f0                chIQReadTimeout
 .text.chOQInit
                0x08002690       0x20 build/obj/chqueues.o
                0x08002690                chOQInit
 .text.chOQResetI
                0x080026b0       0x40 build/obj/chqueues.o
                0x080026b0                chOQResetI
 .text.chOQPutTimeout
                0x080026f0       0x70 build/obj/chqueues.o
                0x080026f0                chOQPutTimeout
 .text.chOQGetI
                0x08002760       0x50 build/obj/chqueues.o
                0x08002760                chOQGetI
 .text.chOQWriteTimeout
                0x080027b0       0xa0 build/obj/chqueues.o
                0x080027b0                chOQWriteTimeout
 .text._core_init
                0x08002850       0x30 build/obj/chmemcore.o
                0x08002850                _core_init
 .text.chCoreAllocI
                0x08002880       0x30 build/obj/chmemcore.o
                0x08002880                chCoreAllocI
 .text.chCoreAlloc
                0x080028b0       0x30 build/obj/chmemcore.o
                0x080028b0                chCoreAlloc
 .text.chCoreStatus
                0x080028e0       0x20 build/obj/chmemcore.o
                0x080028e0                chCoreStatus
 .text._heap_init
                0x08002900       0x20 build/obj/chheap.o
                0x08002900                _heap_init
 .text.chHeapInit
                0x08002920       0x40 build/obj/chheap.o
                0x08002920                chHeapInit
 .text.chHeapAlloc
                0x08002960       0x80 build/obj/chheap.o
                0x08002960                chHeapAlloc
 .text.chHeapFree
                0x080029e0       0xd0 build/obj/chheap.o
                0x080029e0                chHeapFree
 .text.chHeapStatus
                0x08002ab0       0x40 build/obj/chheap.o
                0x08002ab0                chHeapStatus
 .text.chPoolInit
                0x08002af0       0x20 build/obj/chmempools.o
                0x08002af0                chPoolInit
 .text.chPoolAllocI
                0x08002b10       0x30 build/obj/chmempools.o
                0x08002b10                chPoolAllocI
 .text.chPoolAlloc
                0x08002b40       0x30 build/obj/chmempools.o
                0x08002b40                chPoolAlloc
 .text.chPoolFreeI
                0x08002b70       0x30 build/obj/chmempools.o
                0x08002b70                chPoolFreeI
 .text.chPoolFree
                0x08002ba0       0x30 build/obj/chmempools.o
                0x08002ba0                chPoolFree
 .text.chPoolLoadArray
                0x08002bd0       0x40 build/obj/chmempools.o
                0x08002bd0                chPoolLoadArray
 .text.tmr      0x08002c10       0x10 build/obj/test.o
 .text.print_line
                0x08002c20       0x30 build/obj/test.o
 .text.test_printn
                0x08002c50       0x70 build/obj/test.o
                0x08002c50                test_printn
 .text.test_print
                0x08002cc0       0x20 build/obj/test.o
                0x08002cc0                test_print
 .text.test_println
                0x08002ce0       0x30 build/obj/test.o
                0x08002ce0                test_println
 .text.test_emit_token
                0x08002d10       0x30 build/obj/test.o
                0x08002d10                test_emit_token
 .text._test_assert
                0x08002d40       0x30 build/obj/test.o
                0x08002d40                _test_assert
 .text._test_assert_sequence
                0x08002d70       0x50 build/obj/test.o
                0x08002d70                _test_assert_sequence
 .text._test_assert_time_window
                0x08002dc0       0x40 build/obj/test.o
                0x08002dc0                _test_assert_time_window
 .text.test_terminate_threads
                0x08002e00       0x20 build/obj/test.o
                0x08002e00                test_terminate_threads
 .text.test_wait_threads
                0x08002e20       0x30 build/obj/test.o
                0x08002e20                test_wait_threads
 .text.test_cpu_pulse
                0x08002e50       0x60 build/obj/test.o
                0x08002e50                test_cpu_pulse
 .text.test_wait_tick
                0x08002eb0       0x20 build/obj/test.o
                0x08002eb0                test_wait_tick
 .text.test_start_timer
                0x08002ed0       0x50 build/obj/test.o
                0x08002ed0                test_start_timer
 .text.TestThread
                0x08002f20      0x320 build/obj/test.o
                0x08002f20                TestThread
 .text.thd1_execute
                0x08003240       0xd0 build/obj/testthd.o
 .text.thread   0x08003310       0x10 build/obj/testthd.o
 .text.thd2_execute
                0x08003320       0xe0 build/obj/testthd.o
 .text.thd3_execute
                0x08003400      0x160 build/obj/testthd.o
 .text.thd4_execute
                0x08003560       0x80 build/obj/testthd.o
 .text.sem1_execute
                0x080035e0      0x150 build/obj/testsem.o
 .text.thread3  0x08003730       0x20 build/obj/testsem.o
 .text.thread1  0x08003750       0x20 build/obj/testsem.o
 .text.sem1_setup
                0x08003770       0x10 build/obj/testsem.o
 .text.sem2_setup
                0x08003780       0x10 build/obj/testsem.o
 .text.sem3_setup
                0x08003790       0x10 build/obj/testsem.o
 .text.thread2  0x080037a0       0x30 build/obj/testsem.o
 .text.thread4  0x080037d0       0x30 build/obj/testsem.o
 .text.sem4_execute
                0x08003800      0x110 build/obj/testsem.o
 .text.sem2_execute
                0x08003910      0x150 build/obj/testsem.o
 .text.sem3_execute
                0x08003a60       0xa0 build/obj/testsem.o
 .text.mtx1_execute
                0x08003b00       0xe0 build/obj/testmtx.o
 .text.thread1  0x08003be0       0x20 build/obj/testmtx.o
 .text.thread12
                0x08003c00       0x20 build/obj/testmtx.o
 .text.mtx1_setup
                0x08003c20       0x10 build/obj/testmtx.o
 .text.mtx2_setup
                0x08003c30       0x10 build/obj/testmtx.o
 .text.mtx3_setup
                0x08003c40       0x20 build/obj/testmtx.o
 .text.mtx4_setup
                0x08003c60       0x20 build/obj/testmtx.o
 .text.mtx5_setup
                0x08003c80       0x10 build/obj/testmtx.o
 .text.mtx2_execute
                0x08003c90       0xb0 build/obj/testmtx.o
 .text.mtx3_execute
                0x08003d40       0xe0 build/obj/testmtx.o
 .text.thread2L
                0x08003e20       0x30 build/obj/testmtx.o
 .text.thread3LL
                0x08003e50       0x20 build/obj/testmtx.o
 .text.thread2M
                0x08003e70       0x20 build/obj/testmtx.o
 .text.thread2H
                0x08003e90       0x30 build/obj/testmtx.o
 .text.thread3HH
                0x08003ec0       0x30 build/obj/testmtx.o
 .text.thread3H
                0x08003ef0       0x20 build/obj/testmtx.o
 .text.thread3M
                0x08003f10       0x30 build/obj/testmtx.o
 .text.thread3L
                0x08003f40       0x40 build/obj/testmtx.o
 .text.thread4b
                0x08003f80       0x20 build/obj/testmtx.o
 .text.thread4a
                0x08003fa0       0x20 build/obj/testmtx.o
 .text.mtx4_execute
                0x08003fc0      0x270 build/obj/testmtx.o
 .text.mtx5_execute
                0x08004230       0xc0 build/obj/testmtx.o
 .text.mtx6_execute
                0x080042f0      0x100 build/obj/testmtx.o
 .text.thread10
                0x080043f0       0x30 build/obj/testmtx.o
 .text.mtx6_setup
                0x08004420       0x20 build/obj/testmtx.o
 .text.mtx7_setup
                0x08004440       0x20 build/obj/testmtx.o
 .text.mtx8_setup
                0x08004460       0x30 build/obj/testmtx.o
 .text.mtx7_execute
                0x08004490       0xc0 build/obj/testmtx.o
 .text.mtx8_execute
                0x08004550       0xa0 build/obj/testmtx.o
 .text.thread11
                0x080045f0       0x40 build/obj/testmtx.o
 .text.msg1_execute
                0x08004630       0x80 build/obj/testmsg.o
 .text.thread   0x080046b0       0x20 build/obj/testmsg.o
 .text.mbox1_execute
                0x080046d0      0x6e0 build/obj/testmbox.o
 .text.mbox1_setup
                0x08004db0       0x20 build/obj/testmbox.o
 .text.evt1_execute
                0x08004dd0       0x90 build/obj/testevt.o
 .text.h3       0x08004e60       0x10 build/obj/testevt.o
 .text.h2       0x08004e70       0x10 build/obj/testevt.o
 .text.h1       0x08004e80       0x10 build/obj/testevt.o
 .text.evt1_setup
                0x08004e90       0x10 build/obj/testevt.o
 .text.evt2_setup
                0x08004ea0       0x10 build/obj/testevt.o
 .text.evt3_setup
                0x08004eb0       0x10 build/obj/testevt.o
 .text.evt2_execute
                0x08004ec0      0x260 build/obj/testevt.o
 .text.thread2  0x08005120       0x30 build/obj/testevt.o
 .text.thread1  0x08005150       0x20 build/obj/testevt.o
 .text.evt3_execute
                0x08005170       0xb0 build/obj/testevt.o
 .text.heap1_execute
                0x08005220      0x250 build/obj/testheap.o
 .text.heap1_setup
                0x08005470       0x20 build/obj/testheap.o
 .text.null_provider
                0x08005490       0x10 build/obj/testpools.o
 .text.pools1_setup
                0x080054a0       0x10 build/obj/testpools.o
 .text.pools1_execute
                0x080054b0       0xc0 build/obj/testpools.o
 .text.dyn1_execute
                0x08005570       0xf0 build/obj/testdyn.o
 .text.thread   0x08005660       0x10 build/obj/testdyn.o
 .text.dyn1_setup
                0x08005670       0x20 build/obj/testdyn.o
 .text.dyn3_setup
                0x08005690       0x20 build/obj/testdyn.o
 .text.dyn2_execute
                0x080056b0      0x100 build/obj/testdyn.o
 .text.dyn2_setup
                0x080057b0       0x10 build/obj/testdyn.o
 .text.regfind  0x080057c0       0x30 build/obj/testdyn.o
 .text.dyn3_execute
                0x080057f0      0x150 build/obj/testdyn.o
 .text.notify   0x08005940       0x10 build/obj/testqueues.o
 .text.thread1  0x08005950       0x20 build/obj/testqueues.o
 .text.queues1_setup
                0x08005970       0x30 build/obj/testqueues.o
 .text.thread2  0x080059a0       0x20 build/obj/testqueues.o
 .text.queues2_setup
                0x080059c0       0x30 build/obj/testqueues.o
 .text.queues1_execute
                0x080059f0      0x310 build/obj/testqueues.o
 .text.queues2_execute
                0x08005d00      0x2f0 build/obj/testqueues.o
 .text.thread2  0x08005ff0       0x10 build/obj/testbmk.o
 .text.tmo      0x08006000       0x10 build/obj/testbmk.o
 .text.bmk13_execute
                0x08006010       0xf0 build/obj/testbmk.o
 .text.thread1  0x08006100       0x20 build/obj/testbmk.o
 .text.bmk6_execute
                0x08006120       0x70 build/obj/testbmk.o
 .text.msg_loop_test
                0x08006190       0x40 build/obj/testbmk.o
 .text.bmk1_execute
                0x080061d0       0x70 build/obj/testbmk.o
 .text.bmk2_execute
                0x08006240       0x70 build/obj/testbmk.o
 .text.bmk3_execute
                0x080062b0       0xe0 build/obj/testbmk.o
 .text.thread4  0x08006390       0x30 build/obj/testbmk.o
                0x08006390                thread4
 .text.bmk4_execute
                0x080063c0       0xd0 build/obj/testbmk.o
 .text.bmk5_execute
                0x08006490       0x80 build/obj/testbmk.o
 .text.bmk7_execute
                0x08006510      0x110 build/obj/testbmk.o
 .text.thread3  0x08006620       0x30 build/obj/testbmk.o
 .text.bmk7_setup
                0x08006650       0x10 build/obj/testbmk.o
 .text.bmk11_setup
                0x08006660       0x10 build/obj/testbmk.o
 .text.bmk8_execute
                0x08006670       0xe0 build/obj/testbmk.o
 .text.thread8  0x08006750       0x30 build/obj/testbmk.o
 .text.bmk9_execute
                0x08006780       0xc0 build/obj/testbmk.o
 .text.bmk10_execute
                0x08006840       0x90 build/obj/testbmk.o
 .text.bmk11_execute
                0x080068d0       0x70 build/obj/testbmk.o
 .text.bmk12_execute
                0x08006940       0x70 build/obj/testbmk.o
 .text.bmk12_setup
                0x080069b0       0x10 build/obj/testbmk.o
 .text.halInit  0x080069c0       0x30 build/obj/hal.o
                0x080069c0                halInit
 .text.palSetBusMode
                0x080069f0       0x30 build/obj/pal.o
                0x080069f0                palSetBusMode
 .text.pwmInit  0x08006a20       0x10 build/obj/pwm.o
                0x08006a20                pwmInit
 .text.pwmObjectInit
                0x08006a30       0x10 build/obj/pwm.o
                0x08006a30                pwmObjectInit
 .text.pwmStart
                0x08006a40       0x50 build/obj/pwm.o
                0x08006a40                pwmStart
 .text.pwmEnableChannel
                0x08006a90       0x50 build/obj/pwm.o
                0x08006a90                pwmEnableChannel
 .text.readt    0x08006ae0       0x10 build/obj/serial.o
 .text.read     0x08006af0       0x10 build/obj/serial.o
 .text.writet   0x08006b00       0x10 build/obj/serial.o
 .text.write    0x08006b10       0x10 build/obj/serial.o
 .text.gett     0x08006b20       0x10 build/obj/serial.o
 .text.get      0x08006b30       0x10 build/obj/serial.o
 .text.putt     0x08006b40       0x10 build/obj/serial.o
 .text.put      0x08006b50       0x10 build/obj/serial.o
 .text.sdInit   0x08006b60       0x10 build/obj/serial.o
                0x08006b60                sdInit
 .text.sdObjectInit
                0x08006b70       0x40 build/obj/serial.o
                0x08006b70                sdObjectInit
 .text.sdStart  0x08006bb0       0x50 build/obj/serial.o
                0x08006bb0                sdStart
 .text.sdIncomingDataI
                0x08006c00       0x50 build/obj/serial.o
                0x08006c00                sdIncomingDataI
 .text.spiInit  0x08006c50       0x10 build/obj/spi.o
                0x08006c50                spiInit
 .text.spiObjectInit
                0x08006c60       0x10 build/obj/spi.o
                0x08006c60                spiObjectInit
 .text.Vector6C
                0x08006c70       0x30 build/obj/stm32_dma.o
                0x08006c70                Vector6C
 .text.Vector70
                0x08006ca0       0x40 build/obj/stm32_dma.o
                0x08006ca0                Vector70
 .text.Vector74
                0x08006ce0       0x40 build/obj/stm32_dma.o
                0x08006ce0                Vector74
 .text.Vector78
                0x08006d20       0x40 build/obj/stm32_dma.o
                0x08006d20                Vector78
 .text.Vector7C
                0x08006d60       0x30 build/obj/stm32_dma.o
                0x08006d60                Vector7C
 .text.Vector80
                0x08006d90       0x40 build/obj/stm32_dma.o
                0x08006d90                Vector80
 .text.Vector84
                0x08006dd0       0x40 build/obj/stm32_dma.o
                0x08006dd0                Vector84
 .text.VectorFC
                0x08006e10       0x40 build/obj/stm32_dma.o
                0x08006e10                VectorFC
 .text.Vector120
                0x08006e50       0x30 build/obj/stm32_dma.o
                0x08006e50                Vector120
 .text.Vector124
                0x08006e80       0x40 build/obj/stm32_dma.o
                0x08006e80                Vector124
 .text.Vector128
                0x08006ec0       0x40 build/obj/stm32_dma.o
                0x08006ec0                Vector128
 .text.Vector12C
                0x08006f00       0x40 build/obj/stm32_dma.o
                0x08006f00                Vector12C
 .text.Vector130
                0x08006f40       0x30 build/obj/stm32_dma.o
                0x08006f40                Vector130
 .text.Vector150
                0x08006f70       0x40 build/obj/stm32_dma.o
                0x08006f70                Vector150
 .text.Vector154
                0x08006fb0       0x40 build/obj/stm32_dma.o
                0x08006fb0                Vector154
 .text.Vector158
                0x08006ff0       0x40 build/obj/stm32_dma.o
                0x08006ff0                Vector158
 .text.dmaInit  0x08007030       0x50 build/obj/stm32_dma.o
                0x08007030                dmaInit
 .text.dmaStreamAllocate
                0x08007080       0xc0 build/obj/stm32_dma.o
                0x08007080                dmaStreamAllocate
 .text.hal_lld_init
                0x08007140       0xa0 build/obj/hal_lld.o
                0x08007140                hal_lld_init
 .text.stm32_clock_init
                0x080071e0       0xd0 build/obj/hal_lld.o
                0x080071e0                stm32_clock_init
 .text._pal_lld_init
                0x080072b0      0x1c0 build/obj/pal_lld.o
                0x080072b0                _pal_lld_init
 .text._pal_lld_setgroupmode
                0x08007470       0xd0 build/obj/pal_lld.o
                0x08007470                _pal_lld_setgroupmode
 .text.spi_lld_init
                0x08007540       0x50 build/obj/spi_lld.o
                0x08007540                spi_lld_init
 .text.VectorB4
                0x08007590       0x70 build/obj/pwm_lld.o
                0x08007590                VectorB4
 .text.pwm_lld_init
                0x08007600       0x20 build/obj/pwm_lld.o
                0x08007600                pwm_lld_init
 .text.pwm_lld_start
                0x08007620      0x120 build/obj/pwm_lld.o
                0x08007620                pwm_lld_start
 .text.pwm_lld_enable_channel
                0x08007740       0x40 build/obj/pwm_lld.o
                0x08007740                pwm_lld_enable_channel
 .text.notify2  0x08007780       0x20 build/obj/serial_lld.o
 .text.VectorD8
                0x080077a0      0x140 build/obj/serial_lld.o
                0x080077a0                VectorD8
 .text.sd_lld_init
                0x080078e0       0x20 build/obj/serial_lld.o
                0x080078e0                sd_lld_init
 .text.sd_lld_start
                0x08007900       0xa0 build/obj/serial_lld.o
                0x08007900                sd_lld_start
 .text.__early_init
                0x080079a0       0x10 build/obj/board.o
                0x080079a0                __early_init
 .text.boardInit
                0x080079b0       0x10 build/obj/board.o
                0x080079b0                boardInit
 .text.gfxInit  0x080079c0       0x20 build/obj/gfx.o
                0x080079c0                gfxInit
 .text._gosInit
                0x080079e0       0x20 build/obj/chibios.o
                0x080079e0                _gosInit
 .text.gfxSleepMilliseconds
                0x08007a00       0x30 build/obj/chibios.o
                0x08007a00                gfxSleepMilliseconds
 .text.gfxSleepMicroseconds
                0x08007a30       0x30 build/obj/chibios.o
                0x08007a30                gfxSleepMicroseconds
 .text.gdispGClear
                0x08007a60       0x20 build/obj/gdisp.o
                0x08007a60                gdispGClear
 .text.gdispGFillArea
                0x08007a80       0x90 build/obj/gdisp.o
                0x08007a80                gdispGFillArea
 .text.gdispGSetClip
                0x08007b10       0x70 build/obj/gdisp.o
                0x08007b10                gdispGSetClip
 .text.gdispGControl
                0x08007b80       0x60 build/obj/gdisp.o
                0x08007b80                gdispGControl
 .text._gdispInit
                0x08007be0      0x100 build/obj/gdisp.o
                0x08007be0                _gdispInit
 .text.matchfont
                0x08007ce0       0x50 build/obj/fonts.o
 .text.gdispOpenFont
                0x08007d30       0x50 build/obj/fonts.o
                0x08007d30                gdispOpenFont
 .text.mf_get_font_list
                0x08007d80       0x10 build/obj/mf_font.o
                0x08007d80                mf_get_font_list
 .text.write_pixels
                0x08007d90       0x70 build/obj/mf_rlefont.o
 .text.find_glyph.isra.0
                0x08007e00       0x40 build/obj/mf_rlefont.o
 .text.write_ref_codeword
                0x08007e40      0x1a0 build/obj/mf_rlefont.o
 .text.mf_rlefont_render_character
                0x08007fe0       0xd0 build/obj/mf_rlefont.o
                0x08007fe0                mf_rlefont_render_character
 .text.mf_rlefont_character_width
                0x080080b0       0x20 build/obj/mf_rlefont.o
                0x080080b0                mf_rlefont_character_width
 .text.scaled_pixel_callback
                0x080080d0       0x60 build/obj/mf_scaledfont.o
 .text.mf_scaled_character_width
                0x08008130       0x20 build/obj/mf_scaledfont.o
                0x08008130                mf_scaled_character_width
 .text.mf_scaled_render_character
                0x08008150       0x50 build/obj/mf_scaledfont.o
                0x08008150                mf_scaled_render_character
 .text.set_cursor
                0x080081a0       0xb0 build/obj/gdisp_lld_SSD1289.o
 .text.set_viewport
                0x08008250      0x130 build/obj/gdisp_lld_SSD1289.o
 .text.gdisp_lld_init
                0x08008380      0x370 build/obj/gdisp_lld_SSD1289.o
                0x08008380                gdisp_lld_init
 .text.gdisp_lld_fill_area
                0x080086f0       0x80 build/obj/gdisp_lld_SSD1289.o
                0x080086f0                gdisp_lld_fill_area
 .text.gdisp_lld_control
                0x08008770      0x110 build/obj/gdisp_lld_SSD1289.o
                0x08008770                gdisp_lld_control
 .text.Thread1  0x08008880       0x40 build/obj/main.o
 *(.rodata)
 .rodata        0x080088c0       0x18 build/obj/gdisp_lld_SSD1289.o
 *(.rodata.*)
 *fill*         0x080088d8        0x8 
 .rodata.str1.4
                0x080088e0        0x5 build/obj/chsys.o
                                  0x8 (size before relaxing)
 *fill*         0x080088e5        0xb 
 .rodata.str1.4
                0x080088f0       0x56 build/obj/chdebug.o
                                 0x58 (size before relaxing)
 *fill*         0x08008946        0xa 
 .rodata.str1.4
                0x08008950       0x31 build/obj/chvt.o
                                 0x34 (size before relaxing)
 *fill*         0x08008981        0xf 
 .rodata.str1.4
                0x08008990       0x23 build/obj/chschd.o
                                 0x24 (size before relaxing)
 *fill*         0x080089b3        0xd 
 .rodata.str1.4
                0x080089c0       0x94 build/obj/chthreads.o
 *fill*         0x08008a54        0xc 
 .rodata.str1.4
                0x08008a60       0x46 build/obj/chdynamic.o
                                 0x48 (size before relaxing)
 *fill*         0x08008aa6        0xa 
 .rodata.ch_debug
                0x08008ab0       0x18 build/obj/chregistry.o
                0x08008ab0                ch_debug
 *fill*         0x08008ac8        0x8 
 .rodata.str1.4
                0x08008ad0       0x16 build/obj/chregistry.o
                                 0x18 (size before relaxing)
 *fill*         0x08008ae6        0xa 
 .rodata.str1.4
                0x08008af0      0x146 build/obj/chsem.o
                                0x148 (size before relaxing)
 *fill*         0x08008c36        0xa 
 .rodata.str1.4
                0x08008c40       0xab build/obj/chmtx.o
                                 0xac (size before relaxing)
 *fill*         0x08008ceb        0x5 
 .rodata.str1.4
                0x08008cf0       0xa5 build/obj/chcond.o
                                 0xa8 (size before relaxing)
 *fill*         0x08008d95        0xb 
 .rodata.str1.4
                0x08008da0       0x90 build/obj/chevents.o
 .rodata.str1.4
                0x08008e30       0x23 build/obj/chmsg.o
                                 0x24 (size before relaxing)
 *fill*         0x08008e53        0xd 
 .rodata.str1.4
                0x08008e60       0x87 build/obj/chmboxes.o
                                 0x88 (size before relaxing)
 *fill*         0x08008ee7        0x9 
 .rodata.str1.4
                0x08008ef0       0x29 build/obj/chqueues.o
                                 0x2c (size before relaxing)
 *fill*         0x08008f19        0x7 
 .rodata.str1.4
                0x08008f20       0x31 build/obj/chheap.o
                                 0x34 (size before relaxing)
 *fill*         0x08008f51        0xf 
 .rodata.str1.4
                0x08008f60       0x48 build/obj/chmempools.o
 *fill*         0x08008fa8        0x8 
 .rodata.wa     0x08008fb0       0x14 build/obj/test.o
                0x08008fb0                wa
 *fill*         0x08008fc4        0xc 
 .rodata.str1.4
                0x08008fd0      0x217 build/obj/test.o
                                0x228 (size before relaxing)
 *fill*         0x080091e7        0x9 
 .rodata.patterns
                0x080091f0       0x30 build/obj/test.o
 .rodata.testthd1
                0x08009220       0x10 build/obj/testthd.o
                0x08009220                testthd1
 .rodata.testthd2
                0x08009230       0x10 build/obj/testthd.o
                0x08009230                testthd2
 .rodata.testthd3
                0x08009240       0x10 build/obj/testthd.o
                0x08009240                testthd3
 .rodata.testthd4
                0x08009250       0x10 build/obj/testthd.o
                0x08009250                testthd4
 .rodata.patternthd
                0x08009260       0x14 build/obj/testthd.o
                0x08009260                patternthd
 *fill*         0x08009274        0xc 
 .rodata.str1.4
                0x08009280       0x7b build/obj/testthd.o
                                 0x80 (size before relaxing)
 *fill*         0x080092fb        0x5 
 .rodata.testsem1
                0x08009300       0x10 build/obj/testsem.o
                0x08009300                testsem1
 .rodata.testsem2
                0x08009310       0x10 build/obj/testsem.o
                0x08009310                testsem2
 .rodata.testsem3
                0x08009320       0x10 build/obj/testsem.o
                0x08009320                testsem3
 .rodata.testsem4
                0x08009330       0x10 build/obj/testsem.o
                0x08009330                testsem4
 .rodata.patternsem
                0x08009340       0x14 build/obj/testsem.o
                0x08009340                patternsem
 *fill*         0x08009354        0xc 
 .rodata.str1.4
                0x08009360       0x6e build/obj/testsem.o
                                 0x8c (size before relaxing)
 *fill*         0x080093ce        0x2 
 .rodata.testmtx5
                0x080093d0       0x10 build/obj/testmtx.o
                0x080093d0                testmtx5
 .rodata.testmtx6
                0x080093e0       0x10 build/obj/testmtx.o
                0x080093e0                testmtx6
 .rodata.testmtx7
                0x080093f0       0x10 build/obj/testmtx.o
                0x080093f0                testmtx7
 .rodata.testmtx8
                0x08009400       0x10 build/obj/testmtx.o
                0x08009400                testmtx8
 .rodata.str1.4
                0x08009410       0xed build/obj/testmtx.o
                                0x10c (size before relaxing)
 *fill*         0x080094fd        0x3 
 .rodata.patternmtx
                0x08009500       0x24 build/obj/testmtx.o
                0x08009500                patternmtx
 *fill*         0x08009524        0xc 
 .rodata.testmtx1
                0x08009530       0x10 build/obj/testmtx.o
                0x08009530                testmtx1
 .rodata.testmtx2
                0x08009540       0x10 build/obj/testmtx.o
                0x08009540                testmtx2
 .rodata.testmtx3
                0x08009550       0x10 build/obj/testmtx.o
                0x08009550                testmtx3
 .rodata.testmtx4
                0x08009560       0x10 build/obj/testmtx.o
                0x08009560                testmtx4
 .rodata.testmsg1
                0x08009570       0x10 build/obj/testmsg.o
                0x08009570                testmsg1
 .rodata.str1.4
                0x08009580        0xf build/obj/testmsg.o
                                 0x14 (size before relaxing)
 *fill*         0x0800958f        0x1 
 .rodata.patternmsg
                0x08009590        0x8 build/obj/testmsg.o
                0x08009590                patternmsg
 *fill*         0x08009598        0x8 
 .rodata.patternmbox
                0x080095a0        0x8 build/obj/testmbox.o
                0x080095a0                patternmbox
 *fill*         0x080095a8        0x8 
 .rodata.str1.4
                0x080095b0       0x20 build/obj/testmbox.o
                                 0x28 (size before relaxing)
 .rodata.testmbox1
                0x080095d0       0x10 build/obj/testmbox.o
                0x080095d0                testmbox1
 .rodata.patternevt
                0x080095e0       0x10 build/obj/testevt.o
                0x080095e0                patternevt
 .rodata.testevt2
                0x080095f0       0x10 build/obj/testevt.o
                0x080095f0                testevt2
 .rodata.str1.4
                0x08009600       0x52 build/obj/testevt.o
                                 0x5c (size before relaxing)
 *fill*         0x08009652        0xe 
 .rodata.testevt1
                0x08009660       0x10 build/obj/testevt.o
                0x08009660                testevt1
 .rodata.evhndl
                0x08009670        0xc build/obj/testevt.o
 *fill*         0x0800967c        0x4 
 .rodata.testevt3
                0x08009680       0x10 build/obj/testevt.o
                0x08009680                testevt3
 .rodata.patternheap
                0x08009690        0x8 build/obj/testheap.o
                0x08009690                patternheap
 *fill*         0x08009698        0x8 
 .rodata.str1.4
                0x080096a0       0x28 build/obj/testheap.o
 *fill*         0x080096c8        0x8 
 .rodata.testheap1
                0x080096d0       0x10 build/obj/testheap.o
                0x080096d0                testheap1
 .rodata.str1.4
                0x080096e0       0x1c build/obj/testpools.o
 *fill*         0x080096fc        0x4 
 .rodata.patternpools
                0x08009700        0x8 build/obj/testpools.o
                0x08009700                patternpools
 *fill*         0x08009708        0x8 
 .rodata.testpools1
                0x08009710       0x10 build/obj/testpools.o
                0x08009710                testpools1
 .rodata.testdyn1
                0x08009720       0x10 build/obj/testdyn.o
                0x08009720                testdyn1
 .rodata.testdyn2
                0x08009730       0x10 build/obj/testdyn.o
                0x08009730                testdyn2
 .rodata.testdyn3
                0x08009740       0x10 build/obj/testdyn.o
                0x08009740                testdyn3
 .rodata.str1.4
                0x08009750       0x8d build/obj/testdyn.o
                                 0xa4 (size before relaxing)
 *fill*         0x080097dd        0x3 
 .rodata.patterndyn
                0x080097e0       0x10 build/obj/testdyn.o
                0x080097e0                patterndyn
 .rodata.testqueues1
                0x080097f0       0x10 build/obj/testqueues.o
                0x080097f0                testqueues1
 .rodata.testqueues2
                0x08009800       0x10 build/obj/testqueues.o
                0x08009800                testqueues2
 .rodata.str1.4
                0x08009810       0x2d build/obj/testqueues.o
                                 0x38 (size before relaxing)
 *fill*         0x0800983d        0x3 
 .rodata.patternqueues
                0x08009840        0xc build/obj/testqueues.o
                0x08009840                patternqueues
 *fill*         0x0800984c        0x4 
 .rodata.testbmk8
                0x08009850       0x10 build/obj/testbmk.o
                0x08009850                testbmk8
 .rodata.patternbmk
                0x08009860       0x38 build/obj/testbmk.o
                0x08009860                patternbmk
 *fill*         0x08009898        0x8 
 .rodata.testbmk3
                0x080098a0       0x10 build/obj/testbmk.o
                0x080098a0                testbmk3
 .rodata.testbmk10
                0x080098b0       0x10 build/obj/testbmk.o
                0x080098b0                testbmk10
 .rodata.testbmk4
                0x080098c0       0x10 build/obj/testbmk.o
                0x080098c0                testbmk4
 .rodata.testbmk12
                0x080098d0       0x10 build/obj/testbmk.o
                0x080098d0                testbmk12
 .rodata.testbmk13
                0x080098e0       0x10 build/obj/testbmk.o
                0x080098e0                testbmk13
 .rodata.testbmk2
                0x080098f0       0x10 build/obj/testbmk.o
                0x080098f0                testbmk2
 .rodata.str1.4
                0x08009900      0x2c7 build/obj/testbmk.o
                                0x2c8 (size before relaxing)
 *fill*         0x08009bc7        0x9 
 .rodata.testbmk9
                0x08009bd0       0x10 build/obj/testbmk.o
                0x08009bd0                testbmk9
 .rodata.testbmk1
                0x08009be0       0x10 build/obj/testbmk.o
                0x08009be0                testbmk1
 .rodata.testbmk11
                0x08009bf0       0x10 build/obj/testbmk.o
                0x08009bf0                testbmk11
 .rodata.testbmk5
                0x08009c00       0x10 build/obj/testbmk.o
                0x08009c00                testbmk5
 .rodata.testbmk6
                0x08009c10       0x10 build/obj/testbmk.o
                0x08009c10                testbmk6
 .rodata.testbmk7
                0x08009c20       0x10 build/obj/testbmk.o
                0x08009c20                testbmk7
 .rodata.str1.4
                0x08009c30       0x32 build/obj/pal.o
                                 0x34 (size before relaxing)
 *fill*         0x08009c62        0xe 
 .rodata.str1.4
                0x08009c70       0xb0 build/obj/pwm.o
 .rodata.str1.4
                0x08009d20       0x5f build/obj/serial.o
                                 0x60 (size before relaxing)
 *fill*         0x08009d7f        0x1 
 .rodata.vmt    0x08009d80       0x20 build/obj/serial.o
 .rodata.str1.4
                0x08009da0       0x47 build/obj/stm32_dma.o
                                 0x48 (size before relaxing)
 *fill*         0x08009de7        0x9 
 .rodata._stm32_dma_streams
                0x08009df0       0xc0 build/obj/stm32_dma.o
                0x08009df0                _stm32_dma_streams
 .rodata.str1.4
                0x08009eb0       0x14 build/obj/pwm_lld.o
 *fill*         0x08009ec4        0xc 
 .rodata.default_config
                0x08009ed0        0xc build/obj/serial_lld.o
 *fill*         0x08009edc        0x4 
 .rodata.pal_default_config
                0x08009ee0       0xfc build/obj/board.o
                0x08009ee0                pal_default_config
 *fill*         0x08009fdc        0x4 
 .rodata.blks.7089
                0x08009fe0       0x80 build/obj/gdisp.o
 .rodata.mf_rlefont_UI2_Double
                0x0800a060       0x24 build/obj/mf_font.o
                0x0800a060                mf_rlefont_UI2_Double
 *fill*         0x0800a084        0xc 
 .rodata.mf_rlefont_UI2_dictionary_offsets
                0x0800a090       0x7c build/obj/mf_font.o
 *fill*         0x0800a10c        0x4 
 .rodata.mf_rlefont_UI2_dictionary_data
                0x0800a110       0xa0 build/obj/mf_font.o
 .rodata.mf_rlefont_UI2_glyph_offsets_0
                0x0800a1b0       0xc0 build/obj/mf_font.o
 .rodata.mf_rlefont_UI2_Narrow_listentry
                0x0800a270        0x8 build/obj/mf_font.o
 *fill*         0x0800a278        0x8 
 .rodata.mf_rlefont_UI2_glyph_data_0
                0x0800a280      0x338 build/obj/mf_font.o
 *fill*         0x0800a5b8        0x8 
 .rodata.str1.4
                0x0800a5c0       0x1c build/obj/mf_font.o
 *fill*         0x0800a5dc        0x4 
 .rodata.mf_rlefont_UI2_char_ranges
                0x0800a5e0        0xc build/obj/mf_font.o
 *fill*         0x0800a5ec        0x4 
 .rodata.mf_rlefont_UI2_listentry
                0x0800a5f0        0x8 build/obj/mf_font.o
 *fill*         0x0800a5f8        0x8 
 .rodata.mf_rlefont_UI2_Narrow
                0x0800a600       0x24 build/obj/mf_font.o
                0x0800a600                mf_rlefont_UI2_Narrow
 *fill*         0x0800a624        0xc 
 .rodata.mf_rlefont_UI2
                0x0800a630       0x30 build/obj/mf_font.o
                0x0800a630                mf_rlefont_UI2
 .rodata.mf_rlefont_UI2_Double_listentry
                0x0800a660        0x8 build/obj/mf_font.o
 *fill*         0x0800a668        0x8 
 .rodata.pwmcfg
                0x0800a670       0x34 build/obj/gdisp_lld_SSD1289.o
 *fill*         0x0800a6a4        0xc 
 .rodata.str1.4
                0x0800a6b0        0x8 build/obj/main.o
                                  0xc (size before relaxing)
 *(.glue_7t)
 .glue_7t       0x00000000        0x0 linker stubs
 *(.glue_7)
 .glue_7        0x00000000        0x0 linker stubs
 *(.gcc*)

.vfp11_veneer   0x0800a6b8        0x0
 .vfp11_veneer  0x00000000        0x0 linker stubs

.v4_bx          0x0800a6b8        0x0
 .v4_bx         0x00000000        0x0 linker stubs

.iplt           0x0800a6b8        0x0
 .iplt          0x00000000        0x0 build/obj/crt0.o

.rel.dyn        0x0800a6b8        0x0
 .rel.iplt      0x00000000        0x0 build/obj/crt0.o

.ARM.extab
 *(.ARM.extab* .gnu.linkonce.armextab.*)

.ARM.exidx      0x0800a6b8        0x0
                0x0800a6b8                PROVIDE (__exidx_start, .)
 *(.ARM.exidx* .gnu.linkonce.armexidx.*)
                0x0800a6b8                PROVIDE (__exidx_end, .)

.eh_frame_hdr
 *(.eh_frame_hdr)

.eh_frame
 *(.eh_frame)

.textalign      0x0800a6b8        0x0
                0x0800a6b8                . = ALIGN (0x8)
                0x0800a6b8                . = ALIGN (0x4)
                0x0800a6b8                _etext = .
                0x0800a6b8                _textdata = _etext

.stacks         0x20000000      0x800
                0x20000000                . = ALIGN (0x8)
                0x20000000                __main_stack_base__ = .
                0x20000400                . = (. + __main_stack_size__)
 *fill*         0x20000000      0x400 
                0x20000400                . = ALIGN (0x8)
                0x20000400                __main_stack_end__ = .
                0x20000400                __process_stack_base__ = .
                0x20000400                __main_thread_stack_base__ = .
                0x20000800                . = (. + __process_stack_size__)
 *fill*         0x20000400      0x400 
                0x20000800                . = ALIGN (0x8)
                0x20000800                __process_stack_end__ = .
                0x20000800                __main_thread_stack_end__ = .

.data           0x20000800       0xbc load address 0x0800a6b8
                0x20000800                . = ALIGN (0x4)
                0x20000800                PROVIDE (_data, .)
 *(.data)
                0x20000800                . = ALIGN (0x4)
 *(.data.*)
 .data.sem1     0x20000800        0xc build/obj/testsem.o
 .data.m1       0x2000080c       0x10 build/obj/testmtx.o
 .data.m2       0x2000081c       0x10 build/obj/testmtx.o
 .data.c1       0x2000082c        0x8 build/obj/testmtx.o
 .data.mb1      0x20000834       0x28 build/obj/testmbox.o
 .data.es1      0x2000085c        0x4 build/obj/testevt.o
 .data.es2      0x20000860        0x4 build/obj/testevt.o
 .data.mp1      0x20000864        0xc build/obj/testpools.o
 .data.oq       0x20000870       0x24 build/obj/testqueues.o
 .data.iq       0x20000894       0x24 build/obj/testqueues.o
 .data.GDISP    0x200008b8        0x4 build/obj/gdisp.o
                0x200008b8                GDISP
                0x200008bc                . = ALIGN (0x4)
 *(.ramtext)
                0x200008bc                . = ALIGN (0x4)
                0x200008bc                PROVIDE (_edata, .)

.igot.plt       0x200008bc        0x0 load address 0x0800a774
 .igot.plt      0x00000000        0x0 build/obj/crt0.o

.bss            0x200008c0     0x13e0 load address 0x0800a774
                0x200008c0                . = ALIGN (0x4)
                0x200008c0                PROVIDE (_bss_start, .)
 *(.bss)
                0x200008c0                . = ALIGN (0x4)
 *(.bss.*)
 .bss.mainthread.4879
                0x200008c0       0x4c build/obj/chsys.o
 *fill*         0x2000090c        0x4 
 .bss._idle_thread_wa
                0x20000910      0x168 build/obj/chsys.o
                0x20000910                _idle_thread_wa
 .bss.dbg_isr_cnt
                0x20000a78        0x4 build/obj/chdebug.o
                0x20000a78                dbg_isr_cnt
 .bss.dbg_trace_buffer
                0x20000a7c      0x408 build/obj/chdebug.o
                0x20000a7c                dbg_trace_buffer
 .bss.dbg_lock_cnt
                0x20000e84        0x4 build/obj/chdebug.o
                0x20000e84                dbg_lock_cnt
 .bss.dbg_panic_msg
                0x20000e88        0x4 build/obj/chdebug.o
                0x20000e88                dbg_panic_msg
 .bss.vtlist    0x20000e8c       0x10 build/obj/chvt.o
                0x20000e8c                vtlist
 .bss.rlist     0x20000e9c       0x1c build/obj/chschd.o
                0x20000e9c                rlist
 .bss.endmem    0x20000eb8        0x4 build/obj/chmemcore.o
 .bss.nextmem   0x20000ebc        0x4 build/obj/chmemcore.o
 .bss.default_heap
                0x20000ec0       0x20 build/obj/chheap.o
 .bss.test      0x20000ee0      0x938 build/obj/test.o
                0x20000ee0                test
 .bss.failpoint
                0x20001818        0x4 build/obj/test.o
 .bss.local_fail
                0x2000181c        0x1 build/obj/test.o
 .bss.test_timer_done
                0x2000181d        0x1 build/obj/test.o
                0x2000181d                test_timer_done
 *fill*         0x2000181e        0x2 
 .bss.tokp      0x20001820        0x4 build/obj/test.o
 .bss.global_fail
                0x20001824        0x1 build/obj/test.o
 *fill*         0x20001825        0x3 
 .bss.vt        0x20001828       0x14 build/obj/test.o
 .bss.threads   0x2000183c       0x14 build/obj/test.o
                0x2000183c                threads
 .bss.chp       0x20001850        0x4 build/obj/test.o
 .bss.tokens_buffer
                0x20001854       0x10 build/obj/test.o
 *fill*         0x20001864        0x4 
 .bss.test_heap
                0x20001868       0x20 build/obj/testheap.o
 .bss.mp1       0x20001888        0xc build/obj/testdyn.o
 *fill*         0x20001894        0x4 
 .bss.heap1     0x20001898       0x20 build/obj/testdyn.o
 .bss.iq.5027   0x200018b8       0x24 build/obj/testbmk.o
 .bss.mtx1      0x200018dc       0x10 build/obj/testbmk.o
 .bss.ib.5026   0x200018ec       0x10 build/obj/testbmk.o
 .bss.sem1      0x200018fc        0xc build/obj/testbmk.o
 .bss.vt2.5040  0x20001908       0x14 build/obj/testbmk.o
 .bss.vt1.5039  0x2000191c       0x14 build/obj/testbmk.o
 .bss.dma_isr_redir
                0x20001930       0x80 build/obj/stm32_dma.o
 .bss.dma_streams_mask
                0x200019b0        0x4 build/obj/stm32_dma.o
 .bss.dummytx   0x200019b4        0x2 build/obj/spi_lld.o
 *fill*         0x200019b6        0x2 
 .bss.SPID2     0x200019b8       0x30 build/obj/spi_lld.o
                0x200019b8                SPID2
 .bss.PWMD3     0x200019e8       0x14 build/obj/pwm_lld.o
                0x200019e8                PWMD3
 .bss.SD2       0x200019fc       0x78 build/obj/serial_lld.o
                0x200019fc                SD2
 .bss.initDone  0x20001a74        0x1 build/obj/gfx.o
 *fill*         0x20001a75        0x3 
 .bss.GDisplayArray
                0x20001a78       0x48 build/obj/gdisp.o
 .bss.waThread1
                0x20001ac0      0x1d8 build/obj/main.o
 .bss.width     0x20001c98        0x2 build/obj/main.o
                0x20001c98                width
 .bss.height    0x20001c9a        0x2 build/obj/main.o
                0x20001c9a                height
 .bss.font1     0x20001c9c        0x4 build/obj/main.o
                0x20001c9c                font1
                0x20001ca0                . = ALIGN (0x4)
 *(COMMON)
                0x20001ca0                . = ALIGN (0x4)
                0x20001ca0                PROVIDE (_bss_end, .)
                0x20001ca0                PROVIDE (end, .)
                0x20001ca0                _end = .
                0x20001ca0                __heap_base__ = _end
                0x2001c000                __heap_end__ = __ram_end__
START GROUP
LOAD /opt/ARM/bin/../lib/gcc/arm-none-eabi/4.8.4/armv7e-m/fpu/libgcc.a
LOAD /opt/ARM/bin/../lib/gcc/arm-none-eabi/4.8.4/../../../../arm-none-eabi/lib/armv7e-m/fpu/libg.a
LOAD /opt/ARM/bin/../lib/gcc/arm-none-eabi/4.8.4/../../../../arm-none-eabi/lib/armv7e-m/fpu/libc.a
END GROUP
OUTPUT(build/ch.elf elf32-littlearm)

.debug_info     0x00000000    0x293c7
 .debug_info    0x00000000      0x2ba build/obj/crt0.o
 .debug_info    0x000002ba      0x1cd build/obj/vectors.o
 .debug_info    0x00000487       0x92 build/obj/chcore.o
 .debug_info    0x00000519      0xaaa build/obj/chcore_v7m.o
 .debug_info    0x00000fc3      0x406 build/obj/nvic.o
 .debug_info    0x000013c9      0x97d build/obj/chsys.o
 .debug_info    0x00001d46      0xa1a build/obj/chdebug.o
 .debug_info    0x00002760      0x277 build/obj/chvt.o
 .debug_info    0x000029d7      0xbc3 build/obj/chschd.o
 .debug_info    0x0000359a      0xecb build/obj/chthreads.o
 .debug_info    0x00004465      0xacf build/obj/chdynamic.o
 .debug_info    0x00004f34      0x78b build/obj/chregistry.o
 .debug_info    0x000056bf      0xde8 build/obj/chsem.o
 .debug_info    0x000064a7      0xc0f build/obj/chmtx.o
 .debug_info    0x000070b6      0xbc1 build/obj/chcond.o
 .debug_info    0x00007c77     0x10c7 build/obj/chevents.o
 .debug_info    0x00008d3e      0x7fc build/obj/chmsg.o
 .debug_info    0x0000953a      0xc96 build/obj/chmboxes.o
 .debug_info    0x0000a1d0      0xdc0 build/obj/chqueues.o
 .debug_info    0x0000af90      0x224 build/obj/chmemcore.o
 .debug_info    0x0000b1b4      0x82e build/obj/chheap.o
 .debug_info    0x0000b9e2      0x414 build/obj/chmempools.o
 .debug_info    0x0000bdf6     0x13ce build/obj/test.o
 .debug_info    0x0000d1c4      0xdd5 build/obj/testthd.o
 .debug_info    0x0000df99     0x11e9 build/obj/testsem.o
 .debug_info    0x0000f182     0x1e3f build/obj/testmtx.o
 .debug_info    0x00010fc1      0x806 build/obj/testmsg.o
 .debug_info    0x000117c7     0x154c build/obj/testmbox.o
 .debug_info    0x00012d13     0x11a8 build/obj/testevt.o
 .debug_info    0x00013ebb      0xce2 build/obj/testheap.o
 .debug_info    0x00014b9d      0x433 build/obj/testpools.o
 .debug_info    0x00014fd0     0x104e build/obj/testdyn.o
 .debug_info    0x0001601e     0x19a5 build/obj/testqueues.o
 .debug_info    0x000179c3     0x1f60 build/obj/testbmk.o
 .debug_info    0x00019923      0x3b0 build/obj/hal.o
 .debug_info    0x00019cd3      0x329 build/obj/pal.o
 .debug_info    0x00019ffc      0x80b build/obj/pwm.o
 .debug_info    0x0001a807     0x11aa build/obj/serial.o
 .debug_info    0x0001b9b1     0x160b build/obj/spi.o
 .debug_info    0x0001cfbc      0xbfc build/obj/stm32_dma.o
 .debug_info    0x0001dbb8      0x491 build/obj/hal_lld.o
 .debug_info    0x0001e049      0x704 build/obj/pal_lld.o
 .debug_info    0x0001e74d      0xf3a build/obj/spi_lld.o
 .debug_info    0x0001f687      0x818 build/obj/pwm_lld.o
 .debug_info    0x0001fe9f     0x10b1 build/obj/serial_lld.o
 .debug_info    0x00020f50      0x1f4 build/obj/board.o
 .debug_info    0x00021144      0x130 build/obj/gfx.o
 .debug_info    0x00021274      0xc32 build/obj/chibios.o
 .debug_info    0x00021ea6     0x1cd5 build/obj/gdisp.o
 .debug_info    0x00023b7b      0x977 build/obj/fonts.o
 .debug_info    0x000244f2      0x684 build/obj/mf_font.o
 .debug_info    0x00024b76      0xa51 build/obj/mf_rlefont.o
 .debug_info    0x000255c7      0x4b9 build/obj/mf_scaledfont.o
 .debug_info    0x00025a80     0x2aa4 build/obj/gdisp_lld_SSD1289.o
 .debug_info    0x00028524      0xea3 build/obj/main.o

.debug_abbrev   0x00000000     0x7c48
 .debug_abbrev  0x00000000       0xee build/obj/crt0.o
 .debug_abbrev  0x000000ee       0xaf build/obj/vectors.o
 .debug_abbrev  0x0000019d       0x42 build/obj/chcore.o
 .debug_abbrev  0x000001df      0x1c8 build/obj/chcore_v7m.o
 .debug_abbrev  0x000003a7      0x10e build/obj/nvic.o
 .debug_abbrev  0x000004b5      0x1f2 build/obj/chsys.o
 .debug_abbrev  0x000006a7      0x21b build/obj/chdebug.o
 .debug_abbrev  0x000008c2      0x151 build/obj/chvt.o
 .debug_abbrev  0x00000a13      0x31b build/obj/chschd.o
 .debug_abbrev  0x00000d2e      0x375 build/obj/chthreads.o
 .debug_abbrev  0x000010a3      0x25a build/obj/chdynamic.o
 .debug_abbrev  0x000012fd      0x1ba build/obj/chregistry.o
 .debug_abbrev  0x000014b7      0x30c build/obj/chsem.o
 .debug_abbrev  0x000017c3      0x2d1 build/obj/chmtx.o
 .debug_abbrev  0x00001a94      0x2cf build/obj/chcond.o
 .debug_abbrev  0x00001d63      0x2cc build/obj/chevents.o
 .debug_abbrev  0x0000202f      0x22e build/obj/chmsg.o
 .debug_abbrev  0x0000225d      0x224 build/obj/chmboxes.o
 .debug_abbrev  0x00002481      0x341 build/obj/chqueues.o
 .debug_abbrev  0x000027c2      0x13b build/obj/chmemcore.o
 .debug_abbrev  0x000028fd      0x1f2 build/obj/chheap.o
 .debug_abbrev  0x00002aef      0x19f build/obj/chmempools.o
 .debug_abbrev  0x00002c8e      0x4f2 build/obj/test.o
 .debug_abbrev  0x00003180      0x29f build/obj/testthd.o
 .debug_abbrev  0x0000341f      0x2e6 build/obj/testsem.o
 .debug_abbrev  0x00003705      0x2f7 build/obj/testmtx.o
 .debug_abbrev  0x000039fc      0x21a build/obj/testmsg.o
 .debug_abbrev  0x00003c16      0x225 build/obj/testmbox.o
 .debug_abbrev  0x00003e3b      0x2df build/obj/testevt.o
 .debug_abbrev  0x0000411a      0x232 build/obj/testheap.o
 .debug_abbrev  0x0000434c      0x1c8 build/obj/testpools.o
 .debug_abbrev  0x00004514      0x29e build/obj/testdyn.o
 .debug_abbrev  0x000047b2      0x2ed build/obj/testqueues.o
 .debug_abbrev  0x00004a9f      0x368 build/obj/testbmk.o
 .debug_abbrev  0x00004e07      0x1c8 build/obj/hal.o
 .debug_abbrev  0x00004fcf      0x155 build/obj/pal.o
 .debug_abbrev  0x00005124      0x1c6 build/obj/pwm.o
 .debug_abbrev  0x000052ea      0x2c0 build/obj/serial.o
 .debug_abbrev  0x000055aa      0x299 build/obj/spi.o
 .debug_abbrev  0x00005843      0x250 build/obj/stm32_dma.o
 .debug_abbrev  0x00005a93      0x12b build/obj/hal_lld.o
 .debug_abbrev  0x00005bbe      0x1aa build/obj/pal_lld.o
 .debug_abbrev  0x00005d68      0x32a build/obj/spi_lld.o
 .debug_abbrev  0x00006092      0x258 build/obj/pwm_lld.o
 .debug_abbrev  0x000062ea      0x32a build/obj/serial_lld.o
 .debug_abbrev  0x00006614       0xe3 build/obj/board.o
 .debug_abbrev  0x000066f7       0xa2 build/obj/gfx.o
 .debug_abbrev  0x00006799      0x2ad build/obj/chibios.o
 .debug_abbrev  0x00006a46      0x3b4 build/obj/gdisp.o
 .debug_abbrev  0x00006dfa      0x21e build/obj/fonts.o
 .debug_abbrev  0x00007018      0x1de build/obj/mf_font.o
 .debug_abbrev  0x000071f6      0x2c1 build/obj/mf_rlefont.o
 .debug_abbrev  0x000074b7      0x18a build/obj/mf_scaledfont.o
 .debug_abbrev  0x00007641      0x39c build/obj/gdisp_lld_SSD1289.o
 .debug_abbrev  0x000079dd      0x26b build/obj/main.o

.debug_loc      0x00000000     0xbb70
 .debug_loc     0x00000000       0xfe build/obj/crt0.o
 .debug_loc     0x000000fe       0x5e build/obj/chcore_v7m.o
 .debug_loc     0x0000015c      0x159 build/obj/nvic.o
 .debug_loc     0x000002b5       0x26 build/obj/chsys.o
 .debug_loc     0x000002db       0xc9 build/obj/chdebug.o
 .debug_loc     0x000003a4       0xcb build/obj/chvt.o
 .debug_loc     0x0000046f      0x2a4 build/obj/chschd.o
 .debug_loc     0x00000713      0x41a build/obj/chthreads.o
 .debug_loc     0x00000b2d      0x28c build/obj/chdynamic.o
 .debug_loc     0x00000db9       0x5b build/obj/chregistry.o
 .debug_loc     0x00000e14      0x5ee build/obj/chsem.o
 .debug_loc     0x00001402      0x37c build/obj/chmtx.o
 .debug_loc     0x0000177e      0x358 build/obj/chcond.o
 .debug_loc     0x00001ad6      0x6a5 build/obj/chevents.o
 .debug_loc     0x0000217b      0x170 build/obj/chmsg.o
 .debug_loc     0x000022eb      0x55f build/obj/chmboxes.o
 .debug_loc     0x0000284a      0x72f build/obj/chqueues.o
 .debug_loc     0x00002f79       0x96 build/obj/chmemcore.o
 .debug_loc     0x0000300f      0x3ef build/obj/chheap.o
 .debug_loc     0x000033fe      0x2c8 build/obj/chmempools.o
 .debug_loc     0x000036c6      0x992 build/obj/test.o
 .debug_loc     0x00004058       0xb2 build/obj/testthd.o
 .debug_loc     0x0000410a      0x119 build/obj/testsem.o
 .debug_loc     0x00004223      0x2fd build/obj/testmtx.o
 .debug_loc     0x00004520       0x5a build/obj/testmsg.o
 .debug_loc     0x0000457a      0x255 build/obj/testmbox.o
 .debug_loc     0x000047cf      0x22b build/obj/testevt.o
 .debug_loc     0x000049fa      0x157 build/obj/testheap.o
 .debug_loc     0x00004b51       0xa6 build/obj/testpools.o
 .debug_loc     0x00004bf7      0x117 build/obj/testdyn.o
 .debug_loc     0x00004d0e      0x1cc build/obj/testqueues.o
 .debug_loc     0x00004eda      0x2db build/obj/testbmk.o
 .debug_loc     0x000051b5       0x9d build/obj/hal.o
 .debug_loc     0x00005252       0xe7 build/obj/pal.o
 .debug_loc     0x00005339      0x220 build/obj/pwm.o
 .debug_loc     0x00005559      0x4ff build/obj/serial.o
 .debug_loc     0x00005a58      0x5da build/obj/spi.o
 .debug_loc     0x00006032      0x25a build/obj/stm32_dma.o
 .debug_loc     0x0000628c      0x1b2 build/obj/pal_lld.o
 .debug_loc     0x0000643e      0x29e build/obj/spi_lld.o
 .debug_loc     0x000066dc      0x1ba build/obj/pwm_lld.o
 .debug_loc     0x00006896      0x224 build/obj/serial_lld.o
 .debug_loc     0x00006aba      0x42e build/obj/chibios.o
 .debug_loc     0x00006ee8     0x1e3c build/obj/gdisp.o
 .debug_loc     0x00008d24      0x1da build/obj/fonts.o
 .debug_loc     0x00008efe      0x1c9 build/obj/mf_font.o
 .debug_loc     0x000090c7      0x9c6 build/obj/mf_rlefont.o
 .debug_loc     0x00009a8d      0x33a build/obj/mf_scaledfont.o
 .debug_loc     0x00009dc7     0x1d88 build/obj/gdisp_lld_SSD1289.o
 .debug_loc     0x0000bb4f       0x21 build/obj/main.o

.debug_aranges  0x00000000     0x12d0
 .debug_aranges
                0x00000000       0x38 build/obj/crt0.o
 .debug_aranges
                0x00000038       0x20 build/obj/vectors.o
 .debug_aranges
                0x00000058       0x20 build/obj/chcore.o
 .debug_aranges
                0x00000078       0x50 build/obj/chcore_v7m.o
 .debug_aranges
                0x000000c8       0x30 build/obj/nvic.o
 .debug_aranges
                0x000000f8       0x30 build/obj/chsys.o
 .debug_aranges
                0x00000128       0x88 build/obj/chdebug.o
 .debug_aranges
                0x000001b0       0x30 build/obj/chvt.o
 .debug_aranges
                0x000001e0       0x68 build/obj/chschd.o
 .debug_aranges
                0x00000248       0x80 build/obj/chthreads.o
 .debug_aranges
                0x000002c8       0x38 build/obj/chdynamic.o
 .debug_aranges
                0x00000300       0x28 build/obj/chregistry.o
 .debug_aranges
                0x00000328       0x70 build/obj/chsem.o
 .debug_aranges
                0x00000398       0x58 build/obj/chmtx.o
 .debug_aranges
                0x000003f0       0x60 build/obj/chcond.o
 .debug_aranges
                0x00000450       0xa0 build/obj/chevents.o
 .debug_aranges
                0x000004f0       0x30 build/obj/chmsg.o
 .debug_aranges
                0x00000520       0x70 build/obj/chmboxes.o
 .debug_aranges
                0x00000590       0x70 build/obj/chqueues.o
 .debug_aranges
                0x00000600       0x38 build/obj/chmemcore.o
 .debug_aranges
                0x00000638       0x40 build/obj/chheap.o
 .debug_aranges
                0x00000678       0x48 build/obj/chmempools.o
 .debug_aranges
                0x000006c0       0x98 build/obj/test.o
 .debug_aranges
                0x00000758       0x40 build/obj/testthd.o
 .debug_aranges
                0x00000798       0x70 build/obj/testsem.o
 .debug_aranges
                0x00000808      0x108 build/obj/testmtx.o
 .debug_aranges
                0x00000910       0x28 build/obj/testmsg.o
 .debug_aranges
                0x00000938       0x28 build/obj/testmbox.o
 .debug_aranges
                0x00000960       0x70 build/obj/testevt.o
 .debug_aranges
                0x000009d0       0x28 build/obj/testheap.o
 .debug_aranges
                0x000009f8       0x30 build/obj/testpools.o
 .debug_aranges
                0x00000a28       0x58 build/obj/testdyn.o
 .debug_aranges
                0x00000a80       0x50 build/obj/testqueues.o
 .debug_aranges
                0x00000ad0       0xd0 build/obj/testbmk.o
 .debug_aranges
                0x00000ba0       0x30 build/obj/hal.o
 .debug_aranges
                0x00000bd0       0x30 build/obj/pal.o
 .debug_aranges
                0x00000c00       0x50 build/obj/pwm.o
 .debug_aranges
                0x00000c50       0x88 build/obj/serial.o
 .debug_aranges
                0x00000cd8       0x98 build/obj/spi.o
 .debug_aranges
                0x00000d70       0xb0 build/obj/stm32_dma.o
 .debug_aranges
                0x00000e20       0x28 build/obj/hal_lld.o
 .debug_aranges
                0x00000e48       0x28 build/obj/pal_lld.o
 .debug_aranges
                0x00000e70       0x78 build/obj/spi_lld.o
 .debug_aranges
                0x00000ee8       0x48 build/obj/pwm_lld.o
 .debug_aranges
                0x00000f30       0x40 build/obj/serial_lld.o
 .debug_aranges
                0x00000f70       0x28 build/obj/board.o
 .debug_aranges
                0x00000f98       0x28 build/obj/gfx.o
 .debug_aranges
                0x00000fc0       0x78 build/obj/chibios.o
 .debug_aranges
                0x00001038      0x100 build/obj/gdisp.o
 .debug_aranges
                0x00001138       0x40 build/obj/fonts.o
 .debug_aranges
                0x00001178       0x38 build/obj/mf_font.o
 .debug_aranges
                0x000011b0       0x40 build/obj/mf_rlefont.o
 .debug_aranges
                0x000011f0       0x38 build/obj/mf_scaledfont.o
 .debug_aranges
                0x00001228       0x80 build/obj/gdisp_lld_SSD1289.o
 .debug_aranges
                0x000012a8       0x28 build/obj/main.o

.debug_ranges   0x00000000     0x22b0
 .debug_ranges  0x00000000       0x58 build/obj/crt0.o
 .debug_ranges  0x00000058       0x10 build/obj/vectors.o
 .debug_ranges  0x00000068       0x10 build/obj/chcore.o
 .debug_ranges  0x00000078       0x58 build/obj/chcore_v7m.o
 .debug_ranges  0x000000d0       0x20 build/obj/nvic.o
 .debug_ranges  0x000000f0       0x20 build/obj/chsys.o
 .debug_ranges  0x00000110       0x78 build/obj/chdebug.o
 .debug_ranges  0x00000188       0x20 build/obj/chvt.o
 .debug_ranges  0x000001a8      0x170 build/obj/chschd.o
 .debug_ranges  0x00000318      0x128 build/obj/chthreads.o
 .debug_ranges  0x00000440       0x40 build/obj/chdynamic.o
 .debug_ranges  0x00000480       0x18 build/obj/chregistry.o
 .debug_ranges  0x00000498      0x128 build/obj/chsem.o
 .debug_ranges  0x000005c0      0x198 build/obj/chmtx.o
 .debug_ranges  0x00000758       0xd8 build/obj/chcond.o
 .debug_ranges  0x00000830       0xf0 build/obj/chevents.o
 .debug_ranges  0x00000920       0x50 build/obj/chmsg.o
 .debug_ranges  0x00000970       0xa8 build/obj/chmboxes.o
 .debug_ranges  0x00000a18       0xd0 build/obj/chqueues.o
 .debug_ranges  0x00000ae8       0x40 build/obj/chmemcore.o
 .debug_ranges  0x00000b28       0x30 build/obj/chheap.o
 .debug_ranges  0x00000b58       0x50 build/obj/chmempools.o
 .debug_ranges  0x00000ba8      0x140 build/obj/test.o
 .debug_ranges  0x00000ce8       0x60 build/obj/testthd.o
 .debug_ranges  0x00000d48       0xa8 build/obj/testsem.o
 .debug_ranges  0x00000df0      0x110 build/obj/testmtx.o
 .debug_ranges  0x00000f00       0x18 build/obj/testmsg.o
 .debug_ranges  0x00000f18       0x18 build/obj/testmbox.o
 .debug_ranges  0x00000f30       0x78 build/obj/testevt.o
 .debug_ranges  0x00000fa8       0x18 build/obj/testheap.o
 .debug_ranges  0x00000fc0       0x40 build/obj/testpools.o
 .debug_ranges  0x00001000       0x48 build/obj/testdyn.o
 .debug_ranges  0x00001048       0xe8 build/obj/testqueues.o
 .debug_ranges  0x00001130       0xd8 build/obj/testbmk.o
 .debug_ranges  0x00001208       0x38 build/obj/hal.o
 .debug_ranges  0x00001240       0x20 build/obj/pal.o
 .debug_ranges  0x00001260       0x40 build/obj/pwm.o
 .debug_ranges  0x000012a0       0x78 build/obj/serial.o
 .debug_ranges  0x00001318       0x88 build/obj/spi.o
 .debug_ranges  0x000013a0       0xa0 build/obj/stm32_dma.o
 .debug_ranges  0x00001440       0x30 build/obj/hal_lld.o
 .debug_ranges  0x00001470      0x108 build/obj/pal_lld.o
 .debug_ranges  0x00001578       0x68 build/obj/spi_lld.o
 .debug_ranges  0x000015e0       0x58 build/obj/pwm_lld.o
 .debug_ranges  0x00001638       0xa0 build/obj/serial_lld.o
 .debug_ranges  0x000016d8       0x18 build/obj/board.o
 .debug_ranges  0x000016f0       0x18 build/obj/gfx.o
 .debug_ranges  0x00001708       0x80 build/obj/chibios.o
 .debug_ranges  0x00001788      0x250 build/obj/gdisp.o
 .debug_ranges  0x000019d8       0x30 build/obj/fonts.o
 .debug_ranges  0x00001a08       0x28 build/obj/mf_font.o
 .debug_ranges  0x00001a30      0x118 build/obj/mf_rlefont.o
 .debug_ranges  0x00001b48       0x28 build/obj/mf_scaledfont.o
 .debug_ranges  0x00001b70      0x728 build/obj/gdisp_lld_SSD1289.o
 .debug_ranges  0x00002298       0x18 build/obj/main.o

.debug_line     0x00000000     0x99fe
 .debug_line    0x00000000      0x12a build/obj/crt0.o
 .debug_line    0x0000012a       0xc4 build/obj/vectors.o
 .debug_line    0x000001ee       0x53 build/obj/chcore.o
 .debug_line    0x00000241      0x205 build/obj/chcore_v7m.o
 .debug_line    0x00000446      0x100 build/obj/nvic.o
 .debug_line    0x00000546      0x1f0 build/obj/chsys.o
 .debug_line    0x00000736      0x2e2 build/obj/chdebug.o
 .debug_line    0x00000a18      0x168 build/obj/chvt.o
 .debug_line    0x00000b80      0x34d build/obj/chschd.o
 .debug_line    0x00000ecd      0x3c4 build/obj/chthreads.o
 .debug_line    0x00001291      0x231 build/obj/chdynamic.o
 .debug_line    0x000014c2      0x1c4 build/obj/chregistry.o
 .debug_line    0x00001686      0x3ff build/obj/chsem.o
 .debug_line    0x00001a85      0x36c build/obj/chmtx.o
 .debug_line    0x00001df1      0x2cc build/obj/chcond.o
 .debug_line    0x000020bd      0x35e build/obj/chevents.o
 .debug_line    0x0000241b      0x1c2 build/obj/chmsg.o
 .debug_line    0x000025dd      0x2d7 build/obj/chmboxes.o
 .debug_line    0x000028b4      0x39d build/obj/chqueues.o
 .debug_line    0x00002c51      0x15d build/obj/chmemcore.o
 .debug_line    0x00002dae      0x28a build/obj/chheap.o
 .debug_line    0x00003038      0x1e7 build/obj/chmempools.o
 .debug_line    0x0000321f      0x4fb build/obj/test.o
 .debug_line    0x0000371a      0x21a build/obj/testthd.o
 .debug_line    0x00003934      0x2f0 build/obj/testsem.o
 .debug_line    0x00003c24      0x4b7 build/obj/testmtx.o
 .debug_line    0x000040db      0x1a4 build/obj/testmsg.o
 .debug_line    0x0000427f      0x248 build/obj/testmbox.o
 .debug_line    0x000044c7      0x29e build/obj/testevt.o
 .debug_line    0x00004765      0x1de build/obj/testheap.o
 .debug_line    0x00004943      0x11a build/obj/testpools.o
 .debug_line    0x00004a5d      0x2c5 build/obj/testdyn.o
 .debug_line    0x00004d22      0x284 build/obj/testqueues.o
 .debug_line    0x00004fa6      0x59c build/obj/testbmk.o
 .debug_line    0x00005542      0x24c build/obj/hal.o
 .debug_line    0x0000578e      0x1aa build/obj/pal.o
 .debug_line    0x00005938      0x24e build/obj/pwm.o
 .debug_line    0x00005b86      0x382 build/obj/serial.o
 .debug_line    0x00005f08      0x542 build/obj/spi.o
 .debug_line    0x0000644a      0x400 build/obj/stm32_dma.o
 .debug_line    0x0000684a      0x1c8 build/obj/hal_lld.o
 .debug_line    0x00006a12      0x1d7 build/obj/pal_lld.o
 .debug_line    0x00006be9      0x421 build/obj/spi_lld.o
 .debug_line    0x0000700a      0x2d8 build/obj/pwm_lld.o
 .debug_line    0x000072e2      0x339 build/obj/serial_lld.o
 .debug_line    0x0000761b      0x168 build/obj/board.o
 .debug_line    0x00007783      0x13c build/obj/gfx.o
 .debug_line    0x000078bf      0x318 build/obj/chibios.o
 .debug_line    0x00007bd7      0x841 build/obj/gdisp.o
 .debug_line    0x00008418      0x29f build/obj/fonts.o
 .debug_line    0x000086b7      0x1d6 build/obj/mf_font.o
 .debug_line    0x0000888d      0x288 build/obj/mf_rlefont.o
 .debug_line    0x00008b15      0x1bd build/obj/mf_scaledfont.o
 .debug_line    0x00008cd2      0x9ec build/obj/gdisp_lld_SSD1289.o
 .debug_line    0x000096be      0x340 build/obj/main.o

.debug_str      0x00000000     0x3f8f
 .debug_str     0x00000000      0x2ed build/obj/crt0.o
                                0x338 (size before relaxing)
 .debug_str     0x000002ed      0x145 build/obj/vectors.o
                                0x359 (size before relaxing)
 .debug_str     0x00000432       0x2d build/obj/chcore.o
                                0x221 (size before relaxing)
 .debug_str     0x0000045f      0x3af build/obj/chcore_v7m.o
                                0x5ef (size before relaxing)
 .debug_str     0x0000080e       0x9e build/obj/nvic.o
                                0x32b (size before relaxing)
 .debug_str     0x000008ac      0x23c build/obj/chsys.o
                                0x689 (size before relaxing)
 .debug_str     0x00000ae8       0xfb build/obj/chdebug.o
                                0x5f5 (size before relaxing)
 .debug_str     0x00000be3       0x36 build/obj/chvt.o
                                0x2c8 (size before relaxing)
 .debug_str     0x00000c19       0xcb build/obj/chschd.o
                                0x5b5 (size before relaxing)
 .debug_str     0x00000ce4       0xef build/obj/chthreads.o
                                0x60f (size before relaxing)
 .debug_str     0x00000dd3      0x113 build/obj/chdynamic.o
                                0x555 (size before relaxing)
 .debug_str     0x00000ee6       0x42 build/obj/chregistry.o
                                0x570 (size before relaxing)
 .debug_str     0x00000f28       0xc8 build/obj/chsem.o
                                0x57d (size before relaxing)
 .debug_str     0x00000ff0       0x91 build/obj/chmtx.o
                                0x50d (size before relaxing)
 .debug_str     0x00001081       0xb0 build/obj/chcond.o
                                0x56b (size before relaxing)
 .debug_str     0x00001131      0x1b9 build/obj/chevents.o
                                0x631 (size before relaxing)
 .debug_str     0x000012ea       0x3d build/obj/chmsg.o
                                0x494 (size before relaxing)
 .debug_str     0x00001327       0xe2 build/obj/chmboxes.o
                                0x545 (size before relaxing)
 .debug_str     0x00001409      0x119 build/obj/chqueues.o
                                0x598 (size before relaxing)
 .debug_str     0x00001522       0x70 build/obj/chmemcore.o
                                0x2d2 (size before relaxing)
 .debug_str     0x00001592       0x48 build/obj/chheap.o
                                0x4ac (size before relaxing)
 .debug_str     0x000015da       0x55 build/obj/chmempools.o
                                0x32b (size before relaxing)
 .debug_str     0x0000162f      0x26a build/obj/test.o
                                0x74a (size before relaxing)
 .debug_str     0x00001899       0x6d build/obj/testthd.o
                                0x5f2 (size before relaxing)
 .debug_str     0x00001906       0xd6 build/obj/testsem.o
                                0x6ae (size before relaxing)
 .debug_str     0x000019dc      0x194 build/obj/testmtx.o
                                0x7ac (size before relaxing)
 .debug_str     0x00001b70       0x2b build/obj/testmsg.o
                                0x4c5 (size before relaxing)
 .debug_str     0x00001b9b       0x3f build/obj/testmbox.o
                                0x54d (size before relaxing)
 .debug_str     0x00001bda       0x7f build/obj/testevt.o
                                0x6f7 (size before relaxing)
 .debug_str     0x00001c59       0x44 build/obj/testheap.o
                                0x4ef (size before relaxing)
 .debug_str     0x00001c9d       0x4c build/obj/testpools.o
                                0x313 (size before relaxing)
 .debug_str     0x00001ce9       0x86 build/obj/testdyn.o
                                0x693 (size before relaxing)
 .debug_str     0x00001d6f       0x6c build/obj/testqueues.o
                                0x63a (size before relaxing)
 .debug_str     0x00001ddb      0x179 build/obj/testbmk.o